[main 9c52c8da] fix: observe provider response reads without altering stream results
 104 files changed, 9175 insertions(+), 32 deletions(-)
 create mode 100644 packages/opencorvus/src/util/provider-response-observation.ts
 create mode 100644 packages/opencorvus/test/provider-response-observation.test.ts
 create mode 100644 specs/artifacts/2026-10-05-connection-workspace-authority/response-reader-observation-plan.md
 create mode 100644 specs/artifacts/2026-10-05-connection-workspace-authority/response-reader-observation/README.md
 create mode 100644 specs/artifacts/2026-10-05-connection-workspace-authority/response-reader-observation/actual-34-create.log
 create mode 100644 specs/artifacts/2026-10-05-connection-workspace-authority/response-reader-observation/actual-34-home.png
 create mode 100644 specs/artifacts/2026-10-05-connection-workspace-authority/response-reader-observation/actual-34-home.txt
 create mode 100644 specs/artifacts/2026-10-05-connection-workspace-authority/response-reader-observation/actual-34-launch.log
 create mode 100644 specs/artifacts/2026-10-05-connection-workspace-authority/response-reader-observation/actual-34-readonly-facts.json
 create mode 100644 specs/artifacts/2026-10-05-connection-workspace-authority/response-reader-observation/actual-34-readonly.log
 create mode 100644 specs/artifacts/2026-10-05-connection-workspace-authority/response-reader-observation/actual-34-response-reader-qualified.json
 create mode 100644 specs/artifacts/2026-10-05-connection-workspace-authority/response-reader-observation/actual-34-root-closure.json
 create mode 100644 specs/artifacts/2026-10-05-connection-workspace-authority/response-reader-observation/actual-34-shutdown.log
 create mode 100644 specs/artifacts/2026-10-05-connection-workspace-authority/response-reader-observation/actual-34-task-accepted-cli.json
 create mode 100644 specs/artifacts/2026-10-05-connection-workspace-authority/response-reader-observation/actual-34-task-create-first.log
 create mode 100644 specs/artifacts/2026-10-05-connection-workspace-authority/response-reader-observation/actual-34-task-request-input.json
 create mode 100644 specs/artifacts/2026-10-05-connection-workspace-authority/response-reader-observation/actual-34-task-selection.json
 create mode 100644 specs/artifacts/2026-10-05-connection-workspace-authority/response-reader-observation/docs-architecture.log
 create mode 100644 specs/artifacts/2026-10-05-connection-workspace-authority/response-reader-observation/docs-final.log
 create mode 100644 specs/artifacts/2026-10-05-connection-workspace-authority/response-reader-observation/docs-plan-first.log
 create mode 100644 specs/artifacts/2026-10-05-connection-workspace-authority/response-reader-observation/docs-review-plan.log
 create mode 100644 specs/artifacts/2026-10-05-connection-workspace-authority/response-reader-observation/genuine-task-create.ps1
 create mode 100644 specs/artifacts/2026-10-05-connection-workspace-authority/response-reader-observation/genuine-task-readonly.ts
 create mode 100644 specs/artifacts/2026-10-05-connection-workspace-authority/response-reader-observation/live-sol-cli-owned.ts
 create mode 100644 specs/artifacts/2026-10-05-connection-workspace-authority/response-reader-observation/live-sol-launch.ps1
 create mode 100644 specs/artifacts/2026-10-05-connection-workspace-authority/response-reader-observation/live-sol-shutdown.ps1
 create mode 100644 specs/artifacts/2026-10-05-connection-workspace-authority/response-reader-observation/prior-33-normal-commit.log
 create mode 100644 specs/artifacts/2026-10-05-connection-workspace-authority/response-reader-observation/prior-33-normal-push.log
 create mode 100644 specs/artifacts/2026-10-05-connection-workspace-authority/response-reader-observation/provider-response-observation.ts.after.txt
 create mode 100644 specs/artifacts/2026-10-05-connection-workspace-authority/response-reader-observation/provider.ts.after.txt
 create mode 100644 specs/artifacts/2026-10-05-connection-workspace-authority/response-reader-observation/provider.ts.before.txt
 create mode 100644 specs/artifacts/2026-10-05-connection-workspace-authority/response-reader-observation/real-provider-audit.ts.after.txt
 create mode 100644 specs/artifacts/2026-10-05-connection-workspace-authority/response-reader-observation/real-provider-audit.ts.before.txt
 create mode 100644 specs/artifacts/2026-10-05-connection-workspace-authority/response-reader-observation/response-reader-34-chain-supervision-75232-1.json
 create mode 100644 specs/artifacts/2026-10-05-connection-workspace-authority/response-reader-observation/response-reader-34-chain-supervision-75232-10.json
 create mode 100644 specs/artifacts/2026-10-05-connection-workspace-authority/response-reader-observation/response-reader-34-chain-supervision-75232-11.json
 create mode 100644 specs/artifacts/2026-10-05-connection-workspace-authority/response-reader-observation/response-reader-34-chain-supervision-75232-2.json
 create mode 100644 specs/artifacts/2026-10-05-connection-workspace-authority/response-reader-observation/response-reader-34-chain-supervision-75232-3.json
 create mode 100644 specs/artifacts/2026-10-05-connection-workspace-authority/response-reader-observation/response-reader-34-chain-supervision-75232-4.json
 create mode 100644 specs/artifacts/2026-10-05-connection-workspace-authority/response-reader-observation/response-reader-34-chain-supervision-75232-5.json
 create mode 100644 specs/artifacts/2026-10-05-connection-workspace-authority/response-reader-observation/response-reader-34-chain-supervision-75232-6.json
 create mode 100644 specs/artifacts/2026-10-05-connection-workspace-authority/response-reader-observation/response-reader-34-chain-supervision-75232-7.json
 create mode 100644 specs/artifacts/2026-10-05-connection-workspace-authority/response-reader-observation/response-reader-34-chain-supervision-75232-8.json
 create mode 100644 specs/artifacts/2026-10-05-connection-workspace-authority/response-reader-observation/response-reader-34-chain-supervision-75232-9.json
 create mode 100644 specs/artifacts/2026-10-05-connection-workspace-authority/response-reader-observation/response-reader-34-final-provider-audit.json
 create mode 100644 specs/artifacts/2026-10-05-connection-workspace-authority/response-reader-observation/response-reader-34-physical-terminal-and-pair-cleanup.json
 create mode 100644 specs/artifacts/2026-10-05-connection-workspace-authority/response-reader-observation/response-reader-34-settlement-owner.json
 create mode 100644 specs/artifacts/2026-10-05-connection-workspace-authority/response-reader-observation/response-reader-34-shutdown-admission.json
 create mode 100644 specs/artifacts/2026-10-05-connection-workspace-authority/response-reader-observation/runtime-evidence-34/authority-ready.json
 create mode 100644 specs/artifacts/2026-10-05-connection-workspace-authority/response-reader-observation/runtime-evidence-34/launch-owner.json
 create mode 100644 specs/artifacts/2026-10-05-connection-workspace-authority/response-reader-observation/runtime-evidence-34/managed-parent-ready.json
 create mode 100644 specs/artifacts/2026-10-05-connection-workspace-authority/response-reader-observation/runtime-evidence-34/native-host-ready.json
 create mode 100644 specs/artifacts/2026-10-05-connection-workspace-authority/response-reader-observation/runtime-evidence-34/native-host-settled.json
 create mode 100644 specs/artifacts/2026-10-05-connection-workspace-authority/response-reader-observation/runtime-evidence-34/owned-config-hierarchy.json
 create mode 100644 specs/artifacts/2026-10-05-connection-workspace-authority/response-reader-observation/runtime-evidence-34/preflight-ready.json
 create mode 100644 specs/artifacts/2026-10-05-connection-workspace-authority/response-reader-observation/runtime-evidence-34/project-baseline.json
 create mode 100644 specs/artifacts/2026-10-05-connection-workspace-authority/response-reader-observation/runtime-evidence-34/provider-27660-40623b70-5fe5-4449-a753-dcdace9d9ed5-1.json
 create mode 100644 specs/artifacts/2026-10-05-connection-workspace-authority/response-reader-observation/runtime-evidence-34/provider-27660-40623b70-5fe5-4449-a753-dcdace9d9ed5-10.json
 create mode 100644 specs/artifacts/2026-10-05-connection-workspace-authority/response-reader-observation/runtime-evidence-34/provider-27660-40623b70-5fe5-4449-a753-dcdace9d9ed5-11.json
 create mode 100644 specs/artifacts/2026-10-05-connection-workspace-authority/response-reader-observation/runtime-evidence-34/provider-27660-40623b70-5fe5-4449-a753-dcdace9d9ed5-12.json
 create mode 100644 specs/artifacts/2026-10-05-connection-workspace-authority/response-reader-observation/runtime-evidence-34/provider-27660-40623b70-5fe5-4449-a753-dcdace9d9ed5-13.json
 create mode 100644 specs/artifacts/2026-10-05-connection-workspace-authority/response-reader-observation/runtime-evidence-34/provider-27660-40623b70-5fe5-4449-a753-dcdace9d9ed5-2.json
 create mode 100644 specs/artifacts/2026-10-05-connection-workspace-authority/response-reader-observation/runtime-evidence-34/provider-27660-40623b70-5fe5-4449-a753-dcdace9d9ed5-3.json
 create mode 100644 specs/artifacts/2026-10-05-connection-workspace-authority/response-reader-observation/runtime-evidence-34/provider-27660-40623b70-5fe5-4449-a753-dcdace9d9ed5-4.json
 create mode 100644 specs/artifacts/2026-10-05-connection-workspace-authority/response-reader-observation/runtime-evidence-34/provider-27660-40623b70-5fe5-4449-a753-dcdace9d9ed5-5.json
 create mode 100644 specs/artifacts/2026-10-05-connection-workspace-authority/response-reader-observation/runtime-evidence-34/provider-27660-40623b70-5fe5-4449-a753-dcdace9d9ed5-6.json
 create mode 100644 specs/artifacts/2026-10-05-connection-workspace-authority/response-reader-observation/runtime-evidence-34/provider-27660-40623b70-5fe5-4449-a753-dcdace9d9ed5-7.json
 create mode 100644 specs/artifacts/2026-10-05-connection-workspace-authority/response-reader-observation/runtime-evidence-34/provider-27660-40623b70-5fe5-4449-a753-dcdace9d9ed5-8.json
 create mode 100644 specs/artifacts/2026-10-05-connection-workspace-authority/response-reader-observation/runtime-evidence-34/provider-27660-40623b70-5fe5-4449-a753-dcdace9d9ed5-9.json
 create mode 100644 specs/artifacts/2026-10-05-connection-workspace-authority/response-reader-observation/runtime-evidence-34/provider-pair-staging.json
 create mode 100644 specs/artifacts/2026-10-05-connection-workspace-authority/response-reader-observation/runtime-evidence-34/qa-package-installed.json
 create mode 100644 specs/artifacts/2026-10-05-connection-workspace-authority/response-reader-observation/runtime-evidence-34/startup.json
 create mode 100644 specs/artifacts/2026-10-05-connection-workspace-authority/response-reader-observation/runtime-evidence-34/task-boundary-admitted.json
 create mode 100644 specs/artifacts/2026-10-05-connection-workspace-authority/response-reader-observation/runtime-evidence-34/task-complete.json
 create mode 100644 specs/artifacts/2026-10-05-connection-workspace-authority/response-reader-observation/runtime-evidence-34/task-observation-27660-04f825a8-fbf1-41c9-84f6-c3051c364e16-1.json
 create mode 100644 specs/artifacts/2026-10-05-connection-workspace-authority/response-reader-observation/runtime-evidence-34/task-observation-27660-04f825a8-fbf1-41c9-84f6-c3051c364e16-10.json
 create mode 100644 specs/artifacts/2026-10-05-connection-workspace-authority/response-reader-observation/runtime-evidence-34/task-observation-27660-04f825a8-fbf1-41c9-84f6-c3051c364e16-11.json
 create mode 100644 specs/artifacts/2026-10-05-connection-workspace-authority/response-reader-observation/runtime-evidence-34/task-observation-27660-04f825a8-fbf1-41c9-84f6-c3051c364e16-12.json
 create mode 100644 specs/artifacts/2026-10-05-connection-workspace-authority/response-reader-observation/runtime-evidence-34/task-observation-27660-04f825a8-fbf1-41c9-84f6-c3051c364e16-13.json
 create mode 100644 specs/artifacts/2026-10-05-connection-workspace-authority/response-reader-observation/runtime-evidence-34/task-observation-27660-04f825a8-fbf1-41c9-84f6-c3051c364e16-2.json
 create mode 100644 specs/artifacts/2026-10-05-connection-workspace-authority/response-reader-observation/runtime-evidence-34/task-observation-27660-04f825a8-fbf1-41c9-84f6-c3051c364e16-3.json
 create mode 100644 specs/artifacts/2026-10-05-connection-workspace-authority/response-reader-observation/runtime-evidence-34/task-observation-27660-04f825a8-fbf1-41c9-84f6-c3051c364e16-4.json
 create mode 100644 specs/artifacts/2026-10-05-connection-workspace-authority/response-reader-observation/runtime-evidence-34/task-observation-27660-04f825a8-fbf1-41c9-84f6-c3051c364e16-5.json
 create mode 100644 specs/artifacts/2026-10-05-connection-workspace-authority/response-reader-observation/runtime-evidence-34/task-observation-27660-04f825a8-fbf1-41c9-84f6-c3051c364e16-6.json
 create mode 100644 specs/artifacts/2026-10-05-connection-workspace-authority/response-reader-observation/runtime-evidence-34/task-observation-27660-04f825a8-fbf1-41c9-84f6-c3051c364e16-7.json
 create mode 100644 specs/artifacts/2026-10-05-connection-workspace-authority/response-reader-observation/runtime-evidence-34/task-observation-27660-04f825a8-fbf1-41c9-84f6-c3051c364e16-8.json
 create mode 100644 specs/artifacts/2026-10-05-connection-workspace-authority/response-reader-observation/runtime-evidence-34/task-observation-27660-04f825a8-fbf1-41c9-84f6-c3051c364e16-9.json
 create mode 100644 specs/artifacts/2026-10-05-connection-workspace-authority/response-reader-observation/runtime-evidence-34/task-occurrence-admitted.json
 create mode 100644 specs/artifacts/2026-10-05-connection-workspace-authority/response-reader-observation/runtime-evidence-34/task-selection.json
 create mode 100644 specs/artifacts/2026-10-05-connection-workspace-authority/response-reader-observation/stream-activity.ts.after.txt
 create mode 100644 specs/artifacts/2026-10-05-connection-workspace-authority/response-reader-observation/stream-activity.ts.before.txt
 create mode 100644 specs/artifacts/2026-10-05-connection-workspace-authority/response-reader-observation/tests-final.log
 create mode 100644 specs/artifacts/2026-10-05-connection-workspace-authority/response-reader-observation/tests-first.log
 create mode 100644 specs/artifacts/2026-10-05-connection-workspace-authority/response-reader-observation/types-first.log
