[main 846a28fe] fix: restore shared select value accessibility
 142 files changed, 5547 insertions(+), 1 deletion(-)
 create mode 100644 specs/artifacts/2026-10-05-connection-workspace-authority/select-value-ownership-plan.md
 create mode 100644 specs/artifacts/2026-10-05-connection-workspace-authority/select-value-ownership/README.md
 create mode 100644 specs/artifacts/2026-10-05-connection-workspace-authority/select-value-ownership/SelectControl.tsx.before.txt
 create mode 100644 specs/artifacts/2026-10-05-connection-workspace-authority/select-value-ownership/SelectControl.tsx.final.txt
 create mode 100644 specs/artifacts/2026-10-05-connection-workspace-authority/select-value-ownership/actual-27-appearance-controls.png
 create mode 100644 specs/artifacts/2026-10-05-connection-workspace-authority/select-value-ownership/actual-27-appearance-controls.txt
 create mode 100644 specs/artifacts/2026-10-05-connection-workspace-authority/select-value-ownership/actual-27-board-filter.png
 create mode 100644 specs/artifacts/2026-10-05-connection-workspace-authority/select-value-ownership/actual-27-board-filter.txt
 create mode 100644 specs/artifacts/2026-10-05-connection-workspace-authority/select-value-ownership/actual-27-chinese-appearance-final.png
 create mode 100644 specs/artifacts/2026-10-05-connection-workspace-authority/select-value-ownership/actual-27-chinese-appearance-final.txt
 create mode 100644 specs/artifacts/2026-10-05-connection-workspace-authority/select-value-ownership/actual-27-chinese-appearance.png
 create mode 100644 specs/artifacts/2026-10-05-connection-workspace-authority/select-value-ownership/actual-27-chinese-appearance.txt
 create mode 100644 specs/artifacts/2026-10-05-connection-workspace-authority/select-value-ownership/actual-27-collapsed-composer.png
 create mode 100644 specs/artifacts/2026-10-05-connection-workspace-authority/select-value-ownership/actual-27-collapsed-composer.txt
 create mode 100644 specs/artifacts/2026-10-05-connection-workspace-authority/select-value-ownership/actual-27-completed-task.png
 create mode 100644 specs/artifacts/2026-10-05-connection-workspace-authority/select-value-ownership/actual-27-completed-task.txt
 create mode 100644 specs/artifacts/2026-10-05-connection-workspace-authority/select-value-ownership/actual-27-create.ps1.txt
 create mode 100644 specs/artifacts/2026-10-05-connection-workspace-authority/select-value-ownership/actual-27-dark-theme.png
 create mode 100644 specs/artifacts/2026-10-05-connection-workspace-authority/select-value-ownership/actual-27-dark-theme.txt
 create mode 100644 specs/artifacts/2026-10-05-connection-workspace-authority/select-value-ownership/actual-27-draft-controls.png
 create mode 100644 specs/artifacts/2026-10-05-connection-workspace-authority/select-value-ownership/actual-27-draft-controls.txt
 create mode 100644 specs/artifacts/2026-10-05-connection-workspace-authority/select-value-ownership/actual-27-keyboard-code-selected.png
 create mode 100644 specs/artifacts/2026-10-05-connection-workspace-authority/select-value-ownership/actual-27-keyboard-code-selected.txt
 create mode 100644 specs/artifacts/2026-10-05-connection-workspace-authority/select-value-ownership/actual-27-keyboard-product-open.png
 create mode 100644 specs/artifacts/2026-10-05-connection-workspace-authority/select-value-ownership/actual-27-keyboard-product-open.txt
 create mode 100644 specs/artifacts/2026-10-05-connection-workspace-authority/select-value-ownership/actual-27-launch-first.log
 create mode 100644 specs/artifacts/2026-10-05-connection-workspace-authority/select-value-ownership/actual-27-launch-owner.json
 create mode 100644 specs/artifacts/2026-10-05-connection-workspace-authority/select-value-ownership/actual-27-mission-selected.png
 create mode 100644 specs/artifacts/2026-10-05-connection-workspace-authority/select-value-ownership/actual-27-mission-selected.txt
 create mode 100644 specs/artifacts/2026-10-05-connection-workspace-authority/select-value-ownership/actual-27-page-closed.json
 create mode 100644 specs/artifacts/2026-10-05-connection-workspace-authority/select-value-ownership/actual-27-readonly-facts.json
 create mode 100644 specs/artifacts/2026-10-05-connection-workspace-authority/select-value-ownership/actual-27-readonly-first.log
 create mode 100644 specs/artifacts/2026-10-05-connection-workspace-authority/select-value-ownership/actual-27-readonly.ts.txt
 create mode 100644 specs/artifacts/2026-10-05-connection-workspace-authority/select-value-ownership/actual-27-root-closure.json
 create mode 100644 specs/artifacts/2026-10-05-connection-workspace-authority/select-value-ownership/actual-27-shutdown-first.log
 create mode 100644 specs/artifacts/2026-10-05-connection-workspace-authority/select-value-ownership/actual-27-side-chat-placeholder.png
 create mode 100644 specs/artifacts/2026-10-05-connection-workspace-authority/select-value-ownership/actual-27-side-chat-placeholder.txt
 create mode 100644 specs/artifacts/2026-10-05-connection-workspace-authority/select-value-ownership/actual-27-target-open.png
 create mode 100644 specs/artifacts/2026-10-05-connection-workspace-authority/select-value-ownership/actual-27-target-open.txt
 create mode 100644 specs/artifacts/2026-10-05-connection-workspace-authority/select-value-ownership/actual-27-task-accepted-cli.json
 create mode 100644 specs/artifacts/2026-10-05-connection-workspace-authority/select-value-ownership/actual-27-task-create-first.log
 create mode 100644 specs/artifacts/2026-10-05-connection-workspace-authority/select-value-ownership/actual-27-task-request-input.json
 create mode 100644 specs/artifacts/2026-10-05-connection-workspace-authority/select-value-ownership/actual-27-task-selection.json
 create mode 100644 specs/artifacts/2026-10-05-connection-workspace-authority/select-value-ownership/docs-final.log
 create mode 100644 specs/artifacts/2026-10-05-connection-workspace-authority/select-value-ownership/docs-first.log
 create mode 100644 specs/artifacts/2026-10-05-connection-workspace-authority/select-value-ownership/overlay-build-first.log
 create mode 100644 specs/artifacts/2026-10-05-connection-workspace-authority/select-value-ownership/overlay-types-first.log
 create mode 100644 specs/artifacts/2026-10-05-connection-workspace-authority/select-value-ownership/prior-26-normal-commit.log
 create mode 100644 specs/artifacts/2026-10-05-connection-workspace-authority/select-value-ownership/prior-26-normal-push.log
 create mode 100644 specs/artifacts/2026-10-05-connection-workspace-authority/select-value-ownership/renderer-public-surface.log
 create mode 100644 specs/artifacts/2026-10-05-connection-workspace-authority/select-value-ownership/runtime-evidence/authority-ready.json
 create mode 100644 specs/artifacts/2026-10-05-connection-workspace-authority/select-value-ownership/runtime-evidence/managed-parent-ready.json
 create mode 100644 specs/artifacts/2026-10-05-connection-workspace-authority/select-value-ownership/runtime-evidence/native-host-ready.json
 create mode 100644 specs/artifacts/2026-10-05-connection-workspace-authority/select-value-ownership/runtime-evidence/native-host-settled.json
 create mode 100644 specs/artifacts/2026-10-05-connection-workspace-authority/select-value-ownership/runtime-evidence/owned-config-hierarchy.json
 create mode 100644 specs/artifacts/2026-10-05-connection-workspace-authority/select-value-ownership/runtime-evidence/preflight-ready.json
 create mode 100644 specs/artifacts/2026-10-05-connection-workspace-authority/select-value-ownership/runtime-evidence/project-baseline.json
 create mode 100644 specs/artifacts/2026-10-05-connection-workspace-authority/select-value-ownership/runtime-evidence/provider-61704-7becf220-42c1-43da-8e3c-439b68c04505-1.json
 create mode 100644 specs/artifacts/2026-10-05-connection-workspace-authority/select-value-ownership/runtime-evidence/provider-61704-7becf220-42c1-43da-8e3c-439b68c04505-2.json
 create mode 100644 specs/artifacts/2026-10-05-connection-workspace-authority/select-value-ownership/runtime-evidence/provider-61704-7becf220-42c1-43da-8e3c-439b68c04505-3.json
 create mode 100644 specs/artifacts/2026-10-05-connection-workspace-authority/select-value-ownership/runtime-evidence/provider-61704-7becf220-42c1-43da-8e3c-439b68c04505-4.json
 create mode 100644 specs/artifacts/2026-10-05-connection-workspace-authority/select-value-ownership/runtime-evidence/provider-61704-7becf220-42c1-43da-8e3c-439b68c04505-5.json
 create mode 100644 specs/artifacts/2026-10-05-connection-workspace-authority/select-value-ownership/runtime-evidence/provider-61704-7becf220-42c1-43da-8e3c-439b68c04505-6.json
 create mode 100644 specs/artifacts/2026-10-05-connection-workspace-authority/select-value-ownership/runtime-evidence/provider-61704-7becf220-42c1-43da-8e3c-439b68c04505-7.json
 create mode 100644 specs/artifacts/2026-10-05-connection-workspace-authority/select-value-ownership/runtime-evidence/provider-61704-7becf220-42c1-43da-8e3c-439b68c04505-8.json
 create mode 100644 specs/artifacts/2026-10-05-connection-workspace-authority/select-value-ownership/runtime-evidence/provider-61704-7becf220-42c1-43da-8e3c-439b68c04505-9.json
 create mode 100644 specs/artifacts/2026-10-05-connection-workspace-authority/select-value-ownership/runtime-evidence/provider-pair-staging.json
 create mode 100644 specs/artifacts/2026-10-05-connection-workspace-authority/select-value-ownership/runtime-evidence/qa-package-installed.json
 create mode 100644 specs/artifacts/2026-10-05-connection-workspace-authority/select-value-ownership/runtime-evidence/task-boundary-admitted.json
 create mode 100644 specs/artifacts/2026-10-05-connection-workspace-authority/select-value-ownership/runtime-evidence/task-complete.json
 create mode 100644 specs/artifacts/2026-10-05-connection-workspace-authority/select-value-ownership/runtime-evidence/task-observation-61704-f31d8d5c-39aa-4775-811e-3681f0d69b65-1.json
 create mode 100644 specs/artifacts/2026-10-05-connection-workspace-authority/select-value-ownership/runtime-evidence/task-observation-61704-f31d8d5c-39aa-4775-811e-3681f0d69b65-10.json
 create mode 100644 specs/artifacts/2026-10-05-connection-workspace-authority/select-value-ownership/runtime-evidence/task-observation-61704-f31d8d5c-39aa-4775-811e-3681f0d69b65-11.json
 create mode 100644 specs/artifacts/2026-10-05-connection-workspace-authority/select-value-ownership/runtime-evidence/task-observation-61704-f31d8d5c-39aa-4775-811e-3681f0d69b65-12.json
 create mode 100644 specs/artifacts/2026-10-05-connection-workspace-authority/select-value-ownership/runtime-evidence/task-observation-61704-f31d8d5c-39aa-4775-811e-3681f0d69b65-13.json
 create mode 100644 specs/artifacts/2026-10-05-connection-workspace-authority/select-value-ownership/runtime-evidence/task-observation-61704-f31d8d5c-39aa-4775-811e-3681f0d69b65-14.json
 create mode 100644 specs/artifacts/2026-10-05-connection-workspace-authority/select-value-ownership/runtime-evidence/task-observation-61704-f31d8d5c-39aa-4775-811e-3681f0d69b65-2.json
 create mode 100644 specs/artifacts/2026-10-05-connection-workspace-authority/select-value-ownership/runtime-evidence/task-observation-61704-f31d8d5c-39aa-4775-811e-3681f0d69b65-3.json
 create mode 100644 specs/artifacts/2026-10-05-connection-workspace-authority/select-value-ownership/runtime-evidence/task-observation-61704-f31d8d5c-39aa-4775-811e-3681f0d69b65-4.json
 create mode 100644 specs/artifacts/2026-10-05-connection-workspace-authority/select-value-ownership/runtime-evidence/task-observation-61704-f31d8d5c-39aa-4775-811e-3681f0d69b65-5.json
 create mode 100644 specs/artifacts/2026-10-05-connection-workspace-authority/select-value-ownership/runtime-evidence/task-observation-61704-f31d8d5c-39aa-4775-811e-3681f0d69b65-6.json
 create mode 100644 specs/artifacts/2026-10-05-connection-workspace-authority/select-value-ownership/runtime-evidence/task-observation-61704-f31d8d5c-39aa-4775-811e-3681f0d69b65-7.json
 create mode 100644 specs/artifacts/2026-10-05-connection-workspace-authority/select-value-ownership/runtime-evidence/task-observation-61704-f31d8d5c-39aa-4775-811e-3681f0d69b65-8.json
 create mode 100644 specs/artifacts/2026-10-05-connection-workspace-authority/select-value-ownership/runtime-evidence/task-observation-61704-f31d8d5c-39aa-4775-811e-3681f0d69b65-9.json
 create mode 100644 specs/artifacts/2026-10-05-connection-workspace-authority/select-value-ownership/runtime-evidence/task-occurrence-admitted.json
 create mode 100644 specs/artifacts/2026-10-05-connection-workspace-authority/select-value-ownership/select-value-27-chain-supervision-69860-1.json
 create mode 100644 specs/artifacts/2026-10-05-connection-workspace-authority/select-value-ownership/select-value-27-chain-supervision-69860-10.json
 create mode 100644 specs/artifacts/2026-10-05-connection-workspace-authority/select-value-ownership/select-value-27-chain-supervision-69860-11.json
 create mode 100644 specs/artifacts/2026-10-05-connection-workspace-authority/select-value-ownership/select-value-27-chain-supervision-69860-12.json
 create mode 100644 specs/artifacts/2026-10-05-connection-workspace-authority/select-value-ownership/select-value-27-chain-supervision-69860-13.json
 create mode 100644 specs/artifacts/2026-10-05-connection-workspace-authority/select-value-ownership/select-value-27-chain-supervision-69860-14.json
 create mode 100644 specs/artifacts/2026-10-05-connection-workspace-authority/select-value-ownership/select-value-27-chain-supervision-69860-15.json
 create mode 100644 specs/artifacts/2026-10-05-connection-workspace-authority/select-value-ownership/select-value-27-chain-supervision-69860-16.json
 create mode 100644 specs/artifacts/2026-10-05-connection-workspace-authority/select-value-ownership/select-value-27-chain-supervision-69860-17.json
 create mode 100644 specs/artifacts/2026-10-05-connection-workspace-authority/select-value-ownership/select-value-27-chain-supervision-69860-18.json
 create mode 100644 specs/artifacts/2026-10-05-connection-workspace-authority/select-value-ownership/select-value-27-chain-supervision-69860-19.json
 create mode 100644 specs/artifacts/2026-10-05-connection-workspace-authority/select-value-ownership/select-value-27-chain-supervision-69860-2.json
 create mode 100644 specs/artifacts/2026-10-05-connection-workspace-authority/select-value-ownership/select-value-27-chain-supervision-69860-20.json
 create mode 100644 specs/artifacts/2026-10-05-connection-workspace-authority/select-value-ownership/select-value-27-chain-supervision-69860-21.json
 create mode 100644 specs/artifacts/2026-10-05-connection-workspace-authority/select-value-ownership/select-value-27-chain-supervision-69860-22.json
 create mode 100644 specs/artifacts/2026-10-05-connection-workspace-authority/select-value-ownership/select-value-27-chain-supervision-69860-23.json
 create mode 100644 specs/artifacts/2026-10-05-connection-workspace-authority/select-value-ownership/select-value-27-chain-supervision-69860-24.json
 create mode 100644 specs/artifacts/2026-10-05-connection-workspace-authority/select-value-ownership/select-value-27-chain-supervision-69860-25.json
 create mode 100644 specs/artifacts/2026-10-05-connection-workspace-authority/select-value-ownership/select-value-27-chain-supervision-69860-26.json
 create mode 100644 specs/artifacts/2026-10-05-connection-workspace-authority/select-value-ownership/select-value-27-chain-supervision-69860-27.json
 create mode 100644 specs/artifacts/2026-10-05-connection-workspace-authority/select-value-ownership/select-value-27-chain-supervision-69860-28.json
 create mode 100644 specs/artifacts/2026-10-05-connection-workspace-authority/select-value-ownership/select-value-27-chain-supervision-69860-29.json
 create mode 100644 specs/artifacts/2026-10-05-connection-workspace-authority/select-value-ownership/select-value-27-chain-supervision-69860-3.json
 create mode 100644 specs/artifacts/2026-10-05-connection-workspace-authority/select-value-ownership/select-value-27-chain-supervision-69860-30.json
 create mode 100644 specs/artifacts/2026-10-05-connection-workspace-authority/select-value-ownership/select-value-27-chain-supervision-69860-31.json
 create mode 100644 specs/artifacts/2026-10-05-connection-workspace-authority/select-value-ownership/select-value-27-chain-supervision-69860-32.json
 create mode 100644 specs/artifacts/2026-10-05-connection-workspace-authority/select-value-ownership/select-value-27-chain-supervision-69860-33.json
 create mode 100644 specs/artifacts/2026-10-05-connection-workspace-authority/select-value-ownership/select-value-27-chain-supervision-69860-34.json
 create mode 100644 specs/artifacts/2026-10-05-connection-workspace-authority/select-value-ownership/select-value-27-chain-supervision-69860-35.json
 create mode 100644 specs/artifacts/2026-10-05-connection-workspace-authority/select-value-ownership/select-value-27-chain-supervision-69860-36.json
 create mode 100644 specs/artifacts/2026-10-05-connection-workspace-authority/select-value-ownership/select-value-27-chain-supervision-69860-37.json
 create mode 100644 specs/artifacts/2026-10-05-connection-workspace-authority/select-value-ownership/select-value-27-chain-supervision-69860-38.json
 create mode 100644 specs/artifacts/2026-10-05-connection-workspace-authority/select-value-ownership/select-value-27-chain-supervision-69860-39.json
 create mode 100644 specs/artifacts/2026-10-05-connection-workspace-authority/select-value-ownership/select-value-27-chain-supervision-69860-4.json
 create mode 100644 specs/artifacts/2026-10-05-connection-workspace-authority/select-value-ownership/select-value-27-chain-supervision-69860-40.json
 create mode 100644 specs/artifacts/2026-10-05-connection-workspace-authority/select-value-ownership/select-value-27-chain-supervision-69860-41.json
 create mode 100644 specs/artifacts/2026-10-05-connection-workspace-authority/select-value-ownership/select-value-27-chain-supervision-69860-42.json
 create mode 100644 specs/artifacts/2026-10-05-connection-workspace-authority/select-value-ownership/select-value-27-chain-supervision-69860-43.json
 create mode 100644 specs/artifacts/2026-10-05-connection-workspace-authority/select-value-ownership/select-value-27-chain-supervision-69860-44.json
 create mode 100644 specs/artifacts/2026-10-05-connection-workspace-authority/select-value-ownership/select-value-27-chain-supervision-69860-45.json
 create mode 100644 specs/artifacts/2026-10-05-connection-workspace-authority/select-value-ownership/select-value-27-chain-supervision-69860-46.json
 create mode 100644 specs/artifacts/2026-10-05-connection-workspace-authority/select-value-ownership/select-value-27-chain-supervision-69860-47.json
 create mode 100644 specs/artifacts/2026-10-05-connection-workspace-authority/select-value-ownership/select-value-27-chain-supervision-69860-5.json
 create mode 100644 specs/artifacts/2026-10-05-connection-workspace-authority/select-value-ownership/select-value-27-chain-supervision-69860-6.json
 create mode 100644 specs/artifacts/2026-10-05-connection-workspace-authority/select-value-ownership/select-value-27-chain-supervision-69860-7.json
 create mode 100644 specs/artifacts/2026-10-05-connection-workspace-authority/select-value-ownership/select-value-27-chain-supervision-69860-8.json
 create mode 100644 specs/artifacts/2026-10-05-connection-workspace-authority/select-value-ownership/select-value-27-chain-supervision-69860-9.json
 create mode 100644 specs/artifacts/2026-10-05-connection-workspace-authority/select-value-ownership/select-value-27-final-provider-audit.json
 create mode 100644 specs/artifacts/2026-10-05-connection-workspace-authority/select-value-ownership/select-value-27-physical-terminal-and-pair-cleanup.json
 create mode 100644 specs/artifacts/2026-10-05-connection-workspace-authority/select-value-ownership/select-value-27-settlement-owner.json
 create mode 100644 specs/artifacts/2026-10-05-connection-workspace-authority/select-value-ownership/select-value-27-shutdown-admission.json
