bun install v1.3.14 (0d9b296a)
Resolving dependencies
Resolved, downloaded and extracted [41]

$ husky

+ @actions/artifact@5.0.1
+ @babel/core@7.29.7
+ @babel/preset-typescript@7.28.5
+ @tsconfig/bun@1.0.9
+ @types/archiver@7.0.0
+ @types/mime-types@3.0.1
+ archiver@7.0.1
+ babel-preset-solid@1.9.10
+ glob@13.0.5
+ husky@9.1.7
+ prettier@3.6.2
+ react@19.2.7
+ react-dom@19.2.7
+ semver@7.8.5
+ turbo@2.9.14
+ zod@4.4.3
+ luxon@3.6.1
+ sharp@0.35.5
+ typescript@5.8.2

3427 packages installed [92.53s]
