[main 339c467c] fix: track applied Settings sidebar geometry
 93 files changed, 7627 insertions(+), 17 deletions(-)
 create mode 100644 specs/artifacts/2026-10-05-connection-workspace-authority/settings-sidebar-geometry-implementation-plan.md
 create mode 100644 specs/artifacts/2026-10-05-connection-workspace-authority/settings-sidebar-geometry-implementation/07-panel-before.txt
 create mode 100644 specs/artifacts/2026-10-05-connection-workspace-authority/settings-sidebar-geometry-implementation/07-panel-final.txt
 create mode 100644 specs/artifacts/2026-10-05-connection-workspace-authority/settings-sidebar-geometry-implementation/ConfigDialogHost-before.txt
 create mode 100644 specs/artifacts/2026-10-05-connection-workspace-authority/settings-sidebar-geometry-implementation/ConfigDialogHost-final.txt
 create mode 100644 specs/artifacts/2026-10-05-connection-workspace-authority/settings-sidebar-geometry-implementation/README.md
 create mode 100644 specs/artifacts/2026-10-05-connection-workspace-authority/settings-sidebar-geometry-implementation/after-10-default-reopened-geometry.json
 create mode 100644 specs/artifacts/2026-10-05-connection-workspace-authority/settings-sidebar-geometry-implementation/after-10-default-reopened.png
 create mode 100644 specs/artifacts/2026-10-05-connection-workspace-authority/settings-sidebar-geometry-implementation/after-10-explicit466-reopened-geometry.json
 create mode 100644 specs/artifacts/2026-10-05-connection-workspace-authority/settings-sidebar-geometry-implementation/after-10-explicit466-reopened.png
 create mode 100644 specs/artifacts/2026-10-05-connection-workspace-authority/settings-sidebar-geometry-implementation/after-10-final-responsive-default-geometry.json
 create mode 100644 specs/artifacts/2026-10-05-connection-workspace-authority/settings-sidebar-geometry-implementation/after-10-final-responsive-default.png
 create mode 100644 specs/artifacts/2026-10-05-connection-workspace-authority/settings-sidebar-geometry-implementation/after-10-main-restored-geometry.json
 create mode 100644 specs/artifacts/2026-10-05-connection-workspace-authority/settings-sidebar-geometry-implementation/after-10-main-restored.png
 create mode 100644 specs/artifacts/2026-10-05-connection-workspace-authority/settings-sidebar-geometry-implementation/after-10-manual-inputs.json
 create mode 100644 specs/artifacts/2026-10-05-connection-workspace-authority/settings-sidebar-geometry-implementation/after-10-scale100-clamped444-geometry.json
 create mode 100644 specs/artifacts/2026-10-05-connection-workspace-authority/settings-sidebar-geometry-implementation/after-10-scale100-clamped444.png
 create mode 100644 specs/artifacts/2026-10-05-connection-workspace-authority/settings-sidebar-geometry-implementation/after-10-untouched-initial-geometry.json
 create mode 100644 specs/artifacts/2026-10-05-connection-workspace-authority/settings-sidebar-geometry-implementation/after-10-untouched-initial.png
 create mode 100644 specs/artifacts/2026-10-05-connection-workspace-authority/settings-sidebar-geometry-implementation/after-10-untouched-stable-geometry.json
 create mode 100644 specs/artifacts/2026-10-05-connection-workspace-authority/settings-sidebar-geometry-implementation/after-10-untouched-stable.png
 create mode 100644 specs/artifacts/2026-10-05-connection-workspace-authority/settings-sidebar-geometry-implementation/after-10-zoom105-drag-minus40-geometry.json
 create mode 100644 specs/artifacts/2026-10-05-connection-workspace-authority/settings-sidebar-geometry-implementation/after-10-zoom105-drag-minus40.png
 create mode 100644 specs/artifacts/2026-10-05-connection-workspace-authority/settings-sidebar-geometry-implementation/after-10-zoom105-end466-geometry.json
 create mode 100644 specs/artifacts/2026-10-05-connection-workspace-authority/settings-sidebar-geometry-implementation/after-10-zoom105-end466.png
 create mode 100644 specs/artifacts/2026-10-05-connection-workspace-authority/settings-sidebar-geometry-implementation/after-10-zoom105-geometry.json
 create mode 100644 specs/artifacts/2026-10-05-connection-workspace-authority/settings-sidebar-geometry-implementation/after-10-zoom105-home147-geometry.json
 create mode 100644 specs/artifacts/2026-10-05-connection-workspace-authority/settings-sidebar-geometry-implementation/after-10-zoom105-home147.png
 create mode 100644 specs/artifacts/2026-10-05-connection-workspace-authority/settings-sidebar-geometry-implementation/after-10-zoom105-keyboard-right-geometry.json
 create mode 100644 specs/artifacts/2026-10-05-connection-workspace-authority/settings-sidebar-geometry-implementation/after-10-zoom105-keyboard-right.png
 create mode 100644 specs/artifacts/2026-10-05-connection-workspace-authority/settings-sidebar-geometry-implementation/after-10-zoom105-no-motion-geometry.json
 create mode 100644 specs/artifacts/2026-10-05-connection-workspace-authority/settings-sidebar-geometry-implementation/after-10-zoom105-no-motion.png
 create mode 100644 specs/artifacts/2026-10-05-connection-workspace-authority/settings-sidebar-geometry-implementation/after-10-zoom105-repeated-left-geometry.json
 create mode 100644 specs/artifacts/2026-10-05-connection-workspace-authority/settings-sidebar-geometry-implementation/after-10-zoom105-repeated-left.png
 create mode 100644 specs/artifacts/2026-10-05-connection-workspace-authority/settings-sidebar-geometry-implementation/after-10-zoom105-repeated-right-geometry.json
 create mode 100644 specs/artifacts/2026-10-05-connection-workspace-authority/settings-sidebar-geometry-implementation/after-10-zoom105-repeated-right.png
 create mode 100644 specs/artifacts/2026-10-05-connection-workspace-authority/settings-sidebar-geometry-implementation/after-10-zoom105-reverse-plus40-geometry.json
 create mode 100644 specs/artifacts/2026-10-05-connection-workspace-authority/settings-sidebar-geometry-implementation/after-10-zoom105-reverse-plus40.png
 create mode 100644 specs/artifacts/2026-10-05-connection-workspace-authority/settings-sidebar-geometry-implementation/after-10-zoom105.png
 create mode 100644 specs/artifacts/2026-10-05-connection-workspace-authority/settings-sidebar-geometry-implementation/before-10-manual-inputs.json
 create mode 100644 specs/artifacts/2026-10-05-connection-workspace-authority/settings-sidebar-geometry-implementation/before-10-restored-responsive-default-geometry.json
 create mode 100644 specs/artifacts/2026-10-05-connection-workspace-authority/settings-sidebar-geometry-implementation/before-10-restored-responsive-default.png
 create mode 100644 specs/artifacts/2026-10-05-connection-workspace-authority/settings-sidebar-geometry-implementation/before-10-scale-restored100-geometry.json
 create mode 100644 specs/artifacts/2026-10-05-connection-workspace-authority/settings-sidebar-geometry-implementation/before-10-scale-restored100.png
 create mode 100644 specs/artifacts/2026-10-05-connection-workspace-authority/settings-sidebar-geometry-implementation/before-10-untouched-initial-geometry.json
 create mode 100644 specs/artifacts/2026-10-05-connection-workspace-authority/settings-sidebar-geometry-implementation/before-10-untouched-initial.png
 create mode 100644 specs/artifacts/2026-10-05-connection-workspace-authority/settings-sidebar-geometry-implementation/before-10-untouched-stable-geometry.json
 create mode 100644 specs/artifacts/2026-10-05-connection-workspace-authority/settings-sidebar-geometry-implementation/before-10-untouched-stable.png
 create mode 100644 specs/artifacts/2026-10-05-connection-workspace-authority/settings-sidebar-geometry-implementation/before-10-zoom-in-geometry.json
 create mode 100644 specs/artifacts/2026-10-05-connection-workspace-authority/settings-sidebar-geometry-implementation/before-10-zoom-in.png
 create mode 100644 specs/artifacts/2026-10-05-connection-workspace-authority/settings-sidebar-geometry-implementation/before-10-zoom105-keyboard-right-geometry.json
 create mode 100644 specs/artifacts/2026-10-05-connection-workspace-authority/settings-sidebar-geometry-implementation/before-10-zoom105-keyboard-right.png
 create mode 100644 specs/artifacts/2026-10-05-connection-workspace-authority/settings-sidebar-geometry-implementation/independent-design-review.md
 create mode 100644 specs/artifacts/2026-10-05-connection-workspace-authority/settings-sidebar-geometry-implementation/independent-source-review.md
 create mode 100644 specs/artifacts/2026-10-05-connection-workspace-authority/settings-sidebar-geometry-implementation/previous-sidebar-pointer-commit-09.log
 create mode 100644 specs/artifacts/2026-10-05-connection-workspace-authority/settings-sidebar-geometry-implementation/previous-sidebar-pointer-push-09.log
 create mode 100644 specs/artifacts/2026-10-05-connection-workspace-authority/settings-sidebar-geometry-implementation/settings-sidebar-after-10-http.json
 create mode 100644 specs/artifacts/2026-10-05-connection-workspace-authority/settings-sidebar-geometry-implementation/settings-sidebar-after-10-independent-terminal.json
 create mode 100644 specs/artifacts/2026-10-05-connection-workspace-authority/settings-sidebar-geometry-implementation/settings-sidebar-after-10-launch.json
 create mode 100644 specs/artifacts/2026-10-05-connection-workspace-authority/settings-sidebar-geometry-implementation/settings-sidebar-after-10-owner.json
 create mode 100644 specs/artifacts/2026-10-05-connection-workspace-authority/settings-sidebar-geometry-implementation/settings-sidebar-after-10-physical-terminal.json
 create mode 100644 specs/artifacts/2026-10-05-connection-workspace-authority/settings-sidebar-geometry-implementation/settings-sidebar-after-10-retained-terminal.json
 create mode 100644 specs/artifacts/2026-10-05-connection-workspace-authority/settings-sidebar-geometry-implementation/settings-sidebar-after-10-runtime.log
 create mode 100644 specs/artifacts/2026-10-05-connection-workspace-authority/settings-sidebar-geometry-implementation/settings-sidebar-after-10-shutdown-admission.json
 create mode 100644 specs/artifacts/2026-10-05-connection-workspace-authority/settings-sidebar-geometry-implementation/settings-sidebar-after-10-startup.json
 create mode 100644 specs/artifacts/2026-10-05-connection-workspace-authority/settings-sidebar-geometry-implementation/settings-sidebar-after-10-stderr.log
 create mode 100644 specs/artifacts/2026-10-05-connection-workspace-authority/settings-sidebar-geometry-implementation/settings-sidebar-after-10-stdout.log
 create mode 100644 specs/artifacts/2026-10-05-connection-workspace-authority/settings-sidebar-geometry-implementation/settings-sidebar-before-10-http.json
 create mode 100644 specs/artifacts/2026-10-05-connection-workspace-authority/settings-sidebar-geometry-implementation/settings-sidebar-before-10-independent-terminal.json
 create mode 100644 specs/artifacts/2026-10-05-connection-workspace-authority/settings-sidebar-geometry-implementation/settings-sidebar-before-10-launch.json
 create mode 100644 specs/artifacts/2026-10-05-connection-workspace-authority/settings-sidebar-geometry-implementation/settings-sidebar-before-10-owner.json
 create mode 100644 specs/artifacts/2026-10-05-connection-workspace-authority/settings-sidebar-geometry-implementation/settings-sidebar-before-10-physical-terminal.json
 create mode 100644 specs/artifacts/2026-10-05-connection-workspace-authority/settings-sidebar-geometry-implementation/settings-sidebar-before-10-retained-start.json
 create mode 100644 specs/artifacts/2026-10-05-connection-workspace-authority/settings-sidebar-geometry-implementation/settings-sidebar-before-10-retained-terminal.json
 create mode 100644 specs/artifacts/2026-10-05-connection-workspace-authority/settings-sidebar-geometry-implementation/settings-sidebar-before-10-runtime.log
 create mode 100644 specs/artifacts/2026-10-05-connection-workspace-authority/settings-sidebar-geometry-implementation/settings-sidebar-before-10-shutdown-admission.json
 create mode 100644 specs/artifacts/2026-10-05-connection-workspace-authority/settings-sidebar-geometry-implementation/settings-sidebar-before-10-startup.json
 create mode 100644 specs/artifacts/2026-10-05-connection-workspace-authority/settings-sidebar-geometry-implementation/settings-sidebar-before-10-stderr.log
 create mode 100644 specs/artifacts/2026-10-05-connection-workspace-authority/settings-sidebar-geometry-implementation/settings-sidebar-before-10-stdout.log
 create mode 100644 specs/artifacts/2026-10-05-connection-workspace-authority/settings-sidebar-geometry-implementation/settings-sidebar-build-10-exit.json
 create mode 100644 specs/artifacts/2026-10-05-connection-workspace-authority/settings-sidebar-geometry-implementation/settings-sidebar-build-10.log
 create mode 100644 specs/artifacts/2026-10-05-connection-workspace-authority/settings-sidebar-geometry-implementation/settings-sidebar-docs-10-exit.json
 create mode 100644 specs/artifacts/2026-10-05-connection-workspace-authority/settings-sidebar-geometry-implementation/settings-sidebar-docs-10.log
 create mode 100644 specs/artifacts/2026-10-05-connection-workspace-authority/settings-sidebar-geometry-implementation/settings-sidebar-format-10.log
 create mode 100644 specs/artifacts/2026-10-05-connection-workspace-authority/settings-sidebar-geometry-implementation/settings-sidebar-types-10-exit.json
 create mode 100644 specs/artifacts/2026-10-05-connection-workspace-authority/settings-sidebar-geometry-implementation/settings-sidebar-types-10.log
 create mode 100644 specs/artifacts/2026-10-05-connection-workspace-authority/settings-sidebar-geometry-implementation/source-diff.txt
