[main 2948733e] fix: reuse immutable resource materializations
 51 files changed, 127913 insertions(+), 1 deletion(-)
 create mode 100644 packages/opencorvus/test/artifact-resource-materialization.test.ts
 create mode 100644 specs/artifacts/2026-10-05-connection-workspace-authority/resource-materialization-implementation-plan.md
 create mode 100644 specs/artifacts/2026-10-05-connection-workspace-authority/resource-materialization-implementation/README.md
 create mode 100644 specs/artifacts/2026-10-05-connection-workspace-authority/resource-materialization-implementation/actual-17-authority-ready.json
 create mode 100644 specs/artifacts/2026-10-05-connection-workspace-authority/resource-materialization-implementation/actual-17-completed-download-card-iab.png
 create mode 100644 specs/artifacts/2026-10-05-connection-workspace-authority/resource-materialization-implementation/actual-17-completed-download-card.png
 create mode 100644 specs/artifacts/2026-10-05-connection-workspace-authority/resource-materialization-implementation/actual-17-original-checker-failed.json
 create mode 100644 specs/artifacts/2026-10-05-connection-workspace-authority/resource-materialization-implementation/actual-17-original-checker-final-scope.json
 create mode 100644 specs/artifacts/2026-10-05-connection-workspace-authority/resource-materialization-implementation/actual-17-owned-config-hierarchy.json
 create mode 100644 specs/artifacts/2026-10-05-connection-workspace-authority/resource-materialization-implementation/actual-17-physical-download-receipt.json
 create mode 100644 specs/artifacts/2026-10-05-connection-workspace-authority/resource-materialization-implementation/actual-17-preclosure-declarations.json
 create mode 100644 specs/artifacts/2026-10-05-connection-workspace-authority/resource-materialization-implementation/actual-17-preclosure-task.json
 create mode 100644 specs/artifacts/2026-10-05-connection-workspace-authority/resource-materialization-implementation/actual-17-preflight-ready.json
 create mode 100644 specs/artifacts/2026-10-05-connection-workspace-authority/resource-materialization-implementation/actual-17-project-baseline.json
 create mode 100644 specs/artifacts/2026-10-05-connection-workspace-authority/resource-materialization-implementation/actual-17-public-build-preclosure.json
 create mode 100644 specs/artifacts/2026-10-05-connection-workspace-authority/resource-materialization-implementation/actual-17-public-delegated-worker-preclosure.json
 create mode 100644 specs/artifacts/2026-10-05-connection-workspace-authority/resource-materialization-implementation/actual-17-public-explore-preclosure.json
 create mode 100644 specs/artifacts/2026-10-05-connection-workspace-authority/resource-materialization-implementation/actual-17-public-orchestrator-midpoint.json
 create mode 100644 specs/artifacts/2026-10-05-connection-workspace-authority/resource-materialization-implementation/actual-17-public-orchestrator-preclosure.json
 create mode 100644 specs/artifacts/2026-10-05-connection-workspace-authority/resource-materialization-implementation/actual-17-public-task-midpoint.json
 create mode 100644 specs/artifacts/2026-10-05-connection-workspace-authority/resource-materialization-implementation/actual-17-repeat-read-and-publication-gap.png
 create mode 100644 specs/artifacts/2026-10-05-connection-workspace-authority/resource-materialization-implementation/actual-17-startup.json
 create mode 100644 specs/artifacts/2026-10-05-connection-workspace-authority/resource-materialization-implementation/actual-17-task-create-cli.json
 create mode 100644 specs/artifacts/2026-10-05-connection-workspace-authority/resource-materialization-implementation/actual-17-task-request-input.json
 create mode 100644 specs/artifacts/2026-10-05-connection-workspace-authority/resource-materialization-implementation/actual-17-task-selection.json
 create mode 100644 specs/artifacts/2026-10-05-connection-workspace-authority/resource-materialization-implementation/actual-fs-bun-probe.json
 create mode 100644 specs/artifacts/2026-10-05-connection-workspace-authority/resource-materialization-implementation/actual-fs-bun-readonly-check.json
 create mode 100644 specs/artifacts/2026-10-05-connection-workspace-authority/resource-materialization-implementation/actual-fs-node-probe.json
 create mode 100644 specs/artifacts/2026-10-05-connection-workspace-authority/resource-materialization-implementation/actual-fs-node-readonly-check.json
 create mode 100644 specs/artifacts/2026-10-05-connection-workspace-authority/resource-materialization-implementation/actual-native-noreplace-probe.json
 create mode 100644 specs/artifacts/2026-10-05-connection-workspace-authority/resource-materialization-implementation/creator-content-commit-16.log
 create mode 100644 specs/artifacts/2026-10-05-connection-workspace-authority/resource-materialization-implementation/creator-content-push-16.log
 create mode 100644 specs/artifacts/2026-10-05-connection-workspace-authority/resource-materialization-implementation/resource-materialization-17-chain-running.json
 create mode 100644 specs/artifacts/2026-10-05-connection-workspace-authority/resource-materialization-implementation/resource-materialization-17-durable-final-closed.json
 create mode 100644 specs/artifacts/2026-10-05-connection-workspace-authority/resource-materialization-implementation/resource-materialization-17-durable-midpoint.json
 create mode 100644 specs/artifacts/2026-10-05-connection-workspace-authority/resource-materialization-implementation/resource-materialization-17-final-provider-audit.json
 create mode 100644 specs/artifacts/2026-10-05-connection-workspace-authority/resource-materialization-implementation/resource-materialization-17-physical-terminal-and-pair-cleanup.json
 create mode 100644 specs/artifacts/2026-10-05-connection-workspace-authority/resource-materialization-implementation/resource-materialization-17-shutdown-admission.json
 create mode 100644 specs/artifacts/2026-10-05-connection-workspace-authority/resource-materialization-implementation/resource-materialization-docs-17-final.log
 create mode 100644 specs/artifacts/2026-10-05-connection-workspace-authority/resource-materialization-implementation/resource-materialization-fs-probe-17.mjs.txt
 create mode 100644 specs/artifacts/2026-10-05-connection-workspace-authority/resource-materialization-implementation/resource-materialization-native-probe-17.ts.txt
 create mode 100644 specs/artifacts/2026-10-05-connection-workspace-authority/resource-materialization-implementation/resource-materialization-readonly-check-17.mjs.txt
 create mode 100644 specs/artifacts/2026-10-05-connection-workspace-authority/resource-materialization-implementation/resource-materialization-test-17-baseline.log
 create mode 100644 specs/artifacts/2026-10-05-connection-workspace-authority/resource-materialization-implementation/resource-materialization-test-17-final.log
 create mode 100644 specs/artifacts/2026-10-05-connection-workspace-authority/resource-materialization-implementation/resource-materialization-types-17.json.txt
 create mode 100644 specs/artifacts/2026-10-05-connection-workspace-authority/resource-materialization-implementation/resource-materialization-types-17.log
