[main a284231c] docs: record real explorer query and delivery limits
 123 files changed, 89038 insertions(+)
 create mode 100644 specs/artifacts/2026-10-05-connection-workspace-authority/explore-delivery-implementation-plan.md
 create mode 100644 specs/artifacts/2026-10-05-connection-workspace-authority/explore-delivery-implementation/README.md
 create mode 100644 specs/artifacts/2026-10-05-connection-workspace-authority/explore-delivery-implementation/actual-15b-authority-ready.json
 create mode 100644 specs/artifacts/2026-10-05-connection-workspace-authority/explore-delivery-implementation/actual-15b-declarations-after-checker.json
 create mode 100644 specs/artifacts/2026-10-05-connection-workspace-authority/explore-delivery-implementation/actual-15b-explore-detail-first.png
 create mode 100644 specs/artifacts/2026-10-05-connection-workspace-authority/explore-delivery-implementation/actual-15b-explore-query-table.png
 create mode 100644 specs/artifacts/2026-10-05-connection-workspace-authority/explore-delivery-implementation/actual-15b-failed-request-context.png
 create mode 100644 specs/artifacts/2026-10-05-connection-workspace-authority/explore-delivery-implementation/actual-15b-failed.json
 create mode 100644 specs/artifacts/2026-10-05-connection-workspace-authority/explore-delivery-implementation/actual-15b-launch-owner.json
 create mode 100644 specs/artifacts/2026-10-05-connection-workspace-authority/explore-delivery-implementation/actual-15b-original-request-top.png
 create mode 100644 specs/artifacts/2026-10-05-connection-workspace-authority/explore-delivery-implementation/actual-15b-owned-config-hierarchy.json
 create mode 100644 specs/artifacts/2026-10-05-connection-workspace-authority/explore-delivery-implementation/actual-15b-page-binding.json
 create mode 100644 specs/artifacts/2026-10-05-connection-workspace-authority/explore-delivery-implementation/actual-15b-preflight-ready.json
 create mode 100644 specs/artifacts/2026-10-05-connection-workspace-authority/explore-delivery-implementation/actual-15b-producer-activity-log-metadata.json
 create mode 100644 specs/artifacts/2026-10-05-connection-workspace-authority/explore-delivery-implementation/actual-15b-producer-messages-first.json
 create mode 100644 specs/artifacts/2026-10-05-connection-workspace-authority/explore-delivery-implementation/actual-15b-project-baseline.json
 create mode 100644 specs/artifacts/2026-10-05-connection-workspace-authority/explore-delivery-implementation/actual-15b-provider-pair-staging.json
 create mode 100644 specs/artifacts/2026-10-05-connection-workspace-authority/explore-delivery-implementation/actual-15b-qa-package-installed.json
 create mode 100644 specs/artifacts/2026-10-05-connection-workspace-authority/explore-delivery-implementation/actual-15b-request-pageup-review.png
 create mode 100644 specs/artifacts/2026-10-05-connection-workspace-authority/explore-delivery-implementation/actual-15b-request-scrollbar-review.png
 create mode 100644 specs/artifacts/2026-10-05-connection-workspace-authority/explore-delivery-implementation/actual-15b-ses_-zUSkS0kxzzYKUZMRbTU-messages-first.json
 create mode 100644 specs/artifacts/2026-10-05-connection-workspace-authority/explore-delivery-implementation/actual-15b-ses_hZUUFKvGmvf4uajZqj4o-messages-first.json
 create mode 100644 specs/artifacts/2026-10-05-connection-workspace-authority/explore-delivery-implementation/actual-15b-startup.json
 create mode 100644 specs/artifacts/2026-10-05-connection-workspace-authority/explore-delivery-implementation/actual-15b-status-after-checker.json
 create mode 100644 specs/artifacts/2026-10-05-connection-workspace-authority/explore-delivery-implementation/actual-15b-task-create.stderr.log
 create mode 100644 specs/artifacts/2026-10-05-connection-workspace-authority/explore-delivery-implementation/actual-15b-task-create.stdout.json
 create mode 100644 specs/artifacts/2026-10-05-connection-workspace-authority/explore-delivery-implementation/actual-15b-task-observation-checker-last.json
 create mode 100644 specs/artifacts/2026-10-05-connection-workspace-authority/explore-delivery-implementation/actual-15b-task-observation-first.json
 create mode 100644 specs/artifacts/2026-10-05-connection-workspace-authority/explore-delivery-implementation/actual-15b-task-occurrence-admitted.json
 create mode 100644 specs/artifacts/2026-10-05-connection-workspace-authority/explore-delivery-implementation/actual-15b-task-running-first.png
 create mode 100644 specs/artifacts/2026-10-05-connection-workspace-authority/explore-delivery-implementation/actual-15b-task-selection.json
 create mode 100644 specs/artifacts/2026-10-05-connection-workspace-authority/explore-delivery-implementation/actual-15b-task-submission.json
 create mode 100644 specs/artifacts/2026-10-05-connection-workspace-authority/explore-delivery-implementation/actual-15b-user-request-visible-before.png
 create mode 100644 specs/artifacts/2026-10-05-connection-workspace-authority/explore-delivery-implementation/actual-15b-workspace-final.json
 create mode 100644 specs/artifacts/2026-10-05-connection-workspace-authority/explore-delivery-implementation/before-15-live-sol-cli-owned.ts.txt
 create mode 100644 specs/artifacts/2026-10-05-connection-workspace-authority/explore-delivery-implementation/before-15-live-sol-launch.ps1.txt
 create mode 100644 specs/artifacts/2026-10-05-connection-workspace-authority/explore-delivery-implementation/before-15-live-sol-physical-read.ts.txt
 create mode 100644 specs/artifacts/2026-10-05-connection-workspace-authority/explore-delivery-implementation/before-15-live-sol-shutdown.ps1.txt
 create mode 100644 specs/artifacts/2026-10-05-connection-workspace-authority/explore-delivery-implementation/explore-delivery-15-chain-startup.json
 create mode 100644 specs/artifacts/2026-10-05-connection-workspace-authority/explore-delivery-implementation/explore-delivery-15-final-provider-audit.json
 create mode 100644 specs/artifacts/2026-10-05-connection-workspace-authority/explore-delivery-implementation/explore-delivery-15-physical-terminal-and-pair-cleanup.json
 create mode 100644 specs/artifacts/2026-10-05-connection-workspace-authority/explore-delivery-implementation/explore-delivery-15-shutdown-admission.json
 create mode 100644 specs/artifacts/2026-10-05-connection-workspace-authority/explore-delivery-implementation/explore-delivery-15b-chain-checker-failed.json
 create mode 100644 specs/artifacts/2026-10-05-connection-workspace-authority/explore-delivery-implementation/explore-delivery-15b-chain-startup.json
 create mode 100644 specs/artifacts/2026-10-05-connection-workspace-authority/explore-delivery-implementation/explore-delivery-15b-chain-task-query.json
 create mode 100644 specs/artifacts/2026-10-05-connection-workspace-authority/explore-delivery-implementation/explore-delivery-15b-durable-after-shutdown.json
 create mode 100644 specs/artifacts/2026-10-05-connection-workspace-authority/explore-delivery-implementation/explore-delivery-15b-durable-checker-failed.json
 create mode 100644 specs/artifacts/2026-10-05-connection-workspace-authority/explore-delivery-implementation/explore-delivery-15b-durable-provider-terminal.json
 create mode 100644 specs/artifacts/2026-10-05-connection-workspace-authority/explore-delivery-implementation/explore-delivery-15b-durable-running-first.json
 create mode 100644 specs/artifacts/2026-10-05-connection-workspace-authority/explore-delivery-implementation/explore-delivery-15b-final-provider-audit.json
 create mode 100644 specs/artifacts/2026-10-05-connection-workspace-authority/explore-delivery-implementation/explore-delivery-15b-physical-terminal-and-pair-cleanup.json
 create mode 100644 specs/artifacts/2026-10-05-connection-workspace-authority/explore-delivery-implementation/explore-delivery-15b-shutdown-admission.json
 create mode 100644 specs/artifacts/2026-10-05-connection-workspace-authority/explore-delivery-implementation/final-15-live-sol-cli-owned.ts.txt
 create mode 100644 specs/artifacts/2026-10-05-connection-workspace-authority/explore-delivery-implementation/final-15-live-sol-launch.ps1.txt
 create mode 100644 specs/artifacts/2026-10-05-connection-workspace-authority/explore-delivery-implementation/final-15-live-sol-observe-owned.ps1.txt
 create mode 100644 specs/artifacts/2026-10-05-connection-workspace-authority/explore-delivery-implementation/final-15-live-sol-physical-read.ts.txt
 create mode 100644 specs/artifacts/2026-10-05-connection-workspace-authority/explore-delivery-implementation/final-15-live-sol-shutdown.ps1.txt
 create mode 100644 specs/artifacts/2026-10-05-connection-workspace-authority/explore-delivery-implementation/final-15-provider-physical-read.ts.txt
 create mode 100644 specs/artifacts/2026-10-05-connection-workspace-authority/explore-delivery-implementation/final-15b-live-sol-cli-owned.ts.txt
 create mode 100644 specs/artifacts/2026-10-05-connection-workspace-authority/explore-delivery-implementation/final-15b-live-sol-launch.ps1.txt
 create mode 100644 specs/artifacts/2026-10-05-connection-workspace-authority/explore-delivery-implementation/final-preparation-global-activity-types-exit.json
 create mode 100644 specs/artifacts/2026-10-05-connection-workspace-authority/explore-delivery-implementation/final-preparation-global-activity-types.log
 create mode 100644 specs/artifacts/2026-10-05-connection-workspace-authority/explore-delivery-implementation/final-preparation-original-compiler-input.json
 create mode 100644 specs/artifacts/2026-10-05-connection-workspace-authority/explore-delivery-implementation/first-15-authority-ready.json
 create mode 100644 specs/artifacts/2026-10-05-connection-workspace-authority/explore-delivery-implementation/first-15-failed.json
 create mode 100644 specs/artifacts/2026-10-05-connection-workspace-authority/explore-delivery-implementation/first-15-launch-owner.json
 create mode 100644 specs/artifacts/2026-10-05-connection-workspace-authority/explore-delivery-implementation/first-15-project-baseline.json
 create mode 100644 specs/artifacts/2026-10-05-connection-workspace-authority/explore-delivery-implementation/first-15-provider-8224-07fe0fa9-f55b-4ef9-81e2-5d6744cc757c-1.json
 create mode 100644 specs/artifacts/2026-10-05-connection-workspace-authority/explore-delivery-implementation/first-15-provider-pair-staging.json
 create mode 100644 specs/artifacts/2026-10-05-connection-workspace-authority/explore-delivery-implementation/first-15-qa-package-installed.json
 create mode 100644 specs/artifacts/2026-10-05-connection-workspace-authority/explore-delivery-implementation/first-15-source-correlated-cause.json
 create mode 100644 specs/artifacts/2026-10-05-connection-workspace-authority/explore-delivery-implementation/first-15-startup.json
 create mode 100644 specs/artifacts/2026-10-05-connection-workspace-authority/explore-delivery-implementation/module-export-identity-probe-15.json
 create mode 100644 specs/artifacts/2026-10-05-connection-workspace-authority/explore-delivery-implementation/module-export-identity-probe-15.ts.final.txt
 create mode 100644 specs/artifacts/2026-10-05-connection-workspace-authority/explore-delivery-implementation/module-export-identity-probe-15.ts.txt
 create mode 100644 specs/artifacts/2026-10-05-connection-workspace-authority/explore-delivery-implementation/module-export-identity-probe-commands-15.txt
 create mode 100644 specs/artifacts/2026-10-05-connection-workspace-authority/explore-delivery-implementation/module-export-identity-probe-run-15.log
 create mode 100644 specs/artifacts/2026-10-05-connection-workspace-authority/explore-delivery-implementation/module-export-identity-probe-tsconfig-15.json
 create mode 100644 specs/artifacts/2026-10-05-connection-workspace-authority/explore-delivery-implementation/module-export-identity-probe-types-15.log
 create mode 100644 specs/artifacts/2026-10-05-connection-workspace-authority/explore-delivery-implementation/module-export-identity-probe-types-final-15.log
 create mode 100644 specs/artifacts/2026-10-05-connection-workspace-authority/explore-delivery-implementation/panel-actor-commit-14.log
 create mode 100644 specs/artifacts/2026-10-05-connection-workspace-authority/explore-delivery-implementation/panel-actor-outgoing-review-14.json
 create mode 100644 specs/artifacts/2026-10-05-connection-workspace-authority/explore-delivery-implementation/panel-actor-push-14.log
 create mode 100644 specs/artifacts/2026-10-05-connection-workspace-authority/explore-delivery-implementation/preflight-automation-project-target-real.before.txt
 create mode 100644 specs/artifacts/2026-10-05-connection-workspace-authority/explore-delivery-implementation/preflight-automationbench-factorial-host.before.txt
 create mode 100644 specs/artifacts/2026-10-05-connection-workspace-authority/explore-delivery-implementation/preflight-backend-types.log
 create mode 100644 specs/artifacts/2026-10-05-connection-workspace-authority/explore-delivery-implementation/preflight-check-mission-task-duplex-e2e.before.txt
 create mode 100644 specs/artifacts/2026-10-05-connection-workspace-authority/explore-delivery-implementation/preflight-directory-awaited-final.log
 create mode 100644 specs/artifacts/2026-10-05-connection-workspace-authority/explore-delivery-implementation/preflight-directory-final.log
 create mode 100644 specs/artifacts/2026-10-05-connection-workspace-authority/explore-delivery-implementation/preflight-directory-first.log
 create mode 100644 specs/artifacts/2026-10-05-connection-workspace-authority/explore-delivery-implementation/preflight-dynamic-expert-squad-e2e.before.txt
 create mode 100644 specs/artifacts/2026-10-05-connection-workspace-authority/explore-delivery-implementation/preflight-evolution-diagnostic.before.txt
 create mode 100644 specs/artifacts/2026-10-05-connection-workspace-authority/explore-delivery-implementation/preflight-explicit-types-config.json
 create mode 100644 specs/artifacts/2026-10-05-connection-workspace-authority/explore-delivery-implementation/preflight-explicit-types-final.log
 create mode 100644 specs/artifacts/2026-10-05-connection-workspace-authority/explore-delivery-implementation/preflight-explicit-types-first.log
 create mode 100644 specs/artifacts/2026-10-05-connection-workspace-authority/explore-delivery-implementation/preflight-interactive-renderers-real.before.txt
 create mode 100644 specs/artifacts/2026-10-05-connection-workspace-authority/explore-delivery-implementation/preflight-mission-dispatch-e2e.before.txt
 create mode 100644 specs/artifacts/2026-10-05-connection-workspace-authority/explore-delivery-implementation/preflight-read-agent-message-e2e.before.txt
 create mode 100644 specs/artifacts/2026-10-05-connection-workspace-authority/explore-delivery-implementation/preflight-runtime-dispatch-e2e.before.txt
 create mode 100644 specs/artifacts/2026-10-05-connection-workspace-authority/explore-delivery-implementation/preflight-task-control-check.before.txt
 create mode 100644 specs/artifacts/2026-10-05-connection-workspace-authority/explore-delivery-implementation/preflight-withdrawn-local-contract.test.ts.txt
 create mode 100644 specs/artifacts/2026-10-05-connection-workspace-authority/explore-delivery-implementation/preflight-withdrawn-native.patch
 create mode 100644 specs/artifacts/2026-10-05-connection-workspace-authority/explore-delivery-implementation/preflight-withdrawn-reviewed.patch
 create mode 100644 specs/artifacts/2026-10-05-connection-workspace-authority/explore-delivery-implementation/real-provider-audit.before.txt
 create mode 100644 specs/artifacts/2026-10-05-connection-workspace-authority/explore-delivery-implementation/sol-e2e-definition-15-input.json
 create mode 100644 specs/artifacts/2026-10-05-connection-workspace-authority/explore-delivery-implementation/sol-e2e-definition-15-r2-before-input.json
 create mode 100644 specs/artifacts/2026-10-05-connection-workspace-authority/explore-delivery-implementation/sol-e2e-definition-15-r2-before-validation.json
 create mode 100644 specs/artifacts/2026-10-05-connection-workspace-authority/explore-delivery-implementation/sol-e2e-definition-15-r2-final-input.json
 create mode 100644 specs/artifacts/2026-10-05-connection-workspace-authority/explore-delivery-implementation/sol-e2e-definition-15-r2-validation.json
 create mode 100644 specs/artifacts/2026-10-05-connection-workspace-authority/explore-delivery-implementation/sol-e2e-definition-15-validation.json
 create mode 100644 specs/artifacts/2026-10-05-connection-workspace-authority/explore-delivery-implementation/sol-provider-preflight-and-wrapper.diff
 create mode 100644 specs/artifacts/2026-10-05-connection-workspace-authority/explore-delivery-implementation/sol-provider-wrapper-before-15b.txt
 create mode 100644 specs/artifacts/2026-10-05-connection-workspace-authority/explore-delivery-implementation/sol-provider-wrapper-final-15b.txt
 create mode 100644 specs/artifacts/2026-10-05-connection-workspace-authority/explore-delivery-implementation/sol-provider-wrapper-global-activity-candidate.txt
 create mode 100644 specs/artifacts/2026-10-05-connection-workspace-authority/explore-delivery-implementation/sol-provider-wrapper-global-activity-metadata.json
 create mode 100644 specs/artifacts/2026-10-05-connection-workspace-authority/explore-delivery-implementation/sol-provider-wrapper.before.txt
 create mode 100644 specs/artifacts/2026-10-05-connection-workspace-authority/explore-delivery-implementation/sol-provider-wrapper.final.txt
 create mode 100644 specs/artifacts/2026-10-05-connection-workspace-authority/explore-delivery-implementation/wrapper-types-15b-exit.json
 create mode 100644 specs/artifacts/2026-10-05-connection-workspace-authority/explore-delivery-implementation/wrapper-types-15b.log
