[1/1] START test/server/expert-inventory-read-identity.test.ts
bun test v1.3.14 (0d9b296a) 1x PARALLEL

test\isolated-test-entry.test.ts:
cold inventory baseline 400 {
  name: "ProviderModelNotFoundError",
  data: {
    providerID: "inventory-unavailable",
    modelID: "model",
    suggestions: [],
  },
}
cold diagnostics baseline 400 {
  name: "ProviderModelNotFoundError",
  data: {
    providerID: "inventory-unavailable",
    modelID: "model",
    suggestions: [],
  },
}
91 |       const statusBody = await status.json()
92 |       if (status.status !== 200) console.log("cold inventory baseline", status.status, statusBody)
93 |       const diagnostics = await get("diagnostics?limit=20")
94 |       const diagnosticsBody = await diagnostics.json()
95 |       if (diagnostics.status !== 200) console.log("cold diagnostics baseline", diagnostics.status, diagnosticsBody)
96 |       expect({ status: status.status, body: statusBody }).toMatchObject({
                                                               ^
error: expect(received).toMatchObject(expected)

  {
    "body": {
-     "issue_count": 1,
-     "warning_count": 0,
+     "data": {
+       "modelID": "model",
+       "providerID": "inventory-unavailable",
+       "suggestions": [],
+     },
+     "name": "ProviderModelNotFoundError",
    },
-   "status": 200,
+   "status": 400,
  }

- Expected  - 3
+ Received  + 7

      at <anonymous> (D:\myhexin-local\opencorvus\packages\opencorvus\test\server\expert-inventory-read-identity.test.ts:96:59)
      at async <anonymous> (D:\myhexin-local\opencorvus\packages\opencorvus\test\server\expert-inventory-read-identity.test.ts:87:11)
(fail) cold inventory and diagnostics retain real project catalogue facts without an execution model [3108.07ms]

 0 pass
 1 fail
 2 expect() calls
Ran 1 test across 1 file. [5.60s]
OpenCorvus test file failed (exit=1): D:\myhexin-local\opencorvus\packages\opencorvus\test\server\expert-inventory-read-identity.test.ts
[1/1] DONE test/server/expert-inventory-read-identity.test.ts exit=1 duration=6.34s
OpenCorvus failed test files (1):
D:\myhexin-local\opencorvus\packages\opencorvus\test\server\expert-inventory-read-identity.test.ts
