[1/3] START test/expert-squad/catalog-index.test.ts
bun test v1.3.14 (0d9b296a) 1x PARALLEL

test\isolated-test-entry.test.ts:
(pass) Expert Squad catalog index > uses a bounded declaration index plus exact Mission inspection [59.69ms]
(pass) Expert Squad catalog index > loads one exact full detail for a selected index identity [9.79ms]
(pass) Expert Squad catalog index > preserves the integrity review execution contract in selected catalog detail [9.52ms]
(pass) Expert Squad catalog index > reads full package bodies only for the exact selected installed identity [48.82ms]
(pass) Expert Squad catalog index > pages a hundred installed declarations through one bounded cursor contract [811.17ms]
(pass) Expert Squad catalog index > returns one bounded Mission capability_search result for a hundred held Squads [8797.28ms]
(pass) Expert Squad catalog index > keeps independent bounded cursor sequences stable for different queries [167.10ms]
(pass) Expert Squad catalog index > pages one exact Squad workflow catalog without unbounded inspection output [140.60ms]
(pass) Expert Squad catalog index > pages discovery diagnostics while inventory status stays count-only [217.11ms]
(pass) Expert Squad catalog index > filters Market installation state before pagination and loads exact selected detail [5527.64ms]
(pass) Expert Squad catalog index > ranks Market packages from package-owned Skill and prompt evidence [2465.50ms]
(pass) Expert Squad catalog index > keeps Market scope ordering and revision deterministic across Resolver call order [524.17ms]
(pass) Expert Squad catalog index > serves active, index, inspection, status, diagnostics, and selected detail route contracts [2447.48ms]
(pass) Expert Squad catalog index > projects one project-over-global identity and keeps a damaged project reservation authoritative [80.64ms]

 14 pass
 0 fail
 76 expect() calls
Ran 14 tests across 1 file. [23.89s]
[1/3] DONE test/expert-squad/catalog-index.test.ts exit=0 duration=24.80s
[2/3] START test/expert-squad/squad-sdk-package.test.ts
bun test v1.3.14 (0d9b296a) 1x PARALLEL

test\isolated-test-entry.test.ts:
(pass) Generate Expert Squads expert squad > loads one self-contained package with exact authoring and import workflows [194.20ms]
(pass) Generate Expert Squads expert squad > projects package-local methods and Host write tools only through the active Squad scheduler [2721.44ms]
(pass) Generate Expert Squads expert squad > authors the visible positive contract with its package-owned typed publisher [2872.69ms]
(pass) Generate Expert Squads expert squad > is available from a clean project catalog as an embedded system package [859.85ms]
(pass) Generate Expert Squads expert squad > publishes a traceable generated Expert Squad into the current project catalog [2175.30ms]

 5 pass
 0 fail
 35 expect() calls
Ran 5 tests across 1 file. [10.98s]
[2/3] DONE test/expert-squad/squad-sdk-package.test.ts exit=0 duration=11.25s
[3/3] START test/server/expert-selected-read-identity.test.ts
bun test v1.3.14 (0d9b296a) 1x PARALLEL

test\isolated-test-entry.test.ts:
selected-reader-cold-receipts [{"route":"/expert-squad/inspect?id=selected-reader&installationScope=project&namespace=selected","status":200,"errorName":null},{"route":"/expert-squad/settings/detail?id=selected-reader&installationScope=project&namespace=selected","status":200,"errorName":null},{"route":"/expert-squad/configuration?id=selected-reader&installationScope=project","status":200,"errorName":null}]
(pass) three exact selected readers return actual package and redacted configuration while runtime model remains unavailable [6540.64ms]
(pass) exact current public errors preserve missing declaration identity [4061.76ms]
(pass) same package ID reads each Project's actual declaration and configured values [6767.76ms]

 3 pass
 0 fail
 11 expect() calls
Ran 3 tests across 1 file. [20.02s]
[3/3] DONE test/server/expert-selected-read-identity.test.ts exit=0 duration=20.20s
