[main 27d20d43] fix: describe mission drafts and empty deliveries accurately
 192 files changed, 22889 insertions(+), 20 deletions(-)
 create mode 100644 specs/artifacts/2026-10-05-connection-workspace-authority/mission-delivery-copy-plan.md
 create mode 100644 specs/artifacts/2026-10-05-connection-workspace-authority/mission-delivery-copy/Conversation.tsx.before.txt
 create mode 100644 specs/artifacts/2026-10-05-connection-workspace-authority/mission-delivery-copy/Conversation.tsx.final.txt
 create mode 100644 specs/artifacts/2026-10-05-connection-workspace-authority/mission-delivery-copy/README.md
 create mode 100644 specs/artifacts/2026-10-05-connection-workspace-authority/mission-delivery-copy/actual-28-chinese-mission-draft.png
 create mode 100644 specs/artifacts/2026-10-05-connection-workspace-authority/mission-delivery-copy/actual-28-chinese-mission-draft.txt
 create mode 100644 specs/artifacts/2026-10-05-connection-workspace-authority/mission-delivery-copy/actual-28-chinese-text-completed.png
 create mode 100644 specs/artifacts/2026-10-05-connection-workspace-authority/mission-delivery-copy/actual-28-chinese-text-completed.txt
 create mode 100644 specs/artifacts/2026-10-05-connection-workspace-authority/mission-delivery-copy/actual-28-code-mission-draft.png
 create mode 100644 specs/artifacts/2026-10-05-connection-workspace-authority/mission-delivery-copy/actual-28-code-mission-draft.txt
 create mode 100644 specs/artifacts/2026-10-05-connection-workspace-authority/mission-delivery-copy/actual-28-initial-task.png
 create mode 100644 specs/artifacts/2026-10-05-connection-workspace-authority/mission-delivery-copy/actual-28-initial-task.txt
 create mode 100644 specs/artifacts/2026-10-05-connection-workspace-authority/mission-delivery-copy/actual-28-launch-first.log
 create mode 100644 specs/artifacts/2026-10-05-connection-workspace-authority/mission-delivery-copy/actual-28-launch-owner.json
 create mode 100644 specs/artifacts/2026-10-05-connection-workspace-authority/mission-delivery-copy/actual-28-locale-pointer-after.png
 create mode 100644 specs/artifacts/2026-10-05-connection-workspace-authority/mission-delivery-copy/actual-28-locale-pointer-after.txt
 create mode 100644 specs/artifacts/2026-10-05-connection-workspace-authority/mission-delivery-copy/actual-28-locale-pointer-open.png
 create mode 100644 specs/artifacts/2026-10-05-connection-workspace-authority/mission-delivery-copy/actual-28-locale-pointer-open.txt
 create mode 100644 specs/artifacts/2026-10-05-connection-workspace-authority/mission-delivery-copy/actual-28-page-closed.json
 create mode 100644 specs/artifacts/2026-10-05-connection-workspace-authority/mission-delivery-copy/actual-28-project-mission-context.png
 create mode 100644 specs/artifacts/2026-10-05-connection-workspace-authority/mission-delivery-copy/actual-28-project-mission-context.txt
 create mode 100644 specs/artifacts/2026-10-05-connection-workspace-authority/mission-delivery-copy/actual-28-readonly-facts.json
 create mode 100644 specs/artifacts/2026-10-05-connection-workspace-authority/mission-delivery-copy/actual-28-readonly-first.log
 create mode 100644 specs/artifacts/2026-10-05-connection-workspace-authority/mission-delivery-copy/actual-28-root-closure.json
 create mode 100644 specs/artifacts/2026-10-05-connection-workspace-authority/mission-delivery-copy/actual-28-selected-squad-draft-final.png
 create mode 100644 specs/artifacts/2026-10-05-connection-workspace-authority/mission-delivery-copy/actual-28-selected-squad-draft-final.txt
 create mode 100644 specs/artifacts/2026-10-05-connection-workspace-authority/mission-delivery-copy/actual-28-selected-squad-draft.png
 create mode 100644 specs/artifacts/2026-10-05-connection-workspace-authority/mission-delivery-copy/actual-28-selected-squad-draft.txt
 create mode 100644 specs/artifacts/2026-10-05-connection-workspace-authority/mission-delivery-copy/actual-28-shutdown-first.log
 create mode 100644 specs/artifacts/2026-10-05-connection-workspace-authority/mission-delivery-copy/actual-28-task-accepted-cli.json
 create mode 100644 specs/artifacts/2026-10-05-connection-workspace-authority/mission-delivery-copy/actual-28-task-create-first.log
 create mode 100644 specs/artifacts/2026-10-05-connection-workspace-authority/mission-delivery-copy/actual-28-task-request-input.json
 create mode 100644 specs/artifacts/2026-10-05-connection-workspace-authority/mission-delivery-copy/actual-28-task-selection.json
 create mode 100644 specs/artifacts/2026-10-05-connection-workspace-authority/mission-delivery-copy/actual-28-work-mission-draft.png
 create mode 100644 specs/artifacts/2026-10-05-connection-workspace-authority/mission-delivery-copy/actual-28-work-mission-draft.txt
 create mode 100644 specs/artifacts/2026-10-05-connection-workspace-authority/mission-delivery-copy/docs-final.log
 create mode 100644 specs/artifacts/2026-10-05-connection-workspace-authority/mission-delivery-copy/docs-first.log
 create mode 100644 specs/artifacts/2026-10-05-connection-workspace-authority/mission-delivery-copy/en-US.json.before.txt
 create mode 100644 specs/artifacts/2026-10-05-connection-workspace-authority/mission-delivery-copy/en-US.json.final.txt
 create mode 100644 specs/artifacts/2026-10-05-connection-workspace-authority/mission-delivery-copy/genuine-task-create.ps1.final.txt
 create mode 100644 specs/artifacts/2026-10-05-connection-workspace-authority/mission-delivery-copy/genuine-task-readonly.ts.final.txt
 create mode 100644 specs/artifacts/2026-10-05-connection-workspace-authority/mission-delivery-copy/main.tsx.before.txt
 create mode 100644 specs/artifacts/2026-10-05-connection-workspace-authority/mission-delivery-copy/main.tsx.final.txt
 create mode 100644 specs/artifacts/2026-10-05-connection-workspace-authority/mission-delivery-copy/mission-delivery-28-chain-supervision-62348-1.json
 create mode 100644 specs/artifacts/2026-10-05-connection-workspace-authority/mission-delivery-copy/mission-delivery-28-chain-supervision-62348-10.json
 create mode 100644 specs/artifacts/2026-10-05-connection-workspace-authority/mission-delivery-copy/mission-delivery-28-chain-supervision-62348-11.json
 create mode 100644 specs/artifacts/2026-10-05-connection-workspace-authority/mission-delivery-copy/mission-delivery-28-chain-supervision-62348-12.json
 create mode 100644 specs/artifacts/2026-10-05-connection-workspace-authority/mission-delivery-copy/mission-delivery-28-chain-supervision-62348-13.json
 create mode 100644 specs/artifacts/2026-10-05-connection-workspace-authority/mission-delivery-copy/mission-delivery-28-chain-supervision-62348-14.json
 create mode 100644 specs/artifacts/2026-10-05-connection-workspace-authority/mission-delivery-copy/mission-delivery-28-chain-supervision-62348-15.json
 create mode 100644 specs/artifacts/2026-10-05-connection-workspace-authority/mission-delivery-copy/mission-delivery-28-chain-supervision-62348-16.json
 create mode 100644 specs/artifacts/2026-10-05-connection-workspace-authority/mission-delivery-copy/mission-delivery-28-chain-supervision-62348-17.json
 create mode 100644 specs/artifacts/2026-10-05-connection-workspace-authority/mission-delivery-copy/mission-delivery-28-chain-supervision-62348-18.json
 create mode 100644 specs/artifacts/2026-10-05-connection-workspace-authority/mission-delivery-copy/mission-delivery-28-chain-supervision-62348-19.json
 create mode 100644 specs/artifacts/2026-10-05-connection-workspace-authority/mission-delivery-copy/mission-delivery-28-chain-supervision-62348-2.json
 create mode 100644 specs/artifacts/2026-10-05-connection-workspace-authority/mission-delivery-copy/mission-delivery-28-chain-supervision-62348-20.json
 create mode 100644 specs/artifacts/2026-10-05-connection-workspace-authority/mission-delivery-copy/mission-delivery-28-chain-supervision-62348-21.json
 create mode 100644 specs/artifacts/2026-10-05-connection-workspace-authority/mission-delivery-copy/mission-delivery-28-chain-supervision-62348-22.json
 create mode 100644 specs/artifacts/2026-10-05-connection-workspace-authority/mission-delivery-copy/mission-delivery-28-chain-supervision-62348-23.json
 create mode 100644 specs/artifacts/2026-10-05-connection-workspace-authority/mission-delivery-copy/mission-delivery-28-chain-supervision-62348-24.json
 create mode 100644 specs/artifacts/2026-10-05-connection-workspace-authority/mission-delivery-copy/mission-delivery-28-chain-supervision-62348-25.json
 create mode 100644 specs/artifacts/2026-10-05-connection-workspace-authority/mission-delivery-copy/mission-delivery-28-chain-supervision-62348-26.json
 create mode 100644 specs/artifacts/2026-10-05-connection-workspace-authority/mission-delivery-copy/mission-delivery-28-chain-supervision-62348-27.json
 create mode 100644 specs/artifacts/2026-10-05-connection-workspace-authority/mission-delivery-copy/mission-delivery-28-chain-supervision-62348-28.json
 create mode 100644 specs/artifacts/2026-10-05-connection-workspace-authority/mission-delivery-copy/mission-delivery-28-chain-supervision-62348-29.json
 create mode 100644 specs/artifacts/2026-10-05-connection-workspace-authority/mission-delivery-copy/mission-delivery-28-chain-supervision-62348-3.json
 create mode 100644 specs/artifacts/2026-10-05-connection-workspace-authority/mission-delivery-copy/mission-delivery-28-chain-supervision-62348-30.json
 create mode 100644 specs/artifacts/2026-10-05-connection-workspace-authority/mission-delivery-copy/mission-delivery-28-chain-supervision-62348-31.json
 create mode 100644 specs/artifacts/2026-10-05-connection-workspace-authority/mission-delivery-copy/mission-delivery-28-chain-supervision-62348-32.json
 create mode 100644 specs/artifacts/2026-10-05-connection-workspace-authority/mission-delivery-copy/mission-delivery-28-chain-supervision-62348-33.json
 create mode 100644 specs/artifacts/2026-10-05-connection-workspace-authority/mission-delivery-copy/mission-delivery-28-chain-supervision-62348-34.json
 create mode 100644 specs/artifacts/2026-10-05-connection-workspace-authority/mission-delivery-copy/mission-delivery-28-chain-supervision-62348-35.json
 create mode 100644 specs/artifacts/2026-10-05-connection-workspace-authority/mission-delivery-copy/mission-delivery-28-chain-supervision-62348-36.json
 create mode 100644 specs/artifacts/2026-10-05-connection-workspace-authority/mission-delivery-copy/mission-delivery-28-chain-supervision-62348-37.json
 create mode 100644 specs/artifacts/2026-10-05-connection-workspace-authority/mission-delivery-copy/mission-delivery-28-chain-supervision-62348-38.json
 create mode 100644 specs/artifacts/2026-10-05-connection-workspace-authority/mission-delivery-copy/mission-delivery-28-chain-supervision-62348-39.json
 create mode 100644 specs/artifacts/2026-10-05-connection-workspace-authority/mission-delivery-copy/mission-delivery-28-chain-supervision-62348-4.json
 create mode 100644 specs/artifacts/2026-10-05-connection-workspace-authority/mission-delivery-copy/mission-delivery-28-chain-supervision-62348-40.json
 create mode 100644 specs/artifacts/2026-10-05-connection-workspace-authority/mission-delivery-copy/mission-delivery-28-chain-supervision-62348-41.json
 create mode 100644 specs/artifacts/2026-10-05-connection-workspace-authority/mission-delivery-copy/mission-delivery-28-chain-supervision-62348-42.json
 create mode 100644 specs/artifacts/2026-10-05-connection-workspace-authority/mission-delivery-copy/mission-delivery-28-chain-supervision-62348-43.json
 create mode 100644 specs/artifacts/2026-10-05-connection-workspace-authority/mission-delivery-copy/mission-delivery-28-chain-supervision-62348-44.json
 create mode 100644 specs/artifacts/2026-10-05-connection-workspace-authority/mission-delivery-copy/mission-delivery-28-chain-supervision-62348-45.json
 create mode 100644 specs/artifacts/2026-10-05-connection-workspace-authority/mission-delivery-copy/mission-delivery-28-chain-supervision-62348-46.json
 create mode 100644 specs/artifacts/2026-10-05-connection-workspace-authority/mission-delivery-copy/mission-delivery-28-chain-supervision-62348-47.json
 create mode 100644 specs/artifacts/2026-10-05-connection-workspace-authority/mission-delivery-copy/mission-delivery-28-chain-supervision-62348-48.json
 create mode 100644 specs/artifacts/2026-10-05-connection-workspace-authority/mission-delivery-copy/mission-delivery-28-chain-supervision-62348-49.json
 create mode 100644 specs/artifacts/2026-10-05-connection-workspace-authority/mission-delivery-copy/mission-delivery-28-chain-supervision-62348-5.json
 create mode 100644 specs/artifacts/2026-10-05-connection-workspace-authority/mission-delivery-copy/mission-delivery-28-chain-supervision-62348-50.json
 create mode 100644 specs/artifacts/2026-10-05-connection-workspace-authority/mission-delivery-copy/mission-delivery-28-chain-supervision-62348-51.json
 create mode 100644 specs/artifacts/2026-10-05-connection-workspace-authority/mission-delivery-copy/mission-delivery-28-chain-supervision-62348-52.json
 create mode 100644 specs/artifacts/2026-10-05-connection-workspace-authority/mission-delivery-copy/mission-delivery-28-chain-supervision-62348-53.json
 create mode 100644 specs/artifacts/2026-10-05-connection-workspace-authority/mission-delivery-copy/mission-delivery-28-chain-supervision-62348-54.json
 create mode 100644 specs/artifacts/2026-10-05-connection-workspace-authority/mission-delivery-copy/mission-delivery-28-chain-supervision-62348-55.json
 create mode 100644 specs/artifacts/2026-10-05-connection-workspace-authority/mission-delivery-copy/mission-delivery-28-chain-supervision-62348-56.json
 create mode 100644 specs/artifacts/2026-10-05-connection-workspace-authority/mission-delivery-copy/mission-delivery-28-chain-supervision-62348-57.json
 create mode 100644 specs/artifacts/2026-10-05-connection-workspace-authority/mission-delivery-copy/mission-delivery-28-chain-supervision-62348-58.json
 create mode 100644 specs/artifacts/2026-10-05-connection-workspace-authority/mission-delivery-copy/mission-delivery-28-chain-supervision-62348-59.json
 create mode 100644 specs/artifacts/2026-10-05-connection-workspace-authority/mission-delivery-copy/mission-delivery-28-chain-supervision-62348-6.json
 create mode 100644 specs/artifacts/2026-10-05-connection-workspace-authority/mission-delivery-copy/mission-delivery-28-chain-supervision-62348-60.json
 create mode 100644 specs/artifacts/2026-10-05-connection-workspace-authority/mission-delivery-copy/mission-delivery-28-chain-supervision-62348-61.json
 create mode 100644 specs/artifacts/2026-10-05-connection-workspace-authority/mission-delivery-copy/mission-delivery-28-chain-supervision-62348-62.json
 create mode 100644 specs/artifacts/2026-10-05-connection-workspace-authority/mission-delivery-copy/mission-delivery-28-chain-supervision-62348-63.json
 create mode 100644 specs/artifacts/2026-10-05-connection-workspace-authority/mission-delivery-copy/mission-delivery-28-chain-supervision-62348-64.json
 create mode 100644 specs/artifacts/2026-10-05-connection-workspace-authority/mission-delivery-copy/mission-delivery-28-chain-supervision-62348-65.json
 create mode 100644 specs/artifacts/2026-10-05-connection-workspace-authority/mission-delivery-copy/mission-delivery-28-chain-supervision-62348-66.json
 create mode 100644 specs/artifacts/2026-10-05-connection-workspace-authority/mission-delivery-copy/mission-delivery-28-chain-supervision-62348-67.json
 create mode 100644 specs/artifacts/2026-10-05-connection-workspace-authority/mission-delivery-copy/mission-delivery-28-chain-supervision-62348-68.json
 create mode 100644 specs/artifacts/2026-10-05-connection-workspace-authority/mission-delivery-copy/mission-delivery-28-chain-supervision-62348-69.json
 create mode 100644 specs/artifacts/2026-10-05-connection-workspace-authority/mission-delivery-copy/mission-delivery-28-chain-supervision-62348-7.json
 create mode 100644 specs/artifacts/2026-10-05-connection-workspace-authority/mission-delivery-copy/mission-delivery-28-chain-supervision-62348-70.json
 create mode 100644 specs/artifacts/2026-10-05-connection-workspace-authority/mission-delivery-copy/mission-delivery-28-chain-supervision-62348-71.json
 create mode 100644 specs/artifacts/2026-10-05-connection-workspace-authority/mission-delivery-copy/mission-delivery-28-chain-supervision-62348-72.json
 create mode 100644 specs/artifacts/2026-10-05-connection-workspace-authority/mission-delivery-copy/mission-delivery-28-chain-supervision-62348-73.json
 create mode 100644 specs/artifacts/2026-10-05-connection-workspace-authority/mission-delivery-copy/mission-delivery-28-chain-supervision-62348-74.json
 create mode 100644 specs/artifacts/2026-10-05-connection-workspace-authority/mission-delivery-copy/mission-delivery-28-chain-supervision-62348-75.json
 create mode 100644 specs/artifacts/2026-10-05-connection-workspace-authority/mission-delivery-copy/mission-delivery-28-chain-supervision-62348-76.json
 create mode 100644 specs/artifacts/2026-10-05-connection-workspace-authority/mission-delivery-copy/mission-delivery-28-chain-supervision-62348-77.json
 create mode 100644 specs/artifacts/2026-10-05-connection-workspace-authority/mission-delivery-copy/mission-delivery-28-chain-supervision-62348-78.json
 create mode 100644 specs/artifacts/2026-10-05-connection-workspace-authority/mission-delivery-copy/mission-delivery-28-chain-supervision-62348-79.json
 create mode 100644 specs/artifacts/2026-10-05-connection-workspace-authority/mission-delivery-copy/mission-delivery-28-chain-supervision-62348-8.json
 create mode 100644 specs/artifacts/2026-10-05-connection-workspace-authority/mission-delivery-copy/mission-delivery-28-chain-supervision-62348-80.json
 create mode 100644 specs/artifacts/2026-10-05-connection-workspace-authority/mission-delivery-copy/mission-delivery-28-chain-supervision-62348-81.json
 create mode 100644 specs/artifacts/2026-10-05-connection-workspace-authority/mission-delivery-copy/mission-delivery-28-chain-supervision-62348-82.json
 create mode 100644 specs/artifacts/2026-10-05-connection-workspace-authority/mission-delivery-copy/mission-delivery-28-chain-supervision-62348-83.json
 create mode 100644 specs/artifacts/2026-10-05-connection-workspace-authority/mission-delivery-copy/mission-delivery-28-chain-supervision-62348-84.json
 create mode 100644 specs/artifacts/2026-10-05-connection-workspace-authority/mission-delivery-copy/mission-delivery-28-chain-supervision-62348-85.json
 create mode 100644 specs/artifacts/2026-10-05-connection-workspace-authority/mission-delivery-copy/mission-delivery-28-chain-supervision-62348-86.json
 create mode 100644 specs/artifacts/2026-10-05-connection-workspace-authority/mission-delivery-copy/mission-delivery-28-chain-supervision-62348-87.json
 create mode 100644 specs/artifacts/2026-10-05-connection-workspace-authority/mission-delivery-copy/mission-delivery-28-chain-supervision-62348-88.json
 create mode 100644 specs/artifacts/2026-10-05-connection-workspace-authority/mission-delivery-copy/mission-delivery-28-chain-supervision-62348-9.json
 create mode 100644 specs/artifacts/2026-10-05-connection-workspace-authority/mission-delivery-copy/mission-delivery-28-final-provider-audit.json
 create mode 100644 specs/artifacts/2026-10-05-connection-workspace-authority/mission-delivery-copy/mission-delivery-28-physical-terminal-and-pair-cleanup.json
 create mode 100644 specs/artifacts/2026-10-05-connection-workspace-authority/mission-delivery-copy/mission-delivery-28-settlement-owner.json
 create mode 100644 specs/artifacts/2026-10-05-connection-workspace-authority/mission-delivery-copy/mission-delivery-28-shutdown-admission.json
 create mode 100644 specs/artifacts/2026-10-05-connection-workspace-authority/mission-delivery-copy/overlay-build-first.log
 create mode 100644 specs/artifacts/2026-10-05-connection-workspace-authority/mission-delivery-copy/overlay-types-first.log
 create mode 100644 specs/artifacts/2026-10-05-connection-workspace-authority/mission-delivery-copy/prior-27-normal-commit.log
 create mode 100644 specs/artifacts/2026-10-05-connection-workspace-authority/mission-delivery-copy/prior-27-normal-push.log
 create mode 100644 specs/artifacts/2026-10-05-connection-workspace-authority/mission-delivery-copy/renderer-public-surface.log
 create mode 100644 specs/artifacts/2026-10-05-connection-workspace-authority/mission-delivery-copy/runtime-evidence/authority-ready.json
 create mode 100644 specs/artifacts/2026-10-05-connection-workspace-authority/mission-delivery-copy/runtime-evidence/managed-parent-ready.json
 create mode 100644 specs/artifacts/2026-10-05-connection-workspace-authority/mission-delivery-copy/runtime-evidence/native-host-ready.json
 create mode 100644 specs/artifacts/2026-10-05-connection-workspace-authority/mission-delivery-copy/runtime-evidence/native-host-settled.json
 create mode 100644 specs/artifacts/2026-10-05-connection-workspace-authority/mission-delivery-copy/runtime-evidence/owned-config-hierarchy.json
 create mode 100644 specs/artifacts/2026-10-05-connection-workspace-authority/mission-delivery-copy/runtime-evidence/preflight-ready.json
 create mode 100644 specs/artifacts/2026-10-05-connection-workspace-authority/mission-delivery-copy/runtime-evidence/project-baseline.json
 create mode 100644 specs/artifacts/2026-10-05-connection-workspace-authority/mission-delivery-copy/runtime-evidence/provider-40576-12ae669c-f294-4946-bed4-8183799f48c3-1.json
 create mode 100644 specs/artifacts/2026-10-05-connection-workspace-authority/mission-delivery-copy/runtime-evidence/provider-40576-12ae669c-f294-4946-bed4-8183799f48c3-2.json
 create mode 100644 specs/artifacts/2026-10-05-connection-workspace-authority/mission-delivery-copy/runtime-evidence/provider-40576-12ae669c-f294-4946-bed4-8183799f48c3-3.json
 create mode 100644 specs/artifacts/2026-10-05-connection-workspace-authority/mission-delivery-copy/runtime-evidence/provider-40576-12ae669c-f294-4946-bed4-8183799f48c3-4.json
 create mode 100644 specs/artifacts/2026-10-05-connection-workspace-authority/mission-delivery-copy/runtime-evidence/provider-40576-12ae669c-f294-4946-bed4-8183799f48c3-5.json
 create mode 100644 specs/artifacts/2026-10-05-connection-workspace-authority/mission-delivery-copy/runtime-evidence/provider-40576-12ae669c-f294-4946-bed4-8183799f48c3-6.json
 create mode 100644 specs/artifacts/2026-10-05-connection-workspace-authority/mission-delivery-copy/runtime-evidence/provider-40576-12ae669c-f294-4946-bed4-8183799f48c3-7.json
 create mode 100644 specs/artifacts/2026-10-05-connection-workspace-authority/mission-delivery-copy/runtime-evidence/provider-40576-12ae669c-f294-4946-bed4-8183799f48c3-8.json
 create mode 100644 specs/artifacts/2026-10-05-connection-workspace-authority/mission-delivery-copy/runtime-evidence/provider-40576-12ae669c-f294-4946-bed4-8183799f48c3-9.json
 create mode 100644 specs/artifacts/2026-10-05-connection-workspace-authority/mission-delivery-copy/runtime-evidence/provider-pair-staging.json
 create mode 100644 specs/artifacts/2026-10-05-connection-workspace-authority/mission-delivery-copy/runtime-evidence/qa-package-installed.json
 create mode 100644 specs/artifacts/2026-10-05-connection-workspace-authority/mission-delivery-copy/runtime-evidence/task-boundary-admitted.json
 create mode 100644 specs/artifacts/2026-10-05-connection-workspace-authority/mission-delivery-copy/runtime-evidence/task-complete.json
 create mode 100644 specs/artifacts/2026-10-05-connection-workspace-authority/mission-delivery-copy/runtime-evidence/task-observation-40576-5e50c6e3-44af-4ab8-8a47-b6ada8b3cd9f-1.json
 create mode 100644 specs/artifacts/2026-10-05-connection-workspace-authority/mission-delivery-copy/runtime-evidence/task-observation-40576-5e50c6e3-44af-4ab8-8a47-b6ada8b3cd9f-10.json
 create mode 100644 specs/artifacts/2026-10-05-connection-workspace-authority/mission-delivery-copy/runtime-evidence/task-observation-40576-5e50c6e3-44af-4ab8-8a47-b6ada8b3cd9f-11.json
 create mode 100644 specs/artifacts/2026-10-05-connection-workspace-authority/mission-delivery-copy/runtime-evidence/task-observation-40576-5e50c6e3-44af-4ab8-8a47-b6ada8b3cd9f-12.json
 create mode 100644 specs/artifacts/2026-10-05-connection-workspace-authority/mission-delivery-copy/runtime-evidence/task-observation-40576-5e50c6e3-44af-4ab8-8a47-b6ada8b3cd9f-13.json
 create mode 100644 specs/artifacts/2026-10-05-connection-workspace-authority/mission-delivery-copy/runtime-evidence/task-observation-40576-5e50c6e3-44af-4ab8-8a47-b6ada8b3cd9f-14.json
 create mode 100644 specs/artifacts/2026-10-05-connection-workspace-authority/mission-delivery-copy/runtime-evidence/task-observation-40576-5e50c6e3-44af-4ab8-8a47-b6ada8b3cd9f-15.json
 create mode 100644 specs/artifacts/2026-10-05-connection-workspace-authority/mission-delivery-copy/runtime-evidence/task-observation-40576-5e50c6e3-44af-4ab8-8a47-b6ada8b3cd9f-16.json
 create mode 100644 specs/artifacts/2026-10-05-connection-workspace-authority/mission-delivery-copy/runtime-evidence/task-observation-40576-5e50c6e3-44af-4ab8-8a47-b6ada8b3cd9f-17.json
 create mode 100644 specs/artifacts/2026-10-05-connection-workspace-authority/mission-delivery-copy/runtime-evidence/task-observation-40576-5e50c6e3-44af-4ab8-8a47-b6ada8b3cd9f-18.json
 create mode 100644 specs/artifacts/2026-10-05-connection-workspace-authority/mission-delivery-copy/runtime-evidence/task-observation-40576-5e50c6e3-44af-4ab8-8a47-b6ada8b3cd9f-19.json
 create mode 100644 specs/artifacts/2026-10-05-connection-workspace-authority/mission-delivery-copy/runtime-evidence/task-observation-40576-5e50c6e3-44af-4ab8-8a47-b6ada8b3cd9f-2.json
 create mode 100644 specs/artifacts/2026-10-05-connection-workspace-authority/mission-delivery-copy/runtime-evidence/task-observation-40576-5e50c6e3-44af-4ab8-8a47-b6ada8b3cd9f-20.json
 create mode 100644 specs/artifacts/2026-10-05-connection-workspace-authority/mission-delivery-copy/runtime-evidence/task-observation-40576-5e50c6e3-44af-4ab8-8a47-b6ada8b3cd9f-3.json
 create mode 100644 specs/artifacts/2026-10-05-connection-workspace-authority/mission-delivery-copy/runtime-evidence/task-observation-40576-5e50c6e3-44af-4ab8-8a47-b6ada8b3cd9f-4.json
 create mode 100644 specs/artifacts/2026-10-05-connection-workspace-authority/mission-delivery-copy/runtime-evidence/task-observation-40576-5e50c6e3-44af-4ab8-8a47-b6ada8b3cd9f-5.json
 create mode 100644 specs/artifacts/2026-10-05-connection-workspace-authority/mission-delivery-copy/runtime-evidence/task-observation-40576-5e50c6e3-44af-4ab8-8a47-b6ada8b3cd9f-6.json
 create mode 100644 specs/artifacts/2026-10-05-connection-workspace-authority/mission-delivery-copy/runtime-evidence/task-observation-40576-5e50c6e3-44af-4ab8-8a47-b6ada8b3cd9f-7.json
 create mode 100644 specs/artifacts/2026-10-05-connection-workspace-authority/mission-delivery-copy/runtime-evidence/task-observation-40576-5e50c6e3-44af-4ab8-8a47-b6ada8b3cd9f-8.json
 create mode 100644 specs/artifacts/2026-10-05-connection-workspace-authority/mission-delivery-copy/runtime-evidence/task-observation-40576-5e50c6e3-44af-4ab8-8a47-b6ada8b3cd9f-9.json
 create mode 100644 specs/artifacts/2026-10-05-connection-workspace-authority/mission-delivery-copy/runtime-evidence/task-occurrence-admitted.json
 create mode 100644 specs/artifacts/2026-10-05-connection-workspace-authority/mission-delivery-copy/zh-CN.json.before.txt
 create mode 100644 specs/artifacts/2026-10-05-connection-workspace-authority/mission-delivery-copy/zh-CN.json.final.txt
