Auto packing the repository in background for optimum performance.
See "git help gc" for manual housekeeping.
[main fb8fde50] test: verify complete materialized sources in a live Task
 239 files changed, 24077 insertions(+)
 create mode 100644 specs/artifacts/2026-10-05-connection-workspace-authority/post-native-complete-read-acceptance-plan.md
 create mode 100644 specs/artifacts/2026-10-05-connection-workspace-authority/post-native-complete-read-acceptance/README.md
 create mode 100644 specs/artifacts/2026-10-05-connection-workspace-authority/post-native-complete-read-acceptance/actual-22-authority-ready.json
 create mode 100644 specs/artifacts/2026-10-05-connection-workspace-authority/post-native-complete-read-acceptance/actual-22-completed-delivery.png
 create mode 100644 specs/artifacts/2026-10-05-connection-workspace-authority/post-native-complete-read-acceptance/actual-22-download-before.json
 create mode 100644 specs/artifacts/2026-10-05-connection-workspace-authority/post-native-complete-read-acceptance/actual-22-download-physical.json
 create mode 100644 specs/artifacts/2026-10-05-connection-workspace-authority/post-native-complete-read-acceptance/actual-22-downloaded-delivery.png
 create mode 100644 specs/artifacts/2026-10-05-connection-workspace-authority/post-native-complete-read-acceptance/actual-22-durable-before-shutdown.json
 create mode 100644 specs/artifacts/2026-10-05-connection-workspace-authority/post-native-complete-read-acceptance/actual-22-final-status.json
 create mode 100644 specs/artifacts/2026-10-05-connection-workspace-authority/post-native-complete-read-acceptance/actual-22-final-transcript.json
 create mode 100644 specs/artifacts/2026-10-05-connection-workspace-authority/post-native-complete-read-acceptance/actual-22-final-turn-artifacts-first-stale-transcript.json
 create mode 100644 specs/artifacts/2026-10-05-connection-workspace-authority/post-native-complete-read-acceptance/actual-22-final-turn-artifacts.json
 create mode 100644 specs/artifacts/2026-10-05-connection-workspace-authority/post-native-complete-read-acceptance/actual-22-launch-owner.json
 create mode 100644 specs/artifacts/2026-10-05-connection-workspace-authority/post-native-complete-read-acceptance/actual-22-launch.log
 create mode 100644 specs/artifacts/2026-10-05-connection-workspace-authority/post-native-complete-read-acceptance/actual-22-managed-parent-ready.json
 create mode 100644 specs/artifacts/2026-10-05-connection-workspace-authority/post-native-complete-read-acceptance/actual-22-mid-transcript.json
 create mode 100644 specs/artifacts/2026-10-05-connection-workspace-authority/post-native-complete-read-acceptance/actual-22-mid-turn-artifacts.json
 create mode 100644 specs/artifacts/2026-10-05-connection-workspace-authority/post-native-complete-read-acceptance/actual-22-native-host-ready.json
 create mode 100644 specs/artifacts/2026-10-05-connection-workspace-authority/post-native-complete-read-acceptance/actual-22-native-host-settled.json
 create mode 100644 specs/artifacts/2026-10-05-connection-workspace-authority/post-native-complete-read-acceptance/actual-22-owned-config-hierarchy.json
 create mode 100644 specs/artifacts/2026-10-05-connection-workspace-authority/post-native-complete-read-acceptance/actual-22-preflight-ready.json
 create mode 100644 specs/artifacts/2026-10-05-connection-workspace-authority/post-native-complete-read-acceptance/actual-22-project-baseline.json
 create mode 100644 specs/artifacts/2026-10-05-connection-workspace-authority/post-native-complete-read-acceptance/actual-22-provider-pair-staging.json
 create mode 100644 specs/artifacts/2026-10-05-connection-workspace-authority/post-native-complete-read-acceptance/actual-22-qa-package-installed.json
 create mode 100644 specs/artifacts/2026-10-05-connection-workspace-authority/post-native-complete-read-acceptance/actual-22-readonly-post-shutdown.json
 create mode 100644 specs/artifacts/2026-10-05-connection-workspace-authority/post-native-complete-read-acceptance/actual-22-readonly-sql-schema.json
 create mode 100644 specs/artifacts/2026-10-05-connection-workspace-authority/post-native-complete-read-acceptance/actual-22-running-task.png
 create mode 100644 specs/artifacts/2026-10-05-connection-workspace-authority/post-native-complete-read-acceptance/actual-22-startup.json
 create mode 100644 specs/artifacts/2026-10-05-connection-workspace-authority/post-native-complete-read-acceptance/actual-22-stderr.log
 create mode 100644 specs/artifacts/2026-10-05-connection-workspace-authority/post-native-complete-read-acceptance/actual-22-stdout.log
 create mode 100644 specs/artifacts/2026-10-05-connection-workspace-authority/post-native-complete-read-acceptance/actual-22-supervision-settlement-trigger.json
 create mode 100644 specs/artifacts/2026-10-05-connection-workspace-authority/post-native-complete-read-acceptance/actual-22-task-boundary-admitted.json
 create mode 100644 specs/artifacts/2026-10-05-connection-workspace-authority/post-native-complete-read-acceptance/actual-22-task-complete.json
 create mode 100644 specs/artifacts/2026-10-05-connection-workspace-authority/post-native-complete-read-acceptance/actual-22-task-create-cli.json
 create mode 100644 specs/artifacts/2026-10-05-connection-workspace-authority/post-native-complete-read-acceptance/actual-22-task-create-stderr.log
 create mode 100644 specs/artifacts/2026-10-05-connection-workspace-authority/post-native-complete-read-acceptance/actual-22-task-request-input.json
 create mode 100644 specs/artifacts/2026-10-05-connection-workspace-authority/post-native-complete-read-acceptance/actual-22-task-selection.json
 create mode 100644 specs/artifacts/2026-10-05-connection-workspace-authority/post-native-complete-read-acceptance/complete-read-22-chain-supervision-70264-1.json
 create mode 100644 specs/artifacts/2026-10-05-connection-workspace-authority/post-native-complete-read-acceptance/complete-read-22-chain-supervision-70264-10.json
 create mode 100644 specs/artifacts/2026-10-05-connection-workspace-authority/post-native-complete-read-acceptance/complete-read-22-chain-supervision-70264-100.json
 create mode 100644 specs/artifacts/2026-10-05-connection-workspace-authority/post-native-complete-read-acceptance/complete-read-22-chain-supervision-70264-101.json
 create mode 100644 specs/artifacts/2026-10-05-connection-workspace-authority/post-native-complete-read-acceptance/complete-read-22-chain-supervision-70264-102.json
 create mode 100644 specs/artifacts/2026-10-05-connection-workspace-authority/post-native-complete-read-acceptance/complete-read-22-chain-supervision-70264-103.json
 create mode 100644 specs/artifacts/2026-10-05-connection-workspace-authority/post-native-complete-read-acceptance/complete-read-22-chain-supervision-70264-104.json
 create mode 100644 specs/artifacts/2026-10-05-connection-workspace-authority/post-native-complete-read-acceptance/complete-read-22-chain-supervision-70264-105.json
 create mode 100644 specs/artifacts/2026-10-05-connection-workspace-authority/post-native-complete-read-acceptance/complete-read-22-chain-supervision-70264-106.json
 create mode 100644 specs/artifacts/2026-10-05-connection-workspace-authority/post-native-complete-read-acceptance/complete-read-22-chain-supervision-70264-107.json
 create mode 100644 specs/artifacts/2026-10-05-connection-workspace-authority/post-native-complete-read-acceptance/complete-read-22-chain-supervision-70264-108.json
 create mode 100644 specs/artifacts/2026-10-05-connection-workspace-authority/post-native-complete-read-acceptance/complete-read-22-chain-supervision-70264-109.json
 create mode 100644 specs/artifacts/2026-10-05-connection-workspace-authority/post-native-complete-read-acceptance/complete-read-22-chain-supervision-70264-11.json
 create mode 100644 specs/artifacts/2026-10-05-connection-workspace-authority/post-native-complete-read-acceptance/complete-read-22-chain-supervision-70264-110.json
 create mode 100644 specs/artifacts/2026-10-05-connection-workspace-authority/post-native-complete-read-acceptance/complete-read-22-chain-supervision-70264-111.json
 create mode 100644 specs/artifacts/2026-10-05-connection-workspace-authority/post-native-complete-read-acceptance/complete-read-22-chain-supervision-70264-112.json
 create mode 100644 specs/artifacts/2026-10-05-connection-workspace-authority/post-native-complete-read-acceptance/complete-read-22-chain-supervision-70264-113.json
 create mode 100644 specs/artifacts/2026-10-05-connection-workspace-authority/post-native-complete-read-acceptance/complete-read-22-chain-supervision-70264-114.json
 create mode 100644 specs/artifacts/2026-10-05-connection-workspace-authority/post-native-complete-read-acceptance/complete-read-22-chain-supervision-70264-115.json
 create mode 100644 specs/artifacts/2026-10-05-connection-workspace-authority/post-native-complete-read-acceptance/complete-read-22-chain-supervision-70264-116.json
 create mode 100644 specs/artifacts/2026-10-05-connection-workspace-authority/post-native-complete-read-acceptance/complete-read-22-chain-supervision-70264-117.json
 create mode 100644 specs/artifacts/2026-10-05-connection-workspace-authority/post-native-complete-read-acceptance/complete-read-22-chain-supervision-70264-118.json
 create mode 100644 specs/artifacts/2026-10-05-connection-workspace-authority/post-native-complete-read-acceptance/complete-read-22-chain-supervision-70264-119.json
 create mode 100644 specs/artifacts/2026-10-05-connection-workspace-authority/post-native-complete-read-acceptance/complete-read-22-chain-supervision-70264-12.json
 create mode 100644 specs/artifacts/2026-10-05-connection-workspace-authority/post-native-complete-read-acceptance/complete-read-22-chain-supervision-70264-120.json
 create mode 100644 specs/artifacts/2026-10-05-connection-workspace-authority/post-native-complete-read-acceptance/complete-read-22-chain-supervision-70264-121.json
 create mode 100644 specs/artifacts/2026-10-05-connection-workspace-authority/post-native-complete-read-acceptance/complete-read-22-chain-supervision-70264-122.json
 create mode 100644 specs/artifacts/2026-10-05-connection-workspace-authority/post-native-complete-read-acceptance/complete-read-22-chain-supervision-70264-123.json
 create mode 100644 specs/artifacts/2026-10-05-connection-workspace-authority/post-native-complete-read-acceptance/complete-read-22-chain-supervision-70264-124.json
 create mode 100644 specs/artifacts/2026-10-05-connection-workspace-authority/post-native-complete-read-acceptance/complete-read-22-chain-supervision-70264-125.json
 create mode 100644 specs/artifacts/2026-10-05-connection-workspace-authority/post-native-complete-read-acceptance/complete-read-22-chain-supervision-70264-126.json
 create mode 100644 specs/artifacts/2026-10-05-connection-workspace-authority/post-native-complete-read-acceptance/complete-read-22-chain-supervision-70264-127.json
 create mode 100644 specs/artifacts/2026-10-05-connection-workspace-authority/post-native-complete-read-acceptance/complete-read-22-chain-supervision-70264-128.json
 create mode 100644 specs/artifacts/2026-10-05-connection-workspace-authority/post-native-complete-read-acceptance/complete-read-22-chain-supervision-70264-129.json
 create mode 100644 specs/artifacts/2026-10-05-connection-workspace-authority/post-native-complete-read-acceptance/complete-read-22-chain-supervision-70264-13.json
 create mode 100644 specs/artifacts/2026-10-05-connection-workspace-authority/post-native-complete-read-acceptance/complete-read-22-chain-supervision-70264-130.json
 create mode 100644 specs/artifacts/2026-10-05-connection-workspace-authority/post-native-complete-read-acceptance/complete-read-22-chain-supervision-70264-131.json
 create mode 100644 specs/artifacts/2026-10-05-connection-workspace-authority/post-native-complete-read-acceptance/complete-read-22-chain-supervision-70264-132.json
 create mode 100644 specs/artifacts/2026-10-05-connection-workspace-authority/post-native-complete-read-acceptance/complete-read-22-chain-supervision-70264-133.json
 create mode 100644 specs/artifacts/2026-10-05-connection-workspace-authority/post-native-complete-read-acceptance/complete-read-22-chain-supervision-70264-134.json
 create mode 100644 specs/artifacts/2026-10-05-connection-workspace-authority/post-native-complete-read-acceptance/complete-read-22-chain-supervision-70264-135.json
 create mode 100644 specs/artifacts/2026-10-05-connection-workspace-authority/post-native-complete-read-acceptance/complete-read-22-chain-supervision-70264-136.json
 create mode 100644 specs/artifacts/2026-10-05-connection-workspace-authority/post-native-complete-read-acceptance/complete-read-22-chain-supervision-70264-137.json
 create mode 100644 specs/artifacts/2026-10-05-connection-workspace-authority/post-native-complete-read-acceptance/complete-read-22-chain-supervision-70264-138.json
 create mode 100644 specs/artifacts/2026-10-05-connection-workspace-authority/post-native-complete-read-acceptance/complete-read-22-chain-supervision-70264-139.json
 create mode 100644 specs/artifacts/2026-10-05-connection-workspace-authority/post-native-complete-read-acceptance/complete-read-22-chain-supervision-70264-14.json
 create mode 100644 specs/artifacts/2026-10-05-connection-workspace-authority/post-native-complete-read-acceptance/complete-read-22-chain-supervision-70264-140.json
 create mode 100644 specs/artifacts/2026-10-05-connection-workspace-authority/post-native-complete-read-acceptance/complete-read-22-chain-supervision-70264-141.json
 create mode 100644 specs/artifacts/2026-10-05-connection-workspace-authority/post-native-complete-read-acceptance/complete-read-22-chain-supervision-70264-142.json
 create mode 100644 specs/artifacts/2026-10-05-connection-workspace-authority/post-native-complete-read-acceptance/complete-read-22-chain-supervision-70264-143.json
 create mode 100644 specs/artifacts/2026-10-05-connection-workspace-authority/post-native-complete-read-acceptance/complete-read-22-chain-supervision-70264-144.json
 create mode 100644 specs/artifacts/2026-10-05-connection-workspace-authority/post-native-complete-read-acceptance/complete-read-22-chain-supervision-70264-145.json
 create mode 100644 specs/artifacts/2026-10-05-connection-workspace-authority/post-native-complete-read-acceptance/complete-read-22-chain-supervision-70264-146.json
 create mode 100644 specs/artifacts/2026-10-05-connection-workspace-authority/post-native-complete-read-acceptance/complete-read-22-chain-supervision-70264-147.json
 create mode 100644 specs/artifacts/2026-10-05-connection-workspace-authority/post-native-complete-read-acceptance/complete-read-22-chain-supervision-70264-148.json
 create mode 100644 specs/artifacts/2026-10-05-connection-workspace-authority/post-native-complete-read-acceptance/complete-read-22-chain-supervision-70264-149.json
 create mode 100644 specs/artifacts/2026-10-05-connection-workspace-authority/post-native-complete-read-acceptance/complete-read-22-chain-supervision-70264-15.json
 create mode 100644 specs/artifacts/2026-10-05-connection-workspace-authority/post-native-complete-read-acceptance/complete-read-22-chain-supervision-70264-150.json
 create mode 100644 specs/artifacts/2026-10-05-connection-workspace-authority/post-native-complete-read-acceptance/complete-read-22-chain-supervision-70264-151.json
 create mode 100644 specs/artifacts/2026-10-05-connection-workspace-authority/post-native-complete-read-acceptance/complete-read-22-chain-supervision-70264-152.json
 create mode 100644 specs/artifacts/2026-10-05-connection-workspace-authority/post-native-complete-read-acceptance/complete-read-22-chain-supervision-70264-153.json
 create mode 100644 specs/artifacts/2026-10-05-connection-workspace-authority/post-native-complete-read-acceptance/complete-read-22-chain-supervision-70264-154.json
 create mode 100644 specs/artifacts/2026-10-05-connection-workspace-authority/post-native-complete-read-acceptance/complete-read-22-chain-supervision-70264-155.json
 create mode 100644 specs/artifacts/2026-10-05-connection-workspace-authority/post-native-complete-read-acceptance/complete-read-22-chain-supervision-70264-156.json
 create mode 100644 specs/artifacts/2026-10-05-connection-workspace-authority/post-native-complete-read-acceptance/complete-read-22-chain-supervision-70264-157.json
 create mode 100644 specs/artifacts/2026-10-05-connection-workspace-authority/post-native-complete-read-acceptance/complete-read-22-chain-supervision-70264-158.json
 create mode 100644 specs/artifacts/2026-10-05-connection-workspace-authority/post-native-complete-read-acceptance/complete-read-22-chain-supervision-70264-159.json
 create mode 100644 specs/artifacts/2026-10-05-connection-workspace-authority/post-native-complete-read-acceptance/complete-read-22-chain-supervision-70264-16.json
 create mode 100644 specs/artifacts/2026-10-05-connection-workspace-authority/post-native-complete-read-acceptance/complete-read-22-chain-supervision-70264-160.json
 create mode 100644 specs/artifacts/2026-10-05-connection-workspace-authority/post-native-complete-read-acceptance/complete-read-22-chain-supervision-70264-161.json
 create mode 100644 specs/artifacts/2026-10-05-connection-workspace-authority/post-native-complete-read-acceptance/complete-read-22-chain-supervision-70264-162.json
 create mode 100644 specs/artifacts/2026-10-05-connection-workspace-authority/post-native-complete-read-acceptance/complete-read-22-chain-supervision-70264-163.json
 create mode 100644 specs/artifacts/2026-10-05-connection-workspace-authority/post-native-complete-read-acceptance/complete-read-22-chain-supervision-70264-164.json
 create mode 100644 specs/artifacts/2026-10-05-connection-workspace-authority/post-native-complete-read-acceptance/complete-read-22-chain-supervision-70264-165.json
 create mode 100644 specs/artifacts/2026-10-05-connection-workspace-authority/post-native-complete-read-acceptance/complete-read-22-chain-supervision-70264-166.json
 create mode 100644 specs/artifacts/2026-10-05-connection-workspace-authority/post-native-complete-read-acceptance/complete-read-22-chain-supervision-70264-167.json
 create mode 100644 specs/artifacts/2026-10-05-connection-workspace-authority/post-native-complete-read-acceptance/complete-read-22-chain-supervision-70264-168.json
 create mode 100644 specs/artifacts/2026-10-05-connection-workspace-authority/post-native-complete-read-acceptance/complete-read-22-chain-supervision-70264-169.json
 create mode 100644 specs/artifacts/2026-10-05-connection-workspace-authority/post-native-complete-read-acceptance/complete-read-22-chain-supervision-70264-17.json
 create mode 100644 specs/artifacts/2026-10-05-connection-workspace-authority/post-native-complete-read-acceptance/complete-read-22-chain-supervision-70264-170.json
 create mode 100644 specs/artifacts/2026-10-05-connection-workspace-authority/post-native-complete-read-acceptance/complete-read-22-chain-supervision-70264-171.json
 create mode 100644 specs/artifacts/2026-10-05-connection-workspace-authority/post-native-complete-read-acceptance/complete-read-22-chain-supervision-70264-172.json
 create mode 100644 specs/artifacts/2026-10-05-connection-workspace-authority/post-native-complete-read-acceptance/complete-read-22-chain-supervision-70264-173.json
 create mode 100644 specs/artifacts/2026-10-05-connection-workspace-authority/post-native-complete-read-acceptance/complete-read-22-chain-supervision-70264-174.json
 create mode 100644 specs/artifacts/2026-10-05-connection-workspace-authority/post-native-complete-read-acceptance/complete-read-22-chain-supervision-70264-175.json
 create mode 100644 specs/artifacts/2026-10-05-connection-workspace-authority/post-native-complete-read-acceptance/complete-read-22-chain-supervision-70264-176.json
 create mode 100644 specs/artifacts/2026-10-05-connection-workspace-authority/post-native-complete-read-acceptance/complete-read-22-chain-supervision-70264-177.json
 create mode 100644 specs/artifacts/2026-10-05-connection-workspace-authority/post-native-complete-read-acceptance/complete-read-22-chain-supervision-70264-178.json
 create mode 100644 specs/artifacts/2026-10-05-connection-workspace-authority/post-native-complete-read-acceptance/complete-read-22-chain-supervision-70264-179.json
 create mode 100644 specs/artifacts/2026-10-05-connection-workspace-authority/post-native-complete-read-acceptance/complete-read-22-chain-supervision-70264-18.json
 create mode 100644 specs/artifacts/2026-10-05-connection-workspace-authority/post-native-complete-read-acceptance/complete-read-22-chain-supervision-70264-180.json
 create mode 100644 specs/artifacts/2026-10-05-connection-workspace-authority/post-native-complete-read-acceptance/complete-read-22-chain-supervision-70264-181.json
 create mode 100644 specs/artifacts/2026-10-05-connection-workspace-authority/post-native-complete-read-acceptance/complete-read-22-chain-supervision-70264-182.json
 create mode 100644 specs/artifacts/2026-10-05-connection-workspace-authority/post-native-complete-read-acceptance/complete-read-22-chain-supervision-70264-183.json
 create mode 100644 specs/artifacts/2026-10-05-connection-workspace-authority/post-native-complete-read-acceptance/complete-read-22-chain-supervision-70264-184.json
 create mode 100644 specs/artifacts/2026-10-05-connection-workspace-authority/post-native-complete-read-acceptance/complete-read-22-chain-supervision-70264-185.json
 create mode 100644 specs/artifacts/2026-10-05-connection-workspace-authority/post-native-complete-read-acceptance/complete-read-22-chain-supervision-70264-186.json
 create mode 100644 specs/artifacts/2026-10-05-connection-workspace-authority/post-native-complete-read-acceptance/complete-read-22-chain-supervision-70264-187.json
 create mode 100644 specs/artifacts/2026-10-05-connection-workspace-authority/post-native-complete-read-acceptance/complete-read-22-chain-supervision-70264-188.json
 create mode 100644 specs/artifacts/2026-10-05-connection-workspace-authority/post-native-complete-read-acceptance/complete-read-22-chain-supervision-70264-189.json
 create mode 100644 specs/artifacts/2026-10-05-connection-workspace-authority/post-native-complete-read-acceptance/complete-read-22-chain-supervision-70264-19.json
 create mode 100644 specs/artifacts/2026-10-05-connection-workspace-authority/post-native-complete-read-acceptance/complete-read-22-chain-supervision-70264-2.json
 create mode 100644 specs/artifacts/2026-10-05-connection-workspace-authority/post-native-complete-read-acceptance/complete-read-22-chain-supervision-70264-20.json
 create mode 100644 specs/artifacts/2026-10-05-connection-workspace-authority/post-native-complete-read-acceptance/complete-read-22-chain-supervision-70264-21.json
 create mode 100644 specs/artifacts/2026-10-05-connection-workspace-authority/post-native-complete-read-acceptance/complete-read-22-chain-supervision-70264-22.json
 create mode 100644 specs/artifacts/2026-10-05-connection-workspace-authority/post-native-complete-read-acceptance/complete-read-22-chain-supervision-70264-23.json
 create mode 100644 specs/artifacts/2026-10-05-connection-workspace-authority/post-native-complete-read-acceptance/complete-read-22-chain-supervision-70264-24.json
 create mode 100644 specs/artifacts/2026-10-05-connection-workspace-authority/post-native-complete-read-acceptance/complete-read-22-chain-supervision-70264-25.json
 create mode 100644 specs/artifacts/2026-10-05-connection-workspace-authority/post-native-complete-read-acceptance/complete-read-22-chain-supervision-70264-26.json
 create mode 100644 specs/artifacts/2026-10-05-connection-workspace-authority/post-native-complete-read-acceptance/complete-read-22-chain-supervision-70264-27.json
 create mode 100644 specs/artifacts/2026-10-05-connection-workspace-authority/post-native-complete-read-acceptance/complete-read-22-chain-supervision-70264-28.json
 create mode 100644 specs/artifacts/2026-10-05-connection-workspace-authority/post-native-complete-read-acceptance/complete-read-22-chain-supervision-70264-29.json
 create mode 100644 specs/artifacts/2026-10-05-connection-workspace-authority/post-native-complete-read-acceptance/complete-read-22-chain-supervision-70264-3.json
 create mode 100644 specs/artifacts/2026-10-05-connection-workspace-authority/post-native-complete-read-acceptance/complete-read-22-chain-supervision-70264-30.json
 create mode 100644 specs/artifacts/2026-10-05-connection-workspace-authority/post-native-complete-read-acceptance/complete-read-22-chain-supervision-70264-31.json
 create mode 100644 specs/artifacts/2026-10-05-connection-workspace-authority/post-native-complete-read-acceptance/complete-read-22-chain-supervision-70264-32.json
 create mode 100644 specs/artifacts/2026-10-05-connection-workspace-authority/post-native-complete-read-acceptance/complete-read-22-chain-supervision-70264-33.json
 create mode 100644 specs/artifacts/2026-10-05-connection-workspace-authority/post-native-complete-read-acceptance/complete-read-22-chain-supervision-70264-34.json
 create mode 100644 specs/artifacts/2026-10-05-connection-workspace-authority/post-native-complete-read-acceptance/complete-read-22-chain-supervision-70264-35.json
 create mode 100644 specs/artifacts/2026-10-05-connection-workspace-authority/post-native-complete-read-acceptance/complete-read-22-chain-supervision-70264-36.json
 create mode 100644 specs/artifacts/2026-10-05-connection-workspace-authority/post-native-complete-read-acceptance/complete-read-22-chain-supervision-70264-37.json
 create mode 100644 specs/artifacts/2026-10-05-connection-workspace-authority/post-native-complete-read-acceptance/complete-read-22-chain-supervision-70264-38.json
 create mode 100644 specs/artifacts/2026-10-05-connection-workspace-authority/post-native-complete-read-acceptance/complete-read-22-chain-supervision-70264-39.json
 create mode 100644 specs/artifacts/2026-10-05-connection-workspace-authority/post-native-complete-read-acceptance/complete-read-22-chain-supervision-70264-4.json
 create mode 100644 specs/artifacts/2026-10-05-connection-workspace-authority/post-native-complete-read-acceptance/complete-read-22-chain-supervision-70264-40.json
 create mode 100644 specs/artifacts/2026-10-05-connection-workspace-authority/post-native-complete-read-acceptance/complete-read-22-chain-supervision-70264-41.json
 create mode 100644 specs/artifacts/2026-10-05-connection-workspace-authority/post-native-complete-read-acceptance/complete-read-22-chain-supervision-70264-42.json
 create mode 100644 specs/artifacts/2026-10-05-connection-workspace-authority/post-native-complete-read-acceptance/complete-read-22-chain-supervision-70264-43.json
 create mode 100644 specs/artifacts/2026-10-05-connection-workspace-authority/post-native-complete-read-acceptance/complete-read-22-chain-supervision-70264-44.json
 create mode 100644 specs/artifacts/2026-10-05-connection-workspace-authority/post-native-complete-read-acceptance/complete-read-22-chain-supervision-70264-45.json
 create mode 100644 specs/artifacts/2026-10-05-connection-workspace-authority/post-native-complete-read-acceptance/complete-read-22-chain-supervision-70264-46.json
 create mode 100644 specs/artifacts/2026-10-05-connection-workspace-authority/post-native-complete-read-acceptance/complete-read-22-chain-supervision-70264-47.json
 create mode 100644 specs/artifacts/2026-10-05-connection-workspace-authority/post-native-complete-read-acceptance/complete-read-22-chain-supervision-70264-48.json
 create mode 100644 specs/artifacts/2026-10-05-connection-workspace-authority/post-native-complete-read-acceptance/complete-read-22-chain-supervision-70264-49.json
 create mode 100644 specs/artifacts/2026-10-05-connection-workspace-authority/post-native-complete-read-acceptance/complete-read-22-chain-supervision-70264-5.json
 create mode 100644 specs/artifacts/2026-10-05-connection-workspace-authority/post-native-complete-read-acceptance/complete-read-22-chain-supervision-70264-50.json
 create mode 100644 specs/artifacts/2026-10-05-connection-workspace-authority/post-native-complete-read-acceptance/complete-read-22-chain-supervision-70264-51.json
 create mode 100644 specs/artifacts/2026-10-05-connection-workspace-authority/post-native-complete-read-acceptance/complete-read-22-chain-supervision-70264-52.json
 create mode 100644 specs/artifacts/2026-10-05-connection-workspace-authority/post-native-complete-read-acceptance/complete-read-22-chain-supervision-70264-53.json
 create mode 100644 specs/artifacts/2026-10-05-connection-workspace-authority/post-native-complete-read-acceptance/complete-read-22-chain-supervision-70264-54.json
 create mode 100644 specs/artifacts/2026-10-05-connection-workspace-authority/post-native-complete-read-acceptance/complete-read-22-chain-supervision-70264-55.json
 create mode 100644 specs/artifacts/2026-10-05-connection-workspace-authority/post-native-complete-read-acceptance/complete-read-22-chain-supervision-70264-56.json
 create mode 100644 specs/artifacts/2026-10-05-connection-workspace-authority/post-native-complete-read-acceptance/complete-read-22-chain-supervision-70264-57.json
 create mode 100644 specs/artifacts/2026-10-05-connection-workspace-authority/post-native-complete-read-acceptance/complete-read-22-chain-supervision-70264-58.json
 create mode 100644 specs/artifacts/2026-10-05-connection-workspace-authority/post-native-complete-read-acceptance/complete-read-22-chain-supervision-70264-59.json
 create mode 100644 specs/artifacts/2026-10-05-connection-workspace-authority/post-native-complete-read-acceptance/complete-read-22-chain-supervision-70264-6.json
 create mode 100644 specs/artifacts/2026-10-05-connection-workspace-authority/post-native-complete-read-acceptance/complete-read-22-chain-supervision-70264-60.json
 create mode 100644 specs/artifacts/2026-10-05-connection-workspace-authority/post-native-complete-read-acceptance/complete-read-22-chain-supervision-70264-61.json
 create mode 100644 specs/artifacts/2026-10-05-connection-workspace-authority/post-native-complete-read-acceptance/complete-read-22-chain-supervision-70264-62.json
 create mode 100644 specs/artifacts/2026-10-05-connection-workspace-authority/post-native-complete-read-acceptance/complete-read-22-chain-supervision-70264-63.json
 create mode 100644 specs/artifacts/2026-10-05-connection-workspace-authority/post-native-complete-read-acceptance/complete-read-22-chain-supervision-70264-64.json
 create mode 100644 specs/artifacts/2026-10-05-connection-workspace-authority/post-native-complete-read-acceptance/complete-read-22-chain-supervision-70264-65.json
 create mode 100644 specs/artifacts/2026-10-05-connection-workspace-authority/post-native-complete-read-acceptance/complete-read-22-chain-supervision-70264-66.json
 create mode 100644 specs/artifacts/2026-10-05-connection-workspace-authority/post-native-complete-read-acceptance/complete-read-22-chain-supervision-70264-67.json
 create mode 100644 specs/artifacts/2026-10-05-connection-workspace-authority/post-native-complete-read-acceptance/complete-read-22-chain-supervision-70264-68.json
 create mode 100644 specs/artifacts/2026-10-05-connection-workspace-authority/post-native-complete-read-acceptance/complete-read-22-chain-supervision-70264-69.json
 create mode 100644 specs/artifacts/2026-10-05-connection-workspace-authority/post-native-complete-read-acceptance/complete-read-22-chain-supervision-70264-7.json
 create mode 100644 specs/artifacts/2026-10-05-connection-workspace-authority/post-native-complete-read-acceptance/complete-read-22-chain-supervision-70264-70.json
 create mode 100644 specs/artifacts/2026-10-05-connection-workspace-authority/post-native-complete-read-acceptance/complete-read-22-chain-supervision-70264-71.json
 create mode 100644 specs/artifacts/2026-10-05-connection-workspace-authority/post-native-complete-read-acceptance/complete-read-22-chain-supervision-70264-72.json
 create mode 100644 specs/artifacts/2026-10-05-connection-workspace-authority/post-native-complete-read-acceptance/complete-read-22-chain-supervision-70264-73.json
 create mode 100644 specs/artifacts/2026-10-05-connection-workspace-authority/post-native-complete-read-acceptance/complete-read-22-chain-supervision-70264-74.json
 create mode 100644 specs/artifacts/2026-10-05-connection-workspace-authority/post-native-complete-read-acceptance/complete-read-22-chain-supervision-70264-75.json
 create mode 100644 specs/artifacts/2026-10-05-connection-workspace-authority/post-native-complete-read-acceptance/complete-read-22-chain-supervision-70264-76.json
 create mode 100644 specs/artifacts/2026-10-05-connection-workspace-authority/post-native-complete-read-acceptance/complete-read-22-chain-supervision-70264-77.json
 create mode 100644 specs/artifacts/2026-10-05-connection-workspace-authority/post-native-complete-read-acceptance/complete-read-22-chain-supervision-70264-78.json
 create mode 100644 specs/artifacts/2026-10-05-connection-workspace-authority/post-native-complete-read-acceptance/complete-read-22-chain-supervision-70264-79.json
 create mode 100644 specs/artifacts/2026-10-05-connection-workspace-authority/post-native-complete-read-acceptance/complete-read-22-chain-supervision-70264-8.json
 create mode 100644 specs/artifacts/2026-10-05-connection-workspace-authority/post-native-complete-read-acceptance/complete-read-22-chain-supervision-70264-80.json
 create mode 100644 specs/artifacts/2026-10-05-connection-workspace-authority/post-native-complete-read-acceptance/complete-read-22-chain-supervision-70264-81.json
 create mode 100644 specs/artifacts/2026-10-05-connection-workspace-authority/post-native-complete-read-acceptance/complete-read-22-chain-supervision-70264-82.json
 create mode 100644 specs/artifacts/2026-10-05-connection-workspace-authority/post-native-complete-read-acceptance/complete-read-22-chain-supervision-70264-83.json
 create mode 100644 specs/artifacts/2026-10-05-connection-workspace-authority/post-native-complete-read-acceptance/complete-read-22-chain-supervision-70264-84.json
 create mode 100644 specs/artifacts/2026-10-05-connection-workspace-authority/post-native-complete-read-acceptance/complete-read-22-chain-supervision-70264-85.json
 create mode 100644 specs/artifacts/2026-10-05-connection-workspace-authority/post-native-complete-read-acceptance/complete-read-22-chain-supervision-70264-86.json
 create mode 100644 specs/artifacts/2026-10-05-connection-workspace-authority/post-native-complete-read-acceptance/complete-read-22-chain-supervision-70264-87.json
 create mode 100644 specs/artifacts/2026-10-05-connection-workspace-authority/post-native-complete-read-acceptance/complete-read-22-chain-supervision-70264-88.json
 create mode 100644 specs/artifacts/2026-10-05-connection-workspace-authority/post-native-complete-read-acceptance/complete-read-22-chain-supervision-70264-89.json
 create mode 100644 specs/artifacts/2026-10-05-connection-workspace-authority/post-native-complete-read-acceptance/complete-read-22-chain-supervision-70264-9.json
 create mode 100644 specs/artifacts/2026-10-05-connection-workspace-authority/post-native-complete-read-acceptance/complete-read-22-chain-supervision-70264-90.json
 create mode 100644 specs/artifacts/2026-10-05-connection-workspace-authority/post-native-complete-read-acceptance/complete-read-22-chain-supervision-70264-91.json
 create mode 100644 specs/artifacts/2026-10-05-connection-workspace-authority/post-native-complete-read-acceptance/complete-read-22-chain-supervision-70264-92.json
 create mode 100644 specs/artifacts/2026-10-05-connection-workspace-authority/post-native-complete-read-acceptance/complete-read-22-chain-supervision-70264-93.json
 create mode 100644 specs/artifacts/2026-10-05-connection-workspace-authority/post-native-complete-read-acceptance/complete-read-22-chain-supervision-70264-94.json
 create mode 100644 specs/artifacts/2026-10-05-connection-workspace-authority/post-native-complete-read-acceptance/complete-read-22-chain-supervision-70264-95.json
 create mode 100644 specs/artifacts/2026-10-05-connection-workspace-authority/post-native-complete-read-acceptance/complete-read-22-chain-supervision-70264-96.json
 create mode 100644 specs/artifacts/2026-10-05-connection-workspace-authority/post-native-complete-read-acceptance/complete-read-22-chain-supervision-70264-97.json
 create mode 100644 specs/artifacts/2026-10-05-connection-workspace-authority/post-native-complete-read-acceptance/complete-read-22-chain-supervision-70264-98.json
 create mode 100644 specs/artifacts/2026-10-05-connection-workspace-authority/post-native-complete-read-acceptance/complete-read-22-chain-supervision-70264-99.json
 create mode 100644 specs/artifacts/2026-10-05-connection-workspace-authority/post-native-complete-read-acceptance/complete-read-22-final-provider-audit.json
 create mode 100644 specs/artifacts/2026-10-05-connection-workspace-authority/post-native-complete-read-acceptance/complete-read-22-physical-terminal-and-pair-cleanup.json
 create mode 100644 specs/artifacts/2026-10-05-connection-workspace-authority/post-native-complete-read-acceptance/complete-read-22-settlement-owner.json
 create mode 100644 specs/artifacts/2026-10-05-connection-workspace-authority/post-native-complete-read-acceptance/complete-read-22-shutdown-admission.json
 create mode 100644 specs/artifacts/2026-10-05-connection-workspace-authority/post-native-complete-read-acceptance/docs-final.log
 create mode 100644 specs/artifacts/2026-10-05-connection-workspace-authority/post-native-complete-read-acceptance/root-22-independent-physical-and-source.json
 create mode 100644 specs/artifacts/2026-10-05-connection-workspace-authority/post-native-complete-read-acceptance/root-actual-complete-read-publication.json
 create mode 100644 specs/artifacts/2026-10-05-connection-workspace-authority/post-native-complete-read-acceptance/source-21-normal-commit.log
 create mode 100644 specs/artifacts/2026-10-05-connection-workspace-authority/post-native-complete-read-acceptance/source-21-normal-push.log
