[main ae029657] fix: preserve original Task creator content
 65 files changed, 103847 insertions(+), 15 deletions(-)
 create mode 100644 specs/artifacts/2026-10-05-connection-workspace-authority/creator-content-implementation-plan.md
 create mode 100644 specs/artifacts/2026-10-05-connection-workspace-authority/creator-content-implementation/README.md
 create mode 100644 specs/artifacts/2026-10-05-connection-workspace-authority/creator-content-implementation/actual-16-authority-ready.json
 create mode 100644 specs/artifacts/2026-10-05-connection-workspace-authority/creator-content-implementation/actual-16-checker-failed.json
 create mode 100644 specs/artifacts/2026-10-05-connection-workspace-authority/creator-content-implementation/actual-16-complete-raw-creator.png
 create mode 100644 specs/artifacts/2026-10-05-connection-workspace-authority/creator-content-implementation/actual-16-creator-author-and-request.png
 create mode 100644 specs/artifacts/2026-10-05-connection-workspace-authority/creator-content-implementation/actual-16-declared-turn-artifacts.json
 create mode 100644 specs/artifacts/2026-10-05-connection-workspace-authority/creator-content-implementation/actual-16-final-task-observation.json
 create mode 100644 specs/artifacts/2026-10-05-connection-workspace-authority/creator-content-implementation/actual-16-independent-owned-closure.json
 create mode 100644 specs/artifacts/2026-10-05-connection-workspace-authority/creator-content-implementation/actual-16-launch-owner.json
 create mode 100644 specs/artifacts/2026-10-05-connection-workspace-authority/creator-content-implementation/actual-16-materialization-cache-physical.json
 create mode 100644 specs/artifacts/2026-10-05-connection-workspace-authority/creator-content-implementation/actual-16-owned-config-hierarchy.json
 create mode 100644 specs/artifacts/2026-10-05-connection-workspace-authority/creator-content-implementation/actual-16-page-binding.json
 create mode 100644 specs/artifacts/2026-10-05-connection-workspace-authority/creator-content-implementation/actual-16-preflight-ready.json
 create mode 100644 specs/artifacts/2026-10-05-connection-workspace-authority/creator-content-implementation/actual-16-project-baseline.json
 create mode 100644 specs/artifacts/2026-10-05-connection-workspace-authority/creator-content-implementation/actual-16-provider-pair-staging.json
 create mode 100644 specs/artifacts/2026-10-05-connection-workspace-authority/creator-content-implementation/actual-16-public-build-terminal.json
 create mode 100644 specs/artifacts/2026-10-05-connection-workspace-authority/creator-content-implementation/actual-16-public-delegated-worker-terminal.json
 create mode 100644 specs/artifacts/2026-10-05-connection-workspace-authority/creator-content-implementation/actual-16-public-explore-terminal.json
 create mode 100644 specs/artifacts/2026-10-05-connection-workspace-authority/creator-content-implementation/actual-16-public-orchestrator-running.json
 create mode 100644 specs/artifacts/2026-10-05-connection-workspace-authority/creator-content-implementation/actual-16-public-orchestrator-terminal.json
 create mode 100644 specs/artifacts/2026-10-05-connection-workspace-authority/creator-content-implementation/actual-16-public-task-running.json
 create mode 100644 specs/artifacts/2026-10-05-connection-workspace-authority/creator-content-implementation/actual-16-public-task-terminal.json
 create mode 100644 specs/artifacts/2026-10-05-connection-workspace-authority/creator-content-implementation/actual-16-qa-package-installed.json
 create mode 100644 specs/artifacts/2026-10-05-connection-workspace-authority/creator-content-implementation/actual-16-raw-creator-visible.png
 create mode 100644 specs/artifacts/2026-10-05-connection-workspace-authority/creator-content-implementation/actual-16-raw-request-manual-scroll.png
 create mode 100644 specs/artifacts/2026-10-05-connection-workspace-authority/creator-content-implementation/actual-16-startup.json
 create mode 100644 specs/artifacts/2026-10-05-connection-workspace-authority/creator-content-implementation/actual-16-task-create-cli.json
 create mode 100644 specs/artifacts/2026-10-05-connection-workspace-authority/creator-content-implementation/actual-16-task-occurrence-admitted.json
 create mode 100644 specs/artifacts/2026-10-05-connection-workspace-authority/creator-content-implementation/actual-16-task-request-input.json
 create mode 100644 specs/artifacts/2026-10-05-connection-workspace-authority/creator-content-implementation/actual-16-task-selection.json
 create mode 100644 specs/artifacts/2026-10-05-connection-workspace-authority/creator-content-implementation/actual-16-terminal-and-files.png
 create mode 100644 specs/artifacts/2026-10-05-connection-workspace-authority/creator-content-implementation/creator-content-explicit-types-16-final.log
 create mode 100644 specs/artifacts/2026-10-05-connection-workspace-authority/creator-content-implementation/creator-content-explicit-types-16.log
 create mode 100644 specs/artifacts/2026-10-05-connection-workspace-authority/creator-content-implementation/creator-content-preparation-types-16.log
 create mode 100644 specs/artifacts/2026-10-05-connection-workspace-authority/creator-content-implementation/creator-content-shared-fixture-test-16.log
 create mode 100644 specs/artifacts/2026-10-05-connection-workspace-authority/creator-content-implementation/creator-content-shared-formatter-test-16.log
 create mode 100644 specs/artifacts/2026-10-05-connection-workspace-authority/creator-content-implementation/creator-content-source-types-16.log
 create mode 100644 specs/artifacts/2026-10-05-connection-workspace-authority/creator-content-implementation/creator-content-test-16-first-failure.log
 create mode 100644 specs/artifacts/2026-10-05-connection-workspace-authority/creator-content-implementation/creator-content-test-16-second-failure.log
 create mode 100644 specs/artifacts/2026-10-05-connection-workspace-authority/creator-content-implementation/creator-content-test-16.log
 create mode 100644 specs/artifacts/2026-10-05-connection-workspace-authority/creator-content-implementation/creator-content-types-16.json.txt
 create mode 100644 specs/artifacts/2026-10-05-connection-workspace-authority/creator-content-implementation/creator-delivery-16-chain-running.json
 create mode 100644 specs/artifacts/2026-10-05-connection-workspace-authority/creator-content-implementation/creator-delivery-16-durable-after-shutdown.json
 create mode 100644 specs/artifacts/2026-10-05-connection-workspace-authority/creator-content-implementation/creator-delivery-16-durable-running.json
 create mode 100644 specs/artifacts/2026-10-05-connection-workspace-authority/creator-content-implementation/creator-delivery-16-durable-terminal.json
 create mode 100644 specs/artifacts/2026-10-05-connection-workspace-authority/creator-content-implementation/creator-delivery-16-final-provider-audit.json
 create mode 100644 specs/artifacts/2026-10-05-connection-workspace-authority/creator-content-implementation/creator-delivery-16-physical-terminal-and-pair-cleanup.json
 create mode 100644 specs/artifacts/2026-10-05-connection-workspace-authority/creator-content-implementation/creator-delivery-16-shutdown-admission.json
 create mode 100644 specs/artifacts/2026-10-05-connection-workspace-authority/creator-content-implementation/creator-delivery-definition-16-diff.json
 create mode 100644 specs/artifacts/2026-10-05-connection-workspace-authority/creator-content-implementation/creator-delivery-definition-16-validation.json
 create mode 100644 specs/artifacts/2026-10-05-connection-workspace-authority/creator-content-implementation/creator-delivery-definition-16.json
 create mode 100644 specs/artifacts/2026-10-05-connection-workspace-authority/creator-content-implementation/explore-delivery-commit-15.log
 create mode 100644 specs/artifacts/2026-10-05-connection-workspace-authority/creator-content-implementation/explore-delivery-outgoing-review-15.json
 create mode 100644 specs/artifacts/2026-10-05-connection-workspace-authority/creator-content-implementation/explore-delivery-push-15.log
 create mode 100644 specs/artifacts/2026-10-05-connection-workspace-authority/creator-content-implementation/live-sol-cli-owned-16.ts.txt
 create mode 100644 specs/artifacts/2026-10-05-connection-workspace-authority/creator-content-implementation/live-sol-launch-16.ps1.txt
