$ bun script/run-tests.ts test/log-lifecycle.test.ts test/skill-read-diagnostics.test.ts
[1/2] START test/log-lifecycle.test.ts
bun test v1.3.14 (0d9b296a) 1x PARALLEL

test\isolated-test-entry.test.ts:
(pass) Log lifecycle > DEBUG policy reaches the real print-mode file and stderr destinations [525.30ms]
(pass) Log lifecycle > flush joins the actual in-flight file write with print=%s [56.21ms]
{"level":"info","time":"2026-10-05T14:23:48.642Z","service":"log-flush-order","logDomain":"non-session","message":"in-flight-file-write-true"}
(pass) Log lifecycle > flush joins the actual in-flight file write with print=%s [47.72ms]
(pass) Log lifecycle > cached logger writes survive repeated real asynchronous close and reinitialization [462.47ms]
{"level":"info","time":"2026-10-05T14:23:49.155Z","service":"log-export-test","logDomain":"non-session","message":"support-export-current-record"}
(pass) Log lifecycle > support export contains the newly written record in its real raw log entry [98.94ms]
{"level":"info","time":"2026-10-05T14:23:49.262Z","service":"log-lifecycle-test","logDomain":"non-session","message":"after close"}
(pass) Log lifecycle > cached loggers remain usable across close and reinitialization [39.86ms]

 6 pass
 0 fail
 16 expect() calls
Ran 6 tests across 1 file. [2.50s]
[1/2] DONE test/log-lifecycle.test.ts exit=0 duration=2.72s
[2/2] START test/skill-read-diagnostics.test.ts
bun test v1.3.14 (0d9b296a) 1x PARALLEL

test\isolated-test-entry.test.ts:
(pass) startup initialization and late causal work have their actual request lifetime [58.03ms]
(pass) diagnostics retain actual State promise identity and one creator with distinct join and cache reads [28.66ms]
(pass) diagnostics preserve the original State rejection and observe its successful new initializer on retry [18.41ms]
(pass) catalog diagnostics preserve real durable owner results and balanced failure phases [45.44ms]

 4 pass
 0 fail
 29 expect() calls
Ran 4 tests across 1 file. [1332.00ms]
[2/2] DONE test/skill-read-diagnostics.test.ts exit=0 duration=1.51s
