[main f828677a] fix: keep Settings navigation labels readable
 80 files changed, 26782 insertions(+), 27 deletions(-)
 create mode 100644 specs/artifacts/2026-10-05-connection-workspace-authority/settings-navigation-implementation-plan.md
 create mode 100644 specs/artifacts/2026-10-05-connection-workspace-authority/settings-navigation-implementation/README.md
 create mode 100644 specs/artifacts/2026-10-05-connection-workspace-authority/settings-navigation-implementation/after-13-default-settings.png
 create mode 100644 specs/artifacts/2026-10-05-connection-workspace-authority/settings-navigation-implementation/after-13-min140-labels.png
 create mode 100644 specs/artifacts/2026-10-05-connection-workspace-authority/settings-navigation-implementation/before-13-default-settings.png
 create mode 100644 specs/artifacts/2026-10-05-connection-workspace-authority/settings-navigation-implementation/before-13-independent-physical.json
 create mode 100644 specs/artifacts/2026-10-05-connection-workspace-authority/settings-navigation-implementation/before-13-min140-current-style.json
 create mode 100644 specs/artifacts/2026-10-05-connection-workspace-authority/settings-navigation-implementation/before-13-min140-labels.png
 create mode 100644 specs/artifacts/2026-10-05-connection-workspace-authority/settings-navigation-implementation/before-13-observer-foreign-parent-id.json
 create mode 100644 specs/artifacts/2026-10-05-connection-workspace-authority/settings-navigation-implementation/before-13-owner-observer-failure.json
 create mode 100644 specs/artifacts/2026-10-05-connection-workspace-authority/settings-navigation-implementation/before-13-zoom105-lower-labels.png
 create mode 100644 specs/artifacts/2026-10-05-connection-workspace-authority/settings-navigation-implementation/before-13-zoom105-min147-labels.png
 create mode 100644 specs/artifacts/2026-10-05-connection-workspace-authority/settings-navigation-implementation/before-owned-readiness-observer.ps1
 create mode 100644 specs/artifacts/2026-10-05-connection-workspace-authority/settings-navigation-implementation/before-owned-shutdown.ps1
 create mode 100644 specs/artifacts/2026-10-05-connection-workspace-authority/settings-navigation-implementation/docs-13.log
 create mode 100644 specs/artifacts/2026-10-05-connection-workspace-authority/settings-navigation-implementation/docs-final-13.log
 create mode 100644 specs/artifacts/2026-10-05-connection-workspace-authority/settings-navigation-implementation/final-13-default-settings.png
 create mode 100644 specs/artifacts/2026-10-05-connection-workspace-authority/settings-navigation-implementation/final-13-min140-labels.png
 create mode 100644 specs/artifacts/2026-10-05-connection-workspace-authority/settings-navigation-implementation/final-13-zoom105-lower-labels.png
 create mode 100644 specs/artifacts/2026-10-05-connection-workspace-authority/settings-navigation-implementation/final-13-zoom105-min147-labels.png
 create mode 100644 specs/artifacts/2026-10-05-connection-workspace-authority/settings-navigation-implementation/intermediate-13-independent-physical.json
 create mode 100644 specs/artifacts/2026-10-05-connection-workspace-authority/settings-navigation-implementation/intermediate-13-min140-overlap-geometry.json
 create mode 100644 specs/artifacts/2026-10-05-connection-workspace-authority/settings-navigation-implementation/intermediate2-13-independent-physical.json
 create mode 100644 specs/artifacts/2026-10-05-connection-workspace-authority/settings-navigation-implementation/overlay-build-13.log
 create mode 100644 specs/artifacts/2026-10-05-connection-workspace-authority/settings-navigation-implementation/overlay-final-build-13.log
 create mode 100644 specs/artifacts/2026-10-05-connection-workspace-authority/settings-navigation-implementation/overlay-final-reading-build-13.log
 create mode 100644 specs/artifacts/2026-10-05-connection-workspace-authority/settings-navigation-implementation/overlay-types-13.log
 create mode 100644 specs/artifacts/2026-10-05-connection-workspace-authority/settings-navigation-implementation/owned-observer-parser-13.json
 create mode 100644 specs/artifacts/2026-10-05-connection-workspace-authority/settings-navigation-implementation/owned-readiness-observer.ps1
 create mode 100644 specs/artifacts/2026-10-05-connection-workspace-authority/settings-navigation-implementation/owned-shutdown.ps1
 create mode 100644 specs/artifacts/2026-10-05-connection-workspace-authority/settings-navigation-implementation/preceding-request-commit-12.log
 create mode 100644 specs/artifacts/2026-10-05-connection-workspace-authority/settings-navigation-implementation/preceding-request-outgoing-review-12.json
 create mode 100644 specs/artifacts/2026-10-05-connection-workspace-authority/settings-navigation-implementation/preceding-request-push-12.log
 create mode 100644 specs/artifacts/2026-10-05-connection-workspace-authority/settings-navigation-implementation/reading-13-chinese-lower-labels.png
 create mode 100644 specs/artifacts/2026-10-05-connection-workspace-authority/settings-navigation-implementation/reading-13-chinese-zoom105-min147.png
 create mode 100644 specs/artifacts/2026-10-05-connection-workspace-authority/settings-navigation-implementation/reading-13-clear-max-width.png
 create mode 100644 specs/artifacts/2026-10-05-connection-workspace-authority/settings-navigation-implementation/reading-13-default-settings.png
 create mode 100644 specs/artifacts/2026-10-05-connection-workspace-authority/settings-navigation-implementation/reading-13-durable-comparison.json
 create mode 100644 specs/artifacts/2026-10-05-connection-workspace-authority/settings-navigation-implementation/reading-13-independent-physical.json
 create mode 100644 specs/artifacts/2026-10-05-connection-workspace-authority/settings-navigation-implementation/reading-13-keyboard-focus.png
 create mode 100644 specs/artifacts/2026-10-05-connection-workspace-authority/settings-navigation-implementation/reading-13-min140-labels.png
 create mode 100644 specs/artifacts/2026-10-05-connection-workspace-authority/settings-navigation-implementation/reading-13-pointer-appearance-restored.png
 create mode 100644 specs/artifacts/2026-10-05-connection-workspace-authority/settings-navigation-implementation/reading-13-restored-rendered-facts.json
 create mode 100644 specs/artifacts/2026-10-05-connection-workspace-authority/settings-navigation-implementation/reading-13-search-active-preserved.png
 create mode 100644 specs/artifacts/2026-10-05-connection-workspace-authority/settings-navigation-implementation/reading-13-zoom105-lower-labels.png
 create mode 100644 specs/artifacts/2026-10-05-connection-workspace-authority/settings-navigation-implementation/reading-13-zoom105-upper-labels.png
 create mode 100644 specs/artifacts/2026-10-05-connection-workspace-authority/settings-navigation-implementation/settings-navigation-13-durable-before-closed.json
 create mode 100644 specs/artifacts/2026-10-05-connection-workspace-authority/settings-navigation-implementation/settings-navigation-13-durable-reading-closed.json
 create mode 100644 specs/artifacts/2026-10-05-connection-workspace-authority/settings-navigation-implementation/settings-navigation-after-13-launch.json
 create mode 100644 specs/artifacts/2026-10-05-connection-workspace-authority/settings-navigation-implementation/settings-navigation-after-13-owner.json
 create mode 100644 specs/artifacts/2026-10-05-connection-workspace-authority/settings-navigation-implementation/settings-navigation-after-13-physical-terminal.json
 create mode 100644 specs/artifacts/2026-10-05-connection-workspace-authority/settings-navigation-implementation/settings-navigation-after-13-runtime.log
 create mode 100644 specs/artifacts/2026-10-05-connection-workspace-authority/settings-navigation-implementation/settings-navigation-after-13-shutdown-admission.json
 create mode 100644 specs/artifacts/2026-10-05-connection-workspace-authority/settings-navigation-implementation/settings-navigation-after-13-startup.json
 create mode 100644 specs/artifacts/2026-10-05-connection-workspace-authority/settings-navigation-implementation/settings-navigation-before-13-launch.json
 create mode 100644 specs/artifacts/2026-10-05-connection-workspace-authority/settings-navigation-implementation/settings-navigation-before-13-owner.json
 create mode 100644 specs/artifacts/2026-10-05-connection-workspace-authority/settings-navigation-implementation/settings-navigation-before-13-physical-terminal.json
 create mode 100644 specs/artifacts/2026-10-05-connection-workspace-authority/settings-navigation-implementation/settings-navigation-before-13-runtime.log
 create mode 100644 specs/artifacts/2026-10-05-connection-workspace-authority/settings-navigation-implementation/settings-navigation-before-13-shutdown-admission.json
 create mode 100644 specs/artifacts/2026-10-05-connection-workspace-authority/settings-navigation-implementation/settings-navigation-before-13-startup.json
 create mode 100644 specs/artifacts/2026-10-05-connection-workspace-authority/settings-navigation-implementation/settings-navigation-final-13-launch.json
 create mode 100644 specs/artifacts/2026-10-05-connection-workspace-authority/settings-navigation-implementation/settings-navigation-final-13-owner.json
 create mode 100644 specs/artifacts/2026-10-05-connection-workspace-authority/settings-navigation-implementation/settings-navigation-final-13-physical-terminal.json
 create mode 100644 specs/artifacts/2026-10-05-connection-workspace-authority/settings-navigation-implementation/settings-navigation-final-13-runtime.log
 create mode 100644 specs/artifacts/2026-10-05-connection-workspace-authority/settings-navigation-implementation/settings-navigation-final-13-shutdown-admission.json
 create mode 100644 specs/artifacts/2026-10-05-connection-workspace-authority/settings-navigation-implementation/settings-navigation-final-13-startup.json
 create mode 100644 specs/artifacts/2026-10-05-connection-workspace-authority/settings-navigation-implementation/settings-navigation-reading-13-launch.json
 create mode 100644 specs/artifacts/2026-10-05-connection-workspace-authority/settings-navigation-implementation/settings-navigation-reading-13-owner.json
 create mode 100644 specs/artifacts/2026-10-05-connection-workspace-authority/settings-navigation-implementation/settings-navigation-reading-13-physical-terminal.json
 create mode 100644 specs/artifacts/2026-10-05-connection-workspace-authority/settings-navigation-implementation/settings-navigation-reading-13-runtime.log
 create mode 100644 specs/artifacts/2026-10-05-connection-workspace-authority/settings-navigation-implementation/settings-navigation-reading-13-shutdown-admission.json
 create mode 100644 specs/artifacts/2026-10-05-connection-workspace-authority/settings-navigation-implementation/settings-navigation-reading-13-startup.json
