[1/1] START test/capability/panel-projected-explore-query.test.ts
bun test v1.3.14 (0d9b296a) 1x PARALLEL

test\isolated-test-entry.test.ts:
87 |       const active = (promptProfile as Record<string, unknown>).active
88 |       return typeof active === "string" && active.length > 0 ? active : undefined
89 |     })
90 |     .find((active) => active !== undefined)
91 |   if (!activeProfileID) {
92 |     throw new Error(`Task ${input.taskID} root Session ${task.sessionID} has no frozen active expert squad`)
                   ^
error: Task tsk_g00VXFHv9k004beh9xK7 root Session ses_-zUSki4qEzzIJ43erHIP has no frozen active expert squad
      at assertTaskWorkflowBindingInTransaction (D:\myhexin-local\opencorvus\packages\opencorvus\src\engine\workflow-binding-facts.ts:92:15)
      at D:\myhexin-local\opencorvus\packages\opencorvus\src\engine\dispatch-lineage.ts:639:5
      at run (node:async_hooks:62:22)
      at provideDatabaseContext (D:\myhexin-local\opencorvus\packages\opencorvus\src\storage\db.ts:1585:26)
      at D:\myhexin-local\opencorvus\packages\opencorvus\src\storage\db.ts:1836:18
      at D:\myhexin-local\opencorvus\node_modules\.bun\drizzle-orm@1.0.0-beta.20+13586c8ac9862723\node_modules\drizzle-orm\bun-sqlite\session.js:40:10
      at transaction (bun:sqlite:416:27)
      at transaction (D:\myhexin-local\opencorvus\node_modules\.bun\drizzle-orm@1.0.0-beta.20+13586c8ac9862723\node_modules\drizzle-orm\bun-sqlite\session.js:40:10)
      at immediateTransaction (D:\myhexin-local\opencorvus\packages\opencorvus\src\storage\db.ts:1834:31)
      at recordDispatchLineage (D:\myhexin-local\opencorvus\packages\opencorvus\src\engine\dispatch-lineage.ts:583:12)
      at recordTestDispatchLineage (D:\myhexin-local\opencorvus\packages\opencorvus\test\fixture\dispatch-lineage.ts:121:12)
      at D:\myhexin-local\opencorvus\packages\opencorvus\test\capability\panel-projected-explore-query.test.ts:67:94
      at processTicksAndRejections (unknown:7:39)
(fail) projected explore worker mission queries its actual Project Tasks through resolved registry grants [2605.04ms]
87 |       const active = (promptProfile as Record<string, unknown>).active
88 |       return typeof active === "string" && active.length > 0 ? active : undefined
89 |     })
90 |     .find((active) => active !== undefined)
91 |   if (!activeProfileID) {
92 |     throw new Error(`Task ${input.taskID} root Session ${task.sessionID} has no frozen active expert squad`)
                   ^
error: Task tsk_g00VXFHvkQ00xE5ndV8Y root Session ses_-zUSki4FZzzwIDKk84H9 has no frozen active expert squad
      at assertTaskWorkflowBindingInTransaction (D:\myhexin-local\opencorvus\packages\opencorvus\src\engine\workflow-binding-facts.ts:92:15)
      at D:\myhexin-local\opencorvus\packages\opencorvus\src\engine\dispatch-lineage.ts:639:5
      at run (node:async_hooks:62:22)
      at provideDatabaseContext (D:\myhexin-local\opencorvus\packages\opencorvus\src\storage\db.ts:1585:26)
      at D:\myhexin-local\opencorvus\packages\opencorvus\src\storage\db.ts:1836:18
      at D:\myhexin-local\opencorvus\node_modules\.bun\drizzle-orm@1.0.0-beta.20+13586c8ac9862723\node_modules\drizzle-orm\bun-sqlite\session.js:40:10
      at transaction (bun:sqlite:416:27)
      at transaction (D:\myhexin-local\opencorvus\node_modules\.bun\drizzle-orm@1.0.0-beta.20+13586c8ac9862723\node_modules\drizzle-orm\bun-sqlite\session.js:40:10)
      at immediateTransaction (D:\myhexin-local\opencorvus\packages\opencorvus\src\storage\db.ts:1834:31)
      at recordDispatchLineage (D:\myhexin-local\opencorvus\packages\opencorvus\src\engine\dispatch-lineage.ts:583:12)
      at recordTestDispatchLineage (D:\myhexin-local\opencorvus\packages\opencorvus\test\fixture\dispatch-lineage.ts:121:12)
      at D:\myhexin-local\opencorvus\packages\opencorvus\test\capability\panel-projected-explore-query.test.ts:67:94
      at processTicksAndRejections (unknown:7:39)
(fail) projected explore worker researcher queries its actual Project Tasks through resolved registry grants [2008.67ms]

 0 pass
 2 fail
 4 expect() calls
Ran 2 tests across 1 file. [6.54s]
OpenCorvus test file failed (exit=1): D:\myhexin-local\opencorvus\packages\opencorvus\test\capability\panel-projected-explore-query.test.ts
[1/1] DONE test/capability/panel-projected-explore-query.test.ts exit=1 duration=6.71s
OpenCorvus failed test files (1):
D:\myhexin-local\opencorvus\packages\opencorvus\test\capability\panel-projected-explore-query.test.ts
