[90m@hey-api/openapi-ts v0.97.3[39m

[90m[Job 1] [39m⏳ [36mGenerating from 1 input:[39m
[90m[Job 1] [39m[36m  [1] [39mD:\myhexin-local\opencorvus\packages\sdk\js\.tmp-sdk-build\openapi.json
[90m[Job 1] [39m[32m✅ Done![39m Your output is in [96mD:\myhexin-local\opencorvus\packages\sdk\js\.tmp-sdk-build\src\gen[39m [90m(3 files in 3s)[39m
.tmp-sdk-build/src/client.ts 111ms (unchanged)
.tmp-sdk-build/src/defaults.ts 6ms (unchanged)
.tmp-sdk-build/src/expert-squad-authoring.ts 173ms (unchanged)
.tmp-sdk-build/src/expert-squad-manifest-v2.ts 57ms (unchanged)
.tmp-sdk-build/src/expert-squad-package-contract.ts 2ms (unchanged)
.tmp-sdk-build/src/gen/client.gen.ts 4ms
.tmp-sdk-build/src/gen/client/client.gen.ts 25ms
.tmp-sdk-build/src/gen/client/index.ts 3ms
.tmp-sdk-build/src/gen/client/types.gen.ts 18ms
.tmp-sdk-build/src/gen/client/utils.gen.ts 28ms
.tmp-sdk-build/src/gen/core/auth.gen.ts 6ms
.tmp-sdk-build/src/gen/core/bodySerializer.gen.ts 11ms
.tmp-sdk-build/src/gen/core/params.gen.ts 17ms
.tmp-sdk-build/src/gen/core/pathSerializer.gen.ts 17ms
.tmp-sdk-build/src/gen/core/queryKeySerializer.gen.ts 8ms
.tmp-sdk-build/src/gen/core/serverSentEvents.gen.ts 19ms
.tmp-sdk-build/src/gen/core/types.gen.ts 9ms
.tmp-sdk-build/src/gen/core/utils.gen.ts 14ms
.tmp-sdk-build/src/gen/sdk.gen.ts 773ms
.tmp-sdk-build/src/gen/types.gen.ts 1030ms
.tmp-sdk-build/src/index.ts 5ms (unchanged)
.tmp-sdk-build/src/platform-artifact-tool-ids.ts 1ms
.tmp-sdk-build/src/project-path.ts 3ms (unchanged)
.tmp-sdk-build/src/route-policy.ts 4ms (unchanged)
.tmp-sdk-build/src/server-diagnostic-tail.ts 6ms (unchanged)
.tmp-sdk-build/src/server.ts 19ms (unchanged)
.tmp-sdk-build/src/startup-receipt.ts 9ms (unchanged)
