[1/1] START test/expert-squad/snapshot-publication-diagnostics.test.ts
bun test v1.3.14 (0d9b296a) 1x PARALLEL

test\isolated-test-entry.test.ts:
Publication evidence: D:\myhexin-local\opencorvus\specs\artifacts\2026-10-05-connection-workspace-authority\skills-load-timeout-98\publication-trace\checker-836d4c17-6b3e-409c-8ad5-e2dfa1a68c50
55 |     expect(outputs.map(({ id, namespace, version, readme, scheduler }) => ({ id, namespace, version, readme, scheduler }))).toEqual(Array.from({ length: 4 }, () => ({
56 |       id: "publication", namespace: "trace", version: "2026.10.07.1", readme: definition.files["README.md"], scheduler: definition.manifest.capability_projection.scheduler,
57 |     })))
58 |     const completed = diagnostics.filter((row) => row.data.status === "completed")
59 |     for (const phase of ["projection.package-source-capture", "projection.package-publication", "projection.package-existing-verify", "projection.package-staging-write", "projection.package-atomic-publication", "projection.package-final-verify"]) {
60 |       expect(completed.filter((row) => row.data.phase === phase).map((row) => ({ outcome: row.data.outcome, durationType: typeof row.data.duration }))).toContainEqual({ outcome: "fulfilled", durationType: "number" })
                                                                                                                                                             ^
error: expect(received).toContainEqual(expected)

Expected to contain: {
  outcome: "fulfilled",
  durationType: "number",
}
Received: []

      at <anonymous> (D:\myhexin-local\opencorvus\packages\opencorvus\test\expert-squad\snapshot-publication-diagnostics.test.ts:60:153)
(fail) real source and embedded publication retain package outputs and truthful diagnostic phases [19351.18ms]

 0 pass
 1 fail
 2 expect() calls
Ran 1 test across 1 file. [20.74s]
OpenCorvus test file failed (exit=1): D:\myhexin-local\opencorvus\packages\opencorvus\test\expert-squad\snapshot-publication-diagnostics.test.ts
[1/1] DONE test/expert-squad/snapshot-publication-diagnostics.test.ts exit=1 duration=21.50s
OpenCorvus failed test files (1):
D:\myhexin-local\opencorvus\packages\opencorvus\test\expert-squad\snapshot-publication-diagnostics.test.ts
