[1/1] START test/expert-squad/snapshot-publication-diagnostics.test.ts
bun test v1.3.14 (0d9b296a) 1x PARALLEL

test\isolated-test-entry.test.ts:
Publication evidence: D:\myhexin-local\opencorvus\specs\artifacts\2026-10-05-connection-workspace-authority\skills-load-timeout-98\publication-trace\checker-3722d95a-ff4a-408b-92fd-ba5a792dff2b
114 |     ]) {
115 |       expect(
116 |         completed
117 |           .filter((row) => row.data.phase === phase)
118 |           .map((row) => ({ outcome: row.data.outcome, durationType: typeof row.data.duration })),
119 |       ).toContainEqual({ outcome: "fulfilled", durationType: "number" })
              ^
error: expect(received).toContainEqual(expected)

Expected to contain: {
  outcome: "fulfilled",
  durationType: "number",
}
Received: []

      at <anonymous> (D:\myhexin-local\opencorvus\packages\opencorvus\test\expert-squad\snapshot-publication-diagnostics.test.ts:119:9)
(fail) real source and embedded publication retain package outputs and truthful diagnostic phases [19312.35ms]

 0 pass
 1 fail
 2 expect() calls
Ran 1 test across 1 file. [20.63s]
OpenCorvus test file failed (exit=1): D:\myhexin-local\opencorvus\packages\opencorvus\test\expert-squad\snapshot-publication-diagnostics.test.ts
[1/1] DONE test/expert-squad/snapshot-publication-diagnostics.test.ts exit=1 duration=21.44s
OpenCorvus failed test files (1):
D:\myhexin-local\opencorvus\packages\opencorvus\test\expert-squad\snapshot-publication-diagnostics.test.ts
