[main 41c54f1d] fix: display genuine human Task requests
 64 files changed, 35122 insertions(+), 28 deletions(-)
 create mode 100644 specs/artifacts/2026-10-05-connection-workspace-authority/genuine-request-presentation-implementation-plan.md
 create mode 100644 specs/artifacts/2026-10-05-connection-workspace-authority/genuine-request-presentation-implementation/README.md
 create mode 100644 specs/artifacts/2026-10-05-connection-workspace-authority/genuine-request-presentation-implementation/after-12-control-expanded.png
 create mode 100644 specs/artifacts/2026-10-05-connection-workspace-authority/genuine-request-presentation-implementation/after-12-default-human-request-dom.txt
 create mode 100644 specs/artifacts/2026-10-05-connection-workspace-authority/genuine-request-presentation-implementation/after-12-default-human-request.png
 create mode 100644 specs/artifacts/2026-10-05-connection-workspace-authority/genuine-request-presentation-implementation/after-12-default-rendered-messages.json
 create mode 100644 specs/artifacts/2026-10-05-connection-workspace-authority/genuine-request-presentation-implementation/after-12-existing-chat-dom.txt
 create mode 100644 specs/artifacts/2026-10-05-connection-workspace-authority/genuine-request-presentation-implementation/after-12-existing-chat.png
 create mode 100644 specs/artifacts/2026-10-05-connection-workspace-authority/genuine-request-presentation-implementation/after-12-independent-terminal-history.json
 create mode 100644 specs/artifacts/2026-10-05-connection-workspace-authority/genuine-request-presentation-implementation/after-12-owner-observer-readiness-failure.json
 create mode 100644 specs/artifacts/2026-10-05-connection-workspace-authority/genuine-request-presentation-implementation/after-12-public-identity-comparison.json
 create mode 100644 specs/artifacts/2026-10-05-connection-workspace-authority/genuine-request-presentation-implementation/after-12-public-origin-projection.json
 create mode 100644 specs/artifacts/2026-10-05-connection-workspace-authority/genuine-request-presentation-implementation/after-12-reloaded-human-request.png
 create mode 100644 specs/artifacts/2026-10-05-connection-workspace-authority/genuine-request-presentation-implementation/after-12-reopened-human-request-dom.txt
 create mode 100644 specs/artifacts/2026-10-05-connection-workspace-authority/genuine-request-presentation-implementation/after-12-reopened-human-request.png
 create mode 100644 specs/artifacts/2026-10-05-connection-workspace-authority/genuine-request-presentation-implementation/after-12-reopened-rendered-messages.json
 create mode 100644 specs/artifacts/2026-10-05-connection-workspace-authority/genuine-request-presentation-implementation/after-12-stderr.log
 create mode 100644 specs/artifacts/2026-10-05-connection-workspace-authority/genuine-request-presentation-implementation/after-12-stdout.log
 create mode 100644 specs/artifacts/2026-10-05-connection-workspace-authority/genuine-request-presentation-implementation/after-12-technical-context-default.png
 create mode 100644 specs/artifacts/2026-10-05-connection-workspace-authority/genuine-request-presentation-implementation/before-12-control-expanded-dom.txt
 create mode 100644 specs/artifacts/2026-10-05-connection-workspace-authority/genuine-request-presentation-implementation/before-12-control-expanded.png
 create mode 100644 specs/artifacts/2026-10-05-connection-workspace-authority/genuine-request-presentation-implementation/before-12-creator-expanded.png
 create mode 100644 specs/artifacts/2026-10-05-connection-workspace-authority/genuine-request-presentation-implementation/before-12-default-inputs.png
 create mode 100644 specs/artifacts/2026-10-05-connection-workspace-authority/genuine-request-presentation-implementation/before-12-default-rendered-messages.json
 create mode 100644 specs/artifacts/2026-10-05-connection-workspace-authority/genuine-request-presentation-implementation/before-12-independent-terminal-history.json
 create mode 100644 specs/artifacts/2026-10-05-connection-workspace-authority/genuine-request-presentation-implementation/before-12-public-origin-projection.json
 create mode 100644 specs/artifacts/2026-10-05-connection-workspace-authority/genuine-request-presentation-implementation/before-12-stderr.log
 create mode 100644 specs/artifacts/2026-10-05-connection-workspace-authority/genuine-request-presentation-implementation/before-12-stdout.log
 create mode 100644 specs/artifacts/2026-10-05-connection-workspace-authority/genuine-request-presentation-implementation/before-12-task-selected-dom.txt
 create mode 100644 specs/artifacts/2026-10-05-connection-workspace-authority/genuine-request-presentation-implementation/before-12-task-selected.png
 create mode 100644 specs/artifacts/2026-10-05-connection-workspace-authority/genuine-request-presentation-implementation/docs-12.log
 create mode 100644 specs/artifacts/2026-10-05-connection-workspace-authority/genuine-request-presentation-implementation/genuine-request-after-12-durable-after-terminal.json
 create mode 100644 specs/artifacts/2026-10-05-connection-workspace-authority/genuine-request-presentation-implementation/genuine-request-after-12-launch.json
 create mode 100644 specs/artifacts/2026-10-05-connection-workspace-authority/genuine-request-presentation-implementation/genuine-request-after-12-owner.json
 create mode 100644 specs/artifacts/2026-10-05-connection-workspace-authority/genuine-request-presentation-implementation/genuine-request-after-12-physical-terminal.json
 create mode 100644 specs/artifacts/2026-10-05-connection-workspace-authority/genuine-request-presentation-implementation/genuine-request-after-12-runtime.log
 create mode 100644 specs/artifacts/2026-10-05-connection-workspace-authority/genuine-request-presentation-implementation/genuine-request-after-12-shutdown-admission.json
 create mode 100644 specs/artifacts/2026-10-05-connection-workspace-authority/genuine-request-presentation-implementation/genuine-request-after-12-startup.json
 create mode 100644 specs/artifacts/2026-10-05-connection-workspace-authority/genuine-request-presentation-implementation/genuine-request-before-12-durable-after-terminal.json
 create mode 100644 specs/artifacts/2026-10-05-connection-workspace-authority/genuine-request-presentation-implementation/genuine-request-before-12-durable-before-observed.json
 create mode 100644 specs/artifacts/2026-10-05-connection-workspace-authority/genuine-request-presentation-implementation/genuine-request-before-12-launch.json
 create mode 100644 specs/artifacts/2026-10-05-connection-workspace-authority/genuine-request-presentation-implementation/genuine-request-before-12-owner.json
 create mode 100644 specs/artifacts/2026-10-05-connection-workspace-authority/genuine-request-presentation-implementation/genuine-request-before-12-physical-terminal.json
 create mode 100644 specs/artifacts/2026-10-05-connection-workspace-authority/genuine-request-presentation-implementation/genuine-request-before-12-runtime.log
 create mode 100644 specs/artifacts/2026-10-05-connection-workspace-authority/genuine-request-presentation-implementation/genuine-request-before-12-shutdown-admission.json
 create mode 100644 specs/artifacts/2026-10-05-connection-workspace-authority/genuine-request-presentation-implementation/genuine-request-before-12-startup.json
 create mode 100644 specs/artifacts/2026-10-05-connection-workspace-authority/genuine-request-presentation-implementation/implementation-12.diff
 create mode 100644 specs/artifacts/2026-10-05-connection-workspace-authority/genuine-request-presentation-implementation/independent-source-review.md
 create mode 100644 specs/artifacts/2026-10-05-connection-workspace-authority/genuine-request-presentation-implementation/overlay-build-12.log
 create mode 100644 specs/artifacts/2026-10-05-connection-workspace-authority/genuine-request-presentation-implementation/overlay-types-12.log
 create mode 100644 specs/artifacts/2026-10-05-connection-workspace-authority/genuine-request-presentation-implementation/owned-readiness-observer-12.ps1
 create mode 100644 specs/artifacts/2026-10-05-connection-workspace-authority/genuine-request-presentation-implementation/ownership-contract-12.log
 create mode 100644 specs/artifacts/2026-10-05-connection-workspace-authority/genuine-request-presentation-implementation/preceding-identity-commit-11.log
 create mode 100644 specs/artifacts/2026-10-05-connection-workspace-authority/genuine-request-presentation-implementation/preceding-identity-push-11.log
 create mode 100644 specs/artifacts/2026-10-05-connection-workspace-authority/genuine-request-presentation-implementation/runtime-types-12.log
 create mode 100644 specs/artifacts/2026-10-05-connection-workspace-authority/genuine-request-presentation-implementation/transport-types-12.log
