[main 49265a79] fix: keep listbox keyboard selection visible and stable
 654 files changed, 33177 insertions(+), 13 deletions(-)
 create mode 100644 specs/artifacts/2026-10-05-connection-workspace-authority/reference-scroll-plan.md
 create mode 100644 specs/artifacts/2026-10-05-connection-workspace-authority/reference-scroll/ComposerMentionMenu.tsx.after36.txt
 create mode 100644 specs/artifacts/2026-10-05-connection-workspace-authority/reference-scroll/ComposerMentionMenu.tsx.after37.txt
 create mode 100644 specs/artifacts/2026-10-05-connection-workspace-authority/reference-scroll/ComposerMentionMenu.tsx.before.txt
 create mode 100644 specs/artifacts/2026-10-05-connection-workspace-authority/reference-scroll/ComposerModelSelector.tsx.after36.txt
 create mode 100644 specs/artifacts/2026-10-05-connection-workspace-authority/reference-scroll/ComposerModelSelector.tsx.after37.txt
 create mode 100644 specs/artifacts/2026-10-05-connection-workspace-authority/reference-scroll/ComposerModelSelector.tsx.before.txt
 create mode 100644 specs/artifacts/2026-10-05-connection-workspace-authority/reference-scroll/ComposerReferenceSelector.tsx.after36.txt
 create mode 100644 specs/artifacts/2026-10-05-connection-workspace-authority/reference-scroll/ComposerReferenceSelector.tsx.after37.txt
 create mode 100644 specs/artifacts/2026-10-05-connection-workspace-authority/reference-scroll/ComposerReferenceSelector.tsx.before.txt
 create mode 100644 specs/artifacts/2026-10-05-connection-workspace-authority/reference-scroll/FileChangesView.tsx.after36.txt
 create mode 100644 specs/artifacts/2026-10-05-connection-workspace-authority/reference-scroll/FileChangesView.tsx.after37.txt
 create mode 100644 specs/artifacts/2026-10-05-connection-workspace-authority/reference-scroll/FileChangesView.tsx.before.txt
 create mode 100644 specs/artifacts/2026-10-05-connection-workspace-authority/reference-scroll/Listbox.tsx.after36.txt
 create mode 100644 specs/artifacts/2026-10-05-connection-workspace-authority/reference-scroll/Listbox.tsx.after37.txt
 create mode 100644 specs/artifacts/2026-10-05-connection-workspace-authority/reference-scroll/Listbox.tsx.before.txt
 create mode 100644 specs/artifacts/2026-10-05-connection-workspace-authority/reference-scroll/README.md
 create mode 100644 specs/artifacts/2026-10-05-connection-workspace-authority/reference-scroll/ScheduledAutomationsPanel.tsx.after36.txt
 create mode 100644 specs/artifacts/2026-10-05-connection-workspace-authority/reference-scroll/ScheduledAutomationsPanel.tsx.after37.txt
 create mode 100644 specs/artifacts/2026-10-05-connection-workspace-authority/reference-scroll/ScheduledAutomationsPanel.tsx.before.txt
 create mode 100644 specs/artifacts/2026-10-05-connection-workspace-authority/reference-scroll/actual-35-authored-catalog-inputs.json
 create mode 100644 specs/artifacts/2026-10-05-connection-workspace-authority/reference-scroll/actual-35-baseline.png
 create mode 100644 specs/artifacts/2026-10-05-connection-workspace-authority/reference-scroll/actual-35-baseline.txt
 create mode 100644 specs/artifacts/2026-10-05-connection-workspace-authority/reference-scroll/actual-35-completed-task.png
 create mode 100644 specs/artifacts/2026-10-05-connection-workspace-authority/reference-scroll/actual-35-completed-task.txt
 create mode 100644 specs/artifacts/2026-10-05-connection-workspace-authority/reference-scroll/actual-35-create.log
 create mode 100644 specs/artifacts/2026-10-05-connection-workspace-authority/reference-scroll/actual-35-end-focused.png
 create mode 100644 specs/artifacts/2026-10-05-connection-workspace-authority/reference-scroll/actual-35-end-focused.txt
 create mode 100644 specs/artifacts/2026-10-05-connection-workspace-authority/reference-scroll/actual-35-global-catalog-http.json
 create mode 100644 specs/artifacts/2026-10-05-connection-workspace-authority/reference-scroll/actual-35-hidden-selection-draft.png
 create mode 100644 specs/artifacts/2026-10-05-connection-workspace-authority/reference-scroll/actual-35-hidden-selection-draft.txt
 create mode 100644 specs/artifacts/2026-10-05-connection-workspace-authority/reference-scroll/actual-35-launch.log
 create mode 100644 specs/artifacts/2026-10-05-connection-workspace-authority/reference-scroll/actual-35-pointer-dismissal.png
 create mode 100644 specs/artifacts/2026-10-05-connection-workspace-authority/reference-scroll/actual-35-pointer-dismissal.txt
 create mode 100644 specs/artifacts/2026-10-05-connection-workspace-authority/reference-scroll/actual-35-pointer-first.png
 create mode 100644 specs/artifacts/2026-10-05-connection-workspace-authority/reference-scroll/actual-35-pointer-first.txt
 create mode 100644 specs/artifacts/2026-10-05-connection-workspace-authority/reference-scroll/actual-35-readonly-facts.json
 create mode 100644 specs/artifacts/2026-10-05-connection-workspace-authority/reference-scroll/actual-35-readonly.log
 create mode 100644 specs/artifacts/2026-10-05-connection-workspace-authority/reference-scroll/actual-35-root-closure.json
 create mode 100644 specs/artifacts/2026-10-05-connection-workspace-authority/reference-scroll/actual-35-shutdown.log
 create mode 100644 specs/artifacts/2026-10-05-connection-workspace-authority/reference-scroll/actual-35-space-before-dismissal.png
 create mode 100644 specs/artifacts/2026-10-05-connection-workspace-authority/reference-scroll/actual-35-space-before-dismissal.txt
 create mode 100644 specs/artifacts/2026-10-05-connection-workspace-authority/reference-scroll/actual-35-task-accepted-cli.json
 create mode 100644 specs/artifacts/2026-10-05-connection-workspace-authority/reference-scroll/actual-35-task-create-first.log
 create mode 100644 specs/artifacts/2026-10-05-connection-workspace-authority/reference-scroll/actual-35-task-request-input.json
 create mode 100644 specs/artifacts/2026-10-05-connection-workspace-authority/reference-scroll/actual-35-task-selection.json
 create mode 100644 specs/artifacts/2026-10-05-connection-workspace-authority/reference-scroll/actual-36-authored-catalog-inputs.json
 create mode 100644 specs/artifacts/2026-10-05-connection-workspace-authority/reference-scroll/actual-36-create.log
 create mode 100644 specs/artifacts/2026-10-05-connection-workspace-authority/reference-scroll/actual-36-end-visible.png
 create mode 100644 specs/artifacts/2026-10-05-connection-workspace-authority/reference-scroll/actual-36-end-visible.txt
 create mode 100644 specs/artifacts/2026-10-05-connection-workspace-authority/reference-scroll/actual-36-enter-deselection.png
 create mode 100644 specs/artifacts/2026-10-05-connection-workspace-authority/reference-scroll/actual-36-enter-deselection.txt
 create mode 100644 specs/artifacts/2026-10-05-connection-workspace-authority/reference-scroll/actual-36-enter-selection-escape-retained.png
 create mode 100644 specs/artifacts/2026-10-05-connection-workspace-authority/reference-scroll/actual-36-enter-selection-escape-retained.txt
 create mode 100644 specs/artifacts/2026-10-05-connection-workspace-authority/reference-scroll/actual-36-first-space-selection.png
 create mode 100644 specs/artifacts/2026-10-05-connection-workspace-authority/reference-scroll/actual-36-first-space-selection.txt
 create mode 100644 specs/artifacts/2026-10-05-connection-workspace-authority/reference-scroll/actual-36-global-catalog-http.json
 create mode 100644 specs/artifacts/2026-10-05-connection-workspace-authority/reference-scroll/actual-36-home-visible.png
 create mode 100644 specs/artifacts/2026-10-05-connection-workspace-authority/reference-scroll/actual-36-home-visible.txt
 create mode 100644 specs/artifacts/2026-10-05-connection-workspace-authority/reference-scroll/actual-36-launch.log
 create mode 100644 specs/artifacts/2026-10-05-connection-workspace-authority/reference-scroll/actual-36-mention-keyboard-selection.png
 create mode 100644 specs/artifacts/2026-10-05-connection-workspace-authority/reference-scroll/actual-36-mention-keyboard-selection.txt
 create mode 100644 specs/artifacts/2026-10-05-connection-workspace-authority/reference-scroll/actual-36-mention-pointer-selection.png
 create mode 100644 specs/artifacts/2026-10-05-connection-workspace-authority/reference-scroll/actual-36-mention-pointer-selection.txt
 create mode 100644 specs/artifacts/2026-10-05-connection-workspace-authority/reference-scroll/actual-36-model-keyboard-selection.png
 create mode 100644 specs/artifacts/2026-10-05-connection-workspace-authority/reference-scroll/actual-36-model-keyboard-selection.txt
 create mode 100644 specs/artifacts/2026-10-05-connection-workspace-authority/reference-scroll/actual-36-readonly-facts.json
 create mode 100644 specs/artifacts/2026-10-05-connection-workspace-authority/reference-scroll/actual-36-readonly.log
 create mode 100644 specs/artifacts/2026-10-05-connection-workspace-authority/reference-scroll/actual-36-root-closure.json
 create mode 100644 specs/artifacts/2026-10-05-connection-workspace-authority/reference-scroll/actual-36-scheduled-before-space-scroll.png
 create mode 100644 specs/artifacts/2026-10-05-connection-workspace-authority/reference-scroll/actual-36-scheduled-before-space-scroll.txt
 create mode 100644 specs/artifacts/2026-10-05-connection-workspace-authority/reference-scroll/actual-36-scheduled-first-space.png
 create mode 100644 specs/artifacts/2026-10-05-connection-workspace-authority/reference-scroll/actual-36-scheduled-first-space.txt
 create mode 100644 specs/artifacts/2026-10-05-connection-workspace-authority/reference-scroll/actual-36-scheduled-space-page-jump.png
 create mode 100644 specs/artifacts/2026-10-05-connection-workspace-authority/reference-scroll/actual-36-scheduled-space-page-jump.txt
 create mode 100644 specs/artifacts/2026-10-05-connection-workspace-authority/reference-scroll/actual-36-shutdown.log
 create mode 100644 specs/artifacts/2026-10-05-connection-workspace-authority/reference-scroll/actual-36-task-accepted-cli.json
 create mode 100644 specs/artifacts/2026-10-05-connection-workspace-authority/reference-scroll/actual-36-task-create-first.log
 create mode 100644 specs/artifacts/2026-10-05-connection-workspace-authority/reference-scroll/actual-36-task-request-input.json
 create mode 100644 specs/artifacts/2026-10-05-connection-workspace-authority/reference-scroll/actual-36-task-selection.json
 create mode 100644 specs/artifacts/2026-10-05-connection-workspace-authority/reference-scroll/actual-36-up-wrap-visible.png
 create mode 100644 specs/artifacts/2026-10-05-connection-workspace-authority/reference-scroll/actual-36-up-wrap-visible.txt
 create mode 100644 specs/artifacts/2026-10-05-connection-workspace-authority/reference-scroll/actual-37-authored-catalog-inputs.json
 create mode 100644 specs/artifacts/2026-10-05-connection-workspace-authority/reference-scroll/actual-37-completed-task.png
 create mode 100644 specs/artifacts/2026-10-05-connection-workspace-authority/reference-scroll/actual-37-completed-task.txt
 create mode 100644 specs/artifacts/2026-10-05-connection-workspace-authority/reference-scroll/actual-37-create.log
 create mode 100644 specs/artifacts/2026-10-05-connection-workspace-authority/reference-scroll/actual-37-end-space-visible-selected.png
 create mode 100644 specs/artifacts/2026-10-05-connection-workspace-authority/reference-scroll/actual-37-end-space-visible-selected.txt
 create mode 100644 specs/artifacts/2026-10-05-connection-workspace-authority/reference-scroll/actual-37-enter-deselection.png
 create mode 100644 specs/artifacts/2026-10-05-connection-workspace-authority/reference-scroll/actual-37-enter-deselection.txt
 create mode 100644 specs/artifacts/2026-10-05-connection-workspace-authority/reference-scroll/actual-37-enter-selection-escape-retained.png
 create mode 100644 specs/artifacts/2026-10-05-connection-workspace-authority/reference-scroll/actual-37-enter-selection-escape-retained.txt
 create mode 100644 specs/artifacts/2026-10-05-connection-workspace-authority/reference-scroll/actual-37-global-catalog-http.json
 create mode 100644 specs/artifacts/2026-10-05-connection-workspace-authority/reference-scroll/actual-37-home-visible.png
 create mode 100644 specs/artifacts/2026-10-05-connection-workspace-authority/reference-scroll/actual-37-home-visible.txt
 create mode 100644 specs/artifacts/2026-10-05-connection-workspace-authority/reference-scroll/actual-37-launch.log
 create mode 100644 specs/artifacts/2026-10-05-connection-workspace-authority/reference-scroll/actual-37-mention-keyboard-selection.png
 create mode 100644 specs/artifacts/2026-10-05-connection-workspace-authority/reference-scroll/actual-37-mention-keyboard-selection.txt
 create mode 100644 specs/artifacts/2026-10-05-connection-workspace-authority/reference-scroll/actual-37-mention-pointer-selection.png
 create mode 100644 specs/artifacts/2026-10-05-connection-workspace-authority/reference-scroll/actual-37-mention-pointer-selection.txt
 create mode 100644 specs/artifacts/2026-10-05-connection-workspace-authority/reference-scroll/actual-37-model-keyboard-selection.png
 create mode 100644 specs/artifacts/2026-10-05-connection-workspace-authority/reference-scroll/actual-37-model-keyboard-selection.txt
 create mode 100644 specs/artifacts/2026-10-05-connection-workspace-authority/reference-scroll/actual-37-readonly-facts.json
 create mode 100644 specs/artifacts/2026-10-05-connection-workspace-authority/reference-scroll/actual-37-readonly.log
 create mode 100644 specs/artifacts/2026-10-05-connection-workspace-authority/reference-scroll/actual-37-root-closure.json
 create mode 100644 specs/artifacts/2026-10-05-connection-workspace-authority/reference-scroll/actual-37-scheduled-before-space.png
 create mode 100644 specs/artifacts/2026-10-05-connection-workspace-authority/reference-scroll/actual-37-scheduled-before-space.txt
 create mode 100644 specs/artifacts/2026-10-05-connection-workspace-authority/reference-scroll/actual-37-scheduled-first-space-stable.png
 create mode 100644 specs/artifacts/2026-10-05-connection-workspace-authority/reference-scroll/actual-37-scheduled-first-space-stable.txt
 create mode 100644 specs/artifacts/2026-10-05-connection-workspace-authority/reference-scroll/actual-37-scheduled-pointer-selection.png
 create mode 100644 specs/artifacts/2026-10-05-connection-workspace-authority/reference-scroll/actual-37-scheduled-pointer-selection.txt
 create mode 100644 specs/artifacts/2026-10-05-connection-workspace-authority/reference-scroll/actual-37-scheduled-space-deselected.png
 create mode 100644 specs/artifacts/2026-10-05-connection-workspace-authority/reference-scroll/actual-37-scheduled-space-deselected.txt
 create mode 100644 specs/artifacts/2026-10-05-connection-workspace-authority/reference-scroll/actual-37-scheduled-two-keyboard-selected.png
 create mode 100644 specs/artifacts/2026-10-05-connection-workspace-authority/reference-scroll/actual-37-scheduled-two-keyboard-selected.txt
 create mode 100644 specs/artifacts/2026-10-05-connection-workspace-authority/reference-scroll/actual-37-shutdown.log
 create mode 100644 specs/artifacts/2026-10-05-connection-workspace-authority/reference-scroll/actual-37-task-accepted-cli.json
 create mode 100644 specs/artifacts/2026-10-05-connection-workspace-authority/reference-scroll/actual-37-task-create-first.log
 create mode 100644 specs/artifacts/2026-10-05-connection-workspace-authority/reference-scroll/actual-37-task-request-input.json
 create mode 100644 specs/artifacts/2026-10-05-connection-workspace-authority/reference-scroll/actual-37-task-selection.json
 create mode 100644 specs/artifacts/2026-10-05-connection-workspace-authority/reference-scroll/actual-37-up-wrap-visible.png
 create mode 100644 specs/artifacts/2026-10-05-connection-workspace-authority/reference-scroll/actual-37-up-wrap-visible.txt
 create mode 100644 specs/artifacts/2026-10-05-connection-workspace-authority/reference-scroll/build-final.log
 create mode 100644 specs/artifacts/2026-10-05-connection-workspace-authority/reference-scroll/build-first.log
 create mode 100644 specs/artifacts/2026-10-05-connection-workspace-authority/reference-scroll/composer.css.before.txt
 create mode 100644 specs/artifacts/2026-10-05-connection-workspace-authority/reference-scroll/docs-final-plan.log
 create mode 100644 specs/artifacts/2026-10-05-connection-workspace-authority/reference-scroll/docs-final-recovery.log
 create mode 100644 specs/artifacts/2026-10-05-connection-workspace-authority/reference-scroll/docs-final.log
 create mode 100644 specs/artifacts/2026-10-05-connection-workspace-authority/reference-scroll/docs-implementation.log
 create mode 100644 specs/artifacts/2026-10-05-connection-workspace-authority/reference-scroll/docs-plan-first.log
 create mode 100644 specs/artifacts/2026-10-05-connection-workspace-authority/reference-scroll/prior-34-normal-commit.log
 create mode 100644 specs/artifacts/2026-10-05-connection-workspace-authority/reference-scroll/prior-34-normal-push.log
 create mode 100644 specs/artifacts/2026-10-05-connection-workspace-authority/reference-scroll/reference-scroll-35-chain-supervision-72240-1.json
 create mode 100644 specs/artifacts/2026-10-05-connection-workspace-authority/reference-scroll/reference-scroll-35-chain-supervision-72240-10.json
 create mode 100644 specs/artifacts/2026-10-05-connection-workspace-authority/reference-scroll/reference-scroll-35-chain-supervision-72240-11.json
 create mode 100644 specs/artifacts/2026-10-05-connection-workspace-authority/reference-scroll/reference-scroll-35-chain-supervision-72240-12.json
 create mode 100644 specs/artifacts/2026-10-05-connection-workspace-authority/reference-scroll/reference-scroll-35-chain-supervision-72240-13.json
 create mode 100644 specs/artifacts/2026-10-05-connection-workspace-authority/reference-scroll/reference-scroll-35-chain-supervision-72240-14.json
 create mode 100644 specs/artifacts/2026-10-05-connection-workspace-authority/reference-scroll/reference-scroll-35-chain-supervision-72240-15.json
 create mode 100644 specs/artifacts/2026-10-05-connection-workspace-authority/reference-scroll/reference-scroll-35-chain-supervision-72240-16.json
 create mode 100644 specs/artifacts/2026-10-05-connection-workspace-authority/reference-scroll/reference-scroll-35-chain-supervision-72240-17.json
 create mode 100644 specs/artifacts/2026-10-05-connection-workspace-authority/reference-scroll/reference-scroll-35-chain-supervision-72240-18.json
 create mode 100644 specs/artifacts/2026-10-05-connection-workspace-authority/reference-scroll/reference-scroll-35-chain-supervision-72240-19.json
 create mode 100644 specs/artifacts/2026-10-05-connection-workspace-authority/reference-scroll/reference-scroll-35-chain-supervision-72240-2.json
 create mode 100644 specs/artifacts/2026-10-05-connection-workspace-authority/reference-scroll/reference-scroll-35-chain-supervision-72240-20.json
 create mode 100644 specs/artifacts/2026-10-05-connection-workspace-authority/reference-scroll/reference-scroll-35-chain-supervision-72240-21.json
 create mode 100644 specs/artifacts/2026-10-05-connection-workspace-authority/reference-scroll/reference-scroll-35-chain-supervision-72240-22.json
 create mode 100644 specs/artifacts/2026-10-05-connection-workspace-authority/reference-scroll/reference-scroll-35-chain-supervision-72240-23.json
 create mode 100644 specs/artifacts/2026-10-05-connection-workspace-authority/reference-scroll/reference-scroll-35-chain-supervision-72240-24.json
 create mode 100644 specs/artifacts/2026-10-05-connection-workspace-authority/reference-scroll/reference-scroll-35-chain-supervision-72240-25.json
 create mode 100644 specs/artifacts/2026-10-05-connection-workspace-authority/reference-scroll/reference-scroll-35-chain-supervision-72240-26.json
 create mode 100644 specs/artifacts/2026-10-05-connection-workspace-authority/reference-scroll/reference-scroll-35-chain-supervision-72240-27.json
 create mode 100644 specs/artifacts/2026-10-05-connection-workspace-authority/reference-scroll/reference-scroll-35-chain-supervision-72240-28.json
 create mode 100644 specs/artifacts/2026-10-05-connection-workspace-authority/reference-scroll/reference-scroll-35-chain-supervision-72240-29.json
 create mode 100644 specs/artifacts/2026-10-05-connection-workspace-authority/reference-scroll/reference-scroll-35-chain-supervision-72240-3.json
 create mode 100644 specs/artifacts/2026-10-05-connection-workspace-authority/reference-scroll/reference-scroll-35-chain-supervision-72240-30.json
 create mode 100644 specs/artifacts/2026-10-05-connection-workspace-authority/reference-scroll/reference-scroll-35-chain-supervision-72240-31.json
 create mode 100644 specs/artifacts/2026-10-05-connection-workspace-authority/reference-scroll/reference-scroll-35-chain-supervision-72240-32.json
 create mode 100644 specs/artifacts/2026-10-05-connection-workspace-authority/reference-scroll/reference-scroll-35-chain-supervision-72240-33.json
 create mode 100644 specs/artifacts/2026-10-05-connection-workspace-authority/reference-scroll/reference-scroll-35-chain-supervision-72240-34.json
 create mode 100644 specs/artifacts/2026-10-05-connection-workspace-authority/reference-scroll/reference-scroll-35-chain-supervision-72240-35.json
 create mode 100644 specs/artifacts/2026-10-05-connection-workspace-authority/reference-scroll/reference-scroll-35-chain-supervision-72240-36.json
 create mode 100644 specs/artifacts/2026-10-05-connection-workspace-authority/reference-scroll/reference-scroll-35-chain-supervision-72240-37.json
 create mode 100644 specs/artifacts/2026-10-05-connection-workspace-authority/reference-scroll/reference-scroll-35-chain-supervision-72240-38.json
 create mode 100644 specs/artifacts/2026-10-05-connection-workspace-authority/reference-scroll/reference-scroll-35-chain-supervision-72240-39.json
 create mode 100644 specs/artifacts/2026-10-05-connection-workspace-authority/reference-scroll/reference-scroll-35-chain-supervision-72240-4.json
 create mode 100644 specs/artifacts/2026-10-05-connection-workspace-authority/reference-scroll/reference-scroll-35-chain-supervision-72240-40.json
 create mode 100644 specs/artifacts/2026-10-05-connection-workspace-authority/reference-scroll/reference-scroll-35-chain-supervision-72240-41.json
 create mode 100644 specs/artifacts/2026-10-05-connection-workspace-authority/reference-scroll/reference-scroll-35-chain-supervision-72240-42.json
 create mode 100644 specs/artifacts/2026-10-05-connection-workspace-authority/reference-scroll/reference-scroll-35-chain-supervision-72240-43.json
 create mode 100644 specs/artifacts/2026-10-05-connection-workspace-authority/reference-scroll/reference-scroll-35-chain-supervision-72240-44.json
 create mode 100644 specs/artifacts/2026-10-05-connection-workspace-authority/reference-scroll/reference-scroll-35-chain-supervision-72240-45.json
 create mode 100644 specs/artifacts/2026-10-05-connection-workspace-authority/reference-scroll/reference-scroll-35-chain-supervision-72240-46.json
 create mode 100644 specs/artifacts/2026-10-05-connection-workspace-authority/reference-scroll/reference-scroll-35-chain-supervision-72240-47.json
 create mode 100644 specs/artifacts/2026-10-05-connection-workspace-authority/reference-scroll/reference-scroll-35-chain-supervision-72240-48.json
 create mode 100644 specs/artifacts/2026-10-05-connection-workspace-authority/reference-scroll/reference-scroll-35-chain-supervision-72240-49.json
 create mode 100644 specs/artifacts/2026-10-05-connection-workspace-authority/reference-scroll/reference-scroll-35-chain-supervision-72240-5.json
 create mode 100644 specs/artifacts/2026-10-05-connection-workspace-authority/reference-scroll/reference-scroll-35-chain-supervision-72240-50.json
 create mode 100644 specs/artifacts/2026-10-05-connection-workspace-authority/reference-scroll/reference-scroll-35-chain-supervision-72240-51.json
 create mode 100644 specs/artifacts/2026-10-05-connection-workspace-authority/reference-scroll/reference-scroll-35-chain-supervision-72240-52.json
 create mode 100644 specs/artifacts/2026-10-05-connection-workspace-authority/reference-scroll/reference-scroll-35-chain-supervision-72240-53.json
 create mode 100644 specs/artifacts/2026-10-05-connection-workspace-authority/reference-scroll/reference-scroll-35-chain-supervision-72240-54.json
 create mode 100644 specs/artifacts/2026-10-05-connection-workspace-authority/reference-scroll/reference-scroll-35-chain-supervision-72240-55.json
 create mode 100644 specs/artifacts/2026-10-05-connection-workspace-authority/reference-scroll/reference-scroll-35-chain-supervision-72240-56.json
 create mode 100644 specs/artifacts/2026-10-05-connection-workspace-authority/reference-scroll/reference-scroll-35-chain-supervision-72240-57.json
 create mode 100644 specs/artifacts/2026-10-05-connection-workspace-authority/reference-scroll/reference-scroll-35-chain-supervision-72240-58.json
 create mode 100644 specs/artifacts/2026-10-05-connection-workspace-authority/reference-scroll/reference-scroll-35-chain-supervision-72240-59.json
 create mode 100644 specs/artifacts/2026-10-05-connection-workspace-authority/reference-scroll/reference-scroll-35-chain-supervision-72240-6.json
 create mode 100644 specs/artifacts/2026-10-05-connection-workspace-authority/reference-scroll/reference-scroll-35-chain-supervision-72240-60.json
 create mode 100644 specs/artifacts/2026-10-05-connection-workspace-authority/reference-scroll/reference-scroll-35-chain-supervision-72240-7.json
 create mode 100644 specs/artifacts/2026-10-05-connection-workspace-authority/reference-scroll/reference-scroll-35-chain-supervision-72240-8.json
 create mode 100644 specs/artifacts/2026-10-05-connection-workspace-authority/reference-scroll/reference-scroll-35-chain-supervision-72240-9.json
 create mode 100644 specs/artifacts/2026-10-05-connection-workspace-authority/reference-scroll/reference-scroll-35-final-provider-audit.json
 create mode 100644 specs/artifacts/2026-10-05-connection-workspace-authority/reference-scroll/reference-scroll-35-physical-terminal-and-pair-cleanup.json
 create mode 100644 specs/artifacts/2026-10-05-connection-workspace-authority/reference-scroll/reference-scroll-35-settlement-owner.json
 create mode 100644 specs/artifacts/2026-10-05-connection-workspace-authority/reference-scroll/reference-scroll-35-shutdown-admission.json
 create mode 100644 specs/artifacts/2026-10-05-connection-workspace-authority/reference-scroll/reference-scroll-36-chain-supervision-35868-1.json
 create mode 100644 specs/artifacts/2026-10-05-connection-workspace-authority/reference-scroll/reference-scroll-36-chain-supervision-35868-10.json
 create mode 100644 specs/artifacts/2026-10-05-connection-workspace-authority/reference-scroll/reference-scroll-36-chain-supervision-35868-100.json
 create mode 100644 specs/artifacts/2026-10-05-connection-workspace-authority/reference-scroll/reference-scroll-36-chain-supervision-35868-101.json
 create mode 100644 specs/artifacts/2026-10-05-connection-workspace-authority/reference-scroll/reference-scroll-36-chain-supervision-35868-102.json
 create mode 100644 specs/artifacts/2026-10-05-connection-workspace-authority/reference-scroll/reference-scroll-36-chain-supervision-35868-103.json
 create mode 100644 specs/artifacts/2026-10-05-connection-workspace-authority/reference-scroll/reference-scroll-36-chain-supervision-35868-104.json
 create mode 100644 specs/artifacts/2026-10-05-connection-workspace-authority/reference-scroll/reference-scroll-36-chain-supervision-35868-105.json
 create mode 100644 specs/artifacts/2026-10-05-connection-workspace-authority/reference-scroll/reference-scroll-36-chain-supervision-35868-106.json
 create mode 100644 specs/artifacts/2026-10-05-connection-workspace-authority/reference-scroll/reference-scroll-36-chain-supervision-35868-107.json
 create mode 100644 specs/artifacts/2026-10-05-connection-workspace-authority/reference-scroll/reference-scroll-36-chain-supervision-35868-108.json
 create mode 100644 specs/artifacts/2026-10-05-connection-workspace-authority/reference-scroll/reference-scroll-36-chain-supervision-35868-109.json
 create mode 100644 specs/artifacts/2026-10-05-connection-workspace-authority/reference-scroll/reference-scroll-36-chain-supervision-35868-11.json
 create mode 100644 specs/artifacts/2026-10-05-connection-workspace-authority/reference-scroll/reference-scroll-36-chain-supervision-35868-110.json
 create mode 100644 specs/artifacts/2026-10-05-connection-workspace-authority/reference-scroll/reference-scroll-36-chain-supervision-35868-111.json
 create mode 100644 specs/artifacts/2026-10-05-connection-workspace-authority/reference-scroll/reference-scroll-36-chain-supervision-35868-112.json
 create mode 100644 specs/artifacts/2026-10-05-connection-workspace-authority/reference-scroll/reference-scroll-36-chain-supervision-35868-113.json
 create mode 100644 specs/artifacts/2026-10-05-connection-workspace-authority/reference-scroll/reference-scroll-36-chain-supervision-35868-114.json
 create mode 100644 specs/artifacts/2026-10-05-connection-workspace-authority/reference-scroll/reference-scroll-36-chain-supervision-35868-115.json
 create mode 100644 specs/artifacts/2026-10-05-connection-workspace-authority/reference-scroll/reference-scroll-36-chain-supervision-35868-116.json
 create mode 100644 specs/artifacts/2026-10-05-connection-workspace-authority/reference-scroll/reference-scroll-36-chain-supervision-35868-117.json
 create mode 100644 specs/artifacts/2026-10-05-connection-workspace-authority/reference-scroll/reference-scroll-36-chain-supervision-35868-118.json
 create mode 100644 specs/artifacts/2026-10-05-connection-workspace-authority/reference-scroll/reference-scroll-36-chain-supervision-35868-119.json
 create mode 100644 specs/artifacts/2026-10-05-connection-workspace-authority/reference-scroll/reference-scroll-36-chain-supervision-35868-12.json
 create mode 100644 specs/artifacts/2026-10-05-connection-workspace-authority/reference-scroll/reference-scroll-36-chain-supervision-35868-120.json
 create mode 100644 specs/artifacts/2026-10-05-connection-workspace-authority/reference-scroll/reference-scroll-36-chain-supervision-35868-121.json
 create mode 100644 specs/artifacts/2026-10-05-connection-workspace-authority/reference-scroll/reference-scroll-36-chain-supervision-35868-122.json
 create mode 100644 specs/artifacts/2026-10-05-connection-workspace-authority/reference-scroll/reference-scroll-36-chain-supervision-35868-123.json
 create mode 100644 specs/artifacts/2026-10-05-connection-workspace-authority/reference-scroll/reference-scroll-36-chain-supervision-35868-124.json
 create mode 100644 specs/artifacts/2026-10-05-connection-workspace-authority/reference-scroll/reference-scroll-36-chain-supervision-35868-125.json
 create mode 100644 specs/artifacts/2026-10-05-connection-workspace-authority/reference-scroll/reference-scroll-36-chain-supervision-35868-126.json
 create mode 100644 specs/artifacts/2026-10-05-connection-workspace-authority/reference-scroll/reference-scroll-36-chain-supervision-35868-127.json
 create mode 100644 specs/artifacts/2026-10-05-connection-workspace-authority/reference-scroll/reference-scroll-36-chain-supervision-35868-128.json
 create mode 100644 specs/artifacts/2026-10-05-connection-workspace-authority/reference-scroll/reference-scroll-36-chain-supervision-35868-129.json
 create mode 100644 specs/artifacts/2026-10-05-connection-workspace-authority/reference-scroll/reference-scroll-36-chain-supervision-35868-13.json
 create mode 100644 specs/artifacts/2026-10-05-connection-workspace-authority/reference-scroll/reference-scroll-36-chain-supervision-35868-130.json
 create mode 100644 specs/artifacts/2026-10-05-connection-workspace-authority/reference-scroll/reference-scroll-36-chain-supervision-35868-131.json
 create mode 100644 specs/artifacts/2026-10-05-connection-workspace-authority/reference-scroll/reference-scroll-36-chain-supervision-35868-132.json
 create mode 100644 specs/artifacts/2026-10-05-connection-workspace-authority/reference-scroll/reference-scroll-36-chain-supervision-35868-133.json
 create mode 100644 specs/artifacts/2026-10-05-connection-workspace-authority/reference-scroll/reference-scroll-36-chain-supervision-35868-134.json
 create mode 100644 specs/artifacts/2026-10-05-connection-workspace-authority/reference-scroll/reference-scroll-36-chain-supervision-35868-135.json
 create mode 100644 specs/artifacts/2026-10-05-connection-workspace-authority/reference-scroll/reference-scroll-36-chain-supervision-35868-136.json
 create mode 100644 specs/artifacts/2026-10-05-connection-workspace-authority/reference-scroll/reference-scroll-36-chain-supervision-35868-137.json
 create mode 100644 specs/artifacts/2026-10-05-connection-workspace-authority/reference-scroll/reference-scroll-36-chain-supervision-35868-138.json
 create mode 100644 specs/artifacts/2026-10-05-connection-workspace-authority/reference-scroll/reference-scroll-36-chain-supervision-35868-139.json
 create mode 100644 specs/artifacts/2026-10-05-connection-workspace-authority/reference-scroll/reference-scroll-36-chain-supervision-35868-14.json
 create mode 100644 specs/artifacts/2026-10-05-connection-workspace-authority/reference-scroll/reference-scroll-36-chain-supervision-35868-140.json
 create mode 100644 specs/artifacts/2026-10-05-connection-workspace-authority/reference-scroll/reference-scroll-36-chain-supervision-35868-141.json
 create mode 100644 specs/artifacts/2026-10-05-connection-workspace-authority/reference-scroll/reference-scroll-36-chain-supervision-35868-142.json
 create mode 100644 specs/artifacts/2026-10-05-connection-workspace-authority/reference-scroll/reference-scroll-36-chain-supervision-35868-143.json
 create mode 100644 specs/artifacts/2026-10-05-connection-workspace-authority/reference-scroll/reference-scroll-36-chain-supervision-35868-144.json
 create mode 100644 specs/artifacts/2026-10-05-connection-workspace-authority/reference-scroll/reference-scroll-36-chain-supervision-35868-145.json
 create mode 100644 specs/artifacts/2026-10-05-connection-workspace-authority/reference-scroll/reference-scroll-36-chain-supervision-35868-146.json
 create mode 100644 specs/artifacts/2026-10-05-connection-workspace-authority/reference-scroll/reference-scroll-36-chain-supervision-35868-147.json
 create mode 100644 specs/artifacts/2026-10-05-connection-workspace-authority/reference-scroll/reference-scroll-36-chain-supervision-35868-148.json
 create mode 100644 specs/artifacts/2026-10-05-connection-workspace-authority/reference-scroll/reference-scroll-36-chain-supervision-35868-149.json
 create mode 100644 specs/artifacts/2026-10-05-connection-workspace-authority/reference-scroll/reference-scroll-36-chain-supervision-35868-15.json
 create mode 100644 specs/artifacts/2026-10-05-connection-workspace-authority/reference-scroll/reference-scroll-36-chain-supervision-35868-150.json
 create mode 100644 specs/artifacts/2026-10-05-connection-workspace-authority/reference-scroll/reference-scroll-36-chain-supervision-35868-151.json
 create mode 100644 specs/artifacts/2026-10-05-connection-workspace-authority/reference-scroll/reference-scroll-36-chain-supervision-35868-152.json
 create mode 100644 specs/artifacts/2026-10-05-connection-workspace-authority/reference-scroll/reference-scroll-36-chain-supervision-35868-153.json
 create mode 100644 specs/artifacts/2026-10-05-connection-workspace-authority/reference-scroll/reference-scroll-36-chain-supervision-35868-154.json
 create mode 100644 specs/artifacts/2026-10-05-connection-workspace-authority/reference-scroll/reference-scroll-36-chain-supervision-35868-155.json
 create mode 100644 specs/artifacts/2026-10-05-connection-workspace-authority/reference-scroll/reference-scroll-36-chain-supervision-35868-16.json
 create mode 100644 specs/artifacts/2026-10-05-connection-workspace-authority/reference-scroll/reference-scroll-36-chain-supervision-35868-17.json
 create mode 100644 specs/artifacts/2026-10-05-connection-workspace-authority/reference-scroll/reference-scroll-36-chain-supervision-35868-18.json
 create mode 100644 specs/artifacts/2026-10-05-connection-workspace-authority/reference-scroll/reference-scroll-36-chain-supervision-35868-19.json
 create mode 100644 specs/artifacts/2026-10-05-connection-workspace-authority/reference-scroll/reference-scroll-36-chain-supervision-35868-2.json
 create mode 100644 specs/artifacts/2026-10-05-connection-workspace-authority/reference-scroll/reference-scroll-36-chain-supervision-35868-20.json
 create mode 100644 specs/artifacts/2026-10-05-connection-workspace-authority/reference-scroll/reference-scroll-36-chain-supervision-35868-21.json
 create mode 100644 specs/artifacts/2026-10-05-connection-workspace-authority/reference-scroll/reference-scroll-36-chain-supervision-35868-22.json
 create mode 100644 specs/artifacts/2026-10-05-connection-workspace-authority/reference-scroll/reference-scroll-36-chain-supervision-35868-23.json
 create mode 100644 specs/artifacts/2026-10-05-connection-workspace-authority/reference-scroll/reference-scroll-36-chain-supervision-35868-24.json
 create mode 100644 specs/artifacts/2026-10-05-connection-workspace-authority/reference-scroll/reference-scroll-36-chain-supervision-35868-25.json
 create mode 100644 specs/artifacts/2026-10-05-connection-workspace-authority/reference-scroll/reference-scroll-36-chain-supervision-35868-26.json
 create mode 100644 specs/artifacts/2026-10-05-connection-workspace-authority/reference-scroll/reference-scroll-36-chain-supervision-35868-27.json
 create mode 100644 specs/artifacts/2026-10-05-connection-workspace-authority/reference-scroll/reference-scroll-36-chain-supervision-35868-28.json
 create mode 100644 specs/artifacts/2026-10-05-connection-workspace-authority/reference-scroll/reference-scroll-36-chain-supervision-35868-29.json
 create mode 100644 specs/artifacts/2026-10-05-connection-workspace-authority/reference-scroll/reference-scroll-36-chain-supervision-35868-3.json
 create mode 100644 specs/artifacts/2026-10-05-connection-workspace-authority/reference-scroll/reference-scroll-36-chain-supervision-35868-30.json
 create mode 100644 specs/artifacts/2026-10-05-connection-workspace-authority/reference-scroll/reference-scroll-36-chain-supervision-35868-31.json
 create mode 100644 specs/artifacts/2026-10-05-connection-workspace-authority/reference-scroll/reference-scroll-36-chain-supervision-35868-32.json
 create mode 100644 specs/artifacts/2026-10-05-connection-workspace-authority/reference-scroll/reference-scroll-36-chain-supervision-35868-33.json
 create mode 100644 specs/artifacts/2026-10-05-connection-workspace-authority/reference-scroll/reference-scroll-36-chain-supervision-35868-34.json
 create mode 100644 specs/artifacts/2026-10-05-connection-workspace-authority/reference-scroll/reference-scroll-36-chain-supervision-35868-35.json
 create mode 100644 specs/artifacts/2026-10-05-connection-workspace-authority/reference-scroll/reference-scroll-36-chain-supervision-35868-36.json
 create mode 100644 specs/artifacts/2026-10-05-connection-workspace-authority/reference-scroll/reference-scroll-36-chain-supervision-35868-37.json
 create mode 100644 specs/artifacts/2026-10-05-connection-workspace-authority/reference-scroll/reference-scroll-36-chain-supervision-35868-38.json
 create mode 100644 specs/artifacts/2026-10-05-connection-workspace-authority/reference-scroll/reference-scroll-36-chain-supervision-35868-39.json
 create mode 100644 specs/artifacts/2026-10-05-connection-workspace-authority/reference-scroll/reference-scroll-36-chain-supervision-35868-4.json
 create mode 100644 specs/artifacts/2026-10-05-connection-workspace-authority/reference-scroll/reference-scroll-36-chain-supervision-35868-40.json
 create mode 100644 specs/artifacts/2026-10-05-connection-workspace-authority/reference-scroll/reference-scroll-36-chain-supervision-35868-41.json
 create mode 100644 specs/artifacts/2026-10-05-connection-workspace-authority/reference-scroll/reference-scroll-36-chain-supervision-35868-42.json
 create mode 100644 specs/artifacts/2026-10-05-connection-workspace-authority/reference-scroll/reference-scroll-36-chain-supervision-35868-43.json
 create mode 100644 specs/artifacts/2026-10-05-connection-workspace-authority/reference-scroll/reference-scroll-36-chain-supervision-35868-44.json
 create mode 100644 specs/artifacts/2026-10-05-connection-workspace-authority/reference-scroll/reference-scroll-36-chain-supervision-35868-45.json
 create mode 100644 specs/artifacts/2026-10-05-connection-workspace-authority/reference-scroll/reference-scroll-36-chain-supervision-35868-46.json
 create mode 100644 specs/artifacts/2026-10-05-connection-workspace-authority/reference-scroll/reference-scroll-36-chain-supervision-35868-47.json
 create mode 100644 specs/artifacts/2026-10-05-connection-workspace-authority/reference-scroll/reference-scroll-36-chain-supervision-35868-48.json
 create mode 100644 specs/artifacts/2026-10-05-connection-workspace-authority/reference-scroll/reference-scroll-36-chain-supervision-35868-49.json
 create mode 100644 specs/artifacts/2026-10-05-connection-workspace-authority/reference-scroll/reference-scroll-36-chain-supervision-35868-5.json
 create mode 100644 specs/artifacts/2026-10-05-connection-workspace-authority/reference-scroll/reference-scroll-36-chain-supervision-35868-50.json
 create mode 100644 specs/artifacts/2026-10-05-connection-workspace-authority/reference-scroll/reference-scroll-36-chain-supervision-35868-51.json
 create mode 100644 specs/artifacts/2026-10-05-connection-workspace-authority/reference-scroll/reference-scroll-36-chain-supervision-35868-52.json
 create mode 100644 specs/artifacts/2026-10-05-connection-workspace-authority/reference-scroll/reference-scroll-36-chain-supervision-35868-53.json
 create mode 100644 specs/artifacts/2026-10-05-connection-workspace-authority/reference-scroll/reference-scroll-36-chain-supervision-35868-54.json
 create mode 100644 specs/artifacts/2026-10-05-connection-workspace-authority/reference-scroll/reference-scroll-36-chain-supervision-35868-55.json
 create mode 100644 specs/artifacts/2026-10-05-connection-workspace-authority/reference-scroll/reference-scroll-36-chain-supervision-35868-56.json
 create mode 100644 specs/artifacts/2026-10-05-connection-workspace-authority/reference-scroll/reference-scroll-36-chain-supervision-35868-57.json
 create mode 100644 specs/artifacts/2026-10-05-connection-workspace-authority/reference-scroll/reference-scroll-36-chain-supervision-35868-58.json
 create mode 100644 specs/artifacts/2026-10-05-connection-workspace-authority/reference-scroll/reference-scroll-36-chain-supervision-35868-59.json
 create mode 100644 specs/artifacts/2026-10-05-connection-workspace-authority/reference-scroll/reference-scroll-36-chain-supervision-35868-6.json
 create mode 100644 specs/artifacts/2026-10-05-connection-workspace-authority/reference-scroll/reference-scroll-36-chain-supervision-35868-60.json
 create mode 100644 specs/artifacts/2026-10-05-connection-workspace-authority/reference-scroll/reference-scroll-36-chain-supervision-35868-61.json
 create mode 100644 specs/artifacts/2026-10-05-connection-workspace-authority/reference-scroll/reference-scroll-36-chain-supervision-35868-62.json
 create mode 100644 specs/artifacts/2026-10-05-connection-workspace-authority/reference-scroll/reference-scroll-36-chain-supervision-35868-63.json
 create mode 100644 specs/artifacts/2026-10-05-connection-workspace-authority/reference-scroll/reference-scroll-36-chain-supervision-35868-64.json
 create mode 100644 specs/artifacts/2026-10-05-connection-workspace-authority/reference-scroll/reference-scroll-36-chain-supervision-35868-65.json
 create mode 100644 specs/artifacts/2026-10-05-connection-workspace-authority/reference-scroll/reference-scroll-36-chain-supervision-35868-66.json
 create mode 100644 specs/artifacts/2026-10-05-connection-workspace-authority/reference-scroll/reference-scroll-36-chain-supervision-35868-67.json
 create mode 100644 specs/artifacts/2026-10-05-connection-workspace-authority/reference-scroll/reference-scroll-36-chain-supervision-35868-68.json
 create mode 100644 specs/artifacts/2026-10-05-connection-workspace-authority/reference-scroll/reference-scroll-36-chain-supervision-35868-69.json
 create mode 100644 specs/artifacts/2026-10-05-connection-workspace-authority/reference-scroll/reference-scroll-36-chain-supervision-35868-7.json
 create mode 100644 specs/artifacts/2026-10-05-connection-workspace-authority/reference-scroll/reference-scroll-36-chain-supervision-35868-70.json
 create mode 100644 specs/artifacts/2026-10-05-connection-workspace-authority/reference-scroll/reference-scroll-36-chain-supervision-35868-71.json
 create mode 100644 specs/artifacts/2026-10-05-connection-workspace-authority/reference-scroll/reference-scroll-36-chain-supervision-35868-72.json
 create mode 100644 specs/artifacts/2026-10-05-connection-workspace-authority/reference-scroll/reference-scroll-36-chain-supervision-35868-73.json
 create mode 100644 specs/artifacts/2026-10-05-connection-workspace-authority/reference-scroll/reference-scroll-36-chain-supervision-35868-74.json
 create mode 100644 specs/artifacts/2026-10-05-connection-workspace-authority/reference-scroll/reference-scroll-36-chain-supervision-35868-75.json
 create mode 100644 specs/artifacts/2026-10-05-connection-workspace-authority/reference-scroll/reference-scroll-36-chain-supervision-35868-76.json
 create mode 100644 specs/artifacts/2026-10-05-connection-workspace-authority/reference-scroll/reference-scroll-36-chain-supervision-35868-77.json
 create mode 100644 specs/artifacts/2026-10-05-connection-workspace-authority/reference-scroll/reference-scroll-36-chain-supervision-35868-78.json
 create mode 100644 specs/artifacts/2026-10-05-connection-workspace-authority/reference-scroll/reference-scroll-36-chain-supervision-35868-79.json
 create mode 100644 specs/artifacts/2026-10-05-connection-workspace-authority/reference-scroll/reference-scroll-36-chain-supervision-35868-8.json
 create mode 100644 specs/artifacts/2026-10-05-connection-workspace-authority/reference-scroll/reference-scroll-36-chain-supervision-35868-80.json
 create mode 100644 specs/artifacts/2026-10-05-connection-workspace-authority/reference-scroll/reference-scroll-36-chain-supervision-35868-81.json
 create mode 100644 specs/artifacts/2026-10-05-connection-workspace-authority/reference-scroll/reference-scroll-36-chain-supervision-35868-82.json
 create mode 100644 specs/artifacts/2026-10-05-connection-workspace-authority/reference-scroll/reference-scroll-36-chain-supervision-35868-83.json
 create mode 100644 specs/artifacts/2026-10-05-connection-workspace-authority/reference-scroll/reference-scroll-36-chain-supervision-35868-84.json
 create mode 100644 specs/artifacts/2026-10-05-connection-workspace-authority/reference-scroll/reference-scroll-36-chain-supervision-35868-85.json
 create mode 100644 specs/artifacts/2026-10-05-connection-workspace-authority/reference-scroll/reference-scroll-36-chain-supervision-35868-86.json
 create mode 100644 specs/artifacts/2026-10-05-connection-workspace-authority/reference-scroll/reference-scroll-36-chain-supervision-35868-87.json
 create mode 100644 specs/artifacts/2026-10-05-connection-workspace-authority/reference-scroll/reference-scroll-36-chain-supervision-35868-88.json
 create mode 100644 specs/artifacts/2026-10-05-connection-workspace-authority/reference-scroll/reference-scroll-36-chain-supervision-35868-89.json
 create mode 100644 specs/artifacts/2026-10-05-connection-workspace-authority/reference-scroll/reference-scroll-36-chain-supervision-35868-9.json
 create mode 100644 specs/artifacts/2026-10-05-connection-workspace-authority/reference-scroll/reference-scroll-36-chain-supervision-35868-90.json
 create mode 100644 specs/artifacts/2026-10-05-connection-workspace-authority/reference-scroll/reference-scroll-36-chain-supervision-35868-91.json
 create mode 100644 specs/artifacts/2026-10-05-connection-workspace-authority/reference-scroll/reference-scroll-36-chain-supervision-35868-92.json
 create mode 100644 specs/artifacts/2026-10-05-connection-workspace-authority/reference-scroll/reference-scroll-36-chain-supervision-35868-93.json
 create mode 100644 specs/artifacts/2026-10-05-connection-workspace-authority/reference-scroll/reference-scroll-36-chain-supervision-35868-94.json
 create mode 100644 specs/artifacts/2026-10-05-connection-workspace-authority/reference-scroll/reference-scroll-36-chain-supervision-35868-95.json
 create mode 100644 specs/artifacts/2026-10-05-connection-workspace-authority/reference-scroll/reference-scroll-36-chain-supervision-35868-96.json
 create mode 100644 specs/artifacts/2026-10-05-connection-workspace-authority/reference-scroll/reference-scroll-36-chain-supervision-35868-97.json
 create mode 100644 specs/artifacts/2026-10-05-connection-workspace-authority/reference-scroll/reference-scroll-36-chain-supervision-35868-98.json
 create mode 100644 specs/artifacts/2026-10-05-connection-workspace-authority/reference-scroll/reference-scroll-36-chain-supervision-35868-99.json
 create mode 100644 specs/artifacts/2026-10-05-connection-workspace-authority/reference-scroll/reference-scroll-36-final-provider-audit.json
 create mode 100644 specs/artifacts/2026-10-05-connection-workspace-authority/reference-scroll/reference-scroll-36-physical-terminal-and-pair-cleanup.json
 create mode 100644 specs/artifacts/2026-10-05-connection-workspace-authority/reference-scroll/reference-scroll-36-settlement-owner.json
 create mode 100644 specs/artifacts/2026-10-05-connection-workspace-authority/reference-scroll/reference-scroll-36-shutdown-admission.json
 create mode 100644 specs/artifacts/2026-10-05-connection-workspace-authority/reference-scroll/reference-scroll-37-chain-supervision-54356-1.json
 create mode 100644 specs/artifacts/2026-10-05-connection-workspace-authority/reference-scroll/reference-scroll-37-chain-supervision-54356-10.json
 create mode 100644 specs/artifacts/2026-10-05-connection-workspace-authority/reference-scroll/reference-scroll-37-chain-supervision-54356-100.json
 create mode 100644 specs/artifacts/2026-10-05-connection-workspace-authority/reference-scroll/reference-scroll-37-chain-supervision-54356-101.json
 create mode 100644 specs/artifacts/2026-10-05-connection-workspace-authority/reference-scroll/reference-scroll-37-chain-supervision-54356-102.json
 create mode 100644 specs/artifacts/2026-10-05-connection-workspace-authority/reference-scroll/reference-scroll-37-chain-supervision-54356-103.json
 create mode 100644 specs/artifacts/2026-10-05-connection-workspace-authority/reference-scroll/reference-scroll-37-chain-supervision-54356-104.json
 create mode 100644 specs/artifacts/2026-10-05-connection-workspace-authority/reference-scroll/reference-scroll-37-chain-supervision-54356-105.json
 create mode 100644 specs/artifacts/2026-10-05-connection-workspace-authority/reference-scroll/reference-scroll-37-chain-supervision-54356-106.json
 create mode 100644 specs/artifacts/2026-10-05-connection-workspace-authority/reference-scroll/reference-scroll-37-chain-supervision-54356-107.json
 create mode 100644 specs/artifacts/2026-10-05-connection-workspace-authority/reference-scroll/reference-scroll-37-chain-supervision-54356-108.json
 create mode 100644 specs/artifacts/2026-10-05-connection-workspace-authority/reference-scroll/reference-scroll-37-chain-supervision-54356-109.json
 create mode 100644 specs/artifacts/2026-10-05-connection-workspace-authority/reference-scroll/reference-scroll-37-chain-supervision-54356-11.json
 create mode 100644 specs/artifacts/2026-10-05-connection-workspace-authority/reference-scroll/reference-scroll-37-chain-supervision-54356-110.json
 create mode 100644 specs/artifacts/2026-10-05-connection-workspace-authority/reference-scroll/reference-scroll-37-chain-supervision-54356-111.json
 create mode 100644 specs/artifacts/2026-10-05-connection-workspace-authority/reference-scroll/reference-scroll-37-chain-supervision-54356-112.json
 create mode 100644 specs/artifacts/2026-10-05-connection-workspace-authority/reference-scroll/reference-scroll-37-chain-supervision-54356-113.json
 create mode 100644 specs/artifacts/2026-10-05-connection-workspace-authority/reference-scroll/reference-scroll-37-chain-supervision-54356-114.json
 create mode 100644 specs/artifacts/2026-10-05-connection-workspace-authority/reference-scroll/reference-scroll-37-chain-supervision-54356-115.json
 create mode 100644 specs/artifacts/2026-10-05-connection-workspace-authority/reference-scroll/reference-scroll-37-chain-supervision-54356-116.json
 create mode 100644 specs/artifacts/2026-10-05-connection-workspace-authority/reference-scroll/reference-scroll-37-chain-supervision-54356-117.json
 create mode 100644 specs/artifacts/2026-10-05-connection-workspace-authority/reference-scroll/reference-scroll-37-chain-supervision-54356-118.json
 create mode 100644 specs/artifacts/2026-10-05-connection-workspace-authority/reference-scroll/reference-scroll-37-chain-supervision-54356-119.json
 create mode 100644 specs/artifacts/2026-10-05-connection-workspace-authority/reference-scroll/reference-scroll-37-chain-supervision-54356-12.json
 create mode 100644 specs/artifacts/2026-10-05-connection-workspace-authority/reference-scroll/reference-scroll-37-chain-supervision-54356-120.json
 create mode 100644 specs/artifacts/2026-10-05-connection-workspace-authority/reference-scroll/reference-scroll-37-chain-supervision-54356-121.json
 create mode 100644 specs/artifacts/2026-10-05-connection-workspace-authority/reference-scroll/reference-scroll-37-chain-supervision-54356-122.json
 create mode 100644 specs/artifacts/2026-10-05-connection-workspace-authority/reference-scroll/reference-scroll-37-chain-supervision-54356-123.json
 create mode 100644 specs/artifacts/2026-10-05-connection-workspace-authority/reference-scroll/reference-scroll-37-chain-supervision-54356-124.json
 create mode 100644 specs/artifacts/2026-10-05-connection-workspace-authority/reference-scroll/reference-scroll-37-chain-supervision-54356-125.json
 create mode 100644 specs/artifacts/2026-10-05-connection-workspace-authority/reference-scroll/reference-scroll-37-chain-supervision-54356-126.json
 create mode 100644 specs/artifacts/2026-10-05-connection-workspace-authority/reference-scroll/reference-scroll-37-chain-supervision-54356-127.json
 create mode 100644 specs/artifacts/2026-10-05-connection-workspace-authority/reference-scroll/reference-scroll-37-chain-supervision-54356-128.json
 create mode 100644 specs/artifacts/2026-10-05-connection-workspace-authority/reference-scroll/reference-scroll-37-chain-supervision-54356-129.json
 create mode 100644 specs/artifacts/2026-10-05-connection-workspace-authority/reference-scroll/reference-scroll-37-chain-supervision-54356-13.json
 create mode 100644 specs/artifacts/2026-10-05-connection-workspace-authority/reference-scroll/reference-scroll-37-chain-supervision-54356-130.json
 create mode 100644 specs/artifacts/2026-10-05-connection-workspace-authority/reference-scroll/reference-scroll-37-chain-supervision-54356-131.json
 create mode 100644 specs/artifacts/2026-10-05-connection-workspace-authority/reference-scroll/reference-scroll-37-chain-supervision-54356-132.json
 create mode 100644 specs/artifacts/2026-10-05-connection-workspace-authority/reference-scroll/reference-scroll-37-chain-supervision-54356-133.json
 create mode 100644 specs/artifacts/2026-10-05-connection-workspace-authority/reference-scroll/reference-scroll-37-chain-supervision-54356-134.json
 create mode 100644 specs/artifacts/2026-10-05-connection-workspace-authority/reference-scroll/reference-scroll-37-chain-supervision-54356-135.json
 create mode 100644 specs/artifacts/2026-10-05-connection-workspace-authority/reference-scroll/reference-scroll-37-chain-supervision-54356-136.json
 create mode 100644 specs/artifacts/2026-10-05-connection-workspace-authority/reference-scroll/reference-scroll-37-chain-supervision-54356-137.json
 create mode 100644 specs/artifacts/2026-10-05-connection-workspace-authority/reference-scroll/reference-scroll-37-chain-supervision-54356-138.json
 create mode 100644 specs/artifacts/2026-10-05-connection-workspace-authority/reference-scroll/reference-scroll-37-chain-supervision-54356-139.json
 create mode 100644 specs/artifacts/2026-10-05-connection-workspace-authority/reference-scroll/reference-scroll-37-chain-supervision-54356-14.json
 create mode 100644 specs/artifacts/2026-10-05-connection-workspace-authority/reference-scroll/reference-scroll-37-chain-supervision-54356-140.json
 create mode 100644 specs/artifacts/2026-10-05-connection-workspace-authority/reference-scroll/reference-scroll-37-chain-supervision-54356-141.json
 create mode 100644 specs/artifacts/2026-10-05-connection-workspace-authority/reference-scroll/reference-scroll-37-chain-supervision-54356-142.json
 create mode 100644 specs/artifacts/2026-10-05-connection-workspace-authority/reference-scroll/reference-scroll-37-chain-supervision-54356-143.json
 create mode 100644 specs/artifacts/2026-10-05-connection-workspace-authority/reference-scroll/reference-scroll-37-chain-supervision-54356-144.json
 create mode 100644 specs/artifacts/2026-10-05-connection-workspace-authority/reference-scroll/reference-scroll-37-chain-supervision-54356-145.json
 create mode 100644 specs/artifacts/2026-10-05-connection-workspace-authority/reference-scroll/reference-scroll-37-chain-supervision-54356-146.json
 create mode 100644 specs/artifacts/2026-10-05-connection-workspace-authority/reference-scroll/reference-scroll-37-chain-supervision-54356-147.json
 create mode 100644 specs/artifacts/2026-10-05-connection-workspace-authority/reference-scroll/reference-scroll-37-chain-supervision-54356-148.json
 create mode 100644 specs/artifacts/2026-10-05-connection-workspace-authority/reference-scroll/reference-scroll-37-chain-supervision-54356-149.json
 create mode 100644 specs/artifacts/2026-10-05-connection-workspace-authority/reference-scroll/reference-scroll-37-chain-supervision-54356-15.json
 create mode 100644 specs/artifacts/2026-10-05-connection-workspace-authority/reference-scroll/reference-scroll-37-chain-supervision-54356-150.json
 create mode 100644 specs/artifacts/2026-10-05-connection-workspace-authority/reference-scroll/reference-scroll-37-chain-supervision-54356-151.json
 create mode 100644 specs/artifacts/2026-10-05-connection-workspace-authority/reference-scroll/reference-scroll-37-chain-supervision-54356-152.json
 create mode 100644 specs/artifacts/2026-10-05-connection-workspace-authority/reference-scroll/reference-scroll-37-chain-supervision-54356-153.json
 create mode 100644 specs/artifacts/2026-10-05-connection-workspace-authority/reference-scroll/reference-scroll-37-chain-supervision-54356-154.json
 create mode 100644 specs/artifacts/2026-10-05-connection-workspace-authority/reference-scroll/reference-scroll-37-chain-supervision-54356-155.json
 create mode 100644 specs/artifacts/2026-10-05-connection-workspace-authority/reference-scroll/reference-scroll-37-chain-supervision-54356-156.json
 create mode 100644 specs/artifacts/2026-10-05-connection-workspace-authority/reference-scroll/reference-scroll-37-chain-supervision-54356-157.json
 create mode 100644 specs/artifacts/2026-10-05-connection-workspace-authority/reference-scroll/reference-scroll-37-chain-supervision-54356-158.json
 create mode 100644 specs/artifacts/2026-10-05-connection-workspace-authority/reference-scroll/reference-scroll-37-chain-supervision-54356-16.json
 create mode 100644 specs/artifacts/2026-10-05-connection-workspace-authority/reference-scroll/reference-scroll-37-chain-supervision-54356-17.json
 create mode 100644 specs/artifacts/2026-10-05-connection-workspace-authority/reference-scroll/reference-scroll-37-chain-supervision-54356-18.json
 create mode 100644 specs/artifacts/2026-10-05-connection-workspace-authority/reference-scroll/reference-scroll-37-chain-supervision-54356-19.json
 create mode 100644 specs/artifacts/2026-10-05-connection-workspace-authority/reference-scroll/reference-scroll-37-chain-supervision-54356-2.json
 create mode 100644 specs/artifacts/2026-10-05-connection-workspace-authority/reference-scroll/reference-scroll-37-chain-supervision-54356-20.json
 create mode 100644 specs/artifacts/2026-10-05-connection-workspace-authority/reference-scroll/reference-scroll-37-chain-supervision-54356-21.json
 create mode 100644 specs/artifacts/2026-10-05-connection-workspace-authority/reference-scroll/reference-scroll-37-chain-supervision-54356-22.json
 create mode 100644 specs/artifacts/2026-10-05-connection-workspace-authority/reference-scroll/reference-scroll-37-chain-supervision-54356-23.json
 create mode 100644 specs/artifacts/2026-10-05-connection-workspace-authority/reference-scroll/reference-scroll-37-chain-supervision-54356-24.json
 create mode 100644 specs/artifacts/2026-10-05-connection-workspace-authority/reference-scroll/reference-scroll-37-chain-supervision-54356-25.json
 create mode 100644 specs/artifacts/2026-10-05-connection-workspace-authority/reference-scroll/reference-scroll-37-chain-supervision-54356-26.json
 create mode 100644 specs/artifacts/2026-10-05-connection-workspace-authority/reference-scroll/reference-scroll-37-chain-supervision-54356-27.json
 create mode 100644 specs/artifacts/2026-10-05-connection-workspace-authority/reference-scroll/reference-scroll-37-chain-supervision-54356-28.json
 create mode 100644 specs/artifacts/2026-10-05-connection-workspace-authority/reference-scroll/reference-scroll-37-chain-supervision-54356-29.json
 create mode 100644 specs/artifacts/2026-10-05-connection-workspace-authority/reference-scroll/reference-scroll-37-chain-supervision-54356-3.json
 create mode 100644 specs/artifacts/2026-10-05-connection-workspace-authority/reference-scroll/reference-scroll-37-chain-supervision-54356-30.json
 create mode 100644 specs/artifacts/2026-10-05-connection-workspace-authority/reference-scroll/reference-scroll-37-chain-supervision-54356-31.json
 create mode 100644 specs/artifacts/2026-10-05-connection-workspace-authority/reference-scroll/reference-scroll-37-chain-supervision-54356-32.json
 create mode 100644 specs/artifacts/2026-10-05-connection-workspace-authority/reference-scroll/reference-scroll-37-chain-supervision-54356-33.json
 create mode 100644 specs/artifacts/2026-10-05-connection-workspace-authority/reference-scroll/reference-scroll-37-chain-supervision-54356-34.json
 create mode 100644 specs/artifacts/2026-10-05-connection-workspace-authority/reference-scroll/reference-scroll-37-chain-supervision-54356-35.json
 create mode 100644 specs/artifacts/2026-10-05-connection-workspace-authority/reference-scroll/reference-scroll-37-chain-supervision-54356-36.json
 create mode 100644 specs/artifacts/2026-10-05-connection-workspace-authority/reference-scroll/reference-scroll-37-chain-supervision-54356-37.json
 create mode 100644 specs/artifacts/2026-10-05-connection-workspace-authority/reference-scroll/reference-scroll-37-chain-supervision-54356-38.json
 create mode 100644 specs/artifacts/2026-10-05-connection-workspace-authority/reference-scroll/reference-scroll-37-chain-supervision-54356-39.json
 create mode 100644 specs/artifacts/2026-10-05-connection-workspace-authority/reference-scroll/reference-scroll-37-chain-supervision-54356-4.json
 create mode 100644 specs/artifacts/2026-10-05-connection-workspace-authority/reference-scroll/reference-scroll-37-chain-supervision-54356-40.json
 create mode 100644 specs/artifacts/2026-10-05-connection-workspace-authority/reference-scroll/reference-scroll-37-chain-supervision-54356-41.json
 create mode 100644 specs/artifacts/2026-10-05-connection-workspace-authority/reference-scroll/reference-scroll-37-chain-supervision-54356-42.json
 create mode 100644 specs/artifacts/2026-10-05-connection-workspace-authority/reference-scroll/reference-scroll-37-chain-supervision-54356-43.json
 create mode 100644 specs/artifacts/2026-10-05-connection-workspace-authority/reference-scroll/reference-scroll-37-chain-supervision-54356-44.json
 create mode 100644 specs/artifacts/2026-10-05-connection-workspace-authority/reference-scroll/reference-scroll-37-chain-supervision-54356-45.json
 create mode 100644 specs/artifacts/2026-10-05-connection-workspace-authority/reference-scroll/reference-scroll-37-chain-supervision-54356-46.json
 create mode 100644 specs/artifacts/2026-10-05-connection-workspace-authority/reference-scroll/reference-scroll-37-chain-supervision-54356-47.json
 create mode 100644 specs/artifacts/2026-10-05-connection-workspace-authority/reference-scroll/reference-scroll-37-chain-supervision-54356-48.json
 create mode 100644 specs/artifacts/2026-10-05-connection-workspace-authority/reference-scroll/reference-scroll-37-chain-supervision-54356-49.json
 create mode 100644 specs/artifacts/2026-10-05-connection-workspace-authority/reference-scroll/reference-scroll-37-chain-supervision-54356-5.json
 create mode 100644 specs/artifacts/2026-10-05-connection-workspace-authority/reference-scroll/reference-scroll-37-chain-supervision-54356-50.json
 create mode 100644 specs/artifacts/2026-10-05-connection-workspace-authority/reference-scroll/reference-scroll-37-chain-supervision-54356-51.json
 create mode 100644 specs/artifacts/2026-10-05-connection-workspace-authority/reference-scroll/reference-scroll-37-chain-supervision-54356-52.json
 create mode 100644 specs/artifacts/2026-10-05-connection-workspace-authority/reference-scroll/reference-scroll-37-chain-supervision-54356-53.json
 create mode 100644 specs/artifacts/2026-10-05-connection-workspace-authority/reference-scroll/reference-scroll-37-chain-supervision-54356-54.json
 create mode 100644 specs/artifacts/2026-10-05-connection-workspace-authority/reference-scroll/reference-scroll-37-chain-supervision-54356-55.json
 create mode 100644 specs/artifacts/2026-10-05-connection-workspace-authority/reference-scroll/reference-scroll-37-chain-supervision-54356-56.json
 create mode 100644 specs/artifacts/2026-10-05-connection-workspace-authority/reference-scroll/reference-scroll-37-chain-supervision-54356-57.json
 create mode 100644 specs/artifacts/2026-10-05-connection-workspace-authority/reference-scroll/reference-scroll-37-chain-supervision-54356-58.json
 create mode 100644 specs/artifacts/2026-10-05-connection-workspace-authority/reference-scroll/reference-scroll-37-chain-supervision-54356-59.json
 create mode 100644 specs/artifacts/2026-10-05-connection-workspace-authority/reference-scroll/reference-scroll-37-chain-supervision-54356-6.json
 create mode 100644 specs/artifacts/2026-10-05-connection-workspace-authority/reference-scroll/reference-scroll-37-chain-supervision-54356-60.json
 create mode 100644 specs/artifacts/2026-10-05-connection-workspace-authority/reference-scroll/reference-scroll-37-chain-supervision-54356-61.json
 create mode 100644 specs/artifacts/2026-10-05-connection-workspace-authority/reference-scroll/reference-scroll-37-chain-supervision-54356-62.json
 create mode 100644 specs/artifacts/2026-10-05-connection-workspace-authority/reference-scroll/reference-scroll-37-chain-supervision-54356-63.json
 create mode 100644 specs/artifacts/2026-10-05-connection-workspace-authority/reference-scroll/reference-scroll-37-chain-supervision-54356-64.json
 create mode 100644 specs/artifacts/2026-10-05-connection-workspace-authority/reference-scroll/reference-scroll-37-chain-supervision-54356-65.json
 create mode 100644 specs/artifacts/2026-10-05-connection-workspace-authority/reference-scroll/reference-scroll-37-chain-supervision-54356-66.json
 create mode 100644 specs/artifacts/2026-10-05-connection-workspace-authority/reference-scroll/reference-scroll-37-chain-supervision-54356-67.json
 create mode 100644 specs/artifacts/2026-10-05-connection-workspace-authority/reference-scroll/reference-scroll-37-chain-supervision-54356-68.json
 create mode 100644 specs/artifacts/2026-10-05-connection-workspace-authority/reference-scroll/reference-scroll-37-chain-supervision-54356-69.json
 create mode 100644 specs/artifacts/2026-10-05-connection-workspace-authority/reference-scroll/reference-scroll-37-chain-supervision-54356-7.json
 create mode 100644 specs/artifacts/2026-10-05-connection-workspace-authority/reference-scroll/reference-scroll-37-chain-supervision-54356-70.json
 create mode 100644 specs/artifacts/2026-10-05-connection-workspace-authority/reference-scroll/reference-scroll-37-chain-supervision-54356-71.json
 create mode 100644 specs/artifacts/2026-10-05-connection-workspace-authority/reference-scroll/reference-scroll-37-chain-supervision-54356-72.json
 create mode 100644 specs/artifacts/2026-10-05-connection-workspace-authority/reference-scroll/reference-scroll-37-chain-supervision-54356-73.json
 create mode 100644 specs/artifacts/2026-10-05-connection-workspace-authority/reference-scroll/reference-scroll-37-chain-supervision-54356-74.json
 create mode 100644 specs/artifacts/2026-10-05-connection-workspace-authority/reference-scroll/reference-scroll-37-chain-supervision-54356-75.json
 create mode 100644 specs/artifacts/2026-10-05-connection-workspace-authority/reference-scroll/reference-scroll-37-chain-supervision-54356-76.json
 create mode 100644 specs/artifacts/2026-10-05-connection-workspace-authority/reference-scroll/reference-scroll-37-chain-supervision-54356-77.json
 create mode 100644 specs/artifacts/2026-10-05-connection-workspace-authority/reference-scroll/reference-scroll-37-chain-supervision-54356-78.json
 create mode 100644 specs/artifacts/2026-10-05-connection-workspace-authority/reference-scroll/reference-scroll-37-chain-supervision-54356-79.json
 create mode 100644 specs/artifacts/2026-10-05-connection-workspace-authority/reference-scroll/reference-scroll-37-chain-supervision-54356-8.json
 create mode 100644 specs/artifacts/2026-10-05-connection-workspace-authority/reference-scroll/reference-scroll-37-chain-supervision-54356-80.json
 create mode 100644 specs/artifacts/2026-10-05-connection-workspace-authority/reference-scroll/reference-scroll-37-chain-supervision-54356-81.json
 create mode 100644 specs/artifacts/2026-10-05-connection-workspace-authority/reference-scroll/reference-scroll-37-chain-supervision-54356-82.json
 create mode 100644 specs/artifacts/2026-10-05-connection-workspace-authority/reference-scroll/reference-scroll-37-chain-supervision-54356-83.json
 create mode 100644 specs/artifacts/2026-10-05-connection-workspace-authority/reference-scroll/reference-scroll-37-chain-supervision-54356-84.json
 create mode 100644 specs/artifacts/2026-10-05-connection-workspace-authority/reference-scroll/reference-scroll-37-chain-supervision-54356-85.json
 create mode 100644 specs/artifacts/2026-10-05-connection-workspace-authority/reference-scroll/reference-scroll-37-chain-supervision-54356-86.json
 create mode 100644 specs/artifacts/2026-10-05-connection-workspace-authority/reference-scroll/reference-scroll-37-chain-supervision-54356-87.json
 create mode 100644 specs/artifacts/2026-10-05-connection-workspace-authority/reference-scroll/reference-scroll-37-chain-supervision-54356-88.json
 create mode 100644 specs/artifacts/2026-10-05-connection-workspace-authority/reference-scroll/reference-scroll-37-chain-supervision-54356-89.json
 create mode 100644 specs/artifacts/2026-10-05-connection-workspace-authority/reference-scroll/reference-scroll-37-chain-supervision-54356-9.json
 create mode 100644 specs/artifacts/2026-10-05-connection-workspace-authority/reference-scroll/reference-scroll-37-chain-supervision-54356-90.json
 create mode 100644 specs/artifacts/2026-10-05-connection-workspace-authority/reference-scroll/reference-scroll-37-chain-supervision-54356-91.json
 create mode 100644 specs/artifacts/2026-10-05-connection-workspace-authority/reference-scroll/reference-scroll-37-chain-supervision-54356-92.json
 create mode 100644 specs/artifacts/2026-10-05-connection-workspace-authority/reference-scroll/reference-scroll-37-chain-supervision-54356-93.json
 create mode 100644 specs/artifacts/2026-10-05-connection-workspace-authority/reference-scroll/reference-scroll-37-chain-supervision-54356-94.json
 create mode 100644 specs/artifacts/2026-10-05-connection-workspace-authority/reference-scroll/reference-scroll-37-chain-supervision-54356-95.json
 create mode 100644 specs/artifacts/2026-10-05-connection-workspace-authority/reference-scroll/reference-scroll-37-chain-supervision-54356-96.json
 create mode 100644 specs/artifacts/2026-10-05-connection-workspace-authority/reference-scroll/reference-scroll-37-chain-supervision-54356-97.json
 create mode 100644 specs/artifacts/2026-10-05-connection-workspace-authority/reference-scroll/reference-scroll-37-chain-supervision-54356-98.json
 create mode 100644 specs/artifacts/2026-10-05-connection-workspace-authority/reference-scroll/reference-scroll-37-chain-supervision-54356-99.json
 create mode 100644 specs/artifacts/2026-10-05-connection-workspace-authority/reference-scroll/reference-scroll-37-final-provider-audit.json
 create mode 100644 specs/artifacts/2026-10-05-connection-workspace-authority/reference-scroll/reference-scroll-37-physical-terminal-and-pair-cleanup.json
 create mode 100644 specs/artifacts/2026-10-05-connection-workspace-authority/reference-scroll/reference-scroll-37-settlement-owner.json
 create mode 100644 specs/artifacts/2026-10-05-connection-workspace-authority/reference-scroll/reference-scroll-37-shutdown-admission.json
 create mode 100644 specs/artifacts/2026-10-05-connection-workspace-authority/reference-scroll/runtime-evidence-35/authority-ready.json
 create mode 100644 specs/artifacts/2026-10-05-connection-workspace-authority/reference-scroll/runtime-evidence-35/launch-owner.json
 create mode 100644 specs/artifacts/2026-10-05-connection-workspace-authority/reference-scroll/runtime-evidence-35/managed-parent-ready.json
 create mode 100644 specs/artifacts/2026-10-05-connection-workspace-authority/reference-scroll/runtime-evidence-35/native-host-ready.json
 create mode 100644 specs/artifacts/2026-10-05-connection-workspace-authority/reference-scroll/runtime-evidence-35/native-host-settled.json
 create mode 100644 specs/artifacts/2026-10-05-connection-workspace-authority/reference-scroll/runtime-evidence-35/owned-config-hierarchy.json
 create mode 100644 specs/artifacts/2026-10-05-connection-workspace-authority/reference-scroll/runtime-evidence-35/preflight-ready.json
 create mode 100644 specs/artifacts/2026-10-05-connection-workspace-authority/reference-scroll/runtime-evidence-35/project-baseline.json
 create mode 100644 specs/artifacts/2026-10-05-connection-workspace-authority/reference-scroll/runtime-evidence-35/provider-70244-e86831eb-aee3-4a2f-8799-6c1667255bf9-1.json
 create mode 100644 specs/artifacts/2026-10-05-connection-workspace-authority/reference-scroll/runtime-evidence-35/provider-70244-e86831eb-aee3-4a2f-8799-6c1667255bf9-10.json
 create mode 100644 specs/artifacts/2026-10-05-connection-workspace-authority/reference-scroll/runtime-evidence-35/provider-70244-e86831eb-aee3-4a2f-8799-6c1667255bf9-11.json
 create mode 100644 specs/artifacts/2026-10-05-connection-workspace-authority/reference-scroll/runtime-evidence-35/provider-70244-e86831eb-aee3-4a2f-8799-6c1667255bf9-12.json
 create mode 100644 specs/artifacts/2026-10-05-connection-workspace-authority/reference-scroll/runtime-evidence-35/provider-70244-e86831eb-aee3-4a2f-8799-6c1667255bf9-13.json
 create mode 100644 specs/artifacts/2026-10-05-connection-workspace-authority/reference-scroll/runtime-evidence-35/provider-70244-e86831eb-aee3-4a2f-8799-6c1667255bf9-2.json
 create mode 100644 specs/artifacts/2026-10-05-connection-workspace-authority/reference-scroll/runtime-evidence-35/provider-70244-e86831eb-aee3-4a2f-8799-6c1667255bf9-3.json
 create mode 100644 specs/artifacts/2026-10-05-connection-workspace-authority/reference-scroll/runtime-evidence-35/provider-70244-e86831eb-aee3-4a2f-8799-6c1667255bf9-4.json
 create mode 100644 specs/artifacts/2026-10-05-connection-workspace-authority/reference-scroll/runtime-evidence-35/provider-70244-e86831eb-aee3-4a2f-8799-6c1667255bf9-5.json
 create mode 100644 specs/artifacts/2026-10-05-connection-workspace-authority/reference-scroll/runtime-evidence-35/provider-70244-e86831eb-aee3-4a2f-8799-6c1667255bf9-6.json
 create mode 100644 specs/artifacts/2026-10-05-connection-workspace-authority/reference-scroll/runtime-evidence-35/provider-70244-e86831eb-aee3-4a2f-8799-6c1667255bf9-7.json
 create mode 100644 specs/artifacts/2026-10-05-connection-workspace-authority/reference-scroll/runtime-evidence-35/provider-70244-e86831eb-aee3-4a2f-8799-6c1667255bf9-8.json
 create mode 100644 specs/artifacts/2026-10-05-connection-workspace-authority/reference-scroll/runtime-evidence-35/provider-70244-e86831eb-aee3-4a2f-8799-6c1667255bf9-9.json
 create mode 100644 specs/artifacts/2026-10-05-connection-workspace-authority/reference-scroll/runtime-evidence-35/provider-pair-staging.json
 create mode 100644 specs/artifacts/2026-10-05-connection-workspace-authority/reference-scroll/runtime-evidence-35/qa-package-installed.json
 create mode 100644 specs/artifacts/2026-10-05-connection-workspace-authority/reference-scroll/runtime-evidence-35/startup.json
 create mode 100644 specs/artifacts/2026-10-05-connection-workspace-authority/reference-scroll/runtime-evidence-35/task-boundary-admitted.json
 create mode 100644 specs/artifacts/2026-10-05-connection-workspace-authority/reference-scroll/runtime-evidence-35/task-complete.json
 create mode 100644 specs/artifacts/2026-10-05-connection-workspace-authority/reference-scroll/runtime-evidence-35/task-observation-70244-1f9c12f3-d15f-4c31-a427-4544ca6cbeb9-1.json
 create mode 100644 specs/artifacts/2026-10-05-connection-workspace-authority/reference-scroll/runtime-evidence-35/task-observation-70244-1f9c12f3-d15f-4c31-a427-4544ca6cbeb9-10.json
 create mode 100644 specs/artifacts/2026-10-05-connection-workspace-authority/reference-scroll/runtime-evidence-35/task-observation-70244-1f9c12f3-d15f-4c31-a427-4544ca6cbeb9-11.json
 create mode 100644 specs/artifacts/2026-10-05-connection-workspace-authority/reference-scroll/runtime-evidence-35/task-observation-70244-1f9c12f3-d15f-4c31-a427-4544ca6cbeb9-12.json
 create mode 100644 specs/artifacts/2026-10-05-connection-workspace-authority/reference-scroll/runtime-evidence-35/task-observation-70244-1f9c12f3-d15f-4c31-a427-4544ca6cbeb9-2.json
 create mode 100644 specs/artifacts/2026-10-05-connection-workspace-authority/reference-scroll/runtime-evidence-35/task-observation-70244-1f9c12f3-d15f-4c31-a427-4544ca6cbeb9-3.json
 create mode 100644 specs/artifacts/2026-10-05-connection-workspace-authority/reference-scroll/runtime-evidence-35/task-observation-70244-1f9c12f3-d15f-4c31-a427-4544ca6cbeb9-4.json
 create mode 100644 specs/artifacts/2026-10-05-connection-workspace-authority/reference-scroll/runtime-evidence-35/task-observation-70244-1f9c12f3-d15f-4c31-a427-4544ca6cbeb9-5.json
 create mode 100644 specs/artifacts/2026-10-05-connection-workspace-authority/reference-scroll/runtime-evidence-35/task-observation-70244-1f9c12f3-d15f-4c31-a427-4544ca6cbeb9-6.json
 create mode 100644 specs/artifacts/2026-10-05-connection-workspace-authority/reference-scroll/runtime-evidence-35/task-observation-70244-1f9c12f3-d15f-4c31-a427-4544ca6cbeb9-7.json
 create mode 100644 specs/artifacts/2026-10-05-connection-workspace-authority/reference-scroll/runtime-evidence-35/task-observation-70244-1f9c12f3-d15f-4c31-a427-4544ca6cbeb9-8.json
 create mode 100644 specs/artifacts/2026-10-05-connection-workspace-authority/reference-scroll/runtime-evidence-35/task-observation-70244-1f9c12f3-d15f-4c31-a427-4544ca6cbeb9-9.json
 create mode 100644 specs/artifacts/2026-10-05-connection-workspace-authority/reference-scroll/runtime-evidence-35/task-occurrence-admitted.json
 create mode 100644 specs/artifacts/2026-10-05-connection-workspace-authority/reference-scroll/runtime-evidence-35/task-selection.json
 create mode 100644 specs/artifacts/2026-10-05-connection-workspace-authority/reference-scroll/runtime-evidence-36/authority-ready.json
 create mode 100644 specs/artifacts/2026-10-05-connection-workspace-authority/reference-scroll/runtime-evidence-36/launch-owner.json
 create mode 100644 specs/artifacts/2026-10-05-connection-workspace-authority/reference-scroll/runtime-evidence-36/managed-parent-ready.json
 create mode 100644 specs/artifacts/2026-10-05-connection-workspace-authority/reference-scroll/runtime-evidence-36/native-host-ready.json
 create mode 100644 specs/artifacts/2026-10-05-connection-workspace-authority/reference-scroll/runtime-evidence-36/native-host-settled.json
 create mode 100644 specs/artifacts/2026-10-05-connection-workspace-authority/reference-scroll/runtime-evidence-36/owned-config-hierarchy.json
 create mode 100644 specs/artifacts/2026-10-05-connection-workspace-authority/reference-scroll/runtime-evidence-36/preflight-ready.json
 create mode 100644 specs/artifacts/2026-10-05-connection-workspace-authority/reference-scroll/runtime-evidence-36/project-baseline.json
 create mode 100644 specs/artifacts/2026-10-05-connection-workspace-authority/reference-scroll/runtime-evidence-36/provider-73916-d00046a3-f86f-492b-88ce-48ab54855ee2-1.json
 create mode 100644 specs/artifacts/2026-10-05-connection-workspace-authority/reference-scroll/runtime-evidence-36/provider-73916-d00046a3-f86f-492b-88ce-48ab54855ee2-10.json
 create mode 100644 specs/artifacts/2026-10-05-connection-workspace-authority/reference-scroll/runtime-evidence-36/provider-73916-d00046a3-f86f-492b-88ce-48ab54855ee2-11.json
 create mode 100644 specs/artifacts/2026-10-05-connection-workspace-authority/reference-scroll/runtime-evidence-36/provider-73916-d00046a3-f86f-492b-88ce-48ab54855ee2-12.json
 create mode 100644 specs/artifacts/2026-10-05-connection-workspace-authority/reference-scroll/runtime-evidence-36/provider-73916-d00046a3-f86f-492b-88ce-48ab54855ee2-13.json
 create mode 100644 specs/artifacts/2026-10-05-connection-workspace-authority/reference-scroll/runtime-evidence-36/provider-73916-d00046a3-f86f-492b-88ce-48ab54855ee2-2.json
 create mode 100644 specs/artifacts/2026-10-05-connection-workspace-authority/reference-scroll/runtime-evidence-36/provider-73916-d00046a3-f86f-492b-88ce-48ab54855ee2-3.json
 create mode 100644 specs/artifacts/2026-10-05-connection-workspace-authority/reference-scroll/runtime-evidence-36/provider-73916-d00046a3-f86f-492b-88ce-48ab54855ee2-4.json
 create mode 100644 specs/artifacts/2026-10-05-connection-workspace-authority/reference-scroll/runtime-evidence-36/provider-73916-d00046a3-f86f-492b-88ce-48ab54855ee2-5.json
 create mode 100644 specs/artifacts/2026-10-05-connection-workspace-authority/reference-scroll/runtime-evidence-36/provider-73916-d00046a3-f86f-492b-88ce-48ab54855ee2-6.json
 create mode 100644 specs/artifacts/2026-10-05-connection-workspace-authority/reference-scroll/runtime-evidence-36/provider-73916-d00046a3-f86f-492b-88ce-48ab54855ee2-7.json
 create mode 100644 specs/artifacts/2026-10-05-connection-workspace-authority/reference-scroll/runtime-evidence-36/provider-73916-d00046a3-f86f-492b-88ce-48ab54855ee2-8.json
 create mode 100644 specs/artifacts/2026-10-05-connection-workspace-authority/reference-scroll/runtime-evidence-36/provider-73916-d00046a3-f86f-492b-88ce-48ab54855ee2-9.json
 create mode 100644 specs/artifacts/2026-10-05-connection-workspace-authority/reference-scroll/runtime-evidence-36/provider-pair-staging.json
 create mode 100644 specs/artifacts/2026-10-05-connection-workspace-authority/reference-scroll/runtime-evidence-36/qa-package-installed.json
 create mode 100644 specs/artifacts/2026-10-05-connection-workspace-authority/reference-scroll/runtime-evidence-36/startup.json
 create mode 100644 specs/artifacts/2026-10-05-connection-workspace-authority/reference-scroll/runtime-evidence-36/supervision-settlement-trigger.json
 create mode 100644 specs/artifacts/2026-10-05-connection-workspace-authority/reference-scroll/runtime-evidence-36/task-boundary-admitted.json
 create mode 100644 specs/artifacts/2026-10-05-connection-workspace-authority/reference-scroll/runtime-evidence-36/task-complete.json
 create mode 100644 specs/artifacts/2026-10-05-connection-workspace-authority/reference-scroll/runtime-evidence-36/task-observation-73916-2ef3deb7-f4c2-4069-9d50-691ce5d7f4f5-1.json
 create mode 100644 specs/artifacts/2026-10-05-connection-workspace-authority/reference-scroll/runtime-evidence-36/task-observation-73916-2ef3deb7-f4c2-4069-9d50-691ce5d7f4f5-10.json
 create mode 100644 specs/artifacts/2026-10-05-connection-workspace-authority/reference-scroll/runtime-evidence-36/task-observation-73916-2ef3deb7-f4c2-4069-9d50-691ce5d7f4f5-11.json
 create mode 100644 specs/artifacts/2026-10-05-connection-workspace-authority/reference-scroll/runtime-evidence-36/task-observation-73916-2ef3deb7-f4c2-4069-9d50-691ce5d7f4f5-12.json
 create mode 100644 specs/artifacts/2026-10-05-connection-workspace-authority/reference-scroll/runtime-evidence-36/task-observation-73916-2ef3deb7-f4c2-4069-9d50-691ce5d7f4f5-13.json
 create mode 100644 specs/artifacts/2026-10-05-connection-workspace-authority/reference-scroll/runtime-evidence-36/task-observation-73916-2ef3deb7-f4c2-4069-9d50-691ce5d7f4f5-2.json
 create mode 100644 specs/artifacts/2026-10-05-connection-workspace-authority/reference-scroll/runtime-evidence-36/task-observation-73916-2ef3deb7-f4c2-4069-9d50-691ce5d7f4f5-3.json
 create mode 100644 specs/artifacts/2026-10-05-connection-workspace-authority/reference-scroll/runtime-evidence-36/task-observation-73916-2ef3deb7-f4c2-4069-9d50-691ce5d7f4f5-4.json
 create mode 100644 specs/artifacts/2026-10-05-connection-workspace-authority/reference-scroll/runtime-evidence-36/task-observation-73916-2ef3deb7-f4c2-4069-9d50-691ce5d7f4f5-5.json
 create mode 100644 specs/artifacts/2026-10-05-connection-workspace-authority/reference-scroll/runtime-evidence-36/task-observation-73916-2ef3deb7-f4c2-4069-9d50-691ce5d7f4f5-6.json
 create mode 100644 specs/artifacts/2026-10-05-connection-workspace-authority/reference-scroll/runtime-evidence-36/task-observation-73916-2ef3deb7-f4c2-4069-9d50-691ce5d7f4f5-7.json
 create mode 100644 specs/artifacts/2026-10-05-connection-workspace-authority/reference-scroll/runtime-evidence-36/task-observation-73916-2ef3deb7-f4c2-4069-9d50-691ce5d7f4f5-8.json
 create mode 100644 specs/artifacts/2026-10-05-connection-workspace-authority/reference-scroll/runtime-evidence-36/task-observation-73916-2ef3deb7-f4c2-4069-9d50-691ce5d7f4f5-9.json
 create mode 100644 specs/artifacts/2026-10-05-connection-workspace-authority/reference-scroll/runtime-evidence-36/task-occurrence-admitted.json
 create mode 100644 specs/artifacts/2026-10-05-connection-workspace-authority/reference-scroll/runtime-evidence-36/task-selection.json
 create mode 100644 specs/artifacts/2026-10-05-connection-workspace-authority/reference-scroll/runtime-evidence-37/authority-ready.json
 create mode 100644 specs/artifacts/2026-10-05-connection-workspace-authority/reference-scroll/runtime-evidence-37/launch-owner.json
 create mode 100644 specs/artifacts/2026-10-05-connection-workspace-authority/reference-scroll/runtime-evidence-37/managed-parent-ready.json
 create mode 100644 specs/artifacts/2026-10-05-connection-workspace-authority/reference-scroll/runtime-evidence-37/native-host-ready.json
 create mode 100644 specs/artifacts/2026-10-05-connection-workspace-authority/reference-scroll/runtime-evidence-37/native-host-settled.json
 create mode 100644 specs/artifacts/2026-10-05-connection-workspace-authority/reference-scroll/runtime-evidence-37/owned-config-hierarchy.json
 create mode 100644 specs/artifacts/2026-10-05-connection-workspace-authority/reference-scroll/runtime-evidence-37/preflight-ready.json
 create mode 100644 specs/artifacts/2026-10-05-connection-workspace-authority/reference-scroll/runtime-evidence-37/project-baseline.json
 create mode 100644 specs/artifacts/2026-10-05-connection-workspace-authority/reference-scroll/runtime-evidence-37/provider-74724-9fc7365e-5008-4343-830c-936d9933d76d-1.json
 create mode 100644 specs/artifacts/2026-10-05-connection-workspace-authority/reference-scroll/runtime-evidence-37/provider-74724-9fc7365e-5008-4343-830c-936d9933d76d-10.json
 create mode 100644 specs/artifacts/2026-10-05-connection-workspace-authority/reference-scroll/runtime-evidence-37/provider-74724-9fc7365e-5008-4343-830c-936d9933d76d-11.json
 create mode 100644 specs/artifacts/2026-10-05-connection-workspace-authority/reference-scroll/runtime-evidence-37/provider-74724-9fc7365e-5008-4343-830c-936d9933d76d-12.json
 create mode 100644 specs/artifacts/2026-10-05-connection-workspace-authority/reference-scroll/runtime-evidence-37/provider-74724-9fc7365e-5008-4343-830c-936d9933d76d-13.json
 create mode 100644 specs/artifacts/2026-10-05-connection-workspace-authority/reference-scroll/runtime-evidence-37/provider-74724-9fc7365e-5008-4343-830c-936d9933d76d-2.json
 create mode 100644 specs/artifacts/2026-10-05-connection-workspace-authority/reference-scroll/runtime-evidence-37/provider-74724-9fc7365e-5008-4343-830c-936d9933d76d-3.json
 create mode 100644 specs/artifacts/2026-10-05-connection-workspace-authority/reference-scroll/runtime-evidence-37/provider-74724-9fc7365e-5008-4343-830c-936d9933d76d-4.json
 create mode 100644 specs/artifacts/2026-10-05-connection-workspace-authority/reference-scroll/runtime-evidence-37/provider-74724-9fc7365e-5008-4343-830c-936d9933d76d-5.json
 create mode 100644 specs/artifacts/2026-10-05-connection-workspace-authority/reference-scroll/runtime-evidence-37/provider-74724-9fc7365e-5008-4343-830c-936d9933d76d-6.json
 create mode 100644 specs/artifacts/2026-10-05-connection-workspace-authority/reference-scroll/runtime-evidence-37/provider-74724-9fc7365e-5008-4343-830c-936d9933d76d-7.json
 create mode 100644 specs/artifacts/2026-10-05-connection-workspace-authority/reference-scroll/runtime-evidence-37/provider-74724-9fc7365e-5008-4343-830c-936d9933d76d-8.json
 create mode 100644 specs/artifacts/2026-10-05-connection-workspace-authority/reference-scroll/runtime-evidence-37/provider-74724-9fc7365e-5008-4343-830c-936d9933d76d-9.json
 create mode 100644 specs/artifacts/2026-10-05-connection-workspace-authority/reference-scroll/runtime-evidence-37/provider-pair-staging.json
 create mode 100644 specs/artifacts/2026-10-05-connection-workspace-authority/reference-scroll/runtime-evidence-37/qa-package-installed.json
 create mode 100644 specs/artifacts/2026-10-05-connection-workspace-authority/reference-scroll/runtime-evidence-37/startup.json
 create mode 100644 specs/artifacts/2026-10-05-connection-workspace-authority/reference-scroll/runtime-evidence-37/supervision-settlement-trigger.json
 create mode 100644 specs/artifacts/2026-10-05-connection-workspace-authority/reference-scroll/runtime-evidence-37/task-boundary-admitted.json
 create mode 100644 specs/artifacts/2026-10-05-connection-workspace-authority/reference-scroll/runtime-evidence-37/task-complete.json
 create mode 100644 specs/artifacts/2026-10-05-connection-workspace-authority/reference-scroll/runtime-evidence-37/task-observation-74724-7cb1cf0b-99a2-40e9-9aeb-109f3475d1c9-1.json
 create mode 100644 specs/artifacts/2026-10-05-connection-workspace-authority/reference-scroll/runtime-evidence-37/task-observation-74724-7cb1cf0b-99a2-40e9-9aeb-109f3475d1c9-10.json
 create mode 100644 specs/artifacts/2026-10-05-connection-workspace-authority/reference-scroll/runtime-evidence-37/task-observation-74724-7cb1cf0b-99a2-40e9-9aeb-109f3475d1c9-11.json
 create mode 100644 specs/artifacts/2026-10-05-connection-workspace-authority/reference-scroll/runtime-evidence-37/task-observation-74724-7cb1cf0b-99a2-40e9-9aeb-109f3475d1c9-12.json
 create mode 100644 specs/artifacts/2026-10-05-connection-workspace-authority/reference-scroll/runtime-evidence-37/task-observation-74724-7cb1cf0b-99a2-40e9-9aeb-109f3475d1c9-13.json
 create mode 100644 specs/artifacts/2026-10-05-connection-workspace-authority/reference-scroll/runtime-evidence-37/task-observation-74724-7cb1cf0b-99a2-40e9-9aeb-109f3475d1c9-2.json
 create mode 100644 specs/artifacts/2026-10-05-connection-workspace-authority/reference-scroll/runtime-evidence-37/task-observation-74724-7cb1cf0b-99a2-40e9-9aeb-109f3475d1c9-3.json
 create mode 100644 specs/artifacts/2026-10-05-connection-workspace-authority/reference-scroll/runtime-evidence-37/task-observation-74724-7cb1cf0b-99a2-40e9-9aeb-109f3475d1c9-4.json
 create mode 100644 specs/artifacts/2026-10-05-connection-workspace-authority/reference-scroll/runtime-evidence-37/task-observation-74724-7cb1cf0b-99a2-40e9-9aeb-109f3475d1c9-5.json
 create mode 100644 specs/artifacts/2026-10-05-connection-workspace-authority/reference-scroll/runtime-evidence-37/task-observation-74724-7cb1cf0b-99a2-40e9-9aeb-109f3475d1c9-6.json
 create mode 100644 specs/artifacts/2026-10-05-connection-workspace-authority/reference-scroll/runtime-evidence-37/task-observation-74724-7cb1cf0b-99a2-40e9-9aeb-109f3475d1c9-7.json
 create mode 100644 specs/artifacts/2026-10-05-connection-workspace-authority/reference-scroll/runtime-evidence-37/task-observation-74724-7cb1cf0b-99a2-40e9-9aeb-109f3475d1c9-8.json
 create mode 100644 specs/artifacts/2026-10-05-connection-workspace-authority/reference-scroll/runtime-evidence-37/task-observation-74724-7cb1cf0b-99a2-40e9-9aeb-109f3475d1c9-9.json
 create mode 100644 specs/artifacts/2026-10-05-connection-workspace-authority/reference-scroll/runtime-evidence-37/task-occurrence-admitted.json
 create mode 100644 specs/artifacts/2026-10-05-connection-workspace-authority/reference-scroll/runtime-evidence-37/task-selection.json
 create mode 100644 specs/artifacts/2026-10-05-connection-workspace-authority/reference-scroll/types-final.log
 create mode 100644 specs/artifacts/2026-10-05-connection-workspace-authority/reference-scroll/types-first.log
