bun test v1.3.14 (0d9b296a)

test\log-utils.test.ts:
(pass) parseServerLogLine > parses Pino JSONL server records [0.13ms]
(pass) parseServerLogLine > historic non-string time remains unknown and its original lifecycle details remain visible [0.07ms]
(pass) parseServerLogLine > unparsed diagnostic line is preserved as the actual raw output [0.09ms]
106 |       "duration",
107 |       "333",
108 |       "C:/owned",
109 |       "RAW.[token]",
110 |     ]) {
111 |       expect(selected.filter((entry) => matchesLogEntrySearch(entry, query))).toEqual([actual])
                                                                                    ^
error: expect(received).toEqual(expected)

  [
    {
      "delta": "0.3s",
      "fields": {
        "data": {
          "duration": 333,
          "path": "/session?directory=C:/owned",
          "sessionID": "ses_actual",
        },
        "retained": "RAW.[token]",
        "service": "logger-observation",
      },
      "level": "warn",
      "message": "Subject chronology",
      "raw": "{"level":"warn","time":"2026-10-07T09:11:58.030Z","service":"logger-observation","message":"Subject chronology","data":{"sessionID":"ses_actual","duration":333,"path":"/session?directory=C:/owned"},"retained":"RAW.[token]"}",
      "service": "logger-observation",
      "source": "server",
      "ts": "2026-10-07T09:11:58",
    },
+   {
+     "delta": "",
+     "fields": {
+       "service": "session",
+     },
+     "level": "info",
+     "message": "created",
+     "raw": "{"level":"info","service":"session","message":"created"}",
+     "service": "session",
+     "source": "server",
+     "ts": "",
+   },
  ]

- Expected  - 0
+ Received  + 12

      at <anonymous> (D:\myhexin-local\opencorvus\packages\overlay\test\log-utils.test.ts:111:79)
(fail) loaded log literal search > matches actual header, nested values, keys and literal raw punctuation [0.71ms]
(pass) loaded log literal search > empty query preserves the current level-selected sequence and identities [0.17ms]
(pass) loaded log literal search > filters a bounded 500-entry loaded set in actual input order [1.16ms]

 5 pass
 1 fail
 20 expect() calls
Ran 6 tests across 1 file. [262.00ms]
