[main 3d117a8f] test: qualify bounded owned service settlement
 63 files changed, 2410 insertions(+)
 create mode 100644 specs/artifacts/2026-10-05-connection-workspace-authority/owned-qualification-settlement-plan.md
 create mode 100644 specs/artifacts/2026-10-05-connection-workspace-authority/owned-qualification-settlement/19a-failed.json
 create mode 100644 specs/artifacts/2026-10-05-connection-workspace-authority/owned-qualification-settlement/19a-launch-owner.json
 create mode 100644 specs/artifacts/2026-10-05-connection-workspace-authority/owned-qualification-settlement/19a-qualification-health.json
 create mode 100644 specs/artifacts/2026-10-05-connection-workspace-authority/owned-qualification-settlement/19a-startup.json
 create mode 100644 specs/artifacts/2026-10-05-connection-workspace-authority/owned-qualification-settlement/19a-supervision-settlement-trigger.json
 create mode 100644 specs/artifacts/2026-10-05-connection-workspace-authority/owned-qualification-settlement/19b-launch-owner.json
 create mode 100644 specs/artifacts/2026-10-05-connection-workspace-authority/owned-qualification-settlement/19b-qualification-deadline-policy.json
 create mode 100644 specs/artifacts/2026-10-05-connection-workspace-authority/owned-qualification-settlement/19b-qualification-health.json
 create mode 100644 specs/artifacts/2026-10-05-connection-workspace-authority/owned-qualification-settlement/19b-startup.json
 create mode 100644 specs/artifacts/2026-10-05-connection-workspace-authority/owned-qualification-settlement/19b-supervision-settlement-trigger.json
 create mode 100644 specs/artifacts/2026-10-05-connection-workspace-authority/owned-qualification-settlement/19c-launch-owner.json
 create mode 100644 specs/artifacts/2026-10-05-connection-workspace-authority/owned-qualification-settlement/19c-manual-job-3.json
 create mode 100644 specs/artifacts/2026-10-05-connection-workspace-authority/owned-qualification-settlement/19c-manual-job-5.json
 create mode 100644 specs/artifacts/2026-10-05-connection-workspace-authority/owned-qualification-settlement/19c-qualification-health.json
 create mode 100644 specs/artifacts/2026-10-05-connection-workspace-authority/owned-qualification-settlement/19c-startup.json
 create mode 100644 specs/artifacts/2026-10-05-connection-workspace-authority/owned-qualification-settlement/README.md
 create mode 100644 specs/artifacts/2026-10-05-connection-workspace-authority/owned-qualification-settlement/complete-read-commit-18.log
 create mode 100644 specs/artifacts/2026-10-05-connection-workspace-authority/owned-qualification-settlement/complete-read-push-18.log
 create mode 100644 specs/artifacts/2026-10-05-connection-workspace-authority/owned-qualification-settlement/live-sol-cli-owned.ts.before.txt
 create mode 100644 specs/artifacts/2026-10-05-connection-workspace-authority/owned-qualification-settlement/live-sol-cli-owned.ts.final.txt
 create mode 100644 specs/artifacts/2026-10-05-connection-workspace-authority/owned-qualification-settlement/live-sol-launch.ps1.before.txt
 create mode 100644 specs/artifacts/2026-10-05-connection-workspace-authority/owned-qualification-settlement/live-sol-launch.ps1.final.txt
 create mode 100644 specs/artifacts/2026-10-05-connection-workspace-authority/owned-qualification-settlement/live-sol-observe-owned.ps1.before.txt
 create mode 100644 specs/artifacts/2026-10-05-connection-workspace-authority/owned-qualification-settlement/live-sol-shutdown.ps1.before.txt
 create mode 100644 specs/artifacts/2026-10-05-connection-workspace-authority/owned-qualification-settlement/live-sol-shutdown.ps1.final.txt
 create mode 100644 specs/artifacts/2026-10-05-connection-workspace-authority/owned-qualification-settlement/owned-settlement-19-failure-chain-supervision-52372-1.json
 create mode 100644 specs/artifacts/2026-10-05-connection-workspace-authority/owned-qualification-settlement/owned-settlement-19-failure-final-provider-audit.json
 create mode 100644 specs/artifacts/2026-10-05-connection-workspace-authority/owned-qualification-settlement/owned-settlement-19-failure-physical-terminal-and-pair-cleanup.json
 create mode 100644 specs/artifacts/2026-10-05-connection-workspace-authority/owned-qualification-settlement/owned-settlement-19-failure-qualified.json
 create mode 100644 specs/artifacts/2026-10-05-connection-workspace-authority/owned-qualification-settlement/owned-settlement-19-failure-settlement-owner.json
 create mode 100644 specs/artifacts/2026-10-05-connection-workspace-authority/owned-qualification-settlement/owned-settlement-19-failure-shutdown-admission.json
 create mode 100644 specs/artifacts/2026-10-05-connection-workspace-authority/owned-qualification-settlement/owned-settlement-19-manual-join-chain-supervision-49948-1.json
 create mode 100644 specs/artifacts/2026-10-05-connection-workspace-authority/owned-qualification-settlement/owned-settlement-19-manual-join-final-provider-audit.json
 create mode 100644 specs/artifacts/2026-10-05-connection-workspace-authority/owned-qualification-settlement/owned-settlement-19-manual-join-physical-terminal-and-pair-cleanup.json
 create mode 100644 specs/artifacts/2026-10-05-connection-workspace-authority/owned-qualification-settlement/owned-settlement-19-manual-join-qualified.json
 create mode 100644 specs/artifacts/2026-10-05-connection-workspace-authority/owned-qualification-settlement/owned-settlement-19-manual-join-settlement-owner.json
 create mode 100644 specs/artifacts/2026-10-05-connection-workspace-authority/owned-qualification-settlement/owned-settlement-19-manual-join-shutdown-admission.json
 create mode 100644 specs/artifacts/2026-10-05-connection-workspace-authority/owned-qualification-settlement/owned-settlement-19-preparation-deadline-chain-supervision-56084-1.json
 create mode 100644 specs/artifacts/2026-10-05-connection-workspace-authority/owned-qualification-settlement/owned-settlement-19-preparation-deadline-chain-supervision-56084-2.json
 create mode 100644 specs/artifacts/2026-10-05-connection-workspace-authority/owned-qualification-settlement/owned-settlement-19-preparation-deadline-chain-supervision-56084-3.json
 create mode 100644 specs/artifacts/2026-10-05-connection-workspace-authority/owned-qualification-settlement/owned-settlement-19-preparation-deadline-final-provider-audit.json
 create mode 100644 specs/artifacts/2026-10-05-connection-workspace-authority/owned-qualification-settlement/owned-settlement-19-preparation-deadline-physical-terminal-and-pair-cleanup.json
 create mode 100644 specs/artifacts/2026-10-05-connection-workspace-authority/owned-qualification-settlement/owned-settlement-19-preparation-deadline-qualified.json
 create mode 100644 specs/artifacts/2026-10-05-connection-workspace-authority/owned-qualification-settlement/owned-settlement-19-preparation-deadline-settlement-owner.json
 create mode 100644 specs/artifacts/2026-10-05-connection-workspace-authority/owned-qualification-settlement/owned-settlement-19-preparation-deadline-shutdown-admission.json
 create mode 100644 specs/artifacts/2026-10-05-connection-workspace-authority/owned-qualification-settlement/owned-settlement-19a-original.log
 create mode 100644 specs/artifacts/2026-10-05-connection-workspace-authority/owned-qualification-settlement/owned-settlement-19a-recheck.log
 create mode 100644 specs/artifacts/2026-10-05-connection-workspace-authority/owned-qualification-settlement/owned-settlement-19b-original.log
 create mode 100644 specs/artifacts/2026-10-05-connection-workspace-authority/owned-qualification-settlement/owned-settlement-19c-original.log
 create mode 100644 specs/artifacts/2026-10-05-connection-workspace-authority/owned-qualification-settlement/owned-settlement-docs-19-final.log
 create mode 100644 specs/artifacts/2026-10-05-connection-workspace-authority/owned-qualification-settlement/owned-settlement-docs-19-plan.log
 create mode 100644 specs/artifacts/2026-10-05-connection-workspace-authority/owned-qualification-settlement/owned-settlement-qualification-19.ps1.final.txt
 create mode 100644 specs/artifacts/2026-10-05-connection-workspace-authority/owned-qualification-settlement/owned-settlement-runtime-19.log
 create mode 100644 specs/artifacts/2026-10-05-connection-workspace-authority/owned-qualification-settlement/owned-settlement-types-19.json.txt
 create mode 100644 specs/artifacts/2026-10-05-connection-workspace-authority/owned-qualification-settlement/owned-settlement-types-19.log
 create mode 100644 specs/artifacts/2026-10-05-connection-workspace-authority/owned-qualification-settlement/root-19-date-precision.json
 create mode 100644 specs/artifacts/2026-10-05-connection-workspace-authority/owned-qualification-settlement/root-independent-19-closure.json
 create mode 100644 specs/artifacts/2026-10-05-connection-workspace-authority/owned-qualification-settlement/root-read-tool-observations.md
