[main 747f1866] fix: resolve Panel query actors from Session identity
 32 files changed, 1242 insertions(+), 2 deletions(-)
 create mode 100644 packages/opencorvus/test/capability/panel-projected-explore-query.test.ts
 create mode 100644 specs/artifacts/2026-10-05-connection-workspace-authority/panel-actor-identity-implementation-plan.md
 create mode 100644 specs/artifacts/2026-10-05-connection-workspace-authority/panel-actor-identity-implementation/README.md
 create mode 100644 specs/artifacts/2026-10-05-connection-workspace-authority/panel-actor-identity-implementation/after-14-explicit-session-agent.log
 create mode 100644 specs/artifacts/2026-10-05-connection-workspace-authority/panel-actor-identity-implementation/after-14scope-01.log
 create mode 100644 specs/artifacts/2026-10-05-connection-workspace-authority/panel-actor-identity-implementation/after-14scope-02.log
 create mode 100644 specs/artifacts/2026-10-05-connection-workspace-authority/panel-actor-identity-implementation/after-14scope-final.log
 create mode 100644 specs/artifacts/2026-10-05-connection-workspace-authority/panel-actor-identity-implementation/backend-types-14.log
 create mode 100644 specs/artifacts/2026-10-05-connection-workspace-authority/panel-actor-identity-implementation/configured-type-qualification-14.json
 create mode 100644 specs/artifacts/2026-10-05-connection-workspace-authority/panel-actor-identity-implementation/docs-final-14.log
 create mode 100644 specs/artifacts/2026-10-05-connection-workspace-authority/panel-actor-identity-implementation/docs-investigation-14.log
 create mode 100644 specs/artifacts/2026-10-05-connection-workspace-authority/panel-actor-identity-implementation/new-test-types-14.log
 create mode 100644 specs/artifacts/2026-10-05-connection-workspace-authority/panel-actor-identity-implementation/preceding-navigation-commit-13.log
 create mode 100644 specs/artifacts/2026-10-05-connection-workspace-authority/panel-actor-identity-implementation/preceding-navigation-outgoing-review-13.json
 create mode 100644 specs/artifacts/2026-10-05-connection-workspace-authority/panel-actor-identity-implementation/preceding-navigation-push-13.log
 create mode 100644 specs/artifacts/2026-10-05-connection-workspace-authority/panel-actor-identity-implementation/projected-explore-query-after-14.log
 create mode 100644 specs/artifacts/2026-10-05-connection-workspace-authority/panel-actor-identity-implementation/projected-explore-query-baseline.log
 create mode 100644 specs/artifacts/2026-10-05-connection-workspace-authority/panel-actor-identity-implementation/projected-explore-query-fifth.log
 create mode 100644 specs/artifacts/2026-10-05-connection-workspace-authority/panel-actor-identity-implementation/projected-explore-query-first.log
 create mode 100644 specs/artifacts/2026-10-05-connection-workspace-authority/panel-actor-identity-implementation/projected-explore-query-fourth.log
 create mode 100644 specs/artifacts/2026-10-05-connection-workspace-authority/panel-actor-identity-implementation/projected-explore-query-real-context-01.log
 create mode 100644 specs/artifacts/2026-10-05-connection-workspace-authority/panel-actor-identity-implementation/projected-explore-query-real-context-02.log
 create mode 100644 specs/artifacts/2026-10-05-connection-workspace-authority/panel-actor-identity-implementation/projected-explore-query-second.log
 create mode 100644 specs/artifacts/2026-10-05-connection-workspace-authority/panel-actor-identity-implementation/projected-explore-query-third.log
 create mode 100644 specs/artifacts/2026-10-05-connection-workspace-authority/panel-actor-identity-implementation/target-test-compiler-input-14.json
