[main 64e712f3] fix: guide valid Markdown emphasis in assistant prose
 129 files changed, 13332 insertions(+)
 create mode 100644 specs/artifacts/2026-10-05-connection-workspace-authority/markdown-output-117/README.md
 create mode 100644 specs/artifacts/2026-10-05-connection-workspace-authority/markdown-output-117/actual-117-recovery-scalar-facts.json
 create mode 100644 specs/artifacts/2026-10-05-connection-workspace-authority/markdown-output-117/actual-117-scalar-stream-observations.json
 create mode 100644 specs/artifacts/2026-10-05-connection-workspace-authority/markdown-output-117/actual-117-shared-readonly-facts.json
 create mode 100644 specs/artifacts/2026-10-05-connection-workspace-authority/markdown-output-117/composition.log
 create mode 100644 specs/artifacts/2026-10-05-connection-workspace-authority/markdown-output-117/configured-types.log
 create mode 100644 specs/artifacts/2026-10-05-connection-workspace-authority/markdown-output-117/docs-before-live.log
 create mode 100644 specs/artifacts/2026-10-05-connection-workspace-authority/markdown-output-117/docs-final.log
 create mode 100644 specs/artifacts/2026-10-05-connection-workspace-authority/markdown-output-117/live-01/README.md
 create mode 100644 specs/artifacts/2026-10-05-connection-workspace-authority/markdown-output-117/live-01/actual-11701-readonly-facts.json
 create mode 100644 specs/artifacts/2026-10-05-connection-workspace-authority/markdown-output-117/live-01/actual-11701-readonly-tool-facts.json
 create mode 100644 specs/artifacts/2026-10-05-connection-workspace-authority/markdown-output-117/live-01/actual-11701-task-accepted-cli.json
 create mode 100644 specs/artifacts/2026-10-05-connection-workspace-authority/markdown-output-117/live-01/actual-11701-task-create-first.log
 create mode 100644 specs/artifacts/2026-10-05-connection-workspace-authority/markdown-output-117/live-01/actual-11701-task-request-input.json
 create mode 100644 specs/artifacts/2026-10-05-connection-workspace-authority/markdown-output-117/live-01/actual-11701-task-selection.json
 create mode 100644 specs/artifacts/2026-10-05-connection-workspace-authority/markdown-output-117/live-01/actual-http-readiness.json
 create mode 100644 specs/artifacts/2026-10-05-connection-workspace-authority/markdown-output-117/live-01/child-exact-activity-terminal-facts.json
 create mode 100644 specs/artifacts/2026-10-05-connection-workspace-authority/markdown-output-117/live-01/expected-source-manifest.json
 create mode 100644 specs/artifacts/2026-10-05-connection-workspace-authority/markdown-output-117/live-01/original-failed.json
 create mode 100644 specs/artifacts/2026-10-05-connection-workspace-authority/markdown-output-117/live-01/original-launch-owner.json
 create mode 100644 specs/artifacts/2026-10-05-connection-workspace-authority/markdown-output-117/live-01/original-native-host-ready.json
 create mode 100644 specs/artifacts/2026-10-05-connection-workspace-authority/markdown-output-117/live-01/original-native-host-settled.json
 create mode 100644 specs/artifacts/2026-10-05-connection-workspace-authority/markdown-output-117/live-01/original-preflight-ready.json
 create mode 100644 specs/artifacts/2026-10-05-connection-workspace-authority/markdown-output-117/live-01/original-startup.json
 create mode 100644 specs/artifacts/2026-10-05-connection-workspace-authority/markdown-output-117/live-01/original-stderr.log
 create mode 100644 specs/artifacts/2026-10-05-connection-workspace-authority/markdown-output-117/live-01/original-stdout.log
 create mode 100644 specs/artifacts/2026-10-05-connection-workspace-authority/markdown-output-117/live-01/original-supervision-settlement-trigger.json
 create mode 100644 specs/artifacts/2026-10-05-connection-workspace-authority/markdown-output-117/live-01/original-task-boundary-admitted.json
 create mode 100644 specs/artifacts/2026-10-05-connection-workspace-authority/markdown-output-117/live-01/original-task-occurrence-admitted.json
 create mode 100644 specs/artifacts/2026-10-05-connection-workspace-authority/markdown-output-117/live-01/preparation-input-facts.json
 create mode 100644 specs/artifacts/2026-10-05-connection-workspace-authority/markdown-output-117/live-01/profile-selection.json
 create mode 100644 specs/artifacts/2026-10-05-connection-workspace-authority/markdown-output-117/live-01/request.txt
 create mode 100644 specs/artifacts/2026-10-05-connection-workspace-authority/markdown-output-117/live-01/reviewed-helper-inputs/genuine-task-create.ps1
 create mode 100644 specs/artifacts/2026-10-05-connection-workspace-authority/markdown-output-117/live-01/reviewed-helper-inputs/genuine-task-readonly.ts
 create mode 100644 specs/artifacts/2026-10-05-connection-workspace-authority/markdown-output-117/live-01/reviewed-helper-inputs/live-sol-cli-owned.ts
 create mode 100644 specs/artifacts/2026-10-05-connection-workspace-authority/markdown-output-117/live-01/reviewed-helper-inputs/live-sol-launch.ps1
 create mode 100644 specs/artifacts/2026-10-05-connection-workspace-authority/markdown-output-117/live-01/reviewed-helper-inputs/live-sol-observe-owned.ps1
 create mode 100644 specs/artifacts/2026-10-05-connection-workspace-authority/markdown-output-117/live-01/reviewed-helper-inputs/live-sol-shutdown.ps1
 create mode 100644 specs/artifacts/2026-10-05-connection-workspace-authority/markdown-output-117/live-01/reviewed-helper-inputs/source-title-104-readiness.ps1
 create mode 100644 specs/artifacts/2026-10-05-connection-workspace-authority/markdown-output-117/live-01/reviewed-helper-inputs/verify-current-final-answer.ts
 create mode 100644 specs/artifacts/2026-10-05-connection-workspace-authority/markdown-output-117/live-01/reviewed-helper-inputs/verify-current-source-facts.ts
 create mode 100644 specs/artifacts/2026-10-05-connection-workspace-authority/markdown-output-117/live-01/root-create.log
 create mode 100644 specs/artifacts/2026-10-05-connection-workspace-authority/markdown-output-117/live-01/root-failed-cached-ui.png
 create mode 100644 specs/artifacts/2026-10-05-connection-workspace-authority/markdown-output-117/live-01/root-generated-bun-custody.json
 create mode 100644 specs/artifacts/2026-10-05-connection-workspace-authority/markdown-output-117/live-01/root-launch.log
 create mode 100644 specs/artifacts/2026-10-05-connection-workspace-authority/markdown-output-117/live-01/root-readiness.log
 create mode 100644 specs/artifacts/2026-10-05-connection-workspace-authority/markdown-output-117/live-01/root-readonly-tools.log
 create mode 100644 specs/artifacts/2026-10-05-connection-workspace-authority/markdown-output-117/live-01/root-readonly.log
 create mode 100644 specs/artifacts/2026-10-05-connection-workspace-authority/markdown-output-117/live-01/sources-format-live-117-01-chain-supervision-31232-1.json
 create mode 100644 specs/artifacts/2026-10-05-connection-workspace-authority/markdown-output-117/live-01/sources-format-live-117-01-chain-supervision-31232-10.json
 create mode 100644 specs/artifacts/2026-10-05-connection-workspace-authority/markdown-output-117/live-01/sources-format-live-117-01-chain-supervision-31232-11.json
 create mode 100644 specs/artifacts/2026-10-05-connection-workspace-authority/markdown-output-117/live-01/sources-format-live-117-01-chain-supervision-31232-12.json
 create mode 100644 specs/artifacts/2026-10-05-connection-workspace-authority/markdown-output-117/live-01/sources-format-live-117-01-chain-supervision-31232-13.json
 create mode 100644 specs/artifacts/2026-10-05-connection-workspace-authority/markdown-output-117/live-01/sources-format-live-117-01-chain-supervision-31232-14.json
 create mode 100644 specs/artifacts/2026-10-05-connection-workspace-authority/markdown-output-117/live-01/sources-format-live-117-01-chain-supervision-31232-15.json
 create mode 100644 specs/artifacts/2026-10-05-connection-workspace-authority/markdown-output-117/live-01/sources-format-live-117-01-chain-supervision-31232-16.json
 create mode 100644 specs/artifacts/2026-10-05-connection-workspace-authority/markdown-output-117/live-01/sources-format-live-117-01-chain-supervision-31232-17.json
 create mode 100644 specs/artifacts/2026-10-05-connection-workspace-authority/markdown-output-117/live-01/sources-format-live-117-01-chain-supervision-31232-18.json
 create mode 100644 specs/artifacts/2026-10-05-connection-workspace-authority/markdown-output-117/live-01/sources-format-live-117-01-chain-supervision-31232-19.json
 create mode 100644 specs/artifacts/2026-10-05-connection-workspace-authority/markdown-output-117/live-01/sources-format-live-117-01-chain-supervision-31232-2.json
 create mode 100644 specs/artifacts/2026-10-05-connection-workspace-authority/markdown-output-117/live-01/sources-format-live-117-01-chain-supervision-31232-20.json
 create mode 100644 specs/artifacts/2026-10-05-connection-workspace-authority/markdown-output-117/live-01/sources-format-live-117-01-chain-supervision-31232-21.json
 create mode 100644 specs/artifacts/2026-10-05-connection-workspace-authority/markdown-output-117/live-01/sources-format-live-117-01-chain-supervision-31232-22.json
 create mode 100644 specs/artifacts/2026-10-05-connection-workspace-authority/markdown-output-117/live-01/sources-format-live-117-01-chain-supervision-31232-23.json
 create mode 100644 specs/artifacts/2026-10-05-connection-workspace-authority/markdown-output-117/live-01/sources-format-live-117-01-chain-supervision-31232-24.json
 create mode 100644 specs/artifacts/2026-10-05-connection-workspace-authority/markdown-output-117/live-01/sources-format-live-117-01-chain-supervision-31232-25.json
 create mode 100644 specs/artifacts/2026-10-05-connection-workspace-authority/markdown-output-117/live-01/sources-format-live-117-01-chain-supervision-31232-26.json
 create mode 100644 specs/artifacts/2026-10-05-connection-workspace-authority/markdown-output-117/live-01/sources-format-live-117-01-chain-supervision-31232-27.json
 create mode 100644 specs/artifacts/2026-10-05-connection-workspace-authority/markdown-output-117/live-01/sources-format-live-117-01-chain-supervision-31232-28.json
 create mode 100644 specs/artifacts/2026-10-05-connection-workspace-authority/markdown-output-117/live-01/sources-format-live-117-01-chain-supervision-31232-29.json
 create mode 100644 specs/artifacts/2026-10-05-connection-workspace-authority/markdown-output-117/live-01/sources-format-live-117-01-chain-supervision-31232-3.json
 create mode 100644 specs/artifacts/2026-10-05-connection-workspace-authority/markdown-output-117/live-01/sources-format-live-117-01-chain-supervision-31232-30.json
 create mode 100644 specs/artifacts/2026-10-05-connection-workspace-authority/markdown-output-117/live-01/sources-format-live-117-01-chain-supervision-31232-31.json
 create mode 100644 specs/artifacts/2026-10-05-connection-workspace-authority/markdown-output-117/live-01/sources-format-live-117-01-chain-supervision-31232-32.json
 create mode 100644 specs/artifacts/2026-10-05-connection-workspace-authority/markdown-output-117/live-01/sources-format-live-117-01-chain-supervision-31232-33.json
 create mode 100644 specs/artifacts/2026-10-05-connection-workspace-authority/markdown-output-117/live-01/sources-format-live-117-01-chain-supervision-31232-34.json
 create mode 100644 specs/artifacts/2026-10-05-connection-workspace-authority/markdown-output-117/live-01/sources-format-live-117-01-chain-supervision-31232-35.json
 create mode 100644 specs/artifacts/2026-10-05-connection-workspace-authority/markdown-output-117/live-01/sources-format-live-117-01-chain-supervision-31232-36.json
 create mode 100644 specs/artifacts/2026-10-05-connection-workspace-authority/markdown-output-117/live-01/sources-format-live-117-01-chain-supervision-31232-37.json
 create mode 100644 specs/artifacts/2026-10-05-connection-workspace-authority/markdown-output-117/live-01/sources-format-live-117-01-chain-supervision-31232-38.json
 create mode 100644 specs/artifacts/2026-10-05-connection-workspace-authority/markdown-output-117/live-01/sources-format-live-117-01-chain-supervision-31232-39.json
 create mode 100644 specs/artifacts/2026-10-05-connection-workspace-authority/markdown-output-117/live-01/sources-format-live-117-01-chain-supervision-31232-4.json
 create mode 100644 specs/artifacts/2026-10-05-connection-workspace-authority/markdown-output-117/live-01/sources-format-live-117-01-chain-supervision-31232-40.json
 create mode 100644 specs/artifacts/2026-10-05-connection-workspace-authority/markdown-output-117/live-01/sources-format-live-117-01-chain-supervision-31232-41.json
 create mode 100644 specs/artifacts/2026-10-05-connection-workspace-authority/markdown-output-117/live-01/sources-format-live-117-01-chain-supervision-31232-42.json
 create mode 100644 specs/artifacts/2026-10-05-connection-workspace-authority/markdown-output-117/live-01/sources-format-live-117-01-chain-supervision-31232-43.json
 create mode 100644 specs/artifacts/2026-10-05-connection-workspace-authority/markdown-output-117/live-01/sources-format-live-117-01-chain-supervision-31232-44.json
 create mode 100644 specs/artifacts/2026-10-05-connection-workspace-authority/markdown-output-117/live-01/sources-format-live-117-01-chain-supervision-31232-45.json
 create mode 100644 specs/artifacts/2026-10-05-connection-workspace-authority/markdown-output-117/live-01/sources-format-live-117-01-chain-supervision-31232-46.json
 create mode 100644 specs/artifacts/2026-10-05-connection-workspace-authority/markdown-output-117/live-01/sources-format-live-117-01-chain-supervision-31232-47.json
 create mode 100644 specs/artifacts/2026-10-05-connection-workspace-authority/markdown-output-117/live-01/sources-format-live-117-01-chain-supervision-31232-48.json
 create mode 100644 specs/artifacts/2026-10-05-connection-workspace-authority/markdown-output-117/live-01/sources-format-live-117-01-chain-supervision-31232-49.json
 create mode 100644 specs/artifacts/2026-10-05-connection-workspace-authority/markdown-output-117/live-01/sources-format-live-117-01-chain-supervision-31232-5.json
 create mode 100644 specs/artifacts/2026-10-05-connection-workspace-authority/markdown-output-117/live-01/sources-format-live-117-01-chain-supervision-31232-50.json
 create mode 100644 specs/artifacts/2026-10-05-connection-workspace-authority/markdown-output-117/live-01/sources-format-live-117-01-chain-supervision-31232-51.json
 create mode 100644 specs/artifacts/2026-10-05-connection-workspace-authority/markdown-output-117/live-01/sources-format-live-117-01-chain-supervision-31232-52.json
 create mode 100644 specs/artifacts/2026-10-05-connection-workspace-authority/markdown-output-117/live-01/sources-format-live-117-01-chain-supervision-31232-53.json
 create mode 100644 specs/artifacts/2026-10-05-connection-workspace-authority/markdown-output-117/live-01/sources-format-live-117-01-chain-supervision-31232-54.json
 create mode 100644 specs/artifacts/2026-10-05-connection-workspace-authority/markdown-output-117/live-01/sources-format-live-117-01-chain-supervision-31232-55.json
 create mode 100644 specs/artifacts/2026-10-05-connection-workspace-authority/markdown-output-117/live-01/sources-format-live-117-01-chain-supervision-31232-56.json
 create mode 100644 specs/artifacts/2026-10-05-connection-workspace-authority/markdown-output-117/live-01/sources-format-live-117-01-chain-supervision-31232-6.json
 create mode 100644 specs/artifacts/2026-10-05-connection-workspace-authority/markdown-output-117/live-01/sources-format-live-117-01-chain-supervision-31232-7.json
 create mode 100644 specs/artifacts/2026-10-05-connection-workspace-authority/markdown-output-117/live-01/sources-format-live-117-01-chain-supervision-31232-8.json
 create mode 100644 specs/artifacts/2026-10-05-connection-workspace-authority/markdown-output-117/live-01/sources-format-live-117-01-chain-supervision-31232-9.json
 create mode 100644 specs/artifacts/2026-10-05-connection-workspace-authority/markdown-output-117/live-01/sources-format-live-117-01-final-provider-audit.json
 create mode 100644 specs/artifacts/2026-10-05-connection-workspace-authority/markdown-output-117/live-01/sources-format-live-117-01-physical-terminal-and-pair-cleanup.json
 create mode 100644 specs/artifacts/2026-10-05-connection-workspace-authority/markdown-output-117/live-01/sources-format-live-117-01-settlement-owner.json
 create mode 100644 specs/artifacts/2026-10-05-connection-workspace-authority/markdown-output-117/live-01/sources-format-live-117-01-shutdown-admission.json
 create mode 100644 specs/artifacts/2026-10-05-connection-workspace-authority/markdown-output-117/observable-work-narrative.before.ts
 create mode 100644 specs/artifacts/2026-10-05-connection-workspace-authority/markdown-output-117/previous-116-api-sync-commit.log
 create mode 100644 specs/artifacts/2026-10-05-connection-workspace-authority/markdown-output-117/previous-116-commit.log
 create mode 100644 specs/artifacts/2026-10-05-connection-workspace-authority/markdown-output-117/previous-116-confirm-fetch.log
 create mode 100644 specs/artifacts/2026-10-05-connection-workspace-authority/markdown-output-117/previous-116-delivery-ack.json
 create mode 100644 specs/artifacts/2026-10-05-connection-workspace-authority/markdown-output-117/previous-116-normal-push-retry.log
 create mode 100644 specs/artifacts/2026-10-05-connection-workspace-authority/markdown-output-117/previous-116-refetch.log
 create mode 100644 specs/artifacts/2026-10-05-connection-workspace-authority/markdown-output-117/previous-116-remerge.log
 create mode 100644 specs/artifacts/2026-10-05-connection-workspace-authority/markdown-output-117/provider-inactivity-readonly-audit.md
 create mode 100644 specs/artifacts/2026-10-05-connection-workspace-authority/markdown-output-117/provider-inactivity-safe-scalars.json
 create mode 100644 specs/artifacts/2026-10-05-connection-workspace-authority/markdown-output-117/provider-request-contract-readonly-audit.md
 create mode 100644 specs/artifacts/2026-10-05-connection-workspace-authority/markdown-output-117/provider-request-schema-scalars.json
 create mode 100644 specs/artifacts/2026-10-05-connection-workspace-authority/markdown-output-117/shared-inactivity-readonly-audit.md
 create mode 100644 specs/artifacts/2026-10-05-connection-workspace-authority/markdown-output-plan-117.md
 create mode 100644 specs/records/2026-10/2026-10-08-markdown-output.md
