[main 3de7ae3c] fix: pause transcript following when opening sources
 109 files changed, 13367 insertions(+), 7 deletions(-)
 create mode 100644 specs/artifacts/2026-10-05-connection-workspace-authority/keyboard-reading-113/README.md
 create mode 100644 specs/artifacts/2026-10-05-connection-workspace-authority/keyboard-reading-113/original-readonly-audit.md
 create mode 100644 specs/artifacts/2026-10-05-connection-workspace-authority/keyboard-reading-plan-113.md
 create mode 100644 specs/artifacts/2026-10-05-connection-workspace-authority/sources-reading-112/SourceParts.after.tsx
 create mode 100644 specs/artifacts/2026-10-05-connection-workspace-authority/sources-reading-112/SourceParts.before.tsx
 create mode 100644 specs/artifacts/2026-10-05-connection-workspace-authority/sources-reading-112/SourceParts.diff
 create mode 100644 specs/artifacts/2026-10-05-connection-workspace-authority/sources-reading-112/after-02/README.md
 create mode 100644 specs/artifacts/2026-10-05-connection-workspace-authority/sources-reading-112/after-02/actual-http-readiness.json
 create mode 100644 specs/artifacts/2026-10-05-connection-workspace-authority/sources-reading-112/after-02/archive-checker.log
 create mode 100644 specs/artifacts/2026-10-05-connection-workspace-authority/sources-reading-112/after-02/child-actual-task-conversation-http.json
 create mode 100644 specs/artifacts/2026-10-05-connection-workspace-authority/sources-reading-112/after-02/child-actual-task-conversation.json
 create mode 100644 specs/artifacts/2026-10-05-connection-workspace-authority/sources-reading-112/after-02/child-after-http-source-comparison.json
 create mode 100644 specs/artifacts/2026-10-05-connection-workspace-authority/sources-reading-112/after-02/child-http-source-verification.log
 create mode 100644 specs/artifacts/2026-10-05-connection-workspace-authority/sources-reading-112/after-02/child-independent-cim-closure.json
 create mode 100644 specs/artifacts/2026-10-05-connection-workspace-authority/sources-reading-112/after-02/docs-final.log
 create mode 100644 specs/artifacts/2026-10-05-connection-workspace-authority/sources-reading-112/after-02/helper-parse.json
 create mode 100644 specs/artifacts/2026-10-05-connection-workspace-authority/sources-reading-112/after-02/history-ui-copy.before.ps1
 create mode 100644 specs/artifacts/2026-10-05-connection-workspace-authority/sources-reading-112/after-02/history-ui-copy.diff
 create mode 100644 specs/artifacts/2026-10-05-connection-workspace-authority/sources-reading-112/after-02/history-ui-copy.final.ps1
 create mode 100644 specs/artifacts/2026-10-05-connection-workspace-authority/sources-reading-112/after-02/preparation-review.md
 create mode 100644 specs/artifacts/2026-10-05-connection-workspace-authority/sources-reading-112/after-02/root-before-opening.json
 create mode 100644 specs/artifacts/2026-10-05-connection-workspace-authority/sources-reading-112/after-02/root-bottom-resumed.json
 create mode 100644 specs/artifacts/2026-10-05-connection-workspace-authority/sources-reading-112/after-02/root-enter-settled.json
 create mode 100644 specs/artifacts/2026-10-05-connection-workspace-authority/sources-reading-112/after-02/root-final-dom.txt
 create mode 100644 specs/artifacts/2026-10-05-connection-workspace-authority/sources-reading-112/after-02/root-full-title-tooltip-883.png
 create mode 100644 specs/artifacts/2026-10-05-connection-workspace-authority/sources-reading-112/after-02/root-independent-final-closure.json
 create mode 100644 specs/artifacts/2026-10-05-connection-workspace-authority/sources-reading-112/after-02/root-open-readable-1280.png
 create mode 100644 specs/artifacts/2026-10-05-connection-workspace-authority/sources-reading-112/after-02/root-opening-immediate.json
 create mode 100644 specs/artifacts/2026-10-05-connection-workspace-authority/sources-reading-112/after-02/root-opening-settled.json
 create mode 100644 specs/artifacts/2026-10-05-connection-workspace-authority/sources-reading-112/after-02/root-real-external-intro.png
 create mode 100644 specs/artifacts/2026-10-05-connection-workspace-authority/sources-reading-112/after-02/root-space-settled.json
 create mode 100644 specs/artifacts/2026-10-05-connection-workspace-authority/sources-reading-112/after-02/root-two-long-sources-883.png
 create mode 100644 specs/artifacts/2026-10-05-connection-workspace-authority/sources-reading-112/after-02/sources-reading-after-112-02-final-provider-audit.json
 create mode 100644 specs/artifacts/2026-10-05-connection-workspace-authority/sources-reading-112/after-02/sources-reading-after-112-02-history-copy.json
 create mode 100644 specs/artifacts/2026-10-05-connection-workspace-authority/sources-reading-112/after-02/sources-reading-after-112-02-http-summary.json
 create mode 100644 specs/artifacts/2026-10-05-connection-workspace-authority/sources-reading-112/after-02/sources-reading-after-112-02-independent-closure.json
 create mode 100644 specs/artifacts/2026-10-05-connection-workspace-authority/sources-reading-112/after-02/sources-reading-after-112-02-launch-arguments.json
 create mode 100644 specs/artifacts/2026-10-05-connection-workspace-authority/sources-reading-112/after-02/sources-reading-after-112-02-launch-owner.json
 create mode 100644 specs/artifacts/2026-10-05-connection-workspace-authority/sources-reading-112/after-02/sources-reading-after-112-02-launch.log
 create mode 100644 specs/artifacts/2026-10-05-connection-workspace-authority/sources-reading-112/after-02/sources-reading-after-112-02-launcher.json
 create mode 100644 specs/artifacts/2026-10-05-connection-workspace-authority/sources-reading-112/after-02/sources-reading-after-112-02-native-host-ready.json
 create mode 100644 specs/artifacts/2026-10-05-connection-workspace-authority/sources-reading-112/after-02/sources-reading-after-112-02-native-host-settled.json
 create mode 100644 specs/artifacts/2026-10-05-connection-workspace-authority/sources-reading-112/after-02/sources-reading-after-112-02-physical-terminal-and-pair-cleanup.json
 create mode 100644 specs/artifacts/2026-10-05-connection-workspace-authority/sources-reading-112/after-02/sources-reading-after-112-02-runtime.log
 create mode 100644 specs/artifacts/2026-10-05-connection-workspace-authority/sources-reading-112/after-02/sources-reading-after-112-02-settlement-owner.json
 create mode 100644 specs/artifacts/2026-10-05-connection-workspace-authority/sources-reading-112/after-02/sources-reading-after-112-02-shutdown-admission.json
 create mode 100644 specs/artifacts/2026-10-05-connection-workspace-authority/sources-reading-112/after-02/sources-reading-after-112-02-startup.json
 create mode 100644 specs/artifacts/2026-10-05-connection-workspace-authority/sources-reading-112/after-02/sources-reading-after-112-02-unknown-timestamp.log
 create mode 100644 specs/artifacts/2026-10-05-connection-workspace-authority/sources-reading-112/before-01/README.md
 create mode 100644 specs/artifacts/2026-10-05-connection-workspace-authority/sources-reading-112/before-01/actual-http-readiness.json
 create mode 100644 specs/artifacts/2026-10-05-connection-workspace-authority/sources-reading-112/before-01/archive-checker.log
 create mode 100644 specs/artifacts/2026-10-05-connection-workspace-authority/sources-reading-112/before-01/child-independent-cim-closure.json
 create mode 100644 specs/artifacts/2026-10-05-connection-workspace-authority/sources-reading-112/before-01/child-unchanged-source-data.json
 create mode 100644 specs/artifacts/2026-10-05-connection-workspace-authority/sources-reading-112/before-01/docs-before-final.log
 create mode 100644 specs/artifacts/2026-10-05-connection-workspace-authority/sources-reading-112/before-01/helper-parse.json
 create mode 100644 specs/artifacts/2026-10-05-connection-workspace-authority/sources-reading-112/before-01/history-ui-copy.before.ps1
 create mode 100644 specs/artifacts/2026-10-05-connection-workspace-authority/sources-reading-112/before-01/history-ui-copy.diff
 create mode 100644 specs/artifacts/2026-10-05-connection-workspace-authority/sources-reading-112/before-01/history-ui-copy.final.ps1
 create mode 100644 specs/artifacts/2026-10-05-connection-workspace-authority/sources-reading-112/before-01/preparation-first-failure.log
 create mode 100644 specs/artifacts/2026-10-05-connection-workspace-authority/sources-reading-112/before-01/preparation-review.md
 create mode 100644 specs/artifacts/2026-10-05-connection-workspace-authority/sources-reading-112/before-01/root-before-opening-1280.png
 create mode 100644 specs/artifacts/2026-10-05-connection-workspace-authority/sources-reading-112/before-01/root-before-source-opening.json
 create mode 100644 specs/artifacts/2026-10-05-connection-workspace-authority/sources-reading-112/before-01/root-enter-open-dom.txt
 create mode 100644 specs/artifacts/2026-10-05-connection-workspace-authority/sources-reading-112/before-01/root-home-settled-1280.png
 create mode 100644 specs/artifacts/2026-10-05-connection-workspace-authority/sources-reading-112/before-01/root-home-settled-geometry.json
 create mode 100644 specs/artifacts/2026-10-05-connection-workspace-authority/sources-reading-112/before-01/root-independent-final-closure.json
 create mode 100644 specs/artifacts/2026-10-05-connection-workspace-authority/sources-reading-112/before-01/root-initial-geometry.json
 create mode 100644 specs/artifacts/2026-10-05-connection-workspace-authority/sources-reading-112/before-01/root-open-jumped-bottom-1280.png
 create mode 100644 specs/artifacts/2026-10-05-connection-workspace-authority/sources-reading-112/before-01/root-opening-immediate.json
 create mode 100644 specs/artifacts/2026-10-05-connection-workspace-authority/sources-reading-112/before-01/root-opening-settled.json
 create mode 100644 specs/artifacts/2026-10-05-connection-workspace-authority/sources-reading-112/before-01/root-space-collapsed-dom.txt
 create mode 100644 specs/artifacts/2026-10-05-connection-workspace-authority/sources-reading-112/before-01/sources-reading-before-112-01-final-provider-audit.json
 create mode 100644 specs/artifacts/2026-10-05-connection-workspace-authority/sources-reading-112/before-01/sources-reading-before-112-01-history-copy.json
 create mode 100644 specs/artifacts/2026-10-05-connection-workspace-authority/sources-reading-112/before-01/sources-reading-before-112-01-http-summary.json
 create mode 100644 specs/artifacts/2026-10-05-connection-workspace-authority/sources-reading-112/before-01/sources-reading-before-112-01-independent-closure.json
 create mode 100644 specs/artifacts/2026-10-05-connection-workspace-authority/sources-reading-112/before-01/sources-reading-before-112-01-launch-arguments.json
 create mode 100644 specs/artifacts/2026-10-05-connection-workspace-authority/sources-reading-112/before-01/sources-reading-before-112-01-launch-owner.json
 create mode 100644 specs/artifacts/2026-10-05-connection-workspace-authority/sources-reading-112/before-01/sources-reading-before-112-01-launch.log
 create mode 100644 specs/artifacts/2026-10-05-connection-workspace-authority/sources-reading-112/before-01/sources-reading-before-112-01-launcher.json
 create mode 100644 specs/artifacts/2026-10-05-connection-workspace-authority/sources-reading-112/before-01/sources-reading-before-112-01-native-host-ready.json
 create mode 100644 specs/artifacts/2026-10-05-connection-workspace-authority/sources-reading-112/before-01/sources-reading-before-112-01-native-host-settled.json
 create mode 100644 specs/artifacts/2026-10-05-connection-workspace-authority/sources-reading-112/before-01/sources-reading-before-112-01-physical-terminal-and-pair-cleanup.json
 create mode 100644 specs/artifacts/2026-10-05-connection-workspace-authority/sources-reading-112/before-01/sources-reading-before-112-01-runtime.log
 create mode 100644 specs/artifacts/2026-10-05-connection-workspace-authority/sources-reading-112/before-01/sources-reading-before-112-01-settlement-owner.json
 create mode 100644 specs/artifacts/2026-10-05-connection-workspace-authority/sources-reading-112/before-01/sources-reading-before-112-01-shutdown-admission.json
 create mode 100644 specs/artifacts/2026-10-05-connection-workspace-authority/sources-reading-112/before-01/sources-reading-before-112-01-startup.json
 create mode 100644 specs/artifacts/2026-10-05-connection-workspace-authority/sources-reading-112/before-01/sources-reading-before-112-01-unknown-timestamp.log
 create mode 100644 specs/artifacts/2026-10-05-connection-workspace-authority/sources-reading-112/build.log
 create mode 100644 specs/artifacts/2026-10-05-connection-workspace-authority/sources-reading-112/previous-110109111-commit.log
 create mode 100644 specs/artifacts/2026-10-05-connection-workspace-authority/sources-reading-112/previous-110109111-confirm-fetch.log
 create mode 100644 specs/artifacts/2026-10-05-connection-workspace-authority/sources-reading-112/previous-110109111-delivery-ack.json
 create mode 100644 specs/artifacts/2026-10-05-connection-workspace-authority/sources-reading-112/previous-110109111-delivery.md
 create mode 100644 specs/artifacts/2026-10-05-connection-workspace-authority/sources-reading-112/previous-110109111-docs-final.log
 create mode 100644 specs/artifacts/2026-10-05-connection-workspace-authority/sources-reading-112/previous-110109111-fetch.log
 create mode 100644 specs/artifacts/2026-10-05-connection-workspace-authority/sources-reading-112/previous-110109111-normal-push.log
 create mode 100644 specs/artifacts/2026-10-05-connection-workspace-authority/sources-reading-112/previous-110109111-staged-files.log
 create mode 100644 specs/artifacts/2026-10-05-connection-workspace-authority/sources-reading-112/previous-110109111-upstream-merge.log
 create mode 100644 specs/artifacts/2026-10-05-connection-workspace-authority/sources-reading-112/root-manual-review.md
 create mode 100644 specs/artifacts/2026-10-05-connection-workspace-authority/sources-reading-112/types.log
 create mode 100644 specs/records/2026-10/2026-10-08-sources-reading-before.md
 create mode 100644 specs/records/2026-10/2026-10-08-sources-reading.md
