$ bun run script/build-overlay.ts --cargo-message-format-json
$ node --max-old-space-size=8192 ./node_modules/vite/bin/vite.js build --config vite.config.ts
[33m../../node_modules/.bun/@radix-ui+react-direction@1.1.4+e14d3f224186685e/node_modules/@radix-ui/react-direction/dist/index.mjs (1:0): Module level directives cause errors when bundled, "use client" in "../../node_modules/.bun/@radix-ui+react-direction@1.1.4+e14d3f224186685e/node_modules/@radix-ui/react-direction/dist/index.mjs" was ignored.[39m
[33m../../node_modules/.bun/@radix-ui+react-dialog@1.1.23+7492c01c6988791b/node_modules/@radix-ui/react-dialog/dist/index.mjs (1:0): Module level directives cause errors when bundled, "use client" in "../../node_modules/.bun/@radix-ui+react-dialog@1.1.23+7492c01c6988791b/node_modules/@radix-ui/react-dialog/dist/index.mjs" was ignored.[39m
[33m../../node_modules/.bun/@radix-ui+react-popover@1.1.23+7492c01c6988791b/node_modules/@radix-ui/react-popover/dist/index.mjs (1:0): Module level directives cause errors when bundled, "use client" in "../../node_modules/.bun/@radix-ui+react-popover@1.1.23+7492c01c6988791b/node_modules/@radix-ui/react-popover/dist/index.mjs" was ignored.[39m
[33m../../node_modules/.bun/@radix-ui+react-hover-card@1.1.23+7492c01c6988791b/node_modules/@radix-ui/react-hover-card/dist/index.mjs (1:0): Module level directives cause errors when bundled, "use client" in "../../node_modules/.bun/@radix-ui+react-hover-card@1.1.23+7492c01c6988791b/node_modules/@radix-ui/react-hover-card/dist/index.mjs" was ignored.[39m
[33m../../node_modules/.bun/@radix-ui+react-dropdown-menu@2.1.24+7492c01c6988791b/node_modules/@radix-ui/react-dropdown-menu/dist/index.mjs (1:0): Module level directives cause errors when bundled, "use client" in "../../node_modules/.bun/@radix-ui+react-dropdown-menu@2.1.24+7492c01c6988791b/node_modules/@radix-ui/react-dropdown-menu/dist/index.mjs" was ignored.[39m
[33m../../node_modules/.bun/sonner@2.0.7+7492c01c6988791b/node_modules/sonner/dist/index.mjs (1:0): Module level directives cause errors when bundled, "use client" in "../../node_modules/.bun/sonner@2.0.7+7492c01c6988791b/node_modules/sonner/dist/index.mjs" was ignored.[39m
[33m../../node_modules/.bun/@radix-ui+react-portal@1.1.17+7492c01c6988791b/node_modules/@radix-ui/react-portal/dist/index.mjs (1:0): Module level directives cause errors when bundled, "use client" in "../../node_modules/.bun/@radix-ui+react-portal@1.1.17+7492c01c6988791b/node_modules/@radix-ui/react-portal/dist/index.mjs" was ignored.[39m
[33m../../node_modules/.bun/@radix-ui+react-focus-scope@1.1.16+7492c01c6988791b/node_modules/@radix-ui/react-focus-scope/dist/index.mjs (1:0): Module level directives cause errors when bundled, "use client" in "../../node_modules/.bun/@radix-ui+react-focus-scope@1.1.16+7492c01c6988791b/node_modules/@radix-ui/react-focus-scope/dist/index.mjs" was ignored.[39m
[33m../../node_modules/.bun/@radix-ui+react-presence@1.1.10+7492c01c6988791b/node_modules/@radix-ui/react-presence/dist/index.mjs (1:0): Module level directives cause errors when bundled, "use client" in "../../node_modules/.bun/@radix-ui+react-presence@1.1.10+7492c01c6988791b/node_modules/@radix-ui/react-presence/dist/index.mjs" was ignored.[39m
[33m../../node_modules/.bun/@radix-ui+react-dismissable-layer@1.1.19+7492c01c6988791b/node_modules/@radix-ui/react-dismissable-layer/dist/index.mjs (1:0): Module level directives cause errors when bundled, "use client" in "../../node_modules/.bun/@radix-ui+react-dismissable-layer@1.1.19+7492c01c6988791b/node_modules/@radix-ui/react-dismissable-layer/dist/index.mjs" was ignored.[39m
[33m../../node_modules/.bun/@radix-ui+react-focus-guards@1.1.6+e14d3f224186685e/node_modules/@radix-ui/react-focus-guards/dist/index.mjs (1:0): Module level directives cause errors when bundled, "use client" in "../../node_modules/.bun/@radix-ui+react-focus-guards@1.1.6+e14d3f224186685e/node_modules/@radix-ui/react-focus-guards/dist/index.mjs" was ignored.[39m
[33m../../node_modules/.bun/@radix-ui+react-popper@1.3.7+7492c01c6988791b/node_modules/@radix-ui/react-popper/dist/index.mjs (1:0): Module level directives cause errors when bundled, "use client" in "../../node_modules/.bun/@radix-ui+react-popper@1.3.7+7492c01c6988791b/node_modules/@radix-ui/react-popper/dist/index.mjs" was ignored.[39m
[33m../../node_modules/.bun/@radix-ui+react-menu@2.1.24+7492c01c6988791b/node_modules/@radix-ui/react-menu/dist/index.mjs (1:0): Module level directives cause errors when bundled, "use client" in "../../node_modules/.bun/@radix-ui+react-menu@2.1.24+7492c01c6988791b/node_modules/@radix-ui/react-menu/dist/index.mjs" was ignored.[39m
[33m../../node_modules/.bun/@radix-ui+react-collection@1.1.15+7492c01c6988791b/node_modules/@radix-ui/react-collection/dist/index.mjs (1:0): Module level directives cause errors when bundled, "use client" in "../../node_modules/.bun/@radix-ui+react-collection@1.1.15+7492c01c6988791b/node_modules/@radix-ui/react-collection/dist/index.mjs" was ignored.[39m
[33m../../node_modules/.bun/@radix-ui+react-roving-focus@1.1.19+7492c01c6988791b/node_modules/@radix-ui/react-roving-focus/dist/index.mjs (1:0): Module level directives cause errors when bundled, "use client" in "../../node_modules/.bun/@radix-ui+react-roving-focus@1.1.19+7492c01c6988791b/node_modules/@radix-ui/react-roving-focus/dist/index.mjs" was ignored.[39m
[33m[plugin vite:reporter] 
(!) D:/myhexin-local/opencorvus/packages/overlay/src/services/file-workbench.ts is dynamically imported by D:/myhexin-local/opencorvus/packages/overlay/src/services/workspace.ts but also statically imported by D:/myhexin-local/opencorvus/packages/overlay/src/components/ChatComposer.tsx, D:/myhexin-local/opencorvus/packages/overlay/src/components/FileEditorPane.tsx, D:/myhexin-local/opencorvus/packages/overlay/src/components/FileExplorerPanel.tsx, D:/myhexin-local/opencorvus/packages/overlay/src/components/SideChatPanel.tsx, D:/myhexin-local/opencorvus/packages/overlay/src/components/SourceParts.tsx, D:/myhexin-local/opencorvus/packages/overlay/src/components/TaskDirBar.tsx, D:/myhexin-local/opencorvus/packages/overlay/src/components/settings/ServerConnectionSettingsGroup.tsx, D:/myhexin-local/opencorvus/packages/overlay/src/main.tsx, D:/myhexin-local/opencorvus/packages/overlay/src/services/connection-settings.ts, D:/myhexin-local/opencorvus/packages/overlay/src/services/events.ts, D:/myhexin-local/opencorvus/packages/overlay/src/services/workspace.ts, dynamic import will not move module into another chunk.
[39m
[33m
(!) Some chunks are larger than 500 kB after minification. Consider:
- Using dynamic import() to code-split the application
- Use build.rollupOptions.output.manualChunks to improve chunking: https://rollupjs.org/configuration-options/#output-manualchunks
- Adjust chunk size limit for this warning via build.chunkSizeWarningLimit.[39m
$ bun ./script/build.ts
$ bun run script/build.ts --overlay-server
   Compiling proc-macro2 v1.0.106
   Compiling quote v1.0.45
   Compiling windows_x86_64_msvc v0.52.6
   Compiling serde_core v1.0.228
   Compiling zmij v1.0.21
   Compiling serde_json v1.0.150
   Compiling serde v1.0.228
   Compiling windows-targets v0.52.6
   Compiling windows-sys v0.59.0
   Compiling syn v2.0.117
   Compiling serde_derive v1.0.228
   Compiling opencorvus-process-supervisor v0.1.23 (D:\myhexin-local\opencorvus\packages\opencorvus\native\process-supervisor)
    Finished `release` profile [optimized] target(s) in 15.58s
        Info Looking up installed tauri packages to check mismatched versions...
     Running beforeBuildCommand `bun run build:vite`
$ node --max-old-space-size=8192 ./node_modules/vite/bin/vite.js build --config vite.config.ts
[33m../../node_modules/.bun/@radix-ui+react-direction@1.1.4+e14d3f224186685e/node_modules/@radix-ui/react-direction/dist/index.mjs (1:0): Module level directives cause errors when bundled, "use client" in "../../node_modules/.bun/@radix-ui+react-direction@1.1.4+e14d3f224186685e/node_modules/@radix-ui/react-direction/dist/index.mjs" was ignored.[39m
[33m../../node_modules/.bun/@radix-ui+react-dialog@1.1.23+7492c01c6988791b/node_modules/@radix-ui/react-dialog/dist/index.mjs (1:0): Module level directives cause errors when bundled, "use client" in "../../node_modules/.bun/@radix-ui+react-dialog@1.1.23+7492c01c6988791b/node_modules/@radix-ui/react-dialog/dist/index.mjs" was ignored.[39m
[33m../../node_modules/.bun/@radix-ui+react-popover@1.1.23+7492c01c6988791b/node_modules/@radix-ui/react-popover/dist/index.mjs (1:0): Module level directives cause errors when bundled, "use client" in "../../node_modules/.bun/@radix-ui+react-popover@1.1.23+7492c01c6988791b/node_modules/@radix-ui/react-popover/dist/index.mjs" was ignored.[39m
[33m../../node_modules/.bun/@radix-ui+react-hover-card@1.1.23+7492c01c6988791b/node_modules/@radix-ui/react-hover-card/dist/index.mjs (1:0): Module level directives cause errors when bundled, "use client" in "../../node_modules/.bun/@radix-ui+react-hover-card@1.1.23+7492c01c6988791b/node_modules/@radix-ui/react-hover-card/dist/index.mjs" was ignored.[39m
[33m../../node_modules/.bun/@radix-ui+react-dropdown-menu@2.1.24+7492c01c6988791b/node_modules/@radix-ui/react-dropdown-menu/dist/index.mjs (1:0): Module level directives cause errors when bundled, "use client" in "../../node_modules/.bun/@radix-ui+react-dropdown-menu@2.1.24+7492c01c6988791b/node_modules/@radix-ui/react-dropdown-menu/dist/index.mjs" was ignored.[39m
[33m../../node_modules/.bun/sonner@2.0.7+7492c01c6988791b/node_modules/sonner/dist/index.mjs (1:0): Module level directives cause errors when bundled, "use client" in "../../node_modules/.bun/sonner@2.0.7+7492c01c6988791b/node_modules/sonner/dist/index.mjs" was ignored.[39m
[33m../../node_modules/.bun/@radix-ui+react-portal@1.1.17+7492c01c6988791b/node_modules/@radix-ui/react-portal/dist/index.mjs (1:0): Module level directives cause errors when bundled, "use client" in "../../node_modules/.bun/@radix-ui+react-portal@1.1.17+7492c01c6988791b/node_modules/@radix-ui/react-portal/dist/index.mjs" was ignored.[39m
[33m../../node_modules/.bun/@radix-ui+react-dismissable-layer@1.1.19+7492c01c6988791b/node_modules/@radix-ui/react-dismissable-layer/dist/index.mjs (1:0): Module level directives cause errors when bundled, "use client" in "../../node_modules/.bun/@radix-ui+react-dismissable-layer@1.1.19+7492c01c6988791b/node_modules/@radix-ui/react-dismissable-layer/dist/index.mjs" was ignored.[39m
[33m../../node_modules/.bun/@radix-ui+react-focus-guards@1.1.6+e14d3f224186685e/node_modules/@radix-ui/react-focus-guards/dist/index.mjs (1:0): Module level directives cause errors when bundled, "use client" in "../../node_modules/.bun/@radix-ui+react-focus-guards@1.1.6+e14d3f224186685e/node_modules/@radix-ui/react-focus-guards/dist/index.mjs" was ignored.[39m
[33m../../node_modules/.bun/@radix-ui+react-presence@1.1.10+7492c01c6988791b/node_modules/@radix-ui/react-presence/dist/index.mjs (1:0): Module level directives cause errors when bundled, "use client" in "../../node_modules/.bun/@radix-ui+react-presence@1.1.10+7492c01c6988791b/node_modules/@radix-ui/react-presence/dist/index.mjs" was ignored.[39m
[33m../../node_modules/.bun/@radix-ui+react-focus-scope@1.1.16+7492c01c6988791b/node_modules/@radix-ui/react-focus-scope/dist/index.mjs (1:0): Module level directives cause errors when bundled, "use client" in "../../node_modules/.bun/@radix-ui+react-focus-scope@1.1.16+7492c01c6988791b/node_modules/@radix-ui/react-focus-scope/dist/index.mjs" was ignored.[39m
[33m../../node_modules/.bun/@radix-ui+react-popper@1.3.7+7492c01c6988791b/node_modules/@radix-ui/react-popper/dist/index.mjs (1:0): Module level directives cause errors when bundled, "use client" in "../../node_modules/.bun/@radix-ui+react-popper@1.3.7+7492c01c6988791b/node_modules/@radix-ui/react-popper/dist/index.mjs" was ignored.[39m
[33m../../node_modules/.bun/@radix-ui+react-menu@2.1.24+7492c01c6988791b/node_modules/@radix-ui/react-menu/dist/index.mjs (1:0): Module level directives cause errors when bundled, "use client" in "../../node_modules/.bun/@radix-ui+react-menu@2.1.24+7492c01c6988791b/node_modules/@radix-ui/react-menu/dist/index.mjs" was ignored.[39m
[33m../../node_modules/.bun/@radix-ui+react-roving-focus@1.1.19+7492c01c6988791b/node_modules/@radix-ui/react-roving-focus/dist/index.mjs (1:0): Module level directives cause errors when bundled, "use client" in "../../node_modules/.bun/@radix-ui+react-roving-focus@1.1.19+7492c01c6988791b/node_modules/@radix-ui/react-roving-focus/dist/index.mjs" was ignored.[39m
[33m../../node_modules/.bun/@radix-ui+react-collection@1.1.15+7492c01c6988791b/node_modules/@radix-ui/react-collection/dist/index.mjs (1:0): Module level directives cause errors when bundled, "use client" in "../../node_modules/.bun/@radix-ui+react-collection@1.1.15+7492c01c6988791b/node_modules/@radix-ui/react-collection/dist/index.mjs" was ignored.[39m
[33m[plugin vite:reporter] 
(!) D:/myhexin-local/opencorvus/packages/overlay/src/services/file-workbench.ts is dynamically imported by D:/myhexin-local/opencorvus/packages/overlay/src/services/workspace.ts but also statically imported by D:/myhexin-local/opencorvus/packages/overlay/src/components/ChatComposer.tsx, D:/myhexin-local/opencorvus/packages/overlay/src/components/FileEditorPane.tsx, D:/myhexin-local/opencorvus/packages/overlay/src/components/FileExplorerPanel.tsx, D:/myhexin-local/opencorvus/packages/overlay/src/components/SideChatPanel.tsx, D:/myhexin-local/opencorvus/packages/overlay/src/components/SourceParts.tsx, D:/myhexin-local/opencorvus/packages/overlay/src/components/TaskDirBar.tsx, D:/myhexin-local/opencorvus/packages/overlay/src/components/settings/ServerConnectionSettingsGroup.tsx, D:/myhexin-local/opencorvus/packages/overlay/src/main.tsx, D:/myhexin-local/opencorvus/packages/overlay/src/services/connection-settings.ts, D:/myhexin-local/opencorvus/packages/overlay/src/services/events.ts, D:/myhexin-local/opencorvus/packages/overlay/src/services/workspace.ts, dynamic import will not move module into another chunk.
[39m
[33m
(!) Some chunks are larger than 500 kB after minification. Consider:
- Using dynamic import() to code-split the application
- Use build.rollupOptions.output.manualChunks to improve chunking: https://rollupjs.org/configuration-options/#output-manualchunks
- Adjust chunk size limit for this warning via build.chunkSizeWarningLimit.[39m
   Compiling proc-macro2 v1.0.106
   Compiling unicode-ident v1.0.24
   Compiling quote v1.0.45
   Compiling cfg-if v1.0.4
   Compiling siphasher v1.0.2
   Compiling serde_core v1.0.228
   Compiling zerocopy v0.8.40
   Compiling smallvec v1.15.1
   Compiling icu_normalizer_data v2.1.1
   Compiling icu_properties_data v2.1.2
   Compiling stable_deref_trait v1.2.1
   Compiling fastrand v2.3.0
   Compiling thiserror v2.0.18
   Compiling phf_shared v0.13.1
   Compiling parking_lot_core v0.9.12
   Compiling windows-link v0.2.1
   Compiling zmij v1.0.21
   Compiling getrandom v0.2.17
   Compiling phf_generator v0.13.1
   Compiling serde v1.0.228
   Compiling memchr v2.8.0
   Compiling rand_core v0.6.4
   Compiling itoa v1.0.17
   Compiling new_debug_unreachable v1.0.6
   Compiling siphasher v0.3.11
   Compiling getrandom v0.1.16
   Compiling precomputed-hash v0.1.1
   Compiling scopeguard v1.2.0
   Compiling typeid v1.0.3
   Compiling lock_api v0.4.14
   Compiling phf_shared v0.11.3
   Compiling num-conv v0.2.0
   Compiling autocfg v1.5.0
   Compiling time-core v0.1.8
   Compiling parking_lot v0.12.5
   Compiling phf_codegen v0.13.1
   Compiling thiserror v1.0.69
   Compiling rand_core v0.5.1
   Compiling litemap v0.8.1
   Compiling syn v1.0.109
   Compiling getrandom v0.4.2
   Compiling ident_case v1.0.1
   Compiling writeable v0.6.2
   Compiling strsim v0.11.1
   Compiling erased-serde v0.4.10
   Compiling utf-8 v0.7.6
   Compiling log v0.4.29
   Compiling rand_pcg v0.2.1
   Compiling syn v2.0.117
   Compiling phf_shared v0.8.0
   Compiling anyhow v1.0.103
   Compiling proc-macro-hack v0.5.20+deprecated
   Compiling dtoa v1.0.11
   Compiling string_cache_codegen v0.6.1
   Compiling phf_shared v0.10.0
   Compiling dtoa-short v0.3.5
   Compiling find-msvc-tools v0.1.9
   Compiling byteorder v1.5.0
   Compiling serde_json v1.0.149
   Compiling shlex v1.3.0
   Compiling cc v1.2.56
   Compiling windows-sys v0.61.2
   Compiling web_atoms v0.2.4
   Compiling ctor-proc-macro v0.0.7
   Compiling winnow v0.7.15
   Compiling mac v0.1.1
   Compiling futf v0.1.5
   Compiling semver v1.0.27
   Compiling serde_spanned v1.0.4
   Compiling toml_datetime v0.7.5+spec-1.1.0
   Compiling string_cache v0.9.0
   Compiling ppv-lite86 v0.2.21
   Compiling bitflags v1.3.2
   Compiling percent-encoding v2.3.2
   Compiling toml_writer v1.0.6+spec-1.1.0
   Compiling utf8_iter v1.0.4
   Compiling uuid v1.22.0
   Compiling form_urlencoded v1.2.2
   Compiling tendril v0.4.3
   Compiling tendril v0.5.0
   Compiling rand_chacha v0.3.1
   Compiling rand_chacha v0.2.2
   Compiling selectors v0.36.1
   Compiling indexmap v1.9.3
   Compiling rand v0.8.6
   Compiling phf v0.11.3
   Compiling aho-corasick v1.1.4
   Compiling equivalent v1.0.2
   Compiling rand v0.7.3
   Compiling toml_parser v1.0.9+spec-1.1.0
   Compiling convert_case v0.4.0
   Compiling regex-syntax v0.8.10
   Compiling camino v1.2.2
   Compiling powerfmt v0.2.0
   Compiling synstructure v0.13.2
   Compiling darling_core v0.23.0
   Compiling phf_generator v0.11.3
   Compiling phf_generator v0.10.0
   Compiling phf_codegen v0.11.3
   Compiling string_cache_codegen v0.5.4
   Compiling toml v0.9.12+spec-1.1.0
   Compiling unic-common v0.9.0
   Compiling phf_generator v0.8.0
   Compiling nodrop v0.1.14
   Compiling matches v0.1.10
   Compiling alloc-no-stdlib v2.0.4
   Compiling phf_codegen v0.8.0
   Compiling windows_x86_64_msvc v0.52.6
   Compiling hashbrown v0.16.1
   Compiling unic-char-range v0.9.0
   Compiling alloc-stdlib v0.2.2
   Compiling markup5ever v0.14.1
   Compiling selectors v0.24.0
   Compiling unic-char-property v0.9.0
   Compiling servo_arc v0.2.0
   Compiling unic-ucd-version v0.9.0
   Compiling regex-automata v0.4.14
   Compiling indexmap v2.13.0
   Compiling deranged v0.5.8
   Compiling serde_derive_internals v0.29.1
   Compiling winapi-util v0.1.11
   Compiling fxhash v0.2.1
   Compiling phf v0.8.0
   Compiling zerofrom-derive v0.1.6
   Compiling yoke-derive v0.8.1
   Compiling serde_derive v1.0.228
   Compiling zerovec-derive v0.11.2
   Compiling displaydoc v0.2.5
   Compiling thiserror-impl v2.0.18
   Compiling phf_macros v0.13.1
   Compiling thiserror-impl v1.0.69
   Compiling cssparser-macros v0.6.1
   Compiling phf_macros v0.10.0
   Compiling cssparser v0.29.6
   Compiling derive_more-impl v2.1.1
   Compiling darling_macro v0.23.0
   Compiling phf v0.13.1
   Compiling match_token v0.1.0
   Compiling cssparser v0.36.0
   Compiling phf v0.10.1
   Compiling derive_more v0.99.20
   Compiling zerofrom v0.1.6
   Compiling darling v0.23.0
   Compiling yoke v0.8.1
   Compiling serde_with_macros v3.21.0
   Compiling servo_arc v0.4.3
   Compiling libc v0.2.182
   Compiling zerovec v0.11.5
   Compiling zerotrie v0.2.3
   Compiling derive_more v2.1.1
   Compiling fnv v1.0.7
   Compiling schemars v0.8.22
   Compiling rustc-hash v2.1.2
   Compiling markup5ever v0.38.0
   Compiling bit-vec v0.8.0
   Compiling bitflags v2.11.0
   Compiling hashbrown v0.12.3
   Compiling html5ever v0.38.0
   Compiling bit-set v0.8.0
   Compiling tinystr v0.8.2
   Compiling potential_utf v0.1.4
   Compiling cfb v0.7.3
   Compiling icu_collections v2.1.1
   Compiling icu_locale_core v2.1.1
   Compiling regex v1.12.3
   Compiling schemars_derive v0.8.22
   Compiling time v0.3.47
   Compiling same-file v1.0.6
   Compiling unic-ucd-ident v0.9.0
   Compiling brotli-decompressor v5.0.0
   Compiling string_cache v0.8.9
   Compiling cargo-platform v0.1.9
   Compiling icu_provider v2.1.1
   Compiling jsonptr v0.6.3
   Compiling quick-xml v0.41.0
   Compiling bytes v1.11.1
   Compiling icu_properties v2.1.2
   Compiling icu_normalizer v2.1.1
   Compiling dyn-clone v1.0.20
   Compiling foldhash v0.2.0
   Compiling base64 v0.22.1
   Compiling dunce v1.0.5
   Compiling json-patch v3.0.1
   Compiling dom_query v0.27.0
   Compiling http v1.4.0
   Compiling plist v1.10.0
   Compiling brotli v8.0.2
   Compiling cargo_metadata v0.19.2
   Compiling walkdir v2.5.0
   Compiling serde-untagged v0.1.9
   Compiling idna_adapter v1.2.1
   Compiling html5ever v0.29.1
   Compiling infer v0.19.0
   Compiling serde_with v3.21.0
   Compiling idna v1.1.0
   Compiling ctor v0.8.0
   Compiling glob v0.3.3
   Compiling windows-link v0.1.3
   Compiling url v2.5.8
   Compiling kuchikiki v0.8.8-speedreader
   Compiling windows-result v0.3.4
   Compiling windows-strings v0.4.2
   Compiling vswhom-sys v0.1.3
   Compiling version_check v0.9.5
   Compiling urlpattern v0.3.0
   Compiling windows-targets v0.52.6
   Compiling crc32fast v1.5.0
   Compiling pin-project-lite v0.2.17
   Compiling windows-sys v0.59.0
   Compiling once_cell v1.21.3
   Compiling windows-interface v0.59.3
   Compiling windows-implement v0.60.2
   Compiling tauri-utils v2.9.1
   Compiling rustc_version v0.4.1
   Compiling option-ext v0.2.0
   Compiling dirs-sys v0.5.0
   Compiling vswhom v0.1.0
   Compiling heck v0.5.0
   Compiling dirs v6.0.0
   Compiling cargo_toml v0.22.3
   Compiling windows-core v0.61.2
   Compiling windows-threading v0.1.0
   Compiling typenum v1.19.0
   Compiling generic-array v0.14.7
   Compiling windows-collections v0.2.0
   Compiling windows-future v0.2.1
   Compiling windows-numerics v0.2.0
   Compiling windows v0.61.3
   Compiling socket2 v0.6.3
   Compiling mio v1.1.1
   Compiling simd-adler32 v0.3.8
   Compiling winreg v0.55.0
   Compiling embed-resource v3.0.6
   Compiling tokio v1.50.0
   Compiling tauri-winres v0.3.5
   Compiling adler2 v2.0.1
   Compiling miniz_oxide v0.8.9
   Compiling time-macros v0.2.27
   Compiling raw-window-handle v0.6.2
   Compiling crossbeam-utils v0.8.21
   Compiling flate2 v1.1.9
   Compiling block-buffer v0.10.4
   Compiling crypto-common v0.1.7
   Compiling tracing-core v0.1.36
   Compiling dpi v0.1.2
   Compiling webview2-com-sys v0.38.2
   Compiling tracing-attributes v0.1.31
   Compiling windows-version v0.1.7
   Compiling futures-core v0.3.32
   Compiling digest v0.10.7
   Compiling cookie v0.18.1
   Compiling tracing v0.1.44
   Compiling cpufeatures v0.2.17
   Compiling unicode-segmentation v1.12.0
   Compiling getrandom v0.3.4
   Compiling tauri-plugin v2.5.4
   Compiling tauri-build v2.6.1
   Compiling sha2 v0.10.9
   Compiling crossbeam-channel v0.5.15
   Compiling fdeflate v0.3.7
   Compiling webview2-com-macros v0.8.1
   Compiling png v0.17.16
   Compiling tauri-runtime v2.11.1
   Compiling wry v0.55.1
   Compiling ico v0.5.0
   Compiling keyboard-types v0.7.0
   Compiling tauri-runtime-wry v2.11.1
   Compiling tauri-codegen v2.6.1
   Compiling softbuffer v0.4.8
   Compiling serialize-to-javascript-impl v0.1.2
   Compiling ring v0.17.14
   Compiling windows_x86_64_msvc v0.53.1
   Compiling muda v0.19.1
   Compiling serialize-to-javascript v0.1.2
   Compiling window-vibrancy v0.6.0
   Compiling serde_repr v0.1.20
   Compiling mime v0.3.17
   Compiling tray-icon v0.23.1
   Compiling untrusted v0.9.0
   Compiling zeroize v1.9.0
   Compiling windows-targets v0.53.5
   Compiling http-body v1.0.1
   Compiling futures-macro v0.3.32
   Compiling rustls-pki-types v1.15.1
   Compiling rustls v0.23.45
   Compiling futures-task v0.3.32
   Compiling slab v0.4.12
   Compiling httparse v1.10.1
   Compiling windows-sys v0.60.2
   Compiling windows-registry v0.5.3
   Compiling num-traits v0.2.19
   Compiling subtle v2.6.1
   Compiling tauri v2.11.1
   Compiling tauri-macros v2.6.1
   Compiling try-lock v0.2.5
   Compiling tower-service v0.3.3
   Compiling futures-util v0.3.32
   Compiling want v0.3.1
   Compiling tauri-plugin-fs v2.4.5
   Compiling futures-channel v0.3.32
   Compiling ucd-trie v0.1.7
   Compiling atomic-waker v1.1.2
   Compiling pin-utils v0.1.0
   Compiling pest v2.8.6
   Compiling hyper v1.8.1
   Compiling tauri-plugin-deep-link v2.4.9
   Compiling rustls-webpki v0.103.14
   Compiling sync_wrapper v1.0.2
   Compiling pxfm v0.1.28
   Compiling ipnet v2.12.0
   Compiling tower-layer v0.3.3
   Compiling hyper-util v0.1.20
   Compiling tower v0.5.3
   Compiling png v0.18.1
   Compiling pest_meta v2.8.6
   Compiling tauri-plugin-notification v2.3.3
   Compiling tauri-plugin-clipboard-manager v2.3.2
   Compiling tauri-plugin-opener v2.5.3
   Compiling tauri-plugin-updater v2.12.0
   Compiling moxcms v0.7.11
   Compiling tauri-plugin-dialog v2.6.0
   Compiling rand_core v0.9.5
   Compiling filetime v0.2.29
   Compiling futures-io v0.3.32
   Compiling byteorder-lite v0.1.0
   Compiling futures-sink v0.3.32
   Compiling tokio-rustls v0.26.4
   Compiling parking v2.2.1
   Compiling rfd v0.16.0
   Compiling bytemuck v1.25.0
   Compiling error-code v3.3.2
   Compiling iri-string v0.7.10
   Compiling futures-lite v2.6.1
   Compiling tokio-util v0.7.18
   Compiling hyper-rustls v0.27.9
   Compiling clipboard-win v5.4.1
   Compiling tar v0.4.46
   Compiling rustls-platform-verifier v0.6.2
   Compiling rand_chacha v0.9.0
   Compiling pest_generator v2.8.6
   Compiling http-body-util v0.1.3
   Compiling tower-http v0.6.8
   Compiling opencorvus-overlay v0.1.23 (D:\myhexin-local\opencorvus\packages\overlay\src-tauri)
   Compiling reqwest v0.13.2
   Compiling rand v0.9.4
   Compiling pest_derive v2.8.6
   Compiling tempfile v3.26.0
   Compiling image v0.25.9
   Compiling zip v4.6.1
   Compiling open v5.3.3
   Compiling minisign-verify v0.2.5
   Compiling json5 v0.4.1
   Compiling fs4 v1.1.0
   Compiling arboard v3.6.1
   Compiling tao v0.35.2
   Compiling tauri-winrt-notification v0.7.3
   Compiling winrt-toast-reborn v0.3.8
   Compiling notify-rust v4.17.0
   Compiling webview2-com v0.38.2
   Compiling tauri-plugin-single-instance v2.4.3
    Finished `release` profile [optimized] target(s) in 5m 09s
       Built application at: D:\myhexin-local\opencorvus\packages\overlay\src-tauri\target\release\opencorvus-overlay.exe
