bun test v1.3.14 (0d9b296a)

packages\transport-protocol\test\server-base-url.test.ts:
(pass) operational server base contract > projects the shared authored http-loopback case [0.26ms]
(pass) operational server base contract > projects the shared authored https-prefix case [0.02ms]
(pass) operational server base contract > projects the shared authored ipv6-prefix case [0.02ms]
(pass) operational server base contract > projects the shared authored encoded-prefix case
(pass) operational server base contract > projects the shared authored outer-whitespace case [0.01ms]
(pass) operational server base contract > projects the shared authored encoded-delimiters case
(pass) operational server base contract > projects the shared authored offline-valid case
(pass) operational server base contract > projects the shared authored empty case [0.25ms]
(pass) operational server base contract > projects the shared authored blank case [0.03ms]
(pass) operational server base contract > projects the shared authored malformed-text case [0.02ms]
(pass) operational server base contract > projects the shared authored incomplete-authority case [0.02ms]
(pass) operational server base contract > projects the shared authored malformed-ipv6 case [0.02ms]
(pass) operational server base contract > projects the shared authored relative-authority case [0.01ms]
(pass) operational server base contract > projects the shared authored unsupported-ftp case [0.01ms]
(pass) operational server base contract > projects the shared authored unsupported-opaque case [0.01ms]
(pass) operational server base contract > projects the shared authored query case [0.02ms]
(pass) operational server base contract > projects the shared authored empty-query case [0.01ms]
(pass) operational server base contract > projects the shared authored fragment case [0.02ms]
(pass) operational server base contract > projects the shared authored empty-fragment case [0.01ms]
(pass) operational server base contract > projects the shared authored fragment-query-text case [0.02ms]
(pass) operational server base contract > projects the shared authored user-info case [0.02ms]
(pass) operational server base contract > projects the shared authored username-only case [0.02ms]
(pass) operational server base contract > projects the shared authored query-before-fragment-userinfo case [0.01ms]
(pass) operational server base contract > projects the shared authored fragment-before-userinfo case [0.02ms]
(pass) operational server base contract > projects the shared authored protocol-before-query case [0.01ms]
(pass) operational server base contract > joins global/health under the base authority [0.16ms]
(pass) operational server base contract > joins /task/owned?directory=C%3A%2Fowned under the base authority [0.02ms]
(pass) operational server base contract > joins http://other.invalid/path?x=1 under the base authority [0.01ms]
(pass) operational server base contract > joins //other.invalid/path under the base authority [0.01ms]
(pass) operational server base contract > joins \\other.invalid/path under the base authority [0.01ms]
(pass) operational server base contract > joins a%2Fb?value=%23#part under the base authority [0.01ms]
(pass) operational server base contract > preserves encoded and IPv6 base paths when joining [0.04ms]
(pass) operational server base contract > distinguishes readable saved documents from operational save commands [0.66ms]

packages\overlay\test\server-base-url.test.ts:
(pass) preserves the selected base authority, prefix and API-owned directory query [0.77ms]
(pass) retains the old applied invalid identity and returns a typed local projection error [0.20ms]
(pass) projects host resources with their own query and preserves independent absolute and bare resources [0.10ms]
(pass) Browser storage reads an old invalid base and persists a valid correction with the original identity/history [0.65ms]

packages\overlay\test\settings-save-transaction.test.ts:
(pass) confirmed connection publication precedes a queued preference snapshot and survives cold read [1.82ms]
(pass) native failure reports the confirmed A document and a later explicit retry commits B [0.58ms]
(pass) queued B and C transactions merge the latest unrelated workspace and preference fields [0.74ms]
(pass) activation failure exposes its durable fact and the queue admits the next explicit transaction [0.62ms]
(pass) ordinary overrides retain the existing persistence-only action contract [0.37ms]
(pass) operational admission failure reconciles provisional state before the queued correction commits [0.62ms]
(pass) structural save admission shares the existing confirmed failure callback and retry contract [0.34ms]
(pass) an old readable invalid address can be corrected without rewriting historical intent identities [0.52ms]
(pass) cold load and a later preference save preserve an explicitly empty Basic username [0.61ms]

packages\overlay\test\project-composer-preferences.test.ts:
(pass) round-trips each project's explicit intent through the shared persisted settings contract [1.40ms]
(pass) serializes rapid choices as one current preference per project [0.47ms]
(pass) restores the confirmed project preference when persistence reports an error [0.52ms]

packages\overlay\test\blob-cache.test.ts:
(pass) blob URL cache > repeated reads and peek share the materialized Blob and its exact bytes [1.73ms]
(pass) blob URL cache > server-relative query and successful content type reach the materialized Blob [0.32ms]
(pass) blob URL cache > concurrent consumers receive the same completed Blob and request identity [0.20ms]
(pass) blob URL cache > last-consumer cancellation reports its reason and a fresh retry completes with bytes [0.71ms]
(pass) blob URL cache > a remaining shared consumer completes after the other consumer receives AbortError [0.44ms]
(pass) blob URL cache > host-relative failure preserves its raw path and public body before a successful retry [0.74ms]
(pass) blob URL cache > a failed full-window request releases the next resource slot to complete [3.20ms]

packages\overlay\test\api-error.test.ts:
(pass) apiJson + ApiError > materializes one binary named UTF8 JSON body for every diagnostic [0.33ms]
(pass) apiJson + ApiError > materializes one binary message JSON body for every diagnostic [0.05ms]
(pass) apiJson + ApiError > materializes one binary problem JSON body for every diagnostic [0.03ms]
(pass) apiJson + ApiError > materializes one binary plain authentication response body for every diagnostic [0.06ms]
(pass) apiJson + ApiError > materializes one binary malformed JSON text body for every diagnostic [0.05ms]
(pass) apiJson + ApiError > materializes one binary empty bytes body for every diagnostic [0.02ms]
(pass) apiJson + ApiError > preserves the actual x-opencorvus-request-id response correlation in complete diagnostics [0.70ms]
(pass) apiJson + ApiError > preserves the actual X-OpenCorvus-Request-ID response correlation in complete diagnostics [0.11ms]
(pass) apiJson + ApiError > binary archive failure preserves decoded public body and its response correlation [0.34ms]
(pass) apiJson + ApiError > derives a concise summary and preserves the complete 500 diagnostic [0.05ms]
(pass) apiJson + ApiError > derives a concise summary and preserves the complete 400 diagnostic [0.02ms]
(pass) apiJson + ApiError > derives a concise summary and preserves the complete 502 diagnostic
(pass) apiJson + ApiError > derives a concise summary and preserves the complete 503 diagnostic
(pass) apiJson + ApiError > applies an explicit empty Basic Auth username [0.04ms]
(pass) apiJson + ApiError > 2xx returns the parsed body unchanged [0.10ms]
(pass) apiJson + ApiError > 4xx throws ApiError carrying status / path / body / readable message [0.19ms]
(pass) apiJson + ApiError > ApiError prefers `message` over `error` when both are present [0.15ms]
(pass) apiJson + ApiError > ApiError renders the message carried by a NamedError envelope [0.17ms]
(pass) apiJson + ApiError > ApiError falls back to status + path when body is empty [0.15ms]
(pass) apiJson + ApiError > ApiError with a string body uses the string as detail [0.13ms]
(pass) apiJson + ApiError > apiJsonWithTimeout preserves ApiError status / path / body [0.36ms]

 77 pass
 0 fail
 269 expect() calls
Ran 77 tests across 6 files. [1130.00ms]
