bun test v1.3.14 (0d9b296a)

packages\overlay\test\blob-cache.test.ts:
(pass) blob URL cache > repeated reads and peek share the materialized Blob and its exact bytes [2.80ms]
(pass) blob URL cache > server-relative query and successful content type reach the materialized Blob [0.55ms]
(pass) blob URL cache > concurrent consumers receive the same completed Blob and request identity [0.34ms]
(pass) blob URL cache > last-consumer cancellation reports its reason and a fresh retry completes with bytes [1.10ms]
(pass) blob URL cache > a remaining shared consumer completes after the other consumer receives AbortError [0.60ms]
(pass) blob URL cache > host-relative failure preserves its raw path and public body before a successful retry [1.08ms]
(pass) blob URL cache > a failed full-window request releases the next resource slot to complete [4.76ms]

packages\overlay\test\project-composer-preferences.test.ts:
(pass) round-trips each project's explicit intent through the shared persisted settings contract [3.41ms]
(pass) serializes rapid choices as one current preference per project [0.77ms]
(pass) restores the confirmed project preference when persistence reports an error [0.69ms]

packages\overlay\test\server-base-url.test.ts:
(pass) preserves the selected base authority, prefix and API-owned directory query [0.43ms]
(pass) retains the old applied invalid identity and returns a typed local projection error [0.31ms]
(pass) projects host resources with their own query and preserves independent absolute and bare resources [0.09ms]
(pass) Browser storage reads an old invalid base and persists a valid correction with the original identity/history [0.45ms]

packages\overlay\test\settings-save-transaction.test.ts:
(pass) confirmed connection publication precedes a queued preference snapshot and survives cold read [1.16ms]
(pass) native failure reports the confirmed A document and a later explicit retry commits B [0.43ms]
(pass) queued B and C transactions merge the latest unrelated workspace and preference fields [0.49ms]
(pass) activation failure exposes its durable fact and the queue admits the next explicit transaction [0.53ms]
(pass) ordinary overrides retain the existing persistence-only action contract [0.22ms]
(pass) operational admission failure reconciles provisional state before the queued correction commits [0.43ms]
(pass) structural save admission shares the existing confirmed failure callback and retry contract [0.28ms]
(pass) an old readable invalid address can be corrected without rewriting historical intent identities [0.39ms]

packages\transport-protocol\test\server-base-url.test.ts:
(pass) operational server base contract > projects the shared authored http-loopback case [0.11ms]
(pass) operational server base contract > projects the shared authored https-prefix case [0.01ms]
(pass) operational server base contract > projects the shared authored ipv6-prefix case
(pass) operational server base contract > projects the shared authored encoded-prefix case
(pass) operational server base contract > projects the shared authored outer-whitespace case
(pass) operational server base contract > projects the shared authored encoded-delimiters case
(pass) operational server base contract > projects the shared authored offline-valid case
(pass) operational server base contract > projects the shared authored empty case [0.08ms]
(pass) operational server base contract > projects the shared authored blank case [0.02ms]
(pass) operational server base contract > projects the shared authored malformed-text case [0.01ms]
(pass) operational server base contract > projects the shared authored incomplete-authority case [0.02ms]
(pass) operational server base contract > projects the shared authored malformed-ipv6 case [0.03ms]
(pass) operational server base contract > projects the shared authored relative-authority case [0.01ms]
(pass) operational server base contract > projects the shared authored unsupported-ftp case [0.01ms]
(pass) operational server base contract > projects the shared authored unsupported-opaque case [0.01ms]
(pass) operational server base contract > projects the shared authored query case [0.01ms]
(pass) operational server base contract > projects the shared authored empty-query case
(pass) operational server base contract > projects the shared authored fragment case [0.01ms]
(pass) operational server base contract > projects the shared authored empty-fragment case
(pass) operational server base contract > projects the shared authored fragment-query-text case [0.02ms]
(pass) operational server base contract > projects the shared authored user-info case [0.03ms]
(pass) operational server base contract > projects the shared authored username-only case [0.02ms]
(pass) operational server base contract > projects the shared authored query-before-fragment-userinfo case [0.01ms]
(pass) operational server base contract > projects the shared authored fragment-before-userinfo case [0.02ms]
(pass) operational server base contract > projects the shared authored protocol-before-query case [0.02ms]
(pass) operational server base contract > joins global/health under the base authority [0.06ms]
(pass) operational server base contract > joins /task/owned?directory=C%3A%2Fowned under the base authority
(pass) operational server base contract > joins http://other.invalid/path?x=1 under the base authority [0.01ms]
(pass) operational server base contract > joins //other.invalid/path under the base authority [0.01ms]
(pass) operational server base contract > joins \\other.invalid/path under the base authority [0.01ms]
(pass) operational server base contract > joins a%2Fb?value=%23#part under the base authority [0.01ms]
(pass) operational server base contract > preserves encoded and IPv6 base paths when joining [0.04ms]
(pass) operational server base contract > distinguishes readable saved documents from operational save commands [0.17ms]

tmp\gallery-project\packages\overlay\test\blob-cache.test.ts:

# Unhandled error between tests
-------------------------------
error: Cannot find module '@opencorvus-ai/transport-protocol' from 'D:\myhexin-local\opencorvus\tmp\gallery-project\packages\overlay\test\blob-cache.test.ts'
-------------------------------


1 tests failed:

 55 pass
 1 fail
 1 error
 176 expect() calls
Ran 56 tests across 6 files. [1493.00ms]
