bun test v1.3.14 (0d9b296a)

test\api-error.test.ts:
(pass) apiJson + ApiError > materializes one binary named UTF8 JSON body for every diagnostic [1.00ms]
(pass) apiJson + ApiError > materializes one binary message JSON body for every diagnostic [0.10ms]
(pass) apiJson + ApiError > materializes one binary problem JSON body for every diagnostic [0.05ms]
(pass) apiJson + ApiError > materializes one binary plain authentication response body for every diagnostic [0.08ms]
(pass) apiJson + ApiError > materializes one binary malformed JSON text body for every diagnostic [0.03ms]
(pass) apiJson + ApiError > materializes one binary empty bytes body for every diagnostic [0.03ms]
(pass) apiJson + ApiError > preserves the actual x-opencorvus-request-id response correlation in complete diagnostics [1.35ms]
(pass) apiJson + ApiError > preserves the actual X-OpenCorvus-Request-ID response correlation in complete diagnostics [0.09ms]
(pass) apiJson + ApiError > binary archive failure preserves decoded public body and its response correlation [0.42ms]
(pass) apiJson + ApiError > derives a concise summary and preserves the complete 500 diagnostic [0.09ms]
(pass) apiJson + ApiError > derives a concise summary and preserves the complete 400 diagnostic [0.02ms]
(pass) apiJson + ApiError > derives a concise summary and preserves the complete 502 diagnostic [0.01ms]
(pass) apiJson + ApiError > derives a concise summary and preserves the complete 503 diagnostic [0.01ms]
(pass) apiJson + ApiError > applies an explicit empty Basic Auth username [0.18ms]
(pass) apiJson + ApiError > 2xx returns the parsed body unchanged [0.23ms]
(pass) apiJson + ApiError > 4xx throws ApiError carrying status / path / body / readable message [0.32ms]
(pass) apiJson + ApiError > ApiError prefers `message` over `error` when both are present [0.23ms]
(pass) apiJson + ApiError > ApiError renders the message carried by a NamedError envelope [0.31ms]
(pass) apiJson + ApiError > ApiError falls back to status + path when body is empty [0.21ms]
(pass) apiJson + ApiError > ApiError with a string body uses the string as detail [0.24ms]
(pass) apiJson + ApiError > apiJsonWithTimeout preserves ApiError status / path / body [0.58ms]

 21 pass
 0 fail
 89 expect() calls
Ran 21 tests across 1 file. [241.00ms]
bun test v1.3.14 (0d9b296a)

test\binary-api-error-services.test.ts:
(pass) archive projects actual transport error bytes through ApiError [5.16ms]
(pass) preview capture projects actual transport error bytes through ApiError [0.52ms]
(pass) conversation resource projects actual transport error bytes through ApiError [1.24ms]
(pass) build observation projects actual transport error bytes through ApiError [0.95ms]
(pass) successful binary transport preserves exact bytes and diff content [0.75ms]

 5 pass
 0 fail
 36 expect() calls
Ran 5 tests across 1 file. [204.00ms]
bun test v1.3.14 (0d9b296a)

test\browser-preview-service.test.ts:
(pass) browser preview service loads the task-scoped target through HostTransport [4.06ms]
(pass) browser preview service loads persisted evidence through the task-scoped artifact endpoint [0.34ms]
(pass) browser preview service loads persisted evidence screenshot bytes through HostTransport [0.77ms]
(pass) browser preview service decodes JSON error bodies from evidence capture binary responses [0.54ms]

 4 pass
 0 fail
 14 expect() calls
Ran 4 tests across 1 file. [188.00ms]
bun test v1.3.14 (0d9b296a)

test\conversation-artifact-scope.test.ts:
(pass) all exact resource chunks retain the initial directory while the selected project changes [7.58ms]

 1 pass
 0 fail
 2 expect() calls
Ran 1 test across 1 file. [215.00ms]
bun test v1.3.14 (0d9b296a)

test\diff-resolution.test.ts:
(pass) diff resolution > resolves the selected live group from the visible change collection [4.79ms]

 1 pass
 0 fail
 1 expect() calls
Ran 1 test across 1 file. [253.00ms]
bun test v1.3.14 (0d9b296a)

test\tauri-transport-error-body.test.ts:
(pass) tauri transport error body > preserves JSON response bodies on non-2xx API responses [3.35ms]
(pass) tauri transport error body > aborts stalled requests with the transport default timeout [92.08ms]
(pass) tauri transport error body > preserves caller-owned abort signals [0.48ms]
(pass) tauri transport error body > server-settled requests resolve with the actual server response [0.35ms]
(pass) tauri transport error body > server-settled requests preserve the caller signal and its AbortError result [0.37ms]

 5 pass
 0 fail
 16 expect() calls
Ran 5 tests across 1 file. [1.66s]
