[main 7de9fa0a] fix: distinguish tool argument preparation from execution
 111 files changed, 12540 insertions(+), 5 deletions(-)
 create mode 100644 specs/artifacts/2026-10-05-connection-workspace-authority/tool-input-status-118/README.md
 create mode 100644 specs/artifacts/2026-10-05-connection-workspace-authority/tool-input-status-118/actual-118-closed-recovery-scalars.json
 create mode 100644 specs/artifacts/2026-10-05-connection-workspace-authority/tool-input-status-118/actual-118-final-provider-scalars.json
 create mode 100644 specs/artifacts/2026-10-05-connection-workspace-authority/tool-input-status-118/actual-118-readonly-activity-snapshot.json
 create mode 100644 specs/artifacts/2026-10-05-connection-workspace-authority/tool-input-status-118/actual-118-scalar-stream-snapshot.json
 create mode 100644 specs/artifacts/2026-10-05-connection-workspace-authority/tool-input-status-118/build.log
 create mode 100644 specs/artifacts/2026-10-05-connection-workspace-authority/tool-input-status-118/configured-types.log
 create mode 100644 specs/artifacts/2026-10-05-connection-workspace-authority/tool-input-status-118/docs-before-live.log
 create mode 100644 specs/artifacts/2026-10-05-connection-workspace-authority/tool-input-status-118/docs-final.log
 create mode 100644 specs/artifacts/2026-10-05-connection-workspace-authority/tool-input-status-118/independent-source-review.md
 create mode 100644 specs/artifacts/2026-10-05-connection-workspace-authority/tool-input-status-118/live-01/README.md
 create mode 100644 specs/artifacts/2026-10-05-connection-workspace-authority/tool-input-status-118/live-01/actual-11801-readonly-facts.json
 create mode 100644 specs/artifacts/2026-10-05-connection-workspace-authority/tool-input-status-118/live-01/actual-11801-readonly-tool-facts.json
 create mode 100644 specs/artifacts/2026-10-05-connection-workspace-authority/tool-input-status-118/live-01/actual-11801-task-accepted-cli.json
 create mode 100644 specs/artifacts/2026-10-05-connection-workspace-authority/tool-input-status-118/live-01/actual-11801-task-create-first.log
 create mode 100644 specs/artifacts/2026-10-05-connection-workspace-authority/tool-input-status-118/live-01/actual-11801-task-request-input.json
 create mode 100644 specs/artifacts/2026-10-05-connection-workspace-authority/tool-input-status-118/live-01/actual-11801-task-selection.json
 create mode 100644 specs/artifacts/2026-10-05-connection-workspace-authority/tool-input-status-118/live-01/actual-http-readiness.json
 create mode 100644 specs/artifacts/2026-10-05-connection-workspace-authority/tool-input-status-118/live-01/expected-source-manifest.json
 create mode 100644 specs/artifacts/2026-10-05-connection-workspace-authority/tool-input-status-118/live-01/original-failed.json
 create mode 100644 specs/artifacts/2026-10-05-connection-workspace-authority/tool-input-status-118/live-01/original-launch-owner.json
 create mode 100644 specs/artifacts/2026-10-05-connection-workspace-authority/tool-input-status-118/live-01/original-native-host-ready.json
 create mode 100644 specs/artifacts/2026-10-05-connection-workspace-authority/tool-input-status-118/live-01/original-native-host-settled.json
 create mode 100644 specs/artifacts/2026-10-05-connection-workspace-authority/tool-input-status-118/live-01/original-preflight-ready.json
 create mode 100644 specs/artifacts/2026-10-05-connection-workspace-authority/tool-input-status-118/live-01/original-startup.json
 create mode 100644 specs/artifacts/2026-10-05-connection-workspace-authority/tool-input-status-118/live-01/original-stderr.log
 create mode 100644 specs/artifacts/2026-10-05-connection-workspace-authority/tool-input-status-118/live-01/original-stdout.log
 create mode 100644 specs/artifacts/2026-10-05-connection-workspace-authority/tool-input-status-118/live-01/original-supervision-settlement-trigger.json
 create mode 100644 specs/artifacts/2026-10-05-connection-workspace-authority/tool-input-status-118/live-01/original-task-boundary-admitted.json
 create mode 100644 specs/artifacts/2026-10-05-connection-workspace-authority/tool-input-status-118/live-01/original-task-occurrence-admitted.json
 create mode 100644 specs/artifacts/2026-10-05-connection-workspace-authority/tool-input-status-118/live-01/preparation-input-facts.json
 create mode 100644 specs/artifacts/2026-10-05-connection-workspace-authority/tool-input-status-118/live-01/profile-selection.json
 create mode 100644 specs/artifacts/2026-10-05-connection-workspace-authority/tool-input-status-118/live-01/request.txt
 create mode 100644 specs/artifacts/2026-10-05-connection-workspace-authority/tool-input-status-118/live-01/root-actual-pending-expanded-wide.json
 create mode 100644 specs/artifacts/2026-10-05-connection-workspace-authority/tool-input-status-118/live-01/root-actual-pending-expanded-wide.png
 create mode 100644 specs/artifacts/2026-10-05-connection-workspace-authority/tool-input-status-118/live-01/root-actual-pending-input-open.json
 create mode 100644 specs/artifacts/2026-10-05-connection-workspace-authority/tool-input-status-118/live-01/root-actual-pending-input-open.png
 create mode 100644 specs/artifacts/2026-10-05-connection-workspace-authority/tool-input-status-118/live-01/root-actual-pending-main-wide.json
 create mode 100644 specs/artifacts/2026-10-05-connection-workspace-authority/tool-input-status-118/live-01/root-actual-pending-main-wide.png
 create mode 100644 specs/artifacts/2026-10-05-connection-workspace-authority/tool-input-status-118/live-01/root-create.log
 create mode 100644 specs/artifacts/2026-10-05-connection-workspace-authority/tool-input-status-118/live-01/root-generated-bun-custody.json
 create mode 100644 specs/artifacts/2026-10-05-connection-workspace-authority/tool-input-status-118/live-01/root-launch.log
 create mode 100644 specs/artifacts/2026-10-05-connection-workspace-authority/tool-input-status-118/live-01/root-readiness.log
 create mode 100644 specs/artifacts/2026-10-05-connection-workspace-authority/tool-input-status-118/live-01/root-readonly-tools.log
 create mode 100644 specs/artifacts/2026-10-05-connection-workspace-authority/tool-input-status-118/live-01/root-readonly.log
 create mode 100644 specs/artifacts/2026-10-05-connection-workspace-authority/tool-input-status-118/live-01/root-shutdown.log
 create mode 100644 specs/artifacts/2026-10-05-connection-workspace-authority/tool-input-status-118/live-01/sources-status-live-118-01-chain-supervision-75948-1.json
 create mode 100644 specs/artifacts/2026-10-05-connection-workspace-authority/tool-input-status-118/live-01/sources-status-live-118-01-chain-supervision-75948-10.json
 create mode 100644 specs/artifacts/2026-10-05-connection-workspace-authority/tool-input-status-118/live-01/sources-status-live-118-01-chain-supervision-75948-11.json
 create mode 100644 specs/artifacts/2026-10-05-connection-workspace-authority/tool-input-status-118/live-01/sources-status-live-118-01-chain-supervision-75948-12.json
 create mode 100644 specs/artifacts/2026-10-05-connection-workspace-authority/tool-input-status-118/live-01/sources-status-live-118-01-chain-supervision-75948-13.json
 create mode 100644 specs/artifacts/2026-10-05-connection-workspace-authority/tool-input-status-118/live-01/sources-status-live-118-01-chain-supervision-75948-14.json
 create mode 100644 specs/artifacts/2026-10-05-connection-workspace-authority/tool-input-status-118/live-01/sources-status-live-118-01-chain-supervision-75948-15.json
 create mode 100644 specs/artifacts/2026-10-05-connection-workspace-authority/tool-input-status-118/live-01/sources-status-live-118-01-chain-supervision-75948-16.json
 create mode 100644 specs/artifacts/2026-10-05-connection-workspace-authority/tool-input-status-118/live-01/sources-status-live-118-01-chain-supervision-75948-17.json
 create mode 100644 specs/artifacts/2026-10-05-connection-workspace-authority/tool-input-status-118/live-01/sources-status-live-118-01-chain-supervision-75948-18.json
 create mode 100644 specs/artifacts/2026-10-05-connection-workspace-authority/tool-input-status-118/live-01/sources-status-live-118-01-chain-supervision-75948-19.json
 create mode 100644 specs/artifacts/2026-10-05-connection-workspace-authority/tool-input-status-118/live-01/sources-status-live-118-01-chain-supervision-75948-2.json
 create mode 100644 specs/artifacts/2026-10-05-connection-workspace-authority/tool-input-status-118/live-01/sources-status-live-118-01-chain-supervision-75948-20.json
 create mode 100644 specs/artifacts/2026-10-05-connection-workspace-authority/tool-input-status-118/live-01/sources-status-live-118-01-chain-supervision-75948-21.json
 create mode 100644 specs/artifacts/2026-10-05-connection-workspace-authority/tool-input-status-118/live-01/sources-status-live-118-01-chain-supervision-75948-22.json
 create mode 100644 specs/artifacts/2026-10-05-connection-workspace-authority/tool-input-status-118/live-01/sources-status-live-118-01-chain-supervision-75948-23.json
 create mode 100644 specs/artifacts/2026-10-05-connection-workspace-authority/tool-input-status-118/live-01/sources-status-live-118-01-chain-supervision-75948-24.json
 create mode 100644 specs/artifacts/2026-10-05-connection-workspace-authority/tool-input-status-118/live-01/sources-status-live-118-01-chain-supervision-75948-25.json
 create mode 100644 specs/artifacts/2026-10-05-connection-workspace-authority/tool-input-status-118/live-01/sources-status-live-118-01-chain-supervision-75948-26.json
 create mode 100644 specs/artifacts/2026-10-05-connection-workspace-authority/tool-input-status-118/live-01/sources-status-live-118-01-chain-supervision-75948-27.json
 create mode 100644 specs/artifacts/2026-10-05-connection-workspace-authority/tool-input-status-118/live-01/sources-status-live-118-01-chain-supervision-75948-28.json
 create mode 100644 specs/artifacts/2026-10-05-connection-workspace-authority/tool-input-status-118/live-01/sources-status-live-118-01-chain-supervision-75948-29.json
 create mode 100644 specs/artifacts/2026-10-05-connection-workspace-authority/tool-input-status-118/live-01/sources-status-live-118-01-chain-supervision-75948-3.json
 create mode 100644 specs/artifacts/2026-10-05-connection-workspace-authority/tool-input-status-118/live-01/sources-status-live-118-01-chain-supervision-75948-30.json
 create mode 100644 specs/artifacts/2026-10-05-connection-workspace-authority/tool-input-status-118/live-01/sources-status-live-118-01-chain-supervision-75948-31.json
 create mode 100644 specs/artifacts/2026-10-05-connection-workspace-authority/tool-input-status-118/live-01/sources-status-live-118-01-chain-supervision-75948-32.json
 create mode 100644 specs/artifacts/2026-10-05-connection-workspace-authority/tool-input-status-118/live-01/sources-status-live-118-01-chain-supervision-75948-33.json
 create mode 100644 specs/artifacts/2026-10-05-connection-workspace-authority/tool-input-status-118/live-01/sources-status-live-118-01-chain-supervision-75948-34.json
 create mode 100644 specs/artifacts/2026-10-05-connection-workspace-authority/tool-input-status-118/live-01/sources-status-live-118-01-chain-supervision-75948-35.json
 create mode 100644 specs/artifacts/2026-10-05-connection-workspace-authority/tool-input-status-118/live-01/sources-status-live-118-01-chain-supervision-75948-36.json
 create mode 100644 specs/artifacts/2026-10-05-connection-workspace-authority/tool-input-status-118/live-01/sources-status-live-118-01-chain-supervision-75948-37.json
 create mode 100644 specs/artifacts/2026-10-05-connection-workspace-authority/tool-input-status-118/live-01/sources-status-live-118-01-chain-supervision-75948-38.json
 create mode 100644 specs/artifacts/2026-10-05-connection-workspace-authority/tool-input-status-118/live-01/sources-status-live-118-01-chain-supervision-75948-39.json
 create mode 100644 specs/artifacts/2026-10-05-connection-workspace-authority/tool-input-status-118/live-01/sources-status-live-118-01-chain-supervision-75948-4.json
 create mode 100644 specs/artifacts/2026-10-05-connection-workspace-authority/tool-input-status-118/live-01/sources-status-live-118-01-chain-supervision-75948-5.json
 create mode 100644 specs/artifacts/2026-10-05-connection-workspace-authority/tool-input-status-118/live-01/sources-status-live-118-01-chain-supervision-75948-6.json
 create mode 100644 specs/artifacts/2026-10-05-connection-workspace-authority/tool-input-status-118/live-01/sources-status-live-118-01-chain-supervision-75948-7.json
 create mode 100644 specs/artifacts/2026-10-05-connection-workspace-authority/tool-input-status-118/live-01/sources-status-live-118-01-chain-supervision-75948-8.json
 create mode 100644 specs/artifacts/2026-10-05-connection-workspace-authority/tool-input-status-118/live-01/sources-status-live-118-01-chain-supervision-75948-9.json
 create mode 100644 specs/artifacts/2026-10-05-connection-workspace-authority/tool-input-status-118/live-01/sources-status-live-118-01-final-provider-audit.json
 create mode 100644 specs/artifacts/2026-10-05-connection-workspace-authority/tool-input-status-118/live-01/sources-status-live-118-01-physical-terminal-and-pair-cleanup.json
 create mode 100644 specs/artifacts/2026-10-05-connection-workspace-authority/tool-input-status-118/live-01/sources-status-live-118-01-settlement-owner.json
 create mode 100644 specs/artifacts/2026-10-05-connection-workspace-authority/tool-input-status-118/live-01/sources-status-live-118-01-shutdown-admission.json
 create mode 100644 specs/artifacts/2026-10-05-connection-workspace-authority/tool-input-status-118/locale-catalog-parity.log
 create mode 100644 specs/artifacts/2026-10-05-connection-workspace-authority/tool-input-status-118/preimages/CardParts.tsx
 create mode 100644 specs/artifacts/2026-10-05-connection-workspace-authority/tool-input-status-118/preimages/en-US.json
 create mode 100644 specs/artifacts/2026-10-05-connection-workspace-authority/tool-input-status-118/preimages/tool.ts
 create mode 100644 specs/artifacts/2026-10-05-connection-workspace-authority/tool-input-status-118/preimages/zh-CN.json
 create mode 100644 specs/artifacts/2026-10-05-connection-workspace-authority/tool-input-status-118/previous-117-commit.log
 create mode 100644 specs/artifacts/2026-10-05-connection-workspace-authority/tool-input-status-118/previous-117-confirm-fetch.log
 create mode 100644 specs/artifacts/2026-10-05-connection-workspace-authority/tool-input-status-118/previous-117-delivery-ack.json
 create mode 100644 specs/artifacts/2026-10-05-connection-workspace-authority/tool-input-status-118/previous-117-push.log
 create mode 100644 specs/artifacts/2026-10-05-connection-workspace-authority/tool-input-status-118/shared-live-activity-readonly-audit.md
 create mode 100644 specs/artifacts/2026-10-05-connection-workspace-authority/tool-input-status-118/sources-next-readonly-audit.md
 create mode 100644 specs/artifacts/2026-10-05-connection-workspace-authority/tool-input-status-plan-118.md
 create mode 100644 specs/records/2026-10/2026-10-08-tool-input-status.md
