packages/opencorvus/test/expert-squad/dynamic-package.test.ts(243,11): error TS2353: Object literal may only specify known properties, and 'taskIngress' does not exist in type '{ id: string; sessionID: string; author: string; role: "assistant"; time: { created: number; completed?: number | undefined; }; parentID: string; modelID: string; providerID: string; agent: string; ... 14 more ...; activationID?: string | undefined; }'.
packages/opencorvus/test/expert-squad/dynamic-package.test.ts(502,13): error TS2322: Type '({ targetAgentID, projectedAgent, workScope, deliverySliceRevisionIDs, workflowBinding, workflowNodeID, adapterInput, toolOptions, }: { taskID: string; targetAgentID: string; projectedAgent: ResolvedProjectedAgent; workScope: { kind: "task"; }; deliverySliceRevisionIDs: string[]; workflowBinding?: { ...; } | ... 1 m...' is not assignable to type 'OpenDispatchAgentLineage'.
  Type '{ dispatchID: string; deliverySliceRevisionIDs: string[]; adapterInput: Record<string, unknown> | undefined; newSessionID: string; signal: AbortSignal; turn: { kind: "initial"; ... 6 more ...; task_authority: { ...; }; }; observeSession(): void; commitSession(sessionID: string, descriptor: { ...; }): { ...; }; relea...' is not assignable to type 'DispatchAgentLineageHandle | Promise<DispatchAgentLineageHandle>'.
    Type '{ dispatchID: string; deliverySliceRevisionIDs: string[]; adapterInput: Record<string, unknown> | undefined; newSessionID: string; signal: AbortSignal; turn: { kind: "initial"; ... 6 more ...; task_authority: { ...; }; }; observeSession(): void; commitSession(sessionID: string, descriptor: { ...; }): { ...; }; relea...' is not assignable to type 'DispatchAgentLineageHandleBase & { readonly replayOutcome: { kind: "accepted"; session_id: string; dispatch_lineage_id: string; } | { session_id: string; final_message_id: string; kind: "terminal_success"; } | ... 4 more ... | { ...; }; readonly turn?: { ...; } | ... 1 more ... | undefined; }'.
      Type '{ dispatchID: string; deliverySliceRevisionIDs: string[]; adapterInput: Record<string, unknown> | undefined; newSessionID: string; signal: AbortSignal; turn: { kind: "initial"; ... 6 more ...; task_authority: { ...; }; }; observeSession(): void; commitSession(sessionID: string, descriptor: { ...; }): { ...; }; relea...' is not assignable to type 'DispatchAgentLineageHandleBase'.
        Types of property 'adapterInput' are incompatible.
          Type 'Record<string, unknown> | undefined' is not assignable to type 'Readonly<Record<string, unknown>>'.
            Type 'undefined' is not assignable to type 'Readonly<Record<string, unknown>>'.
packages/opencorvus/test/expert-squad/dynamic-package.test.ts(556,17): error TS2322: Type 'Record<string, unknown> | undefined' is not assignable to type 'Record<string, unknown>'.
  Type 'undefined' is not assignable to type 'Record<string, unknown>'.
packages/opencorvus/test/expert-squad/dynamic-package.test.ts(660,11): error TS2722: Cannot invoke an object which is possibly 'undefined'.
packages/opencorvus/test/expert-squad/light-package.test.ts(211,35): error TS2345: Argument of type 'string | undefined' is not assignable to parameter of type 'string'.
  Type 'undefined' is not assignable to type 'string'.
packages/opencorvus/test/expert-squad/light-package.test.ts(234,39): error TS2345: Argument of type 'string | undefined' is not assignable to parameter of type 'string'.
  Type 'undefined' is not assignable to type 'string'.
packages/opencorvus/test/expert-squad/light-package.test.ts(581,56): error TS2345: Argument of type 'string | undefined' is not assignable to parameter of type 'string'.
  Type 'undefined' is not assignable to type 'string'.
packages/opencorvus/test/expert-squad/light-package.test.ts(720,13): error TS2322: Type '({ targetAgentID, projectedAgent, workScope, deliverySliceRevisionIDs, workflowBinding, workflowNodeID, adapterInput, toolOptions, }: { taskID: string; targetAgentID: string; projectedAgent: ResolvedProjectedAgent; workScope: { kind: "task"; }; deliverySliceRevisionIDs: string[]; workflowBinding?: { ...; } | ... 1 m...' is not assignable to type 'OpenDispatchAgentLineage'.
  Type '{ dispatchID: string; deliverySliceRevisionIDs: string[]; adapterInput: Record<string, unknown> | undefined; newSessionID: string; signal: AbortSignal; turn: { kind: "initial"; ... 6 more ...; task_authority: { ...; }; }; observeSession(): void; commitSession(sessionID: string, descriptor: { ...; }): { ...; }; relea...' is not assignable to type 'DispatchAgentLineageHandle | Promise<DispatchAgentLineageHandle>'.
    Type '{ dispatchID: string; deliverySliceRevisionIDs: string[]; adapterInput: Record<string, unknown> | undefined; newSessionID: string; signal: AbortSignal; turn: { kind: "initial"; ... 6 more ...; task_authority: { ...; }; }; observeSession(): void; commitSession(sessionID: string, descriptor: { ...; }): { ...; }; relea...' is not assignable to type 'DispatchAgentLineageHandleBase & { readonly replayOutcome: { kind: "accepted"; session_id: string; dispatch_lineage_id: string; } | { session_id: string; final_message_id: string; kind: "terminal_success"; } | ... 4 more ... | { ...; }; readonly turn?: { ...; } | ... 1 more ... | undefined; }'.
      Type '{ dispatchID: string; deliverySliceRevisionIDs: string[]; adapterInput: Record<string, unknown> | undefined; newSessionID: string; signal: AbortSignal; turn: { kind: "initial"; ... 6 more ...; task_authority: { ...; }; }; observeSession(): void; commitSession(sessionID: string, descriptor: { ...; }): { ...; }; relea...' is not assignable to type 'DispatchAgentLineageHandleBase'.
        Types of property 'adapterInput' are incompatible.
          Type 'Record<string, unknown> | undefined' is not assignable to type 'Readonly<Record<string, unknown>>'.
            Type 'undefined' is not assignable to type 'Readonly<Record<string, unknown>>'.
packages/opencorvus/test/expert-squad/light-package.test.ts(751,17): error TS2322: Type 'Record<string, unknown> | undefined' is not assignable to type 'Record<string, unknown>'.
  Type 'undefined' is not assignable to type 'Record<string, unknown>'.
packages/opencorvus/test/expert-squad/light-package.test.ts(1074,21): error TS2741: Property 'offset' is missing in type '{ message_id: any; part_id: any; field: "output"; limit: number; }' but required in type '{ message_id: string; part_id: string; field: "output" | "input" | "failure"; offset: number; limit: number; }'.
packages/opencorvus/test/expert-squad/light-package.test.ts(1103,21): error TS2739: Type '{ message_id: any; part_id: any; field: "input"; }' is missing the following properties from type '{ message_id: string; part_id: string; field: "output" | "input" | "failure"; offset: number; limit: number; }': offset, limit
packages/opencorvus/test/expert-squad/light-package.test.ts(1121,21): error TS2739: Type '{ message_id: string; part_id: any; field: "output"; }' is missing the following properties from type '{ message_id: string; part_id: string; field: "output" | "input" | "failure"; offset: number; limit: number; }': offset, limit
packages/opencorvus/test/expert-squad/light-package.test.ts(1236,21): error TS2741: Property 'offset' is missing in type '{ message_id: any; part_id: any; field: "output"; limit: number; }' but required in type '{ message_id: string; part_id: string; field: "output" | "input" | "failure"; offset: number; limit: number; }'.
packages/opencorvus/test/read-agent-message-worker-final-authority.test.ts(416,15): error TS2322: Type '{ kind: "continuation"; current_dispatch_id: string; source_dispatch_id: string; child_session_id: string; workflow_binding: { kind: "direct"; package_revision: { scope: "built_in" | "project" | "global"; ... 4 more ...; package_digest: string; }; } | { ...; }; ... 6 more ...; acceptance_repair?: { ...; } | undefine...' is not assignable to type '{ current_dispatch_id: string; workflow_binding: { kind: "direct"; package_revision: { scope: "built_in" | "project" | "global"; project_id: string | null; namespace: string; id: string; version: string; package_digest: string; }; } | { ...; }; ... 7 more ...; acceptance_repair?: { ...; } | undefined; } | { ...; } |...'.
  Type '{ kind: "continuation"; current_dispatch_id: string; source_dispatch_id: string; child_session_id: string; workflow_binding: { kind: "direct"; package_revision: { scope: "built_in" | "project" | "global"; ... 4 more ...; package_digest: string; }; } | { ...; }; ... 6 more ...; acceptance_repair?: { ...; } | undefine...' is not assignable to type '{ current_dispatch_id: string; workflow_binding: { kind: "direct"; package_revision: { scope: "built_in" | "project" | "global"; project_id: string | null; namespace: string; id: string; version: string; package_digest: string; }; } | { ...; }; ... 7 more ...; acceptance_repair?: { ...; } | undefined; } | { ...; } |...'.
    Type '{ kind: "continuation"; current_dispatch_id: string; source_dispatch_id: string; child_session_id: string; workflow_binding: { kind: "direct"; package_revision: { scope: "built_in" | "project" | "global"; ... 4 more ...; package_digest: string; }; } | { ...; }; ... 6 more ...; acceptance_repair?: { ...; } | undefine...' is not assignable to type '{ current_dispatch_id: string; workflow_binding: { kind: "direct"; package_revision: { scope: "built_in" | "project" | "global"; project_id: string | null; namespace: string; id: string; version: string; package_digest: string; }; } | { ...; }; ... 8 more ...; acceptance_repair?: { ...; } | undefined; }'.
      Types of property 'acceptance_repair' are incompatible.
        Type '{ gap_id: string; ledger_revision_artifact_id: string; execution_epoch: number; criteria: { criterion_id: string; state: "open"; disposition: "failed" | "unresolved" | "stale_evidence"; ... 7 more ...; repair_action: { ...; }; }[]; checkpoint_required: false; } | undefined' is not assignable to type '{ gap_id: string; ledger_revision_artifact_id: string; execution_epoch: number; criteria: { criterion_id: string; state: "open"; disposition: "failed" | "unresolved" | "stale_evidence"; ... 7 more ...; repair_action: { ...; }; }[]; checkpoint_required: true; } | undefined'.
          Type '{ gap_id: string; ledger_revision_artifact_id: string; execution_epoch: number; criteria: { criterion_id: string; state: "open"; disposition: "failed" | "unresolved" | "stale_evidence"; ... 7 more ...; repair_action: { ...; }; }[]; checkpoint_required: false; }' is not assignable to type '{ gap_id: string; ledger_revision_artifact_id: string; execution_epoch: number; criteria: { criterion_id: string; state: "open"; disposition: "failed" | "unresolved" | "stale_evidence"; ... 7 more ...; repair_action: { ...; }; }[]; checkpoint_required: true; }'.
            Types of property 'checkpoint_required' are incompatible.
              Type 'false' is not assignable to type 'true'.
