[1/1] START test/read-agent-message-worker-final-authority.test.ts
bun test v1.3.14 (0d9b296a) 1x PARALLEL

test\isolated-test-entry.test.ts:
67 |       const active = (promptProfile as Record<string, unknown>).active
68 |       return typeof active === "string" && active.length > 0 ? active : undefined
69 |     })
70 |     .find((active) => active !== undefined)
71 |   if (!activeProfileID) {
72 |     throw new Error(`Task ${input.taskID} root Session ${task.sessionID} has no frozen active expert squad`)
                   ^
error: Task tsk_g00VXP3urL000KwoQIiJ root Session ses_-zUSaw58ezz77qrZwmyA has no frozen active expert squad
      at assertTaskWorkflowPackageInTransaction (D:\myhexin-local\opencorvus\packages\opencorvus\src\engine\workflow-binding-facts.ts:72:15)
      at D:\myhexin-local\opencorvus\packages\opencorvus\src\engine\dispatch-lineage.ts:503:5
      at run (node:async_hooks:62:22)
      at provideDatabaseContext (D:\myhexin-local\opencorvus\packages\opencorvus\src\storage\db.ts:1585:26)
      at D:\myhexin-local\opencorvus\packages\opencorvus\src\storage\db.ts:1836:18
      at D:\myhexin-local\opencorvus\node_modules\.bun\drizzle-orm@1.0.0-beta.20+13586c8ac9862723\node_modules\drizzle-orm\bun-sqlite\session.js:40:10
      at transaction (bun:sqlite:416:27)
      at transaction (D:\myhexin-local\opencorvus\node_modules\.bun\drizzle-orm@1.0.0-beta.20+13586c8ac9862723\node_modules\drizzle-orm\bun-sqlite\session.js:40:10)
      at immediateTransaction (D:\myhexin-local\opencorvus\packages\opencorvus\src\storage\db.ts:1834:31)
      at recordDispatchLineage (D:\myhexin-local\opencorvus\packages\opencorvus\src\engine\dispatch-lineage.ts:896:12)
      at recordTestDispatchLineage (D:\myhexin-local\opencorvus\packages\opencorvus\test\fixture\dispatch-lineage.ts:121:12)
      at D:\myhexin-local\opencorvus\packages\opencorvus\test\read-agent-message-worker-final-authority.test.ts:37:7
      at processTicksAndRejections (unknown:7:39)
(fail) reads a physically coordinated worker final and its canonical Tool facts [3455.98ms]

 0 pass
 1 fail
Ran 1 test across 1 file. [5.88s]
[1/1] DONE test/read-agent-message-worker-final-authority.test.ts exit=1 duration=6.92s
OpenCorvus test file failed (exit=1): D:\myhexin-local\opencorvus\packages\opencorvus\test\read-agent-message-worker-final-authority.test.ts
OpenCorvus failed test files (1):
D:\myhexin-local\opencorvus\packages\opencorvus\test\read-agent-message-worker-final-authority.test.ts
