[1/2] START ../../.tmp-product-iteration/async-reference-owner-107.test.ts
bun test v1.3.14 (0d9b296a) 1x PARALLEL

test\isolated-test-entry.test.ts:
{"case":"conversation-write","projectA":"C:\\Users\\hengu\\AppData\\Local\\Temp\\opencorvus-test-run-7AxwL7\\test-65436-NgSRPJ\\fixtures\\memory-lzLfZi","projectB":"C:\\Users\\hengu\\AppData\\Local\\Temp\\opencorvus-test-run-7AxwL7\\test-65436-NgSRPJ\\fixtures\\memory-cTfv0S","order":["first-entered","first-completed","second-observed:first-committed"],"results":[{"status":"fulfilled","value":"first-committed"},{"status":"fulfilled","value":"first-committed"}],"state":"first-committed","observation":"first-committed","owner":"original global conversation reference key","timingQualification":"one real event-loop turn after second operation submission; no production hook/spawner override"}
{"case":"conversation-write","joined":["fulfilled","fulfilled"]}
(pass) conversation-write real callback returns before the next global owner observes the committed resource [1982.26ms]
{"case":"conversation-read","projectA":"C:\\Users\\hengu\\AppData\\Local\\Temp\\opencorvus-test-run-7AxwL7\\test-65436-NgSRPJ\\fixtures\\memory-c9EScd","projectB":"C:\\Users\\hengu\\AppData\\Local\\Temp\\opencorvus-test-run-7AxwL7\\test-65436-NgSRPJ\\fixtures\\memory-PUOzOS","order":["first-entered","first-completed","second-observed:first-committed"],"results":[{"status":"fulfilled","value":"first-committed"},{"status":"fulfilled","value":"first-committed"}],"state":"first-committed","observation":"first-committed","owner":"original global conversation reference key","timingQualification":"one real event-loop turn after second operation submission; no production hook/spawner override"}
{"case":"conversation-read","joined":["fulfilled","fulfilled"]}
(pass) conversation-read real callback returns before the next global owner observes the committed resource [1893.30ms]
{"case":"skill-write","projectA":"C:\\Users\\hengu\\AppData\\Local\\Temp\\opencorvus-test-run-7AxwL7\\test-65436-NgSRPJ\\fixtures\\memory-xcoNtu","projectB":"C:\\Users\\hengu\\AppData\\Local\\Temp\\opencorvus-test-run-7AxwL7\\test-65436-NgSRPJ\\fixtures\\memory-pkfmym","order":["first-entered","first-completed","second-observed:first-committed"],"results":[{"status":"fulfilled","value":"first-committed"},{"status":"fulfilled","value":"first-committed"}],"state":"first-committed","observation":"first-committed","owner":"original durable catalog owner retained","timingQualification":"one real event-loop turn after second operation submission; no production hook/spawner override"}
{"case":"skill-write","joined":["fulfilled","fulfilled"]}
(pass) skill-write real callback returns before the next global owner observes the committed resource [1954.84ms]
{"case":"skill-read","projectA":"C:\\Users\\hengu\\AppData\\Local\\Temp\\opencorvus-test-run-7AxwL7\\test-65436-NgSRPJ\\fixtures\\memory-AO2XVb","projectB":"C:\\Users\\hengu\\AppData\\Local\\Temp\\opencorvus-test-run-7AxwL7\\test-65436-NgSRPJ\\fixtures\\memory-NuwRq2","order":["first-entered","first-completed","second-observed:first-committed"],"results":[{"status":"fulfilled","value":"first-committed"},{"status":"fulfilled","value":"first-committed"}],"state":"first-committed","observation":"first-committed","owner":"original durable catalog owner retained","timingQualification":"one real event-loop turn after second operation submission; no production hook/spawner override"}
{"case":"skill-read","joined":["fulfilled","fulfilled"]}
(pass) skill-read real callback returns before the next global owner observes the committed resource [1972.85ms]
{"owner":"conversation","results":{"accepted":"same inherited mutation"},"rejected":{"name":"Error","message":"Cannot mutate native conversation capability references while holding a reference read."}}
(pass) conversation nested owner and real read-to-write rejection retain their current contracts [0.73ms]
{"owner":"skill","results":{"accepted":"same inherited mutation"},"rejected":{"name":"Error","message":"Cannot mutate the Skill catalog while holding a catalog reference read."}}
(pass) skill nested owner and real read-to-write rejection retain their current contracts [9.12ms]

 6 pass
 0 fail
 16 expect() calls
Ran 6 tests across 1 file. [9.55s]
[1/2] DONE ../../.tmp-product-iteration/async-reference-owner-107.test.ts exit=0 duration=10.64s
[2/2] START ../../.tmp-product-iteration/task-checkpoint-owner-107.test.ts
bun test v1.3.14 (0d9b296a) 1x PARALLEL

test\isolated-test-entry.test.ts:
{"role":"mandatory","a":{"taskID":"tsk_g00VXO035W00oEof8Iw5","projectID":"prj_hRjJLT9TW6ZH9uFiHOtT","cwd":"C:\\Users\\hengu\\AppData\\Local\\Temp\\opencorvus-test-run-7AxwL7\\test-59584-uM6Qfr\\fixtures\\memory-PQFD4l","binding":{"protocol":"task-native-process-binding-v2","task_id":"tsk_g00VXO035W00oEof8Iw5","project_id":"prj_hRjJLT9TW6ZH9uFiHOtT","package_revision_sha256":"834da69ab256631ed712ab3960901fb89e2e94e41fa42835e53f52775d37b962","mode":"native","logical_workspace_root":"C:\\Users\\hengu\\AppData\\Local\\Temp\\opencorvus-test-run-7AxwL7\\test-59584-uM6Qfr\\fixtures\\memory-PQFD4l","workspace_root":"C:\\Users\\hengu\\AppData\\Local\\Temp\\opencorvus-test-run-7AxwL7\\test-59584-uM6Qfr\\fixtures\\memory-PQFD4l","initial_tree_sha256":"671e808b77e184b1546cf7d84c309e6f761fac5d2f90775f23527962c583684d","time_created":1791394330498}},"b":{"taskID":"tsk_g00VXO034000zxBXR40R","projectID":"prj_hks3DnGhb1UZjp8ZM3Yn","cwd":"C:\\Users\\hengu\\AppData\\Local\\Temp\\opencorvus-test-run-7AxwL7\\test-59584-uM6Qfr\\fixtures\\memory-w8qywg","binding":{"protocol":"task-native-process-binding-v2","task_id":"tsk_g00VXO034000zxBXR40R","project_id":"prj_hks3DnGhb1UZjp8ZM3Yn","package_revision_sha256":"834da69ab256631ed712ab3960901fb89e2e94e41fa42835e53f52775d37b962","mode":"native","logical_workspace_root":"C:\\Users\\hengu\\AppData\\Local\\Temp\\opencorvus-test-run-7AxwL7\\test-59584-uM6Qfr\\fixtures\\memory-w8qywg","workspace_root":"C:\\Users\\hengu\\AppData\\Local\\Temp\\opencorvus-test-run-7AxwL7\\test-59584-uM6Qfr\\fixtures\\memory-w8qywg","initial_tree_sha256":"671e808b77e184b1546cf7d84c309e6f761fac5d2f90775f23527962c583684d","time_created":1791394330404}},"receipts":["checkpoint-entered","other-task-admitted","other-task-settled","checkpoint-completed","same-task-admitted","same-task-settled"],"checkpointResult":"checkpoint-completed","sameResult":{"taskID":"tsk_g00VXO035W00oEof8Iw5","pid":72676,"stdout":"{\"marker\":\"same-task\",\"cwd\":\"C:\\\\Users\\\\hengu\\\\AppData\\\\Local\\\\Temp\\\\opencorvus-test-run-7AxwL7\\\\test-59584-uM6Qfr\\\\fixtures\\\\memory-PQFD4l\"}\n","stderr":"","exitCode":0,"metric":{"live":1,"owners":{"unclassified":{"count":1,"pids":[72676]}}}},"otherResult":{"taskID":"tsk_g00VXO034000zxBXR40R","pid":33724,"stdout":"{\"marker\":\"other-task\",\"cwd\":\"C:\\\\Users\\\\hengu\\\\AppData\\\\Local\\\\Temp\\\\opencorvus-test-run-7AxwL7\\\\test-59584-uM6Qfr\\\\fixtures\\\\memory-w8qywg\"}\n","stderr":"","exitCode":0,"metric":{"live":1,"owners":{"unclassified":{"count":1,"pids":[33724]}}}},"state":"completed","boundary":"real native Task binding and lease callbacks; data fixture Task creation without model execution epoch"}
{"role":"mandatory","joined":["fulfilled","fulfilled","fulfilled"]}
(pass) native mandatory checkpoint callback holds sameTask admission and preserves otherTask output [4582.52ms]
{"role":"auxiliary","a":{"taskID":"tsk_g00VXO045C00IKmjxbK3","projectID":"prj_hTxzyrf4LgLRGiayDMA1","cwd":"C:\\Users\\hengu\\AppData\\Local\\Temp\\opencorvus-test-run-7AxwL7\\test-59584-uM6Qfr\\fixtures\\memory-frY3g4","binding":{"protocol":"task-native-process-binding-v2","task_id":"tsk_g00VXO045C00IKmjxbK3","project_id":"prj_hTxzyrf4LgLRGiayDMA1","package_revision_sha256":"834da69ab256631ed712ab3960901fb89e2e94e41fa42835e53f52775d37b962","mode":"native","logical_workspace_root":"C:\\Users\\hengu\\AppData\\Local\\Temp\\opencorvus-test-run-7AxwL7\\test-59584-uM6Qfr\\fixtures\\memory-frY3g4","workspace_root":"C:\\Users\\hengu\\AppData\\Local\\Temp\\opencorvus-test-run-7AxwL7\\test-59584-uM6Qfr\\fixtures\\memory-frY3g4","initial_tree_sha256":"671e808b77e184b1546cf7d84c309e6f761fac5d2f90775f23527962c583684d","time_created":1791394334322}},"b":{"taskID":"tsk_g00VXO04Cp00lpNAkY8C","projectID":"prj_hYYhUYhfFH5Oj6Z1Aa2Y","cwd":"C:\\Users\\hengu\\AppData\\Local\\Temp\\opencorvus-test-run-7AxwL7\\test-59584-uM6Qfr\\fixtures\\memory-xjhUHa","binding":{"protocol":"task-native-process-binding-v2","task_id":"tsk_g00VXO04Cp00lpNAkY8C","project_id":"prj_hYYhUYhfFH5Oj6Z1Aa2Y","package_revision_sha256":"834da69ab256631ed712ab3960901fb89e2e94e41fa42835e53f52775d37b962","mode":"native","logical_workspace_root":"C:\\Users\\hengu\\AppData\\Local\\Temp\\opencorvus-test-run-7AxwL7\\test-59584-uM6Qfr\\fixtures\\memory-xjhUHa","workspace_root":"C:\\Users\\hengu\\AppData\\Local\\Temp\\opencorvus-test-run-7AxwL7\\test-59584-uM6Qfr\\fixtures\\memory-xjhUHa","initial_tree_sha256":"671e808b77e184b1546cf7d84c309e6f761fac5d2f90775f23527962c583684d","time_created":1791394334795}},"receipts":["checkpoint-entered","other-task-admitted","other-task-settled","checkpoint-completed","same-task-admitted","same-task-settled"],"checkpointResult":"checkpoint-completed","sameResult":{"taskID":"tsk_g00VXO045C00IKmjxbK3","pid":71548,"stdout":"{\"marker\":\"same-task\",\"cwd\":\"C:\\\\Users\\\\hengu\\\\AppData\\\\Local\\\\Temp\\\\opencorvus-test-run-7AxwL7\\\\test-59584-uM6Qfr\\\\fixtures\\\\memory-frY3g4\"}\n","stderr":"","exitCode":0,"metric":{"live":1,"owners":{"unclassified":{"count":1,"pids":[71548]}}}},"otherResult":{"taskID":"tsk_g00VXO04Cp00lpNAkY8C","pid":68944,"stdout":"{\"marker\":\"other-task\",\"cwd\":\"C:\\\\Users\\\\hengu\\\\AppData\\\\Local\\\\Temp\\\\opencorvus-test-run-7AxwL7\\\\test-59584-uM6Qfr\\\\fixtures\\\\memory-xjhUHa\"}\n","stderr":"","exitCode":0,"metric":{"live":1,"owners":{"unclassified":{"count":1,"pids":[68944]}}}},"state":"completed","boundary":"real native Task binding and lease callbacks; data fixture Task creation without model execution epoch"}
{"role":"auxiliary","joined":["fulfilled","fulfilled","fulfilled"]}
(pass) native auxiliary checkpoint callback holds sameTask admission and preserves otherTask output [4226.82ms]

 2 pass
 0 fail
 8 expect() calls
Ran 2 tests across 1 file. [10.75s]
[2/2] DONE ../../.tmp-product-iteration/task-checkpoint-owner-107.test.ts exit=0 duration=11.00s
