[1/2] START test/async-reference-owner-lifetime.test.ts
bun test v1.3.14 (0d9b296a) 1x PARALLEL

test\isolated-test-entry.test.ts:
{"case":"conversation-write","projectA":"C:\\Users\\hengu\\AppData\\Local\\Temp\\opencorvus-test-run-ZxRo87\\test-70984-5pahkx\\fixtures\\memory-rPK0FO","projectB":"C:\\Users\\hengu\\AppData\\Local\\Temp\\opencorvus-test-run-ZxRo87\\test-70984-5pahkx\\fixtures\\memory-vEtxQJ","order":["first-entered","first-completed","second-observed:first-committed"],"results":[{"status":"fulfilled","value":"first-committed"},{"status":"fulfilled","value":"first-committed"}],"state":"first-committed","observation":"first-committed","owner":"original global conversation reference key","timingQualification":"one real event-loop turn after second operation submission; no production hook/spawner override"}
{"case":"conversation-write","joined":["fulfilled","fulfilled"]}
(pass) conversation-write real callback returns before the next global owner observes the committed resource [2049.47ms]
{"case":"conversation-read","projectA":"C:\\Users\\hengu\\AppData\\Local\\Temp\\opencorvus-test-run-ZxRo87\\test-70984-5pahkx\\fixtures\\memory-1FXcCx","projectB":"C:\\Users\\hengu\\AppData\\Local\\Temp\\opencorvus-test-run-ZxRo87\\test-70984-5pahkx\\fixtures\\memory-ITneTL","order":["first-entered","first-completed","second-observed:first-committed"],"results":[{"status":"fulfilled","value":"first-committed"},{"status":"fulfilled","value":"first-committed"}],"state":"first-committed","observation":"first-committed","owner":"original global conversation reference key","timingQualification":"one real event-loop turn after second operation submission; no production hook/spawner override"}
{"case":"conversation-read","joined":["fulfilled","fulfilled"]}
(pass) conversation-read real callback returns before the next global owner observes the committed resource [2038.64ms]
{"case":"conversation-write-read","projectA":"C:\\Users\\hengu\\AppData\\Local\\Temp\\opencorvus-test-run-ZxRo87\\test-70984-5pahkx\\fixtures\\memory-Nguzvq","projectB":"C:\\Users\\hengu\\AppData\\Local\\Temp\\opencorvus-test-run-ZxRo87\\test-70984-5pahkx\\fixtures\\memory-ucygy8","order":["first-entered","first-completed","second-observed:first-committed"],"results":[{"status":"fulfilled","value":"first-committed"},{"status":"fulfilled","value":"first-committed"}],"state":"first-committed","observation":"first-committed","owner":"original global conversation reference key","timingQualification":"one real event-loop turn after second operation submission; no production hook/spawner override"}
{"case":"conversation-write-read","joined":["fulfilled","fulfilled"]}
(pass) conversation-write-read real callback returns before the next global owner observes the committed resource [1851.71ms]
{"case":"skill-write","projectA":"C:\\Users\\hengu\\AppData\\Local\\Temp\\opencorvus-test-run-ZxRo87\\test-70984-5pahkx\\fixtures\\memory-L5LM0t","projectB":"C:\\Users\\hengu\\AppData\\Local\\Temp\\opencorvus-test-run-ZxRo87\\test-70984-5pahkx\\fixtures\\memory-wnLFWy","order":["first-entered","first-completed","second-observed:first-committed"],"results":[{"status":"fulfilled","value":"first-committed"},{"status":"fulfilled","value":"first-committed"}],"state":"first-committed","observation":"first-committed","owner":"original durable catalog owner retained","timingQualification":"one real event-loop turn after second operation submission; no production hook/spawner override"}
{"case":"skill-write","joined":["fulfilled","fulfilled"]}
(pass) skill-write real callback returns before the next global owner observes the committed resource [2017.94ms]
{"case":"skill-read","projectA":"C:\\Users\\hengu\\AppData\\Local\\Temp\\opencorvus-test-run-ZxRo87\\test-70984-5pahkx\\fixtures\\memory-GVvRSf","projectB":"C:\\Users\\hengu\\AppData\\Local\\Temp\\opencorvus-test-run-ZxRo87\\test-70984-5pahkx\\fixtures\\memory-ube4k0","order":["first-entered","first-completed","second-observed:first-committed"],"results":[{"status":"fulfilled","value":"first-committed"},{"status":"fulfilled","value":"first-committed"}],"state":"first-committed","observation":"first-committed","owner":"original durable catalog owner retained","timingQualification":"one real event-loop turn after second operation submission; no production hook/spawner override"}
{"case":"skill-read","joined":["fulfilled","fulfilled"]}
(pass) skill-read real callback returns before the next global owner observes the committed resource [1961.43ms]
{"case":"skill-write-read","projectA":"C:\\Users\\hengu\\AppData\\Local\\Temp\\opencorvus-test-run-ZxRo87\\test-70984-5pahkx\\fixtures\\memory-2i0sVc","projectB":"C:\\Users\\hengu\\AppData\\Local\\Temp\\opencorvus-test-run-ZxRo87\\test-70984-5pahkx\\fixtures\\memory-mnumOv","order":["first-entered","first-completed","second-observed:first-committed"],"results":[{"status":"fulfilled","value":"first-committed"},{"status":"fulfilled","value":"first-committed"}],"state":"first-committed","observation":"first-committed","owner":"original durable catalog owner retained","timingQualification":"one real event-loop turn after second operation submission; no production hook/spawner override"}
{"case":"skill-write-read","joined":["fulfilled","fulfilled"]}
(pass) skill-write-read real callback returns before the next global owner observes the committed resource [2049.97ms]
{"owner":"conversation","results":{"accepted":"same inherited mutation"},"rejected":{"name":"Error","message":"Cannot mutate native conversation capability references while holding a reference read."}}
(pass) conversation nested owner and real read-to-write rejection retain their current contracts [0.79ms]
{"owner":"skill","results":{"accepted":"same inherited mutation"},"rejected":{"name":"Error","message":"Cannot mutate the Skill catalog while holding a catalog reference read."}}
(pass) skill nested owner and real read-to-write rejection retain their current contracts [11.86ms]
{"owner":"conversation","order":["first-rejected","second-read"],"next":"prepared-before-rejection","state":"next-committed","failure":"rejected"}
(pass) conversation rejected real callback preserves its error and admits the next legal resource write [1010.58ms]
{"owner":"skill","order":["first-rejected","second-read"],"next":"prepared-before-rejection","state":"next-committed","failure":"rejected"}
(pass) skill rejected real callback preserves its error and admits the next legal resource write [901.01ms]

 10 pass
 0 fail
 28 expect() calls
Ran 10 tests across 1 file. [15.75s]
[1/2] DONE test/async-reference-owner-lifetime.test.ts exit=0 duration=16.74s
[2/2] START test/process-checkpoint-lifetime.test.ts
bun test v1.3.14 (0d9b296a) 1x PARALLEL

test\isolated-test-entry.test.ts:
{"role":"mandatory","a":{"taskID":"tsk_g00VXO0hGT00e7GDIXXs","projectID":"prj_hKD5jAqY6BwWHFl24Dr6","cwd":"C:\\Users\\hengu\\AppData\\Local\\Temp\\opencorvus-test-run-ZxRo87\\test-66396-hN6UTy\\fixtures\\memory-L5tY8o","binding":{"protocol":"task-native-process-binding-v2","task_id":"tsk_g00VXO0hGT00e7GDIXXs","project_id":"prj_hKD5jAqY6BwWHFl24Dr6","package_revision_sha256":"834da69ab256631ed712ab3960901fb89e2e94e41fa42835e53f52775d37b962","mode":"native","logical_workspace_root":"C:\\Users\\hengu\\AppData\\Local\\Temp\\opencorvus-test-run-ZxRo87\\test-66396-hN6UTy\\fixtures\\memory-L5tY8o","workspace_root":"C:\\Users\\hengu\\AppData\\Local\\Temp\\opencorvus-test-run-ZxRo87\\test-66396-hN6UTy\\fixtures\\memory-L5tY8o","initial_tree_sha256":"671e808b77e184b1546cf7d84c309e6f761fac5d2f90775f23527962c583684d","time_created":1791394484938}},"b":{"taskID":"tsk_g00VXO0hJ7004RAuvI5c","projectID":"prj_hm0lXzgs9nAzv7Te2TD2","cwd":"C:\\Users\\hengu\\AppData\\Local\\Temp\\opencorvus-test-run-ZxRo87\\test-66396-hN6UTy\\fixtures\\memory-ots37z","binding":{"protocol":"task-native-process-binding-v2","task_id":"tsk_g00VXO0hJ7004RAuvI5c","project_id":"prj_hm0lXzgs9nAzv7Te2TD2","package_revision_sha256":"834da69ab256631ed712ab3960901fb89e2e94e41fa42835e53f52775d37b962","mode":"native","logical_workspace_root":"C:\\Users\\hengu\\AppData\\Local\\Temp\\opencorvus-test-run-ZxRo87\\test-66396-hN6UTy\\fixtures\\memory-ots37z","workspace_root":"C:\\Users\\hengu\\AppData\\Local\\Temp\\opencorvus-test-run-ZxRo87\\test-66396-hN6UTy\\fixtures\\memory-ots37z","initial_tree_sha256":"671e808b77e184b1546cf7d84c309e6f761fac5d2f90775f23527962c583684d","time_created":1791394485101}},"receipts":["checkpoint-entered","other-task-admitted","other-task-settled","checkpoint-completed","same-task-admitted","same-task-settled"],"checkpointResult":"checkpoint-completed","sameResult":{"taskID":"tsk_g00VXO0hGT00e7GDIXXs","pid":57452,"stdout":"{\"marker\":\"same-task\",\"cwd\":\"C:\\\\Users\\\\hengu\\\\AppData\\\\Local\\\\Temp\\\\opencorvus-test-run-ZxRo87\\\\test-66396-hN6UTy\\\\fixtures\\\\memory-L5tY8o\"}\n","stderr":"","exitCode":0,"metric":{"live":1,"owners":{"unclassified":{"count":1,"pids":[57452]}}}},"otherResult":{"taskID":"tsk_g00VXO0hJ7004RAuvI5c","pid":71860,"stdout":"{\"marker\":\"other-task\",\"cwd\":\"C:\\\\Users\\\\hengu\\\\AppData\\\\Local\\\\Temp\\\\opencorvus-test-run-ZxRo87\\\\test-66396-hN6UTy\\\\fixtures\\\\memory-ots37z\"}\n","stderr":"","exitCode":0,"metric":{"live":1,"owners":{"unclassified":{"count":1,"pids":[71860]}}}},"state":"completed","boundary":"real native Task binding and lease callbacks; data fixture Task creation without model execution epoch"}
{"role":"mandatory","joined":["fulfilled","fulfilled","fulfilled"]}
(pass) native mandatory checkpoint callback holds sameTask admission and preserves otherTask output [4816.87ms]
{"role":"auxiliary","a":{"taskID":"tsk_g00VXO0iT300ik7N5yPv","projectID":"prj_hYqqBhB2wNIQhHfgmH6G","cwd":"C:\\Users\\hengu\\AppData\\Local\\Temp\\opencorvus-test-run-ZxRo87\\test-66396-hN6UTy\\fixtures\\memory-KgSI7k","binding":{"protocol":"task-native-process-binding-v2","task_id":"tsk_g00VXO0iT300ik7N5yPv","project_id":"prj_hYqqBhB2wNIQhHfgmH6G","package_revision_sha256":"834da69ab256631ed712ab3960901fb89e2e94e41fa42835e53f52775d37b962","mode":"native","logical_workspace_root":"C:\\Users\\hengu\\AppData\\Local\\Temp\\opencorvus-test-run-ZxRo87\\test-66396-hN6UTy\\fixtures\\memory-KgSI7k","workspace_root":"C:\\Users\\hengu\\AppData\\Local\\Temp\\opencorvus-test-run-ZxRo87\\test-66396-hN6UTy\\fixtures\\memory-KgSI7k","initial_tree_sha256":"671e808b77e184b1546cf7d84c309e6f761fac5d2f90775f23527962c583684d","time_created":1791394489561}},"b":{"taskID":"tsk_g00VXO0iLn00iI8N2AJw","projectID":"prj_hYOqZHWf9hUooe5oLZg3","cwd":"C:\\Users\\hengu\\AppData\\Local\\Temp\\opencorvus-test-run-ZxRo87\\test-66396-hN6UTy\\fixtures\\memory-5v1FHH","binding":{"protocol":"task-native-process-binding-v2","task_id":"tsk_g00VXO0iLn00iI8N2AJw","project_id":"prj_hYOqZHWf9hUooe5oLZg3","package_revision_sha256":"834da69ab256631ed712ab3960901fb89e2e94e41fa42835e53f52775d37b962","mode":"native","logical_workspace_root":"C:\\Users\\hengu\\AppData\\Local\\Temp\\opencorvus-test-run-ZxRo87\\test-66396-hN6UTy\\fixtures\\memory-5v1FHH","workspace_root":"C:\\Users\\hengu\\AppData\\Local\\Temp\\opencorvus-test-run-ZxRo87\\test-66396-hN6UTy\\fixtures\\memory-5v1FHH","initial_tree_sha256":"671e808b77e184b1546cf7d84c309e6f761fac5d2f90775f23527962c583684d","time_created":1791394489111}},"receipts":["checkpoint-entered","other-task-admitted","other-task-settled","checkpoint-completed","same-task-admitted","same-task-settled"],"checkpointResult":"checkpoint-completed","sameResult":{"taskID":"tsk_g00VXO0iT300ik7N5yPv","pid":69184,"stdout":"{\"marker\":\"same-task\",\"cwd\":\"C:\\\\Users\\\\hengu\\\\AppData\\\\Local\\\\Temp\\\\opencorvus-test-run-ZxRo87\\\\test-66396-hN6UTy\\\\fixtures\\\\memory-KgSI7k\"}\n","stderr":"","exitCode":0,"metric":{"live":1,"owners":{"unclassified":{"count":1,"pids":[69184]}}}},"otherResult":{"taskID":"tsk_g00VXO0iLn00iI8N2AJw","pid":44580,"stdout":"{\"marker\":\"other-task\",\"cwd\":\"C:\\\\Users\\\\hengu\\\\AppData\\\\Local\\\\Temp\\\\opencorvus-test-run-ZxRo87\\\\test-66396-hN6UTy\\\\fixtures\\\\memory-5v1FHH\"}\n","stderr":"","exitCode":0,"metric":{"live":1,"owners":{"unclassified":{"count":1,"pids":[44580]}}}},"state":"completed","boundary":"real native Task binding and lease callbacks; data fixture Task creation without model execution epoch"}
{"role":"auxiliary","joined":["fulfilled","fulfilled","fulfilled"]}
(pass) native auxiliary checkpoint callback holds sameTask admission and preserves otherTask output [4120.75ms]
{"role":"mandatory","order":["checkpoint-rejected","next-admitted"],"failure":"rejected","result":{"stdout":"LEGAL_AFTER_REJECTION","exitCode":0}}
(pass) native mandatory checkpoint rejection retains the original error and admits its next legal Task command [2621.54ms]
{"role":"auxiliary","order":["checkpoint-rejected","next-admitted"],"failure":"rejected","result":{"stdout":"LEGAL_AFTER_REJECTION","exitCode":0}}
(pass) native auxiliary checkpoint rejection retains the original error and admits its next legal Task command [2526.18ms]

 4 pass
 0 fail
 14 expect() calls
Ran 4 tests across 1 file. [16.35s]
[2/2] DONE test/process-checkpoint-lifetime.test.ts exit=0 duration=16.59s
