[main 25c640d8] fix: show current Task outcome and composer context
 51 files changed, 39942 insertions(+), 11 deletions(-)
 create mode 100644 packages/overlay/src/components/TaskOutcomeBadge.tsx
 create mode 100644 specs/artifacts/2026-10-05-connection-workspace-authority/task-outcome-context-implementation-plan.md
 create mode 100644 specs/artifacts/2026-10-05-connection-workspace-authority/task-outcome-context-implementation/.tmp-product-iteration__tool-detail-shutdown.ps1.before.txt
 create mode 100644 specs/artifacts/2026-10-05-connection-workspace-authority/task-outcome-context-implementation/.tmp-product-iteration__tool-detail-shutdown.ps1.final.txt
 create mode 100644 specs/artifacts/2026-10-05-connection-workspace-authority/task-outcome-context-implementation/.tmp-product-iteration__tool-detail-ui-launch.ps1.before.txt
 create mode 100644 specs/artifacts/2026-10-05-connection-workspace-authority/task-outcome-context-implementation/.tmp-product-iteration__tool-detail-ui-launch.ps1.final.txt
 create mode 100644 specs/artifacts/2026-10-05-connection-workspace-authority/task-outcome-context-implementation/README.md
 create mode 100644 specs/artifacts/2026-10-05-connection-workspace-authority/task-outcome-context-implementation/formal-task-resource-commit-07.log
 create mode 100644 specs/artifacts/2026-10-05-connection-workspace-authority/task-outcome-context-implementation/formal-task-resource-push-07.log
 create mode 100644 specs/artifacts/2026-10-05-connection-workspace-authority/task-outcome-context-implementation/independent-source-review.md
 create mode 100644 specs/artifacts/2026-10-05-connection-workspace-authority/task-outcome-context-implementation/packages__overlay__src__components__App.tsx.before.txt
 create mode 100644 specs/artifacts/2026-10-05-connection-workspace-authority/task-outcome-context-implementation/packages__overlay__src__components__App.tsx.final.txt
 create mode 100644 specs/artifacts/2026-10-05-connection-workspace-authority/task-outcome-context-implementation/packages__overlay__src__components__ChatComposer.tsx.before.txt
 create mode 100644 specs/artifacts/2026-10-05-connection-workspace-authority/task-outcome-context-implementation/packages__overlay__src__components__ChatComposer.tsx.final.txt
 create mode 100644 specs/artifacts/2026-10-05-connection-workspace-authority/task-outcome-context-implementation/packages__overlay__src__components__TaskOutcomeBadge.tsx.final.txt
 create mode 100644 specs/artifacts/2026-10-05-connection-workspace-authority/task-outcome-context-implementation/packages__overlay__src__components__WorkLedger.tsx.before.txt
 create mode 100644 specs/artifacts/2026-10-05-connection-workspace-authority/task-outcome-context-implementation/packages__overlay__src__components__WorkLedger.tsx.final.txt
 create mode 100644 specs/artifacts/2026-10-05-connection-workspace-authority/task-outcome-context-implementation/packages__overlay__src__main.tsx.before.txt
 create mode 100644 specs/artifacts/2026-10-05-connection-workspace-authority/task-outcome-context-implementation/packages__overlay__src__main.tsx.final.txt
 create mode 100644 specs/artifacts/2026-10-05-connection-workspace-authority/task-outcome-context-implementation/root-independent-physical-08.json
 create mode 100644 specs/artifacts/2026-10-05-connection-workspace-authority/task-outcome-context-implementation/sidebar-resize-coordinate-review.md
 create mode 100644 specs/artifacts/2026-10-05-connection-workspace-authority/task-outcome-context-implementation/specs__current__architecture__07-panel.md.before.txt
 create mode 100644 specs/artifacts/2026-10-05-connection-workspace-authority/task-outcome-context-implementation/specs__current__architecture__07-panel.md.final.txt
 create mode 100644 specs/artifacts/2026-10-05-connection-workspace-authority/task-outcome-context-implementation/task-outcome-08-chat-selected.png
 create mode 100644 specs/artifacts/2026-10-05-connection-workspace-authority/task-outcome-context-implementation/task-outcome-08-chinese.png
 create mode 100644 specs/artifacts/2026-10-05-connection-workspace-authority/task-outcome-context-implementation/task-outcome-08-failed-selected.png
 create mode 100644 specs/artifacts/2026-10-05-connection-workspace-authority/task-outcome-context-implementation/task-outcome-08-final-restored.png
 create mode 100644 specs/artifacts/2026-10-05-connection-workspace-authority/task-outcome-context-implementation/task-outcome-08-narrow.png
 create mode 100644 specs/artifacts/2026-10-05-connection-workspace-authority/task-outcome-context-implementation/task-outcome-08-resize-restore-shift.png
 create mode 100644 specs/artifacts/2026-10-05-connection-workspace-authority/task-outcome-context-implementation/task-outcome-08-row-menu.png
 create mode 100644 specs/artifacts/2026-10-05-connection-workspace-authority/task-outcome-context-implementation/task-outcome-docs-08.log
 create mode 100644 specs/artifacts/2026-10-05-connection-workspace-authority/task-outcome-context-implementation/task-outcome-frontend-build-08.log
 create mode 100644 specs/artifacts/2026-10-05-connection-workspace-authority/task-outcome-context-implementation/task-outcome-overlay-types-08.log
 create mode 100644 specs/artifacts/2026-10-05-connection-workspace-authority/task-outcome-context-implementation/task-outcome-ui-08-durable-after-shutdown.json
 create mode 100644 specs/artifacts/2026-10-05-connection-workspace-authority/task-outcome-context-implementation/task-outcome-ui-08-durable-before-shutdown.json
 create mode 100644 specs/artifacts/2026-10-05-connection-workspace-authority/task-outcome-context-implementation/task-outcome-ui-08-http.json
 create mode 100644 specs/artifacts/2026-10-05-connection-workspace-authority/task-outcome-context-implementation/task-outcome-ui-08-owner.json
 create mode 100644 specs/artifacts/2026-10-05-connection-workspace-authority/task-outcome-context-implementation/task-outcome-ui-08-physical-terminal.json
 create mode 100644 specs/artifacts/2026-10-05-connection-workspace-authority/task-outcome-context-implementation/task-outcome-ui-08-retained-history.json
 create mode 100644 specs/artifacts/2026-10-05-connection-workspace-authority/task-outcome-context-implementation/task-outcome-ui-08-runtime.log
 create mode 100644 specs/artifacts/2026-10-05-connection-workspace-authority/task-outcome-context-implementation/task-outcome-ui-08-shutdown-admission.json
