[main 58256698] test: qualify native owned service settlement
 221 files changed, 11229 insertions(+)
 create mode 100644 specs/artifacts/2026-10-05-connection-workspace-authority/native-owned-qualification-plan.md
 create mode 100644 specs/artifacts/2026-10-05-connection-workspace-authority/native-owned-qualification/README.md
 create mode 100644 specs/artifacts/2026-10-05-connection-workspace-authority/native-owned-qualification/actual-21a-child-parent-exit.json
 create mode 100644 specs/artifacts/2026-10-05-connection-workspace-authority/native-owned-qualification/actual-21a-grandchild-ready.json
 create mode 100644 specs/artifacts/2026-10-05-connection-workspace-authority/native-owned-qualification/actual-21a-launch-owner.json
 create mode 100644 specs/artifacts/2026-10-05-connection-workspace-authority/native-owned-qualification/actual-21a-launch.log
 create mode 100644 specs/artifacts/2026-10-05-connection-workspace-authority/native-owned-qualification/actual-21a-native-host-ready.json
 create mode 100644 specs/artifacts/2026-10-05-connection-workspace-authority/native-owned-qualification/actual-21a-native-host-settled.json
 create mode 100644 specs/artifacts/2026-10-05-connection-workspace-authority/native-owned-qualification/actual-21a-short-children.json
 create mode 100644 specs/artifacts/2026-10-05-connection-workspace-authority/native-owned-qualification/actual-21a-stderr.log
 create mode 100644 specs/artifacts/2026-10-05-connection-workspace-authority/native-owned-qualification/actual-21a-stdout.log
 create mode 100644 specs/artifacts/2026-10-05-connection-workspace-authority/native-owned-qualification/actual-21b-child-parent-exit.json
 create mode 100644 specs/artifacts/2026-10-05-connection-workspace-authority/native-owned-qualification/actual-21b-grandchild-after-parent-exit.json
 create mode 100644 specs/artifacts/2026-10-05-connection-workspace-authority/native-owned-qualification/actual-21b-grandchild-ready.json
 create mode 100644 specs/artifacts/2026-10-05-connection-workspace-authority/native-owned-qualification/actual-21b-launch-owner.json
 create mode 100644 specs/artifacts/2026-10-05-connection-workspace-authority/native-owned-qualification/actual-21b-launch.log
 create mode 100644 specs/artifacts/2026-10-05-connection-workspace-authority/native-owned-qualification/actual-21b-native-host-ready.json
 create mode 100644 specs/artifacts/2026-10-05-connection-workspace-authority/native-owned-qualification/actual-21b-native-host-settled.json
 create mode 100644 specs/artifacts/2026-10-05-connection-workspace-authority/native-owned-qualification/actual-21b-nested-native-settled.json
 create mode 100644 specs/artifacts/2026-10-05-connection-workspace-authority/native-owned-qualification/actual-21b-qualification-health.json
 create mode 100644 specs/artifacts/2026-10-05-connection-workspace-authority/native-owned-qualification/actual-21b-short-children.json
 create mode 100644 specs/artifacts/2026-10-05-connection-workspace-authority/native-owned-qualification/actual-21b-startup.json
 create mode 100644 specs/artifacts/2026-10-05-connection-workspace-authority/native-owned-qualification/actual-21b-stderr.log
 create mode 100644 specs/artifacts/2026-10-05-connection-workspace-authority/native-owned-qualification/actual-21b-stdout.log
 create mode 100644 specs/artifacts/2026-10-05-connection-workspace-authority/native-owned-qualification/actual-21c-child-parent-exit.json
 create mode 100644 specs/artifacts/2026-10-05-connection-workspace-authority/native-owned-qualification/actual-21c-grandchild-after-nested-settlement.json
 create mode 100644 specs/artifacts/2026-10-05-connection-workspace-authority/native-owned-qualification/actual-21c-grandchild-after-parent-exit.json
 create mode 100644 specs/artifacts/2026-10-05-connection-workspace-authority/native-owned-qualification/actual-21c-grandchild-pre-shutdown-physical.json
 create mode 100644 specs/artifacts/2026-10-05-connection-workspace-authority/native-owned-qualification/actual-21c-grandchild-ready.json
 create mode 100644 specs/artifacts/2026-10-05-connection-workspace-authority/native-owned-qualification/actual-21c-launch-owner.json
 create mode 100644 specs/artifacts/2026-10-05-connection-workspace-authority/native-owned-qualification/actual-21c-launch.log
 create mode 100644 specs/artifacts/2026-10-05-connection-workspace-authority/native-owned-qualification/actual-21c-native-host-ready.json
 create mode 100644 specs/artifacts/2026-10-05-connection-workspace-authority/native-owned-qualification/actual-21c-native-host-settled.json
 create mode 100644 specs/artifacts/2026-10-05-connection-workspace-authority/native-owned-qualification/actual-21c-nested-native-settled.json
 create mode 100644 specs/artifacts/2026-10-05-connection-workspace-authority/native-owned-qualification/actual-21c-qualification-health.json
 create mode 100644 specs/artifacts/2026-10-05-connection-workspace-authority/native-owned-qualification/actual-21c-short-children.json
 create mode 100644 specs/artifacts/2026-10-05-connection-workspace-authority/native-owned-qualification/actual-21c-startup.json
 create mode 100644 specs/artifacts/2026-10-05-connection-workspace-authority/native-owned-qualification/actual-21c-stderr.log
 create mode 100644 specs/artifacts/2026-10-05-connection-workspace-authority/native-owned-qualification/actual-21c-stdout.log
 create mode 100644 specs/artifacts/2026-10-05-connection-workspace-authority/native-owned-qualification/actual-21d-grandchild-ready.json
 create mode 100644 specs/artifacts/2026-10-05-connection-workspace-authority/native-owned-qualification/actual-21d-launch-owner.json
 create mode 100644 specs/artifacts/2026-10-05-connection-workspace-authority/native-owned-qualification/actual-21d-launch.log
 create mode 100644 specs/artifacts/2026-10-05-connection-workspace-authority/native-owned-qualification/actual-21d-native-host-ready.json
 create mode 100644 specs/artifacts/2026-10-05-connection-workspace-authority/native-owned-qualification/actual-21d-native-host-settled.json
 create mode 100644 specs/artifacts/2026-10-05-connection-workspace-authority/native-owned-qualification/actual-21d-short-children.json
 create mode 100644 specs/artifacts/2026-10-05-connection-workspace-authority/native-owned-qualification/actual-21d-stderr.log
 create mode 100644 specs/artifacts/2026-10-05-connection-workspace-authority/native-owned-qualification/actual-21d-stdout.log
 create mode 100644 specs/artifacts/2026-10-05-connection-workspace-authority/native-owned-qualification/actual-21e-actual-grandchild-node-ready.json
 create mode 100644 specs/artifacts/2026-10-05-connection-workspace-authority/native-owned-qualification/actual-21e-launch-owner.json
 create mode 100644 specs/artifacts/2026-10-05-connection-workspace-authority/native-owned-qualification/actual-21e-launch.log
 create mode 100644 specs/artifacts/2026-10-05-connection-workspace-authority/native-owned-qualification/actual-21e-native-host-ready.json
 create mode 100644 specs/artifacts/2026-10-05-connection-workspace-authority/native-owned-qualification/actual-21e-native-host-settled.json
 create mode 100644 specs/artifacts/2026-10-05-connection-workspace-authority/native-owned-qualification/actual-21e-short-children.json
 create mode 100644 specs/artifacts/2026-10-05-connection-workspace-authority/native-owned-qualification/actual-21e-stderr.log
 create mode 100644 specs/artifacts/2026-10-05-connection-workspace-authority/native-owned-qualification/actual-21e-stdout.log
 create mode 100644 specs/artifacts/2026-10-05-connection-workspace-authority/native-owned-qualification/actual-21f-actual-grandchild-node-ready.json
 create mode 100644 specs/artifacts/2026-10-05-connection-workspace-authority/native-owned-qualification/actual-21f-actual-parent-native-admission.json
 create mode 100644 specs/artifacts/2026-10-05-connection-workspace-authority/native-owned-qualification/actual-21f-grandchild-before-parent-exit.json
 create mode 100644 specs/artifacts/2026-10-05-connection-workspace-authority/native-owned-qualification/actual-21f-grandchild-ready.json
 create mode 100644 specs/artifacts/2026-10-05-connection-workspace-authority/native-owned-qualification/actual-21f-launch-owner.json
 create mode 100644 specs/artifacts/2026-10-05-connection-workspace-authority/native-owned-qualification/actual-21f-launch.log
 create mode 100644 specs/artifacts/2026-10-05-connection-workspace-authority/native-owned-qualification/actual-21f-native-host-ready.json
 create mode 100644 specs/artifacts/2026-10-05-connection-workspace-authority/native-owned-qualification/actual-21f-native-host-settled.json
 create mode 100644 specs/artifacts/2026-10-05-connection-workspace-authority/native-owned-qualification/actual-21f-release-node-parent.json
 create mode 100644 specs/artifacts/2026-10-05-connection-workspace-authority/native-owned-qualification/actual-21f-short-children.json
 create mode 100644 specs/artifacts/2026-10-05-connection-workspace-authority/native-owned-qualification/actual-21f-stderr.log
 create mode 100644 specs/artifacts/2026-10-05-connection-workspace-authority/native-owned-qualification/actual-21f-stdout.log
 create mode 100644 specs/artifacts/2026-10-05-connection-workspace-authority/native-owned-qualification/actual-21g-actual-grandchild-node-ready.json
 create mode 100644 specs/artifacts/2026-10-05-connection-workspace-authority/native-owned-qualification/actual-21g-actual-grandchild-stderr.log
 create mode 100644 specs/artifacts/2026-10-05-connection-workspace-authority/native-owned-qualification/actual-21g-actual-grandchild-stdout.log
 create mode 100644 specs/artifacts/2026-10-05-connection-workspace-authority/native-owned-qualification/actual-21g-actual-parent-native-admission.json
 create mode 100644 specs/artifacts/2026-10-05-connection-workspace-authority/native-owned-qualification/actual-21g-child-parent-exit.json
 create mode 100644 specs/artifacts/2026-10-05-connection-workspace-authority/native-owned-qualification/actual-21g-failed.json
 create mode 100644 specs/artifacts/2026-10-05-connection-workspace-authority/native-owned-qualification/actual-21g-grandchild-after-nested-settlement.json
 create mode 100644 specs/artifacts/2026-10-05-connection-workspace-authority/native-owned-qualification/actual-21g-grandchild-after-parent-exit.json
 create mode 100644 specs/artifacts/2026-10-05-connection-workspace-authority/native-owned-qualification/actual-21g-grandchild-before-parent-exit.json
 create mode 100644 specs/artifacts/2026-10-05-connection-workspace-authority/native-owned-qualification/actual-21g-grandchild-pre-shutdown-physical.json
 create mode 100644 specs/artifacts/2026-10-05-connection-workspace-authority/native-owned-qualification/actual-21g-grandchild-ready.json
 create mode 100644 specs/artifacts/2026-10-05-connection-workspace-authority/native-owned-qualification/actual-21g-launch-owner.json
 create mode 100644 specs/artifacts/2026-10-05-connection-workspace-authority/native-owned-qualification/actual-21g-launch.log
 create mode 100644 specs/artifacts/2026-10-05-connection-workspace-authority/native-owned-qualification/actual-21g-native-host-ready.json
 create mode 100644 specs/artifacts/2026-10-05-connection-workspace-authority/native-owned-qualification/actual-21g-native-host-settled.json
 create mode 100644 specs/artifacts/2026-10-05-connection-workspace-authority/native-owned-qualification/actual-21g-nested-native-settled.json
 create mode 100644 specs/artifacts/2026-10-05-connection-workspace-authority/native-owned-qualification/actual-21g-qualification-health.json
 create mode 100644 specs/artifacts/2026-10-05-connection-workspace-authority/native-owned-qualification/actual-21g-release-node-parent.json
 create mode 100644 specs/artifacts/2026-10-05-connection-workspace-authority/native-owned-qualification/actual-21g-short-children.json
 create mode 100644 specs/artifacts/2026-10-05-connection-workspace-authority/native-owned-qualification/actual-21g-startup.json
 create mode 100644 specs/artifacts/2026-10-05-connection-workspace-authority/native-owned-qualification/actual-21g-stderr.log
 create mode 100644 specs/artifacts/2026-10-05-connection-workspace-authority/native-owned-qualification/actual-21g-stdout.log
 create mode 100644 specs/artifacts/2026-10-05-connection-workspace-authority/native-owned-qualification/actual-21g-supervision-settlement-trigger.json
 create mode 100644 specs/artifacts/2026-10-05-connection-workspace-authority/native-owned-qualification/actual-21h-actual-grandchild-node-ready.json
 create mode 100644 specs/artifacts/2026-10-05-connection-workspace-authority/native-owned-qualification/actual-21h-actual-grandchild-stderr.log
 create mode 100644 specs/artifacts/2026-10-05-connection-workspace-authority/native-owned-qualification/actual-21h-actual-grandchild-stdout.log
 create mode 100644 specs/artifacts/2026-10-05-connection-workspace-authority/native-owned-qualification/actual-21h-actual-parent-native-admission.json
 create mode 100644 specs/artifacts/2026-10-05-connection-workspace-authority/native-owned-qualification/actual-21h-child-parent-exit.json
 create mode 100644 specs/artifacts/2026-10-05-connection-workspace-authority/native-owned-qualification/actual-21h-grandchild-after-nested-settlement.json
 create mode 100644 specs/artifacts/2026-10-05-connection-workspace-authority/native-owned-qualification/actual-21h-grandchild-after-parent-exit.json
 create mode 100644 specs/artifacts/2026-10-05-connection-workspace-authority/native-owned-qualification/actual-21h-grandchild-before-parent-exit.json
 create mode 100644 specs/artifacts/2026-10-05-connection-workspace-authority/native-owned-qualification/actual-21h-grandchild-pre-shutdown-physical.json
 create mode 100644 specs/artifacts/2026-10-05-connection-workspace-authority/native-owned-qualification/actual-21h-grandchild-ready.json
 create mode 100644 specs/artifacts/2026-10-05-connection-workspace-authority/native-owned-qualification/actual-21h-launch-owner.json
 create mode 100644 specs/artifacts/2026-10-05-connection-workspace-authority/native-owned-qualification/actual-21h-launch.log
 create mode 100644 specs/artifacts/2026-10-05-connection-workspace-authority/native-owned-qualification/actual-21h-native-host-ready.json
 create mode 100644 specs/artifacts/2026-10-05-connection-workspace-authority/native-owned-qualification/actual-21h-native-host-settled.json
 create mode 100644 specs/artifacts/2026-10-05-connection-workspace-authority/native-owned-qualification/actual-21h-nested-native-settled.json
 create mode 100644 specs/artifacts/2026-10-05-connection-workspace-authority/native-owned-qualification/actual-21h-qualification-deadline-policy.json
 create mode 100644 specs/artifacts/2026-10-05-connection-workspace-authority/native-owned-qualification/actual-21h-qualification-health.json
 create mode 100644 specs/artifacts/2026-10-05-connection-workspace-authority/native-owned-qualification/actual-21h-release-node-parent.json
 create mode 100644 specs/artifacts/2026-10-05-connection-workspace-authority/native-owned-qualification/actual-21h-short-children.json
 create mode 100644 specs/artifacts/2026-10-05-connection-workspace-authority/native-owned-qualification/actual-21h-startup.json
 create mode 100644 specs/artifacts/2026-10-05-connection-workspace-authority/native-owned-qualification/actual-21h-stderr.log
 create mode 100644 specs/artifacts/2026-10-05-connection-workspace-authority/native-owned-qualification/actual-21h-stdout.log
 create mode 100644 specs/artifacts/2026-10-05-connection-workspace-authority/native-owned-qualification/actual-21h-supervision-settlement-trigger.json
 create mode 100644 specs/artifacts/2026-10-05-connection-workspace-authority/native-owned-qualification/actual-21i-actual-grandchild-node-ready.json
 create mode 100644 specs/artifacts/2026-10-05-connection-workspace-authority/native-owned-qualification/actual-21i-actual-grandchild-stderr.log
 create mode 100644 specs/artifacts/2026-10-05-connection-workspace-authority/native-owned-qualification/actual-21i-actual-grandchild-stdout.log
 create mode 100644 specs/artifacts/2026-10-05-connection-workspace-authority/native-owned-qualification/actual-21i-actual-parent-native-admission.json
 create mode 100644 specs/artifacts/2026-10-05-connection-workspace-authority/native-owned-qualification/actual-21i-child-parent-exit.json
 create mode 100644 specs/artifacts/2026-10-05-connection-workspace-authority/native-owned-qualification/actual-21i-grandchild-after-nested-settlement.json
 create mode 100644 specs/artifacts/2026-10-05-connection-workspace-authority/native-owned-qualification/actual-21i-grandchild-after-parent-exit.json
 create mode 100644 specs/artifacts/2026-10-05-connection-workspace-authority/native-owned-qualification/actual-21i-grandchild-before-parent-exit.json
 create mode 100644 specs/artifacts/2026-10-05-connection-workspace-authority/native-owned-qualification/actual-21i-grandchild-pre-shutdown-physical.json
 create mode 100644 specs/artifacts/2026-10-05-connection-workspace-authority/native-owned-qualification/actual-21i-grandchild-ready.json
 create mode 100644 specs/artifacts/2026-10-05-connection-workspace-authority/native-owned-qualification/actual-21i-launch-owner.json
 create mode 100644 specs/artifacts/2026-10-05-connection-workspace-authority/native-owned-qualification/actual-21i-launch.log
 create mode 100644 specs/artifacts/2026-10-05-connection-workspace-authority/native-owned-qualification/actual-21i-manual-job-5.json
 create mode 100644 specs/artifacts/2026-10-05-connection-workspace-authority/native-owned-qualification/actual-21i-manual-job-7.json
 create mode 100644 specs/artifacts/2026-10-05-connection-workspace-authority/native-owned-qualification/actual-21i-native-host-ready.json
 create mode 100644 specs/artifacts/2026-10-05-connection-workspace-authority/native-owned-qualification/actual-21i-native-host-settled.json
 create mode 100644 specs/artifacts/2026-10-05-connection-workspace-authority/native-owned-qualification/actual-21i-nested-native-settled.json
 create mode 100644 specs/artifacts/2026-10-05-connection-workspace-authority/native-owned-qualification/actual-21i-qualification-health.json
 create mode 100644 specs/artifacts/2026-10-05-connection-workspace-authority/native-owned-qualification/actual-21i-release-node-parent.json
 create mode 100644 specs/artifacts/2026-10-05-connection-workspace-authority/native-owned-qualification/actual-21i-short-children.json
 create mode 100644 specs/artifacts/2026-10-05-connection-workspace-authority/native-owned-qualification/actual-21i-startup.json
 create mode 100644 specs/artifacts/2026-10-05-connection-workspace-authority/native-owned-qualification/actual-21i-stderr.log
 create mode 100644 specs/artifacts/2026-10-05-connection-workspace-authority/native-owned-qualification/actual-21i-stdout.log
 create mode 100644 specs/artifacts/2026-10-05-connection-workspace-authority/native-owned-qualification/actual-21j-failed.json
 create mode 100644 specs/artifacts/2026-10-05-connection-workspace-authority/native-owned-qualification/actual-21j-launch-owner.json
 create mode 100644 specs/artifacts/2026-10-05-connection-workspace-authority/native-owned-qualification/actual-21j-launch.log
 create mode 100644 specs/artifacts/2026-10-05-connection-workspace-authority/native-owned-qualification/actual-21j-native-host-ready.json
 create mode 100644 specs/artifacts/2026-10-05-connection-workspace-authority/native-owned-qualification/actual-21j-native-host-settled.json
 create mode 100644 specs/artifacts/2026-10-05-connection-workspace-authority/native-owned-qualification/actual-21j-stderr.log
 create mode 100644 specs/artifacts/2026-10-05-connection-workspace-authority/native-owned-qualification/actual-21j-stdout.log
 create mode 100644 specs/artifacts/2026-10-05-connection-workspace-authority/native-owned-qualification/docs-final.log
 create mode 100644 specs/artifacts/2026-10-05-connection-workspace-authority/native-owned-qualification/docs-first.log
 create mode 100644 specs/artifacts/2026-10-05-connection-workspace-authority/native-owned-qualification/live-sol-cli-owned.ts.before.txt
 create mode 100644 specs/artifacts/2026-10-05-connection-workspace-authority/native-owned-qualification/live-sol-cli-owned.ts.final.txt
 create mode 100644 specs/artifacts/2026-10-05-connection-workspace-authority/native-owned-qualification/live-sol-launch.ps1.before.txt
 create mode 100644 specs/artifacts/2026-10-05-connection-workspace-authority/native-owned-qualification/live-sol-launch.ps1.final.txt
 create mode 100644 specs/artifacts/2026-10-05-connection-workspace-authority/native-owned-qualification/live-sol-observe-owned.ps1.before.txt
 create mode 100644 specs/artifacts/2026-10-05-connection-workspace-authority/native-owned-qualification/live-sol-observe-owned.ps1.final.txt
 create mode 100644 specs/artifacts/2026-10-05-connection-workspace-authority/native-owned-qualification/live-sol-shutdown.ps1.before.txt
 create mode 100644 specs/artifacts/2026-10-05-connection-workspace-authority/native-owned-qualification/live-sol-shutdown.ps1.final.txt
 create mode 100644 specs/artifacts/2026-10-05-connection-workspace-authority/native-owned-qualification/native-owned-21-failure-final-provider-audit.json
 create mode 100644 specs/artifacts/2026-10-05-connection-workspace-authority/native-owned-qualification/native-owned-21-failure-physical-terminal-and-pair-cleanup.json
 create mode 100644 specs/artifacts/2026-10-05-connection-workspace-authority/native-owned-qualification/native-owned-21-failure-settlement-owner.json
 create mode 100644 specs/artifacts/2026-10-05-connection-workspace-authority/native-owned-qualification/native-owned-21-failure-shutdown-admission.json
 create mode 100644 specs/artifacts/2026-10-05-connection-workspace-authority/native-owned-qualification/native-owned-21b-failure-final-provider-audit.json
 create mode 100644 specs/artifacts/2026-10-05-connection-workspace-authority/native-owned-qualification/native-owned-21b-failure-physical-terminal-and-pair-cleanup.json
 create mode 100644 specs/artifacts/2026-10-05-connection-workspace-authority/native-owned-qualification/native-owned-21b-failure-settlement-owner.json
 create mode 100644 specs/artifacts/2026-10-05-connection-workspace-authority/native-owned-qualification/native-owned-21b-failure-shutdown-admission.json
 create mode 100644 specs/artifacts/2026-10-05-connection-workspace-authority/native-owned-qualification/native-owned-21c-failure-final-provider-audit.json
 create mode 100644 specs/artifacts/2026-10-05-connection-workspace-authority/native-owned-qualification/native-owned-21c-failure-physical-terminal-and-pair-cleanup.json
 create mode 100644 specs/artifacts/2026-10-05-connection-workspace-authority/native-owned-qualification/native-owned-21c-failure-settlement-owner.json
 create mode 100644 specs/artifacts/2026-10-05-connection-workspace-authority/native-owned-qualification/native-owned-21c-failure-shutdown-admission.json
 create mode 100644 specs/artifacts/2026-10-05-connection-workspace-authority/native-owned-qualification/native-owned-21d-failure-final-provider-audit.json
 create mode 100644 specs/artifacts/2026-10-05-connection-workspace-authority/native-owned-qualification/native-owned-21d-failure-physical-terminal-and-pair-cleanup.json
 create mode 100644 specs/artifacts/2026-10-05-connection-workspace-authority/native-owned-qualification/native-owned-21d-failure-settlement-owner.json
 create mode 100644 specs/artifacts/2026-10-05-connection-workspace-authority/native-owned-qualification/native-owned-21d-failure-shutdown-admission.json
 create mode 100644 specs/artifacts/2026-10-05-connection-workspace-authority/native-owned-qualification/native-owned-21e-failure-final-provider-audit.json
 create mode 100644 specs/artifacts/2026-10-05-connection-workspace-authority/native-owned-qualification/native-owned-21e-failure-physical-terminal-and-pair-cleanup.json
 create mode 100644 specs/artifacts/2026-10-05-connection-workspace-authority/native-owned-qualification/native-owned-21e-failure-settlement-owner.json
 create mode 100644 specs/artifacts/2026-10-05-connection-workspace-authority/native-owned-qualification/native-owned-21e-failure-shutdown-admission.json
 create mode 100644 specs/artifacts/2026-10-05-connection-workspace-authority/native-owned-qualification/native-owned-21f-failure-final-provider-audit.json
 create mode 100644 specs/artifacts/2026-10-05-connection-workspace-authority/native-owned-qualification/native-owned-21f-failure-physical-terminal-and-pair-cleanup.json
 create mode 100644 specs/artifacts/2026-10-05-connection-workspace-authority/native-owned-qualification/native-owned-21f-failure-settlement-owner.json
 create mode 100644 specs/artifacts/2026-10-05-connection-workspace-authority/native-owned-qualification/native-owned-21f-failure-shutdown-admission.json
 create mode 100644 specs/artifacts/2026-10-05-connection-workspace-authority/native-owned-qualification/native-owned-21g-failure-chain-supervision-74264-1.json
 create mode 100644 specs/artifacts/2026-10-05-connection-workspace-authority/native-owned-qualification/native-owned-21g-failure-final-provider-audit.json
 create mode 100644 specs/artifacts/2026-10-05-connection-workspace-authority/native-owned-qualification/native-owned-21g-failure-physical-terminal-and-pair-cleanup.json
 create mode 100644 specs/artifacts/2026-10-05-connection-workspace-authority/native-owned-qualification/native-owned-21g-failure-qualified.json
 create mode 100644 specs/artifacts/2026-10-05-connection-workspace-authority/native-owned-qualification/native-owned-21g-failure-settlement-owner.json
 create mode 100644 specs/artifacts/2026-10-05-connection-workspace-authority/native-owned-qualification/native-owned-21g-failure-shutdown-admission.json
 create mode 100644 specs/artifacts/2026-10-05-connection-workspace-authority/native-owned-qualification/native-owned-21h-preparation-deadline-chain-supervision-76692-1.json
 create mode 100644 specs/artifacts/2026-10-05-connection-workspace-authority/native-owned-qualification/native-owned-21h-preparation-deadline-chain-supervision-76692-2.json
 create mode 100644 specs/artifacts/2026-10-05-connection-workspace-authority/native-owned-qualification/native-owned-21h-preparation-deadline-chain-supervision-76692-3.json
 create mode 100644 specs/artifacts/2026-10-05-connection-workspace-authority/native-owned-qualification/native-owned-21h-preparation-deadline-final-provider-audit.json
 create mode 100644 specs/artifacts/2026-10-05-connection-workspace-authority/native-owned-qualification/native-owned-21h-preparation-deadline-physical-terminal-and-pair-cleanup.json
 create mode 100644 specs/artifacts/2026-10-05-connection-workspace-authority/native-owned-qualification/native-owned-21h-preparation-deadline-qualified.json
 create mode 100644 specs/artifacts/2026-10-05-connection-workspace-authority/native-owned-qualification/native-owned-21h-preparation-deadline-settlement-owner.json
 create mode 100644 specs/artifacts/2026-10-05-connection-workspace-authority/native-owned-qualification/native-owned-21h-preparation-deadline-shutdown-admission.json
 create mode 100644 specs/artifacts/2026-10-05-connection-workspace-authority/native-owned-qualification/native-owned-21i-manual-join-chain-supervision-54816-1.json
 create mode 100644 specs/artifacts/2026-10-05-connection-workspace-authority/native-owned-qualification/native-owned-21i-manual-join-final-provider-audit.json
 create mode 100644 specs/artifacts/2026-10-05-connection-workspace-authority/native-owned-qualification/native-owned-21i-manual-join-physical-terminal-and-pair-cleanup.json
 create mode 100644 specs/artifacts/2026-10-05-connection-workspace-authority/native-owned-qualification/native-owned-21i-manual-join-qualified.json
 create mode 100644 specs/artifacts/2026-10-05-connection-workspace-authority/native-owned-qualification/native-owned-21i-manual-join-settlement-owner.json
 create mode 100644 specs/artifacts/2026-10-05-connection-workspace-authority/native-owned-qualification/native-owned-21i-manual-join-shutdown-admission.json
 create mode 100644 specs/artifacts/2026-10-05-connection-workspace-authority/native-owned-qualification/native-owned-21j-early-target-exit-final-provider-audit.json
 create mode 100644 specs/artifacts/2026-10-05-connection-workspace-authority/native-owned-qualification/native-owned-21j-early-target-exit-physical-terminal-and-pair-cleanup.json
 create mode 100644 specs/artifacts/2026-10-05-connection-workspace-authority/native-owned-qualification/native-owned-21j-early-target-exit-qualified.json
 create mode 100644 specs/artifacts/2026-10-05-connection-workspace-authority/native-owned-qualification/native-owned-21j-early-target-exit-settlement-owner.json
 create mode 100644 specs/artifacts/2026-10-05-connection-workspace-authority/native-owned-qualification/native-owned-21j-early-target-exit-shutdown-admission.json
 create mode 100644 specs/artifacts/2026-10-05-connection-workspace-authority/native-owned-qualification/native-owned-target-21.before-node-grandchild.txt
 create mode 100644 specs/artifacts/2026-10-05-connection-workspace-authority/native-owned-qualification/native-owned-target-21.before-parent-admission-probe.txt
 create mode 100644 specs/artifacts/2026-10-05-connection-workspace-authority/native-owned-qualification/native-owned-target-21.owned-tree-probe.txt
 create mode 100644 specs/artifacts/2026-10-05-connection-workspace-authority/native-owned-qualification/native-owned-target-21.ts.final.txt
 create mode 100644 specs/artifacts/2026-10-05-connection-workspace-authority/native-owned-qualification/native-owned-types-21.json.final.txt
 create mode 100644 specs/artifacts/2026-10-05-connection-workspace-authority/native-owned-qualification/owned-settlement-qualification-19.ps1.before.txt
 create mode 100644 specs/artifacts/2026-10-05-connection-workspace-authority/native-owned-qualification/owned-settlement-qualification-19.ps1.final.txt
 create mode 100644 specs/artifacts/2026-10-05-connection-workspace-authority/native-owned-qualification/powershell-parser-final-02.json
 create mode 100644 specs/artifacts/2026-10-05-connection-workspace-authority/native-owned-qualification/powershell-parser-final.json
 create mode 100644 specs/artifacts/2026-10-05-connection-workspace-authority/native-owned-qualification/root-independent-final-21.json
 create mode 100644 specs/artifacts/2026-10-05-connection-workspace-authority/native-owned-qualification/root-parallel-isolation-correlation.json
 create mode 100644 specs/artifacts/2026-10-05-connection-workspace-authority/native-owned-qualification/types-final-02.log
 create mode 100644 specs/artifacts/2026-10-05-connection-workspace-authority/native-owned-qualification/types-final-03.log
 create mode 100644 specs/artifacts/2026-10-05-connection-workspace-authority/native-owned-qualification/types-final.log
 create mode 100644 specs/artifacts/2026-10-05-connection-workspace-authority/native-owned-qualification/types-first.log
