[90m@hey-api/openapi-ts v0.97.3[39m

[90m[Job 1] [39m⏳ [36mGenerating from 1 input:[39m
[90m[Job 1] [39m[36m  [1] [39mD:\myhexin-local\opencorvus\packages\sdk\js\.tmp-sdk-build\openapi.json
[90m[Job 1] [39m[32m✅ Done![39m Your output is in [96mD:\myhexin-local\opencorvus\packages\sdk\js\.tmp-sdk-build\src\gen[39m [90m(3 files in 2s)[39m
.tmp-sdk-build/src/client.ts 132ms (unchanged)
.tmp-sdk-build/src/defaults.ts 7ms (unchanged)
.tmp-sdk-build/src/expert-squad-authoring.ts 215ms
.tmp-sdk-build/src/expert-squad-manifest-v2.ts 57ms
.tmp-sdk-build/src/expert-squad-package-contract.ts 3ms (unchanged)
.tmp-sdk-build/src/gen/client.gen.ts 5ms
.tmp-sdk-build/src/gen/client/client.gen.ts 38ms
.tmp-sdk-build/src/gen/client/index.ts 3ms
.tmp-sdk-build/src/gen/client/types.gen.ts 15ms
.tmp-sdk-build/src/gen/client/utils.gen.ts 29ms
.tmp-sdk-build/src/gen/core/auth.gen.ts 5ms
.tmp-sdk-build/src/gen/core/bodySerializer.gen.ts 10ms
.tmp-sdk-build/src/gen/core/params.gen.ts 16ms
.tmp-sdk-build/src/gen/core/pathSerializer.gen.ts 13ms
.tmp-sdk-build/src/gen/core/queryKeySerializer.gen.ts 9ms
.tmp-sdk-build/src/gen/core/serverSentEvents.gen.ts 23ms
.tmp-sdk-build/src/gen/core/types.gen.ts 10ms
.tmp-sdk-build/src/gen/core/utils.gen.ts 11ms
.tmp-sdk-build/src/gen/sdk.gen.ts 664ms
.tmp-sdk-build/src/gen/types.gen.ts 982ms
.tmp-sdk-build/src/index.ts 6ms (unchanged)
.tmp-sdk-build/src/platform-artifact-tool-ids.ts 2ms
.tmp-sdk-build/src/project-path.ts 4ms (unchanged)
.tmp-sdk-build/src/route-policy.ts 7ms (unchanged)
.tmp-sdk-build/src/server-diagnostic-tail.ts 7ms (unchanged)
.tmp-sdk-build/src/server.ts 19ms (unchanged)
.tmp-sdk-build/src/startup-receipt.ts 10ms (unchanged)
