bun test v1.3.14 (0d9b296a)

test\server\session-event-connection-snapshot.test.ts:
durable lifecycle hydration original response {
  name: "UnknownError",
  data: {
    message: "Internal server error. See x-opencorvus-request-id for diagnostics.",
  },
}
507 |       const hydrationResponse = await Server.App().request(`/session/${work.id}/conversation`, {
508 |         headers: { "x-opencorvus-directory": project.path },
509 |       })
510 |       if (hydrationResponse.status !== 200)
511 |         console.log("durable lifecycle hydration original response", await hydrationResponse.clone().json())
512 |       expect(hydrationResponse.status).toBe(200)
                                             ^
error: expect(received).toBe(expected)

Expected: 200
Received: 500

      at <anonymous> (D:\myhexin-local\opencorvus\packages\opencorvus\test\server\session-event-connection-snapshot.test.ts:512:40)
(fail) Session stream receives durable lifecycle and error facts for a non-Task Session [1997.09ms]

 0 pass
 9 filtered out
 1 fail
 5 expect() calls
Ran 1 test across 1 file. [4.25s]
