[main 07489abe] fix: allow draft conversations to inherit configured models
 243 files changed, 21939 insertions(+), 3 deletions(-)
 create mode 100644 specs/artifacts/2026-10-05-connection-workspace-authority/draft-model-inheritance-plan.md
 create mode 100644 specs/artifacts/2026-10-05-connection-workspace-authority/draft-model-inheritance/ChatComposer.tsx.before.txt
 create mode 100644 specs/artifacts/2026-10-05-connection-workspace-authority/draft-model-inheritance/ChatComposer.tsx.final.txt
 create mode 100644 specs/artifacts/2026-10-05-connection-workspace-authority/draft-model-inheritance/ComposerModelSelector.tsx.before.txt
 create mode 100644 specs/artifacts/2026-10-05-connection-workspace-authority/draft-model-inheritance/ComposerModelSelector.tsx.final.txt
 create mode 100644 specs/artifacts/2026-10-05-connection-workspace-authority/draft-model-inheritance/README.md
 create mode 100644 specs/artifacts/2026-10-05-connection-workspace-authority/draft-model-inheritance/actual-26-authority-ready.json
 create mode 100644 specs/artifacts/2026-10-05-connection-workspace-authority/draft-model-inheritance/actual-26-chinese-inherited-send.png
 create mode 100644 specs/artifacts/2026-10-05-connection-workspace-authority/draft-model-inheritance/actual-26-code-inherited-reply.png
 create mode 100644 specs/artifacts/2026-10-05-connection-workspace-authority/draft-model-inheritance/actual-26-code-inherited-send.png
 create mode 100644 specs/artifacts/2026-10-05-connection-workspace-authority/draft-model-inheritance/actual-26-explicit-sol-choice.png
 create mode 100644 specs/artifacts/2026-10-05-connection-workspace-authority/draft-model-inheritance/actual-26-explicit-sol-remembered.png
 create mode 100644 specs/artifacts/2026-10-05-connection-workspace-authority/draft-model-inheritance/actual-26-launch-owner.json
 create mode 100644 specs/artifacts/2026-10-05-connection-workspace-authority/draft-model-inheritance/actual-26-managed-parent-ready.json
 create mode 100644 specs/artifacts/2026-10-05-connection-workspace-authority/draft-model-inheritance/actual-26-native-host-ready.json
 create mode 100644 specs/artifacts/2026-10-05-connection-workspace-authority/draft-model-inheritance/actual-26-native-host-settled.json
 create mode 100644 specs/artifacts/2026-10-05-connection-workspace-authority/draft-model-inheritance/actual-26-owned-config-hierarchy.json
 create mode 100644 specs/artifacts/2026-10-05-connection-workspace-authority/draft-model-inheritance/actual-26-parent-launch.log
 create mode 100644 specs/artifacts/2026-10-05-connection-workspace-authority/draft-model-inheritance/actual-26-preflight-ready.json
 create mode 100644 specs/artifacts/2026-10-05-connection-workspace-authority/draft-model-inheritance/actual-26-project-baseline.json
 create mode 100644 specs/artifacts/2026-10-05-connection-workspace-authority/draft-model-inheritance/actual-26-provider-32876-17922ca0-47a9-4192-9098-110140517a5b-1.json
 create mode 100644 specs/artifacts/2026-10-05-connection-workspace-authority/draft-model-inheritance/actual-26-provider-32876-17922ca0-47a9-4192-9098-110140517a5b-10.json
 create mode 100644 specs/artifacts/2026-10-05-connection-workspace-authority/draft-model-inheritance/actual-26-provider-32876-17922ca0-47a9-4192-9098-110140517a5b-11.json
 create mode 100644 specs/artifacts/2026-10-05-connection-workspace-authority/draft-model-inheritance/actual-26-provider-32876-17922ca0-47a9-4192-9098-110140517a5b-12.json
 create mode 100644 specs/artifacts/2026-10-05-connection-workspace-authority/draft-model-inheritance/actual-26-provider-32876-17922ca0-47a9-4192-9098-110140517a5b-13.json
 create mode 100644 specs/artifacts/2026-10-05-connection-workspace-authority/draft-model-inheritance/actual-26-provider-32876-17922ca0-47a9-4192-9098-110140517a5b-14.json
 create mode 100644 specs/artifacts/2026-10-05-connection-workspace-authority/draft-model-inheritance/actual-26-provider-32876-17922ca0-47a9-4192-9098-110140517a5b-15.json
 create mode 100644 specs/artifacts/2026-10-05-connection-workspace-authority/draft-model-inheritance/actual-26-provider-32876-17922ca0-47a9-4192-9098-110140517a5b-16.json
 create mode 100644 specs/artifacts/2026-10-05-connection-workspace-authority/draft-model-inheritance/actual-26-provider-32876-17922ca0-47a9-4192-9098-110140517a5b-17.json
 create mode 100644 specs/artifacts/2026-10-05-connection-workspace-authority/draft-model-inheritance/actual-26-provider-32876-17922ca0-47a9-4192-9098-110140517a5b-2.json
 create mode 100644 specs/artifacts/2026-10-05-connection-workspace-authority/draft-model-inheritance/actual-26-provider-32876-17922ca0-47a9-4192-9098-110140517a5b-3.json
 create mode 100644 specs/artifacts/2026-10-05-connection-workspace-authority/draft-model-inheritance/actual-26-provider-32876-17922ca0-47a9-4192-9098-110140517a5b-4.json
 create mode 100644 specs/artifacts/2026-10-05-connection-workspace-authority/draft-model-inheritance/actual-26-provider-32876-17922ca0-47a9-4192-9098-110140517a5b-5.json
 create mode 100644 specs/artifacts/2026-10-05-connection-workspace-authority/draft-model-inheritance/actual-26-provider-32876-17922ca0-47a9-4192-9098-110140517a5b-6.json
 create mode 100644 specs/artifacts/2026-10-05-connection-workspace-authority/draft-model-inheritance/actual-26-provider-32876-17922ca0-47a9-4192-9098-110140517a5b-7.json
 create mode 100644 specs/artifacts/2026-10-05-connection-workspace-authority/draft-model-inheritance/actual-26-provider-32876-17922ca0-47a9-4192-9098-110140517a5b-8.json
 create mode 100644 specs/artifacts/2026-10-05-connection-workspace-authority/draft-model-inheritance/actual-26-provider-32876-17922ca0-47a9-4192-9098-110140517a5b-9.json
 create mode 100644 specs/artifacts/2026-10-05-connection-workspace-authority/draft-model-inheritance/actual-26-provider-pair-staging.json
 create mode 100644 specs/artifacts/2026-10-05-connection-workspace-authority/draft-model-inheritance/actual-26-qa-package-installed.json
 create mode 100644 specs/artifacts/2026-10-05-connection-workspace-authority/draft-model-inheritance/actual-26-readonly-creation-and-replies.json
 create mode 100644 specs/artifacts/2026-10-05-connection-workspace-authority/draft-model-inheritance/actual-26-readonly-probe.final.ts.txt
 create mode 100644 specs/artifacts/2026-10-05-connection-workspace-authority/draft-model-inheritance/actual-26-startup.json
 create mode 100644 specs/artifacts/2026-10-05-connection-workspace-authority/draft-model-inheritance/actual-26-task-accepted-cli.json
 create mode 100644 specs/artifacts/2026-10-05-connection-workspace-authority/draft-model-inheritance/actual-26-task-boundary-admitted.json
 create mode 100644 specs/artifacts/2026-10-05-connection-workspace-authority/draft-model-inheritance/actual-26-task-cli-stderr.log
 create mode 100644 specs/artifacts/2026-10-05-connection-workspace-authority/draft-model-inheritance/actual-26-task-complete.json
 create mode 100644 specs/artifacts/2026-10-05-connection-workspace-authority/draft-model-inheritance/actual-26-task-observation-32876-2ee99551-33c1-497e-b6ae-cbcb75c36182-1.json
 create mode 100644 specs/artifacts/2026-10-05-connection-workspace-authority/draft-model-inheritance/actual-26-task-observation-32876-2ee99551-33c1-497e-b6ae-cbcb75c36182-10.json
 create mode 100644 specs/artifacts/2026-10-05-connection-workspace-authority/draft-model-inheritance/actual-26-task-observation-32876-2ee99551-33c1-497e-b6ae-cbcb75c36182-11.json
 create mode 100644 specs/artifacts/2026-10-05-connection-workspace-authority/draft-model-inheritance/actual-26-task-observation-32876-2ee99551-33c1-497e-b6ae-cbcb75c36182-12.json
 create mode 100644 specs/artifacts/2026-10-05-connection-workspace-authority/draft-model-inheritance/actual-26-task-observation-32876-2ee99551-33c1-497e-b6ae-cbcb75c36182-13.json
 create mode 100644 specs/artifacts/2026-10-05-connection-workspace-authority/draft-model-inheritance/actual-26-task-observation-32876-2ee99551-33c1-497e-b6ae-cbcb75c36182-14.json
 create mode 100644 specs/artifacts/2026-10-05-connection-workspace-authority/draft-model-inheritance/actual-26-task-observation-32876-2ee99551-33c1-497e-b6ae-cbcb75c36182-15.json
 create mode 100644 specs/artifacts/2026-10-05-connection-workspace-authority/draft-model-inheritance/actual-26-task-observation-32876-2ee99551-33c1-497e-b6ae-cbcb75c36182-2.json
 create mode 100644 specs/artifacts/2026-10-05-connection-workspace-authority/draft-model-inheritance/actual-26-task-observation-32876-2ee99551-33c1-497e-b6ae-cbcb75c36182-3.json
 create mode 100644 specs/artifacts/2026-10-05-connection-workspace-authority/draft-model-inheritance/actual-26-task-observation-32876-2ee99551-33c1-497e-b6ae-cbcb75c36182-4.json
 create mode 100644 specs/artifacts/2026-10-05-connection-workspace-authority/draft-model-inheritance/actual-26-task-observation-32876-2ee99551-33c1-497e-b6ae-cbcb75c36182-5.json
 create mode 100644 specs/artifacts/2026-10-05-connection-workspace-authority/draft-model-inheritance/actual-26-task-observation-32876-2ee99551-33c1-497e-b6ae-cbcb75c36182-6.json
 create mode 100644 specs/artifacts/2026-10-05-connection-workspace-authority/draft-model-inheritance/actual-26-task-observation-32876-2ee99551-33c1-497e-b6ae-cbcb75c36182-7.json
 create mode 100644 specs/artifacts/2026-10-05-connection-workspace-authority/draft-model-inheritance/actual-26-task-observation-32876-2ee99551-33c1-497e-b6ae-cbcb75c36182-8.json
 create mode 100644 specs/artifacts/2026-10-05-connection-workspace-authority/draft-model-inheritance/actual-26-task-observation-32876-2ee99551-33c1-497e-b6ae-cbcb75c36182-9.json
 create mode 100644 specs/artifacts/2026-10-05-connection-workspace-authority/draft-model-inheritance/actual-26-task-occurrence-admitted.json
 create mode 100644 specs/artifacts/2026-10-05-connection-workspace-authority/draft-model-inheritance/actual-26-task-request-input.json
 create mode 100644 specs/artifacts/2026-10-05-connection-workspace-authority/draft-model-inheritance/actual-26-task-selection.json
 create mode 100644 specs/artifacts/2026-10-05-connection-workspace-authority/draft-model-inheritance/actual-26-work-inherited-reply.png
 create mode 100644 specs/artifacts/2026-10-05-connection-workspace-authority/draft-model-inheritance/actual-26-work-inherited-send.png
 create mode 100644 specs/artifacts/2026-10-05-connection-workspace-authority/draft-model-inheritance/docs-final.log
 create mode 100644 specs/artifacts/2026-10-05-connection-workspace-authority/draft-model-inheritance/docs-first.log
 create mode 100644 specs/artifacts/2026-10-05-connection-workspace-authority/draft-model-inheritance/draft-inherit-26-chain-supervision-73124-1.json
 create mode 100644 specs/artifacts/2026-10-05-connection-workspace-authority/draft-model-inheritance/draft-inherit-26-chain-supervision-73124-10.json
 create mode 100644 specs/artifacts/2026-10-05-connection-workspace-authority/draft-model-inheritance/draft-inherit-26-chain-supervision-73124-100.json
 create mode 100644 specs/artifacts/2026-10-05-connection-workspace-authority/draft-model-inheritance/draft-inherit-26-chain-supervision-73124-101.json
 create mode 100644 specs/artifacts/2026-10-05-connection-workspace-authority/draft-model-inheritance/draft-inherit-26-chain-supervision-73124-102.json
 create mode 100644 specs/artifacts/2026-10-05-connection-workspace-authority/draft-model-inheritance/draft-inherit-26-chain-supervision-73124-103.json
 create mode 100644 specs/artifacts/2026-10-05-connection-workspace-authority/draft-model-inheritance/draft-inherit-26-chain-supervision-73124-104.json
 create mode 100644 specs/artifacts/2026-10-05-connection-workspace-authority/draft-model-inheritance/draft-inherit-26-chain-supervision-73124-105.json
 create mode 100644 specs/artifacts/2026-10-05-connection-workspace-authority/draft-model-inheritance/draft-inherit-26-chain-supervision-73124-106.json
 create mode 100644 specs/artifacts/2026-10-05-connection-workspace-authority/draft-model-inheritance/draft-inherit-26-chain-supervision-73124-107.json
 create mode 100644 specs/artifacts/2026-10-05-connection-workspace-authority/draft-model-inheritance/draft-inherit-26-chain-supervision-73124-108.json
 create mode 100644 specs/artifacts/2026-10-05-connection-workspace-authority/draft-model-inheritance/draft-inherit-26-chain-supervision-73124-109.json
 create mode 100644 specs/artifacts/2026-10-05-connection-workspace-authority/draft-model-inheritance/draft-inherit-26-chain-supervision-73124-11.json
 create mode 100644 specs/artifacts/2026-10-05-connection-workspace-authority/draft-model-inheritance/draft-inherit-26-chain-supervision-73124-110.json
 create mode 100644 specs/artifacts/2026-10-05-connection-workspace-authority/draft-model-inheritance/draft-inherit-26-chain-supervision-73124-111.json
 create mode 100644 specs/artifacts/2026-10-05-connection-workspace-authority/draft-model-inheritance/draft-inherit-26-chain-supervision-73124-112.json
 create mode 100644 specs/artifacts/2026-10-05-connection-workspace-authority/draft-model-inheritance/draft-inherit-26-chain-supervision-73124-113.json
 create mode 100644 specs/artifacts/2026-10-05-connection-workspace-authority/draft-model-inheritance/draft-inherit-26-chain-supervision-73124-114.json
 create mode 100644 specs/artifacts/2026-10-05-connection-workspace-authority/draft-model-inheritance/draft-inherit-26-chain-supervision-73124-115.json
 create mode 100644 specs/artifacts/2026-10-05-connection-workspace-authority/draft-model-inheritance/draft-inherit-26-chain-supervision-73124-116.json
 create mode 100644 specs/artifacts/2026-10-05-connection-workspace-authority/draft-model-inheritance/draft-inherit-26-chain-supervision-73124-117.json
 create mode 100644 specs/artifacts/2026-10-05-connection-workspace-authority/draft-model-inheritance/draft-inherit-26-chain-supervision-73124-118.json
 create mode 100644 specs/artifacts/2026-10-05-connection-workspace-authority/draft-model-inheritance/draft-inherit-26-chain-supervision-73124-119.json
 create mode 100644 specs/artifacts/2026-10-05-connection-workspace-authority/draft-model-inheritance/draft-inherit-26-chain-supervision-73124-12.json
 create mode 100644 specs/artifacts/2026-10-05-connection-workspace-authority/draft-model-inheritance/draft-inherit-26-chain-supervision-73124-120.json
 create mode 100644 specs/artifacts/2026-10-05-connection-workspace-authority/draft-model-inheritance/draft-inherit-26-chain-supervision-73124-121.json
 create mode 100644 specs/artifacts/2026-10-05-connection-workspace-authority/draft-model-inheritance/draft-inherit-26-chain-supervision-73124-122.json
 create mode 100644 specs/artifacts/2026-10-05-connection-workspace-authority/draft-model-inheritance/draft-inherit-26-chain-supervision-73124-123.json
 create mode 100644 specs/artifacts/2026-10-05-connection-workspace-authority/draft-model-inheritance/draft-inherit-26-chain-supervision-73124-124.json
 create mode 100644 specs/artifacts/2026-10-05-connection-workspace-authority/draft-model-inheritance/draft-inherit-26-chain-supervision-73124-125.json
 create mode 100644 specs/artifacts/2026-10-05-connection-workspace-authority/draft-model-inheritance/draft-inherit-26-chain-supervision-73124-126.json
 create mode 100644 specs/artifacts/2026-10-05-connection-workspace-authority/draft-model-inheritance/draft-inherit-26-chain-supervision-73124-127.json
 create mode 100644 specs/artifacts/2026-10-05-connection-workspace-authority/draft-model-inheritance/draft-inherit-26-chain-supervision-73124-128.json
 create mode 100644 specs/artifacts/2026-10-05-connection-workspace-authority/draft-model-inheritance/draft-inherit-26-chain-supervision-73124-129.json
 create mode 100644 specs/artifacts/2026-10-05-connection-workspace-authority/draft-model-inheritance/draft-inherit-26-chain-supervision-73124-13.json
 create mode 100644 specs/artifacts/2026-10-05-connection-workspace-authority/draft-model-inheritance/draft-inherit-26-chain-supervision-73124-130.json
 create mode 100644 specs/artifacts/2026-10-05-connection-workspace-authority/draft-model-inheritance/draft-inherit-26-chain-supervision-73124-131.json
 create mode 100644 specs/artifacts/2026-10-05-connection-workspace-authority/draft-model-inheritance/draft-inherit-26-chain-supervision-73124-132.json
 create mode 100644 specs/artifacts/2026-10-05-connection-workspace-authority/draft-model-inheritance/draft-inherit-26-chain-supervision-73124-133.json
 create mode 100644 specs/artifacts/2026-10-05-connection-workspace-authority/draft-model-inheritance/draft-inherit-26-chain-supervision-73124-134.json
 create mode 100644 specs/artifacts/2026-10-05-connection-workspace-authority/draft-model-inheritance/draft-inherit-26-chain-supervision-73124-135.json
 create mode 100644 specs/artifacts/2026-10-05-connection-workspace-authority/draft-model-inheritance/draft-inherit-26-chain-supervision-73124-136.json
 create mode 100644 specs/artifacts/2026-10-05-connection-workspace-authority/draft-model-inheritance/draft-inherit-26-chain-supervision-73124-137.json
 create mode 100644 specs/artifacts/2026-10-05-connection-workspace-authority/draft-model-inheritance/draft-inherit-26-chain-supervision-73124-138.json
 create mode 100644 specs/artifacts/2026-10-05-connection-workspace-authority/draft-model-inheritance/draft-inherit-26-chain-supervision-73124-139.json
 create mode 100644 specs/artifacts/2026-10-05-connection-workspace-authority/draft-model-inheritance/draft-inherit-26-chain-supervision-73124-14.json
 create mode 100644 specs/artifacts/2026-10-05-connection-workspace-authority/draft-model-inheritance/draft-inherit-26-chain-supervision-73124-140.json
 create mode 100644 specs/artifacts/2026-10-05-connection-workspace-authority/draft-model-inheritance/draft-inherit-26-chain-supervision-73124-141.json
 create mode 100644 specs/artifacts/2026-10-05-connection-workspace-authority/draft-model-inheritance/draft-inherit-26-chain-supervision-73124-142.json
 create mode 100644 specs/artifacts/2026-10-05-connection-workspace-authority/draft-model-inheritance/draft-inherit-26-chain-supervision-73124-143.json
 create mode 100644 specs/artifacts/2026-10-05-connection-workspace-authority/draft-model-inheritance/draft-inherit-26-chain-supervision-73124-144.json
 create mode 100644 specs/artifacts/2026-10-05-connection-workspace-authority/draft-model-inheritance/draft-inherit-26-chain-supervision-73124-145.json
 create mode 100644 specs/artifacts/2026-10-05-connection-workspace-authority/draft-model-inheritance/draft-inherit-26-chain-supervision-73124-146.json
 create mode 100644 specs/artifacts/2026-10-05-connection-workspace-authority/draft-model-inheritance/draft-inherit-26-chain-supervision-73124-147.json
 create mode 100644 specs/artifacts/2026-10-05-connection-workspace-authority/draft-model-inheritance/draft-inherit-26-chain-supervision-73124-148.json
 create mode 100644 specs/artifacts/2026-10-05-connection-workspace-authority/draft-model-inheritance/draft-inherit-26-chain-supervision-73124-149.json
 create mode 100644 specs/artifacts/2026-10-05-connection-workspace-authority/draft-model-inheritance/draft-inherit-26-chain-supervision-73124-15.json
 create mode 100644 specs/artifacts/2026-10-05-connection-workspace-authority/draft-model-inheritance/draft-inherit-26-chain-supervision-73124-150.json
 create mode 100644 specs/artifacts/2026-10-05-connection-workspace-authority/draft-model-inheritance/draft-inherit-26-chain-supervision-73124-151.json
 create mode 100644 specs/artifacts/2026-10-05-connection-workspace-authority/draft-model-inheritance/draft-inherit-26-chain-supervision-73124-152.json
 create mode 100644 specs/artifacts/2026-10-05-connection-workspace-authority/draft-model-inheritance/draft-inherit-26-chain-supervision-73124-16.json
 create mode 100644 specs/artifacts/2026-10-05-connection-workspace-authority/draft-model-inheritance/draft-inherit-26-chain-supervision-73124-17.json
 create mode 100644 specs/artifacts/2026-10-05-connection-workspace-authority/draft-model-inheritance/draft-inherit-26-chain-supervision-73124-18.json
 create mode 100644 specs/artifacts/2026-10-05-connection-workspace-authority/draft-model-inheritance/draft-inherit-26-chain-supervision-73124-19.json
 create mode 100644 specs/artifacts/2026-10-05-connection-workspace-authority/draft-model-inheritance/draft-inherit-26-chain-supervision-73124-2.json
 create mode 100644 specs/artifacts/2026-10-05-connection-workspace-authority/draft-model-inheritance/draft-inherit-26-chain-supervision-73124-20.json
 create mode 100644 specs/artifacts/2026-10-05-connection-workspace-authority/draft-model-inheritance/draft-inherit-26-chain-supervision-73124-21.json
 create mode 100644 specs/artifacts/2026-10-05-connection-workspace-authority/draft-model-inheritance/draft-inherit-26-chain-supervision-73124-22.json
 create mode 100644 specs/artifacts/2026-10-05-connection-workspace-authority/draft-model-inheritance/draft-inherit-26-chain-supervision-73124-23.json
 create mode 100644 specs/artifacts/2026-10-05-connection-workspace-authority/draft-model-inheritance/draft-inherit-26-chain-supervision-73124-24.json
 create mode 100644 specs/artifacts/2026-10-05-connection-workspace-authority/draft-model-inheritance/draft-inherit-26-chain-supervision-73124-25.json
 create mode 100644 specs/artifacts/2026-10-05-connection-workspace-authority/draft-model-inheritance/draft-inherit-26-chain-supervision-73124-26.json
 create mode 100644 specs/artifacts/2026-10-05-connection-workspace-authority/draft-model-inheritance/draft-inherit-26-chain-supervision-73124-27.json
 create mode 100644 specs/artifacts/2026-10-05-connection-workspace-authority/draft-model-inheritance/draft-inherit-26-chain-supervision-73124-28.json
 create mode 100644 specs/artifacts/2026-10-05-connection-workspace-authority/draft-model-inheritance/draft-inherit-26-chain-supervision-73124-29.json
 create mode 100644 specs/artifacts/2026-10-05-connection-workspace-authority/draft-model-inheritance/draft-inherit-26-chain-supervision-73124-3.json
 create mode 100644 specs/artifacts/2026-10-05-connection-workspace-authority/draft-model-inheritance/draft-inherit-26-chain-supervision-73124-30.json
 create mode 100644 specs/artifacts/2026-10-05-connection-workspace-authority/draft-model-inheritance/draft-inherit-26-chain-supervision-73124-31.json
 create mode 100644 specs/artifacts/2026-10-05-connection-workspace-authority/draft-model-inheritance/draft-inherit-26-chain-supervision-73124-32.json
 create mode 100644 specs/artifacts/2026-10-05-connection-workspace-authority/draft-model-inheritance/draft-inherit-26-chain-supervision-73124-33.json
 create mode 100644 specs/artifacts/2026-10-05-connection-workspace-authority/draft-model-inheritance/draft-inherit-26-chain-supervision-73124-34.json
 create mode 100644 specs/artifacts/2026-10-05-connection-workspace-authority/draft-model-inheritance/draft-inherit-26-chain-supervision-73124-35.json
 create mode 100644 specs/artifacts/2026-10-05-connection-workspace-authority/draft-model-inheritance/draft-inherit-26-chain-supervision-73124-36.json
 create mode 100644 specs/artifacts/2026-10-05-connection-workspace-authority/draft-model-inheritance/draft-inherit-26-chain-supervision-73124-37.json
 create mode 100644 specs/artifacts/2026-10-05-connection-workspace-authority/draft-model-inheritance/draft-inherit-26-chain-supervision-73124-38.json
 create mode 100644 specs/artifacts/2026-10-05-connection-workspace-authority/draft-model-inheritance/draft-inherit-26-chain-supervision-73124-39.json
 create mode 100644 specs/artifacts/2026-10-05-connection-workspace-authority/draft-model-inheritance/draft-inherit-26-chain-supervision-73124-4.json
 create mode 100644 specs/artifacts/2026-10-05-connection-workspace-authority/draft-model-inheritance/draft-inherit-26-chain-supervision-73124-40.json
 create mode 100644 specs/artifacts/2026-10-05-connection-workspace-authority/draft-model-inheritance/draft-inherit-26-chain-supervision-73124-41.json
 create mode 100644 specs/artifacts/2026-10-05-connection-workspace-authority/draft-model-inheritance/draft-inherit-26-chain-supervision-73124-42.json
 create mode 100644 specs/artifacts/2026-10-05-connection-workspace-authority/draft-model-inheritance/draft-inherit-26-chain-supervision-73124-43.json
 create mode 100644 specs/artifacts/2026-10-05-connection-workspace-authority/draft-model-inheritance/draft-inherit-26-chain-supervision-73124-44.json
 create mode 100644 specs/artifacts/2026-10-05-connection-workspace-authority/draft-model-inheritance/draft-inherit-26-chain-supervision-73124-45.json
 create mode 100644 specs/artifacts/2026-10-05-connection-workspace-authority/draft-model-inheritance/draft-inherit-26-chain-supervision-73124-46.json
 create mode 100644 specs/artifacts/2026-10-05-connection-workspace-authority/draft-model-inheritance/draft-inherit-26-chain-supervision-73124-47.json
 create mode 100644 specs/artifacts/2026-10-05-connection-workspace-authority/draft-model-inheritance/draft-inherit-26-chain-supervision-73124-48.json
 create mode 100644 specs/artifacts/2026-10-05-connection-workspace-authority/draft-model-inheritance/draft-inherit-26-chain-supervision-73124-49.json
 create mode 100644 specs/artifacts/2026-10-05-connection-workspace-authority/draft-model-inheritance/draft-inherit-26-chain-supervision-73124-5.json
 create mode 100644 specs/artifacts/2026-10-05-connection-workspace-authority/draft-model-inheritance/draft-inherit-26-chain-supervision-73124-50.json
 create mode 100644 specs/artifacts/2026-10-05-connection-workspace-authority/draft-model-inheritance/draft-inherit-26-chain-supervision-73124-51.json
 create mode 100644 specs/artifacts/2026-10-05-connection-workspace-authority/draft-model-inheritance/draft-inherit-26-chain-supervision-73124-52.json
 create mode 100644 specs/artifacts/2026-10-05-connection-workspace-authority/draft-model-inheritance/draft-inherit-26-chain-supervision-73124-53.json
 create mode 100644 specs/artifacts/2026-10-05-connection-workspace-authority/draft-model-inheritance/draft-inherit-26-chain-supervision-73124-54.json
 create mode 100644 specs/artifacts/2026-10-05-connection-workspace-authority/draft-model-inheritance/draft-inherit-26-chain-supervision-73124-55.json
 create mode 100644 specs/artifacts/2026-10-05-connection-workspace-authority/draft-model-inheritance/draft-inherit-26-chain-supervision-73124-56.json
 create mode 100644 specs/artifacts/2026-10-05-connection-workspace-authority/draft-model-inheritance/draft-inherit-26-chain-supervision-73124-57.json
 create mode 100644 specs/artifacts/2026-10-05-connection-workspace-authority/draft-model-inheritance/draft-inherit-26-chain-supervision-73124-58.json
 create mode 100644 specs/artifacts/2026-10-05-connection-workspace-authority/draft-model-inheritance/draft-inherit-26-chain-supervision-73124-59.json
 create mode 100644 specs/artifacts/2026-10-05-connection-workspace-authority/draft-model-inheritance/draft-inherit-26-chain-supervision-73124-6.json
 create mode 100644 specs/artifacts/2026-10-05-connection-workspace-authority/draft-model-inheritance/draft-inherit-26-chain-supervision-73124-60.json
 create mode 100644 specs/artifacts/2026-10-05-connection-workspace-authority/draft-model-inheritance/draft-inherit-26-chain-supervision-73124-61.json
 create mode 100644 specs/artifacts/2026-10-05-connection-workspace-authority/draft-model-inheritance/draft-inherit-26-chain-supervision-73124-62.json
 create mode 100644 specs/artifacts/2026-10-05-connection-workspace-authority/draft-model-inheritance/draft-inherit-26-chain-supervision-73124-63.json
 create mode 100644 specs/artifacts/2026-10-05-connection-workspace-authority/draft-model-inheritance/draft-inherit-26-chain-supervision-73124-64.json
 create mode 100644 specs/artifacts/2026-10-05-connection-workspace-authority/draft-model-inheritance/draft-inherit-26-chain-supervision-73124-65.json
 create mode 100644 specs/artifacts/2026-10-05-connection-workspace-authority/draft-model-inheritance/draft-inherit-26-chain-supervision-73124-66.json
 create mode 100644 specs/artifacts/2026-10-05-connection-workspace-authority/draft-model-inheritance/draft-inherit-26-chain-supervision-73124-67.json
 create mode 100644 specs/artifacts/2026-10-05-connection-workspace-authority/draft-model-inheritance/draft-inherit-26-chain-supervision-73124-68.json
 create mode 100644 specs/artifacts/2026-10-05-connection-workspace-authority/draft-model-inheritance/draft-inherit-26-chain-supervision-73124-69.json
 create mode 100644 specs/artifacts/2026-10-05-connection-workspace-authority/draft-model-inheritance/draft-inherit-26-chain-supervision-73124-7.json
 create mode 100644 specs/artifacts/2026-10-05-connection-workspace-authority/draft-model-inheritance/draft-inherit-26-chain-supervision-73124-70.json
 create mode 100644 specs/artifacts/2026-10-05-connection-workspace-authority/draft-model-inheritance/draft-inherit-26-chain-supervision-73124-71.json
 create mode 100644 specs/artifacts/2026-10-05-connection-workspace-authority/draft-model-inheritance/draft-inherit-26-chain-supervision-73124-72.json
 create mode 100644 specs/artifacts/2026-10-05-connection-workspace-authority/draft-model-inheritance/draft-inherit-26-chain-supervision-73124-73.json
 create mode 100644 specs/artifacts/2026-10-05-connection-workspace-authority/draft-model-inheritance/draft-inherit-26-chain-supervision-73124-74.json
 create mode 100644 specs/artifacts/2026-10-05-connection-workspace-authority/draft-model-inheritance/draft-inherit-26-chain-supervision-73124-75.json
 create mode 100644 specs/artifacts/2026-10-05-connection-workspace-authority/draft-model-inheritance/draft-inherit-26-chain-supervision-73124-76.json
 create mode 100644 specs/artifacts/2026-10-05-connection-workspace-authority/draft-model-inheritance/draft-inherit-26-chain-supervision-73124-77.json
 create mode 100644 specs/artifacts/2026-10-05-connection-workspace-authority/draft-model-inheritance/draft-inherit-26-chain-supervision-73124-78.json
 create mode 100644 specs/artifacts/2026-10-05-connection-workspace-authority/draft-model-inheritance/draft-inherit-26-chain-supervision-73124-79.json
 create mode 100644 specs/artifacts/2026-10-05-connection-workspace-authority/draft-model-inheritance/draft-inherit-26-chain-supervision-73124-8.json
 create mode 100644 specs/artifacts/2026-10-05-connection-workspace-authority/draft-model-inheritance/draft-inherit-26-chain-supervision-73124-80.json
 create mode 100644 specs/artifacts/2026-10-05-connection-workspace-authority/draft-model-inheritance/draft-inherit-26-chain-supervision-73124-81.json
 create mode 100644 specs/artifacts/2026-10-05-connection-workspace-authority/draft-model-inheritance/draft-inherit-26-chain-supervision-73124-82.json
 create mode 100644 specs/artifacts/2026-10-05-connection-workspace-authority/draft-model-inheritance/draft-inherit-26-chain-supervision-73124-83.json
 create mode 100644 specs/artifacts/2026-10-05-connection-workspace-authority/draft-model-inheritance/draft-inherit-26-chain-supervision-73124-84.json
 create mode 100644 specs/artifacts/2026-10-05-connection-workspace-authority/draft-model-inheritance/draft-inherit-26-chain-supervision-73124-85.json
 create mode 100644 specs/artifacts/2026-10-05-connection-workspace-authority/draft-model-inheritance/draft-inherit-26-chain-supervision-73124-86.json
 create mode 100644 specs/artifacts/2026-10-05-connection-workspace-authority/draft-model-inheritance/draft-inherit-26-chain-supervision-73124-87.json
 create mode 100644 specs/artifacts/2026-10-05-connection-workspace-authority/draft-model-inheritance/draft-inherit-26-chain-supervision-73124-88.json
 create mode 100644 specs/artifacts/2026-10-05-connection-workspace-authority/draft-model-inheritance/draft-inherit-26-chain-supervision-73124-89.json
 create mode 100644 specs/artifacts/2026-10-05-connection-workspace-authority/draft-model-inheritance/draft-inherit-26-chain-supervision-73124-9.json
 create mode 100644 specs/artifacts/2026-10-05-connection-workspace-authority/draft-model-inheritance/draft-inherit-26-chain-supervision-73124-90.json
 create mode 100644 specs/artifacts/2026-10-05-connection-workspace-authority/draft-model-inheritance/draft-inherit-26-chain-supervision-73124-91.json
 create mode 100644 specs/artifacts/2026-10-05-connection-workspace-authority/draft-model-inheritance/draft-inherit-26-chain-supervision-73124-92.json
 create mode 100644 specs/artifacts/2026-10-05-connection-workspace-authority/draft-model-inheritance/draft-inherit-26-chain-supervision-73124-93.json
 create mode 100644 specs/artifacts/2026-10-05-connection-workspace-authority/draft-model-inheritance/draft-inherit-26-chain-supervision-73124-94.json
 create mode 100644 specs/artifacts/2026-10-05-connection-workspace-authority/draft-model-inheritance/draft-inherit-26-chain-supervision-73124-95.json
 create mode 100644 specs/artifacts/2026-10-05-connection-workspace-authority/draft-model-inheritance/draft-inherit-26-chain-supervision-73124-96.json
 create mode 100644 specs/artifacts/2026-10-05-connection-workspace-authority/draft-model-inheritance/draft-inherit-26-chain-supervision-73124-97.json
 create mode 100644 specs/artifacts/2026-10-05-connection-workspace-authority/draft-model-inheritance/draft-inherit-26-chain-supervision-73124-98.json
 create mode 100644 specs/artifacts/2026-10-05-connection-workspace-authority/draft-model-inheritance/draft-inherit-26-chain-supervision-73124-99.json
 create mode 100644 specs/artifacts/2026-10-05-connection-workspace-authority/draft-model-inheritance/draft-inherit-26-final-provider-audit.json
 create mode 100644 specs/artifacts/2026-10-05-connection-workspace-authority/draft-model-inheritance/draft-inherit-26-physical-terminal-and-pair-cleanup.json
 create mode 100644 specs/artifacts/2026-10-05-connection-workspace-authority/draft-model-inheritance/draft-inherit-26-settlement-owner.json
 create mode 100644 specs/artifacts/2026-10-05-connection-workspace-authority/draft-model-inheritance/draft-inherit-26-shutdown-admission.json
 create mode 100644 specs/artifacts/2026-10-05-connection-workspace-authority/draft-model-inheritance/en-US.json.before.txt
 create mode 100644 specs/artifacts/2026-10-05-connection-workspace-authority/draft-model-inheritance/en-US.json.final.txt
 create mode 100644 specs/artifacts/2026-10-05-connection-workspace-authority/draft-model-inheritance/overlay-build-first.log
 create mode 100644 specs/artifacts/2026-10-05-connection-workspace-authority/draft-model-inheritance/overlay-types-first.log
 create mode 100644 specs/artifacts/2026-10-05-connection-workspace-authority/draft-model-inheritance/prior-23-normal-commit.log
 create mode 100644 specs/artifacts/2026-10-05-connection-workspace-authority/draft-model-inheritance/prior-23-normal-push.log
 create mode 100644 specs/artifacts/2026-10-05-connection-workspace-authority/draft-model-inheritance/renderer-public-surface.log
 create mode 100644 specs/artifacts/2026-10-05-connection-workspace-authority/draft-model-inheritance/root-actual-26-independent-closure.json
 create mode 100644 specs/artifacts/2026-10-05-connection-workspace-authority/draft-model-inheritance/zh-CN.json.before.txt
 create mode 100644 specs/artifacts/2026-10-05-connection-workspace-authority/draft-model-inheritance/zh-CN.json.final.txt
