    Updating crates.io index
 Downloading crates ...
  Downloaded cargo-audit v0.22.2
  Installing cargo-audit v0.22.2
    Updating crates.io index
    Updating crates.io index
 Downloading crates ...
  Downloaded abscissa_derive v0.9.0
  Downloaded abscissa_core v0.9.0
  Downloaded anstyle-parse v1.0.0
  Downloaded anstyle-query v1.1.5
  Downloaded anstyle v1.0.14
  Downloaded anstream v1.0.0
  Downloaded anstyle-wincon v3.0.11
  Downloaded arc-swap v1.9.1
  Downloaded auditable-serde v0.9.0
  Downloaded auditable-info v0.10.0
  Downloaded auditable-extract v0.3.5
  Downloaded backtrace v0.3.76
  Downloaded bitflags v2.11.1
  Downloaded async-compression v0.4.42
  Downloaded canonical-path v2.0.2
  Downloaded binfarce v0.2.1
  Downloaded borsh v1.6.1
  Downloaded aws-lc-rs v1.16.3
  Downloaded bstr v1.12.1
  Downloaded rustversion v1.0.22
  Downloaded lru-slab v0.1.2
  Downloaded cargo-lock v11.0.1
  Downloaded clap_derive v4.6.1
  Downloaded colorchoice v1.0.5
  Downloaded cc v1.2.62
  Downloaded clap_lex v1.1.0
  Downloaded compression-core v0.4.32
  Downloaded clap v4.6.1
  Downloaded clru v0.6.3
  Downloaded cmake v0.1.58
  Downloaded compression-codecs v0.4.38
  Downloaded clap_builder v4.6.0
  Downloaded color-eyre v0.6.5
  Downloaded platforms v3.10.0
  Downloaded display-error-chain v0.2.2
  Downloaded either v1.15.0
  Downloaded cvss v2.2.0
  Downloaded faster-hex v0.10.0
  Downloaded fixedbitset v0.5.7
  Downloaded filetime v0.2.28
  Downloaded fastrand v2.4.1
  Downloaded rustc-demangle v0.1.27
  Downloaded eyre v0.6.12
  Downloaded fs-err v3.3.0
  Downloaded gix-actor v0.41.1
  Downloaded gix-chunk v0.7.2
  Downloaded gix-sec v0.14.1
  Downloaded rustls-pki-types v1.14.1
  Downloaded gix-lock v23.0.0
  Downloaded gix-ignore v0.21.1
  Downloaded gix-trace v0.1.20
  Downloaded gix-hashtable v0.15.1
  Downloaded gix-negotiate v0.32.0
  Downloaded gix-shallow v0.12.1
  Downloaded object v0.39.1
  Downloaded home v0.5.12
  Downloaded gix-quote v0.7.2
  Downloaded gix-bitmap v0.3.2
  Downloaded gix-config-value v0.18.1
  Downloaded gix-prompt v0.15.1
  Downloaded gix-utils v0.3.3
  Downloaded gix-validate v0.11.2
  Downloaded hash32 v0.3.1
  Downloaded serde_spanned v1.1.1
  Downloaded indenter v0.3.4
  Downloaded gix-command v0.9.1
  Downloaded io-close v0.3.7
  Downloaded is_terminal_polyfill v1.70.2
  Downloaded foldhash v0.1.5
  Downloaded fs_extra v1.3.0
  Downloaded gix-attributes v0.33.1
  Downloaded secrecy v0.10.3
  Downloaded shell-words v1.1.1
  Downloaded gix-commitgraph v0.37.1
  Downloaded gix-discover v0.52.0
  Downloaded gix-glob v0.26.1
  Downloaded gix-packetline v0.21.4
  Downloaded gix-tempfile v23.0.0
  Downloaded gix-url v0.36.1
  Downloaded gix-worktree v0.53.0
  Downloaded gix-fs v0.21.2
  Downloaded gix-revision v0.46.0
  Downloaded gix-worktree-stream v0.33.0
  Downloaded gix-date v0.15.4
  Downloaded gix-error v0.2.4
  Downloaded gix-submodule v0.31.0
  Downloaded gix-traverse v0.58.0
  Downloaded gix-credentials v0.38.1
  Downloaded gix-hash v0.25.1
  Downloaded gix-refspec v0.42.0
  Downloaded jobserver v0.1.34
  Downloaded gix-revwalk v0.32.0
  Downloaded gix-features v0.48.1
  Downloaded gix-pathspec v0.18.1
  Downloaded gix-path v0.12.1
  Downloaded maybe-async v0.2.10
  Downloaded gix-filter v0.31.0
  Downloaded gix-worktree-state v0.31.0
  Downloaded gix-diff v0.64.0
  Downloaded gix-index v0.52.0
  Downloaded gix-object v0.61.0
  Downloaded memmap2 v0.9.10
  Downloaded gix-config v0.57.0
  Downloaded matchers v0.2.0
  Downloaded rustc-stable-hash v0.1.2
  Downloaded gix-protocol v0.62.0
  Downloaded gix-transport v0.57.1
  Downloaded heapless v0.8.0
  Downloaded gix-odb v0.81.0
  Downloaded gix-pack v0.71.0
  Downloaded gix-ref v0.64.0
  Downloaded indexmap v2.14.0
  Downloaded jiff-static v0.2.28
  Downloaded owo-colors v4.3.0
  Downloaded hashbrown v0.15.5
  Downloaded prodash v31.0.0
  Downloaded h2 v0.4.14
  Downloaded hashbrown v0.17.1
  Downloaded hyper v1.9.0
  Downloaded gix v0.84.0
  Downloaded potential_utf v0.1.5
  Downloaded libc v0.2.186
  Downloaded smol_str v0.3.2
  Downloaded quitters v0.1.0
  Downloaded rayon v1.12.0
  Downloaded rustsec v0.33.0
  Downloaded once_cell_polyfill v1.70.2
  Downloaded simd-adler32 v0.3.9
  Downloaded aws-lc-sys v0.40.0
  Downloaded jiff-tzdb-platform v0.1.3
  Downloaded tame-index v0.26.3
  Downloaded tinystr v0.8.3
  Downloaded num-conv v0.2.1
  Downloaded semver v1.0.28
  Downloaded wait-timeout v0.2.1
  Downloaded tokio v1.52.3
  Downloaded uluru v3.1.0
  Downloaded kstring v2.0.2
  Downloaded nonempty v0.12.0
  Downloaded winnow v1.0.2
  Downloaded rustls-platform-verifier v0.7.0
  Downloaded quinn-udp v0.5.14
  Downloaded nu-ansi-term v0.50.3
  Downloaded rayon-core v1.13.0
  Downloaded jiff-tzdb v0.1.6
  Downloaded litemap v0.8.2
  Downloaded tempfile v3.27.0
  Downloaded sharded-slab v0.1.7
  Downloaded quinn v0.11.9
  Downloaded mio v1.2.0
  Downloaded quinn-proto v0.11.14
  Downloaded rustls v0.23.40
  Downloaded jiff v0.2.28
  Downloaded petgraph v0.8.3
  Downloaded thread_local v1.1.9
  Downloaded tinyvec v1.11.0
  Downloaded toml v1.1.2+spec-1.1.0
  Downloaded toml_datetime v1.1.1+spec-1.1.0
  Downloaded toml-span v0.7.1
  Downloaded toml_parser v1.1.2+spec-1.1.0
  Downloaded toml_writer v1.1.1+spec-1.1.0
  Downloaded topological-sort v0.2.2
  Downloaded tracing-log v0.2.0
  Downloaded tower-http v0.6.10
  Downloaded tracing-subscriber v0.3.23
  Downloaded twox-hash v2.1.2
  Downloaded unicode-bom v2.0.3
  Downloaded unicode-normalization v0.1.25
  Downloaded wasmparser v0.207.0
  Downloaded wasmparser v0.247.0
  Downloaded zerofrom v0.1.7
  Downloaded zeroize v1.8.2
  Downloaded yoke v0.8.2
  Downloaded yoke-derive v0.8.2
  Downloaded zerofrom-derive v0.1.7
  Downloaded zerotrie v0.2.4
  Downloaded writeable v0.6.3
  Downloaded zerovec v0.11.6
  Downloaded zerovec-derive v0.11.3
  Downloaded zlib-rs v0.6.3
  Downloaded zerocopy v0.8.48
   Compiling proc-macro2 v1.0.106
   Compiling quote v1.0.45
   Compiling unicode-ident v1.0.24
   Compiling windows-link v0.2.1
   Compiling memchr v2.8.0
   Compiling regex-syntax v0.8.10
   Compiling cfg-if v1.0.4
   Compiling once_cell v1.21.4
   Compiling smallvec v1.15.1
   Compiling bytes v1.11.1
   Compiling stable_deref_trait v1.2.1
   Compiling thiserror v2.0.18
   Compiling windows-sys v0.61.2
   Compiling crossbeam-utils v0.8.21
   Compiling crc32fast v1.5.0
   Compiling gix-trace v0.1.20
   Compiling tinyvec_macros v0.1.1
   Compiling aho-corasick v1.1.4
   Compiling tinyvec v1.11.0
   Compiling fastrand v2.4.1
   Compiling itoa v1.0.18
   Compiling parking_lot_core v0.9.12
   Compiling unicode-normalization v0.1.25
   Compiling scopeguard v1.2.0
   Compiling lock_api v0.4.14
   Compiling allocator-api2 v0.2.21
   Compiling equivalent v1.0.2
   Compiling foldhash v0.2.0
   Compiling zlib-rs v0.6.3
   Compiling gix-utils v0.3.3
   Compiling crossbeam-channel v0.5.15
   Compiling version_check v0.9.5
   Compiling syn v2.0.117
   Compiling hashbrown v0.17.1
   Compiling regex-automata v0.4.14
   Compiling parking_lot v0.12.5
   Compiling bitflags v2.11.1
   Compiling generic-array v0.14.7
   Compiling prodash v31.0.0
   Compiling typenum v1.20.0
   Compiling heapless v0.8.0
   Compiling byteorder v1.5.0
   Compiling serde_core v1.0.228
   Compiling hash32 v0.3.1
   Compiling cpufeatures v0.2.17
   Compiling jiff-tzdb v0.1.6
   Compiling getrandom v0.3.4
   Compiling jiff-tzdb-platform v0.1.3
   Compiling faster-hex v0.10.0
   Compiling jiff v0.2.28
   Compiling pin-project-lite v0.2.17
   Compiling crypto-common v0.1.7
   Compiling block-buffer v0.10.4
   Compiling digest v0.10.7
   Compiling jobserver v0.1.34
   Compiling shlex v1.3.0
   Compiling synstructure v0.13.2
   Compiling sha1 v0.10.6
   Compiling find-msvc-tools v0.1.9
   Compiling getrandom v0.4.2
   Compiling sha1-checked v0.10.0
   Compiling cc v1.2.62
   Compiling winapi-util v0.1.11
   Compiling serde v1.0.228
   Compiling bstr v1.12.1
   Compiling same-file v1.0.6
   Compiling memmap2 v0.9.10
   Compiling walkdir v2.5.0
   Compiling cmake v0.1.58
   Compiling futures-core v0.3.32
   Compiling gix-validate v0.11.2
   Compiling gix-error v0.2.4
   Compiling dunce v1.0.5
   Compiling fs_extra v1.3.0
   Compiling thiserror-impl v2.0.18
   Compiling zerofrom-derive v0.1.7
   Compiling yoke-derive v0.8.2
   Compiling zerovec-derive v0.11.3
   Compiling displaydoc v0.2.5
   Compiling gix-date v0.15.4
   Compiling serde_derive v1.0.228
   Compiling aws-lc-sys v0.40.0
   Compiling gix-actor v0.41.1
   Compiling mio v1.2.0
   Compiling socket2 v0.6.3
   Compiling tempfile v3.27.0
   Compiling gix-chunk v0.7.2
   Compiling zerofrom v0.1.7
   Compiling gix-path v0.12.1
   Compiling yoke v0.8.2
   Compiling tokio v1.52.3
   Compiling gix-features v0.48.1
   Compiling zerovec v0.11.6
   Compiling writeable v0.6.3
   Compiling zeroize v1.8.2
   Compiling gix-hash v0.25.1
   Compiling gix-fs v0.21.2
   Compiling futures-sink v0.3.32
   Compiling percent-encoding v2.3.2
   Compiling gix-hashtable v0.15.1
   Compiling tinystr v0.8.3
   Compiling gix-object v0.61.0
   Compiling litemap v0.8.2
   Compiling gix-tempfile v23.0.0
   Compiling icu_locale_core v2.1.1
   Compiling potential_utf v0.1.5
   Compiling zerotrie v0.2.4
   Compiling gix-quote v0.7.2
   Compiling tracing-core v0.1.36
   Compiling nonempty v0.12.0
   Compiling icu_properties_data v2.1.2
   Compiling icu_normalizer_data v2.1.1
   Compiling aws-lc-rs v1.16.3
   Compiling icu_collections v2.1.1
   Compiling tracing-attributes v0.1.31
   Compiling http v1.4.0
   Compiling slab v0.4.12
   Compiling icu_provider v2.1.1
   Compiling fnv v1.0.7
   Compiling gix-commitgraph v0.37.1
   Compiling gix-glob v0.26.1
   Compiling indexmap v2.14.0
   Compiling tracing v0.1.44
   Compiling adler2 v2.0.1
   Compiling simd-adler32 v0.3.9
   Compiling gix-revwalk v0.32.0
   Compiling http-body v1.0.1
   Compiling tokio-util v0.7.18
   Compiling icu_normalizer v2.1.1
   Compiling miniz_oxide v0.8.9
   Compiling gix-lock v23.0.0
   Compiling rustls-pki-types v1.14.1
   Compiling futures-io v0.3.32
   Compiling untrusted v0.9.0
   Compiling httparse v1.10.1
   Compiling rustls v0.23.40
   Compiling icu_properties v2.1.2
   Compiling futures-task v0.3.32
   Compiling futures-util v0.3.32
   Compiling log v0.4.29
   Compiling libc v0.2.186
   Compiling unicode-bom v2.0.3
   Compiling try-lock v0.2.5
   Compiling atomic-waker v1.1.2
   Compiling subtle v2.6.1
   Compiling utf8_iter v1.0.4
   Compiling tower-service v0.3.3
   Compiling h2 v0.4.14
   Compiling want v0.3.1
   Compiling flate2 v1.1.9
   Compiling form_urlencoded v1.2.2
   Compiling futures-channel v0.3.32
   Compiling idna_adapter v1.2.1
   Compiling gix-config-value v0.18.1
   Compiling idna v1.1.0
   Compiling compression-core v0.4.32
   Compiling shell-words v1.1.1
   Compiling static_assertions v1.1.0
   Compiling gix-command v0.9.1
   Compiling kstring v2.0.2
   Compiling url v2.5.8
   Compiling compression-codecs v0.4.38
   Compiling gix-sec v0.14.1
   Compiling sync_wrapper v1.0.2
   Compiling encoding_rs v0.8.35
   Compiling ipnet v2.12.0
   Compiling tower-layer v0.3.3
   Compiling base64 v0.22.1
   Compiling async-compression v0.4.42
   Compiling gix-attributes v0.33.1
   Compiling http-body-util v0.1.3
   Compiling hyper v1.9.0
   Compiling semver v1.0.28
   Compiling zmij v1.0.21
   Compiling rustversion v1.0.22
   Compiling gix-ref v0.64.0
   Compiling tower v0.5.3
   Compiling gix-url v0.36.1
   Compiling hyper-util v0.1.20
   Compiling gix-packetline v0.21.4
   Compiling winnow v1.0.2
   Compiling tower-http v0.6.10
   Compiling mime v0.3.17
   Compiling winapi v0.3.9
   Compiling serde_json v1.0.149
   Compiling toml_parser v1.1.2+spec-1.1.0
   Compiling gix-prompt v0.15.1
   Compiling gix-revision v0.46.0
   Compiling gix-traverse v0.58.0
   Compiling gix-bitmap v0.3.2
   Compiling serde_spanned v1.1.1
   Compiling hashbrown v0.16.1
   Compiling crossbeam-epoch v0.9.18
   Compiling filetime v0.2.28
   Compiling utf8parse v0.2.2
   Compiling autocfg v1.5.0
   Compiling anstyle v1.0.14
   Compiling once_cell_polyfill v1.70.2
   Compiling toml_writer v1.1.1+spec-1.1.0
   Compiling rayon-core v1.13.0
   Compiling arrayvec v0.7.6
   Compiling anstyle-wincon v3.0.11
   Compiling clru v0.6.3
   Compiling anstyle-parse v1.0.0
   Compiling uluru v3.1.0
   Compiling fs-err v3.3.0
   Compiling gix-index v0.52.0
   Compiling crossbeam-deque v0.8.6
   Compiling gix-refspec v0.42.0
   Compiling arc-swap v1.9.1
   Compiling gix-credentials v0.38.1
   Compiling gix-ignore v0.21.1
   Compiling toml_datetime v0.7.5+spec-1.1.0
   Compiling anstyle-query v1.1.5
   Compiling winnow v0.7.15
   Compiling colorchoice v1.0.5
   Compiling is_terminal_polyfill v1.70.2
   Compiling foldhash v0.1.5
   Compiling camino v1.2.2
   Compiling eyre v0.6.12
   Compiling owo-colors v4.3.0
   Compiling hashbrown v0.15.5
   Compiling anstream v1.0.0
   Compiling gix-worktree v0.53.0
   Compiling io-close v0.3.7
   Compiling gix-pack v0.71.0
   Compiling gix-config v0.57.0
   Compiling gix-filter v0.31.0
   Compiling gix-pathspec v0.18.1
   Compiling gix-shallow v0.12.1
   Compiling gix-negotiate v0.32.0
   Compiling toml v0.9.12+spec-1.1.0
   Compiling maybe-async v0.2.10
   Compiling regex v1.12.3
   Compiling wasmparser v0.207.0
   Compiling powerfmt v0.2.0
   Compiling fixedbitset v0.5.7
   Compiling indenter v0.3.4
   Compiling rustc-demangle v0.1.27
   Compiling lazy_static v1.5.0
   Compiling heck v0.5.0
   Compiling either v1.15.0
   Compiling binfarce v0.2.1
   Compiling topological-sort v0.2.2
   Compiling strsim v0.11.1
   Compiling clap_lex v1.1.0
   Compiling auditable-extract v0.3.5
   Compiling clap_builder v4.6.0
   Compiling auditable-serde v0.9.0
   Compiling rayon v1.12.0
   Compiling clap_derive v4.6.1
   Compiling gix-discover v0.52.0
   Compiling backtrace v0.3.76
   Compiling sharded-slab v0.1.7
   Compiling petgraph v0.8.3
   Compiling deranged v0.5.8
   Compiling gix-submodule v0.31.0
   Compiling gix-odb v0.81.0
   Compiling gix-worktree-state v0.31.0
   Compiling tracing-log v0.2.0
   Compiling smol_str v0.3.2
   Compiling gix-diff v0.64.0
   Compiling matchers v0.2.0
   Compiling toml_datetime v1.1.1+spec-1.1.0
   Compiling nu-ansi-term v0.50.3
   Compiling toml-span v0.7.1
   Compiling thread_local v1.1.9
   Compiling twox-hash v2.1.2
   Compiling object v0.39.1
   Compiling ident_case v1.0.1
   Compiling rustc-stable-hash v0.1.2
   Compiling num-conv v0.2.1
   Compiling time-core v0.1.8
   Compiling tracing-subscriber v0.3.23
   Compiling abscissa_derive v0.9.0
   Compiling time v0.3.47
   Compiling toml v1.1.2+spec-1.1.0
   Compiling color-eyre v0.6.5
   Compiling cargo-lock v11.0.1
   Compiling clap v4.6.1
   Compiling auditable-info v0.10.0
   Compiling quitters v0.1.0
   Compiling cvss v2.2.0
   Compiling platforms v3.10.0
   Compiling secrecy v0.10.3
   Compiling termcolor v1.4.1
   Compiling home v0.5.12
   Compiling wasmparser v0.247.0
   Compiling canonical-path v2.0.2
   Compiling wait-timeout v0.2.1
   Compiling abscissa_core v0.9.0
   Compiling display-error-chain v0.2.2
   Compiling rustls-webpki v0.103.13
   Compiling tokio-rustls v0.26.4
   Compiling rustls-platform-verifier v0.7.0
   Compiling hyper-rustls v0.27.9
   Compiling reqwest v0.13.3
   Compiling gix-transport v0.57.1
   Compiling tame-index v0.26.3
   Compiling gix-protocol v0.62.0
   Compiling gix v0.84.0
   Compiling rustsec v0.33.0
   Compiling cargo-audit v0.22.2
    Finished `release` profile [optimized] target(s) in 2m 59s
  Installing D:\myhexin-local\opencorvus\.tmp-product-iteration\data-integrity\rustsec-tools\bin\cargo-audit.exe
   Installed package `cargo-audit v0.22.2` (executable `cargo-audit.exe`)
warning: be sure to add `D:\myhexin-local\opencorvus\.tmp-product-iteration\data-integrity\rustsec-tools\bin` to your PATH to be able to run the installed binaries
