packages/overlay/test/api-authority.test.ts(129,24): error TS2352: Conversion of type '() => Promise<Response>' to type 'typeof fetch' may be a mistake because neither type sufficiently overlaps with the other. If this was intentional, convert the expression to 'unknown' first.
  Property 'preconnect' is missing in type '() => Promise<Response>' but required in type 'typeof fetch'.
packages/overlay/test/api-authority.test.ts(157,22): error TS2352: Conversion of type '() => Promise<Response>' to type 'typeof fetch' may be a mistake because neither type sufficiently overlaps with the other. If this was intentional, convert the expression to 'unknown' first.
  Property 'preconnect' is missing in type '() => Promise<Response>' but required in type 'typeof fetch'.
packages/overlay/test/api-authority.test.ts(172,22): error TS2352: Conversion of type '() => Promise<Response>' to type 'typeof fetch' may be a mistake because neither type sufficiently overlaps with the other. If this was intentional, convert the expression to 'unknown' first.
  Property 'preconnect' is missing in type '() => Promise<Response>' but required in type 'typeof fetch'.
packages/overlay/test/api-authority.test.ts(192,22): error TS2352: Conversion of type '() => Promise<Response>' to type 'typeof fetch' may be a mistake because neither type sufficiently overlaps with the other. If this was intentional, convert the expression to 'unknown' first.
  Property 'preconnect' is missing in type '() => Promise<Response>' but required in type 'typeof fetch'.
packages/overlay/test/api-authority.test.ts(194,65): error TS2769: No overload matches this call.
  Overload 1 of 2, '(expected: undefined): void', gave the following error.
    Argument of type '{ model: string; }' is not assignable to parameter of type 'undefined'.
  Overload 2 of 2, '(expected: undefined): void', gave the following error.
    Argument of type '{ model: string; }' is not assignable to parameter of type 'undefined'.
packages/overlay/test/api-authority.test.ts(198,22): error TS2352: Conversion of type '() => Promise<Response>' to type 'typeof fetch' may be a mistake because neither type sufficiently overlaps with the other. If this was intentional, convert the expression to 'unknown' first.
  Property 'preconnect' is missing in type '() => Promise<Response>' but required in type 'typeof fetch'.
packages/overlay/test/api-authority.test.ts(199,50): error TS2769: No overload matches this call.
  Overload 1 of 2, '(expected: undefined): void', gave the following error.
    Argument of type '{ model: string; }' is not assignable to parameter of type 'undefined'.
  Overload 2 of 2, '(expected: undefined): void', gave the following error.
    Argument of type '{ model: string; }' is not assignable to parameter of type 'undefined'.
packages/overlay/test/api-authority.test.ts(205,22): error TS2352: Conversion of type '() => Promise<Response>' to type 'typeof fetch' may be a mistake because neither type sufficiently overlaps with the other. If this was intentional, convert the expression to 'unknown' first.
  Property 'preconnect' is missing in type '() => Promise<Response>' but required in type 'typeof fetch'.
packages/overlay/test/api-authority.test.ts(220,24): error TS2352: Conversion of type '() => Promise<Response>' to type 'typeof fetch' may be a mistake because neither type sufficiently overlaps with the other. If this was intentional, convert the expression to 'unknown' first.
  Property 'preconnect' is missing in type '() => Promise<Response>' but required in type 'typeof fetch'.
packages/overlay/test/api-authority.test.ts(262,24): error TS2352: Conversion of type '() => Promise<Response>' to type 'typeof fetch' may be a mistake because neither type sufficiently overlaps with the other. If this was intentional, convert the expression to 'unknown' first.
  Property 'preconnect' is missing in type '() => Promise<Response>' but required in type 'typeof fetch'.
packages/overlay/test/api-authority.test.ts(274,22): error TS2352: Conversion of type '() => Promise<Response>' to type 'typeof fetch' may be a mistake because neither type sufficiently overlaps with the other. If this was intentional, convert the expression to 'unknown' first.
  Property 'preconnect' is missing in type '() => Promise<Response>' but required in type 'typeof fetch'.
packages/overlay/test/tauri-transport-error-body.test.ts(15,5): error TS2741: Property 'preconnect' is missing in type '() => Promise<Response>' but required in type 'typeof fetch'.
packages/overlay/test/tauri-transport-error-body.test.ts(50,5): error TS2741: Property 'preconnect' is missing in type '(_url: any, init: any) => Promise<Response>' but required in type 'typeof fetch'.
packages/overlay/test/tauri-transport-error-body.test.ts(74,5): error TS2741: Property 'preconnect' is missing in type '(_url: any, init: any) => Promise<Response>' but required in type 'typeof fetch'.
packages/overlay/test/tauri-transport-error-body.test.ts(93,5): error TS2741: Property 'preconnect' is missing in type '() => Promise<Response>' but required in type 'typeof fetch'.
packages/overlay/test/tauri-transport-error-body.test.ts(112,5): error TS2741: Property 'preconnect' is missing in type '(_url: any, init: any) => Promise<Response>' but required in type 'typeof fetch'.
