packages/opencorvus/test/task-owner-direct-delivery.test.ts(85,17): error TS2322: Type '(options: LanguageModelV3CallOptions) => Promise<{ stream: ReadableStream<{ type: string; warnings: never[]; toolCallId?: undefined; toolName?: undefined; input?: undefined; finishReason?: undefined; usage?: undefined; } | { ...; } | { ...; }>; } | { ...; }>' is not assignable to type 'LanguageModelV3StreamResult | ((options: LanguageModelV3CallOptions) => PromiseLike<LanguageModelV3StreamResult>) | LanguageModelV3StreamResult[] | undefined'.
  Type '(options: LanguageModelV3CallOptions) => Promise<{ stream: ReadableStream<{ type: string; warnings: never[]; toolCallId?: undefined; toolName?: undefined; input?: undefined; finishReason?: undefined; usage?: undefined; } | { ...; } | { ...; }>; } | { ...; }>' is not assignable to type '(options: LanguageModelV3CallOptions) => PromiseLike<LanguageModelV3StreamResult>'.
    Call signature return types 'Promise<{ stream: ReadableStream<{ type: string; warnings: never[]; toolCallId?: undefined; toolName?: undefined; input?: undefined; finishReason?: undefined; usage?: undefined; } | { type: string; toolCallId: string; ... 4 more ...; usage?: undefined; } | { ...; }>; } | { ...; }>' and 'PromiseLike<LanguageModelV3StreamResult>' are incompatible.
      The types of 'then' are incompatible between these types.
        Type '<TResult1 = { stream: ReadableStream<{ type: string; warnings: never[]; toolCallId?: undefined; toolName?: undefined; input?: undefined; finishReason?: undefined; usage?: undefined; } | { type: string; toolCallId: string; ... 4 more ...; usage?: undefined; } | { ...; }>; } | { ...; }, TResult2 = never>(onfulfilled?:...' is not assignable to type '<TResult1 = LanguageModelV3StreamResult, TResult2 = never>(onfulfilled?: ((value: LanguageModelV3StreamResult) => TResult1 | PromiseLike<TResult1>) | null | undefined, onrejected?: ((reason: any) => TResult2 | PromiseLike<...>) | ... 1 more ... | undefined) => PromiseLike<...>'.
          Types of parameters 'onfulfilled' and 'onfulfilled' are incompatible.
            Types of parameters 'value' and 'value' are incompatible.
              Type '{ stream: ReadableStream<{ type: string; warnings: never[]; toolCallId?: undefined; toolName?: undefined; input?: undefined; finishReason?: undefined; usage?: undefined; } | { type: string; toolCallId: string; toolName: string; input: string; warnings?: undefined; finishReason?: undefined; usage?: undefined; } | { ....' is not assignable to type 'LanguageModelV3StreamResult'.
                Type '{ stream: ReadableStream<{ type: string; warnings: never[]; toolCallId?: undefined; toolName?: undefined; input?: undefined; finishReason?: undefined; usage?: undefined; } | { type: string; toolCallId: string; toolName: string; input: string; warnings?: undefined; finishReason?: undefined; usage?: undefined; } | { ....' is not assignable to type 'LanguageModelV3StreamResult'.
                  Types of property 'stream' are incompatible.
                    Type 'ReadableStream<{ type: string; warnings: never[]; toolCallId?: undefined; toolName?: undefined; input?: undefined; finishReason?: undefined; usage?: undefined; } | { type: string; toolCallId: string; toolName: string; input: string; warnings?: undefined; finishReason?: undefined; usage?: undefined; } | { ...; }>' is not assignable to type 'ReadableStream<LanguageModelV3StreamPart>'.
                      Type '{ type: string; warnings: never[]; toolCallId?: undefined; toolName?: undefined; input?: undefined; finishReason?: undefined; usage?: undefined; } | { type: string; toolCallId: string; toolName: string; input: string; warnings?: undefined; finishReason?: undefined; usage?: undefined; } | { ...; }' is not assignable to type 'LanguageModelV3StreamPart'.
                        Type '{ type: string; warnings: never[]; toolCallId?: undefined; toolName?: undefined; input?: undefined; finishReason?: undefined; usage?: undefined; }' is not assignable to type 'LanguageModelV3StreamPart'.
                          Type '{ type: string; warnings: never[]; toolCallId?: undefined; toolName?: undefined; input?: undefined; finishReason?: undefined; usage?: undefined; }' is not assignable to type 'LanguageModelV3ToolCall'.
                            Types of property 'type' are incompatible.
                              Type 'string' is not assignable to type '"tool-call"'.
packages/opencorvus/test/task-owner-direct-delivery.test.ts(144,28): error TS2339: Property 'final_message_id' does not exist on type '{ session_id: string; final_message_id: string; kind: "terminal_success"; } | { session_id: string; final_message_id: string; kind: "domain_incomplete"; domain: string; domain_artifact: { ...; }; } | { ...; } | { ...; } | { ...; } | { ...; }'.
  Property 'final_message_id' does not exist on type '{ kind: "coordination"; session_id: string; coordination_request: { source: "coordination_request"; request_id: string; }; dispatch_lineage_id: string; }'.
packages/opencorvus/test/task-owner-direct-delivery.test.ts(155,28): error TS2339: Property 'final_message_id' does not exist on type '{ session_id: string; final_message_id: string; kind: "terminal_success"; } | { session_id: string; final_message_id: string; kind: "domain_incomplete"; domain: string; domain_artifact: { ...; }; } | { ...; } | { ...; } | { ...; } | { ...; }'.
  Property 'final_message_id' does not exist on type '{ kind: "coordination"; session_id: string; coordination_request: { source: "coordination_request"; request_id: string; }; dispatch_lineage_id: string; }'.
packages/opencorvus/test/task-owner-direct-delivery.test.ts(235,62): error TS2345: Argument of type 'undefined' is not assignable to parameter of type '{ type: "oauth"; refresh: string; access: string; expires: number; accountId?: string | undefined; enterpriseUrl?: string | undefined; } | { type: "api"; key: string; metadata?: Record<string, string> | undefined; } | { ...; }'.
