[1/1] START ../../.tmp-product-iteration/webfetch-body-105-baseline.test.ts
bun test v1.3.14 (0d9b296a) 1x PARALLEL

test\isolated-test-entry.test.ts:
webfetch105 module observation {"mode":"deadline","cwd":"D:\\myhexin-local\\opencorvus\\packages\\opencorvus","importURL":"file:///D:/myhexin-local/opencorvus/.tmp-product-iteration/webfetch-body-105-baseline.test.ts","sameInstance":true,"sameProject":true,"directory":"C:\\Users\\hengu\\AppData\\Local\\Temp\\opencorvus-test-run-jnr1VD\\test-72992-74k7Z7\\fixtures\\memory-jVIIg9","beforeNewObservation":{"directoryKey":"c:\\users\\hengu\\appdata\\local\\temp\\opencorvus-test-run-jnr1vd\\test-72992-74k7z7\\fixtures\\memory-jviig9","device":"382532482","inode":"1407374886958284","birthtimeNs":"1791389889088467800"}}
webfetch105 registration observation {"mode":"deadline","actualHookArguments":{"projectID":"prj_h0wD6v4k1KG2Vnpa3bbZ","directory":"C:\\Users\\hengu\\AppData\\Local\\Temp\\opencorvus-test-run-jnr1VD\\test-72992-74k7Z7\\fixtures\\memory-jVIIg9"},"originalProbe":{"directoryKey":"c:\\users\\hengu\\appdata\\local\\temp\\opencorvus-test-run-jnr1vd\\test-72992-74k7z7\\fixtures\\memory-jviig9","device":"382532482","inode":"1407374886958284","birthtimeNs":"1791389889088467800"},"hookTimeNewObservation":{"directoryKey":"c:\\users\\hengu\\appdata\\local\\temp\\opencorvus-test-run-jnr1vd\\test-72992-74k7z7\\fixtures\\memory-jviig9","device":"382532482","inode":"1407374886958284","birthtimeNs":"1791389889088467800"},"sameNewObservedOccurrence":true,"git":{"top":{"exitCode":0,"stdout":"C:/Users/hengu/AppData/Local/Temp/opencorvus-test-run-jnr1VD/test-72992-74k7Z7/fixtures/memory-jVIIg9\n","stderr":""},"common":{"exitCode":0,"stdout":".git\n","stderr":""}},"boundary":"Existing beforeDiscoveryCommit hook AFTER initial discovery; new observations are not guard locals or admitted facts"}
webfetch105 actual {"mode":"deadline","projectID":"prj_h0wD6v4k1KG2Vnpa3bbZ","directory":"C:\\Users\\hengu\\AppData\\Local\\Temp\\opencorvus-test-run-jnr1VD\\test-72992-74k7Z7\\fixtures\\memory-jVIIg9","sessionID":"ses_-zUScIZeszzMd3J2vsHp","executionAuthority":{"kind":"conversation","sessionID":"ses_-zUScIZeszzMd3J2vsHp","projectID":"prj_h0wD6v4k1KG2Vnpa3bbZ","directory":"C:\\Users\\hengu\\AppData\\Local\\Temp\\opencorvus-test-run-jnr1VD\\test-72992-74k7Z7\\fixtures\\memory-jVIIg9"},"url":"http://127.0.0.1:59720/deadline","requestedTimeoutMs":50,"finiteServerEOFMs":250,"parentSafetyMs":1500,"responseLimit":5242880,"authoredMaximum":10,"sentBytes":10,"socketCount":1,"liveSocketCount":0,"joinedSocketCount":1,"events":[{"type":"tool_started","at":1791389891670,"phase":"tool"},{"type":"request","at":1791389891695},{"type":"headers","at":1791389891696},{"type":"body_chunk","at":1791389891696,"bytes":5},{"type":"body_eof","at":1791389891956,"bytes":10},{"type":"response_finish","at":1791389891956,"bytes":10},{"type":"response_close","at":1791389891956,"bytes":10,"phase":"tool"},{"type":"tool_settled","at":1791389891958,"phase":"tool"},{"type":"cleanup_started","at":1791389891958,"phase":"cleanup"},{"type":"socket_close","at":1791389891958,"phase":"cleanup"},{"type":"cleanup_completed","at":1791389891958,"phase":"cleanup"}],"result":{"kind":"value","outputBytes":10,"output":"firstfinal"}}
108 | 
109 | test("declared webfetch deadline remains active through actual delayed HTTP body", async () => {
110 |   const facts = await measure("deadline")
111 |   expect(facts.events.filter(event => ["tool_started", "headers", "body_chunk"].includes(event.type)).map(event => event.type)).toEqual(["tool_started", "headers", "body_chunk"])
112 |   expect({ live: facts.liveSocketCount, joined: facts.joinedSocketCount }).toEqual({ live: 0, joined: facts.socketCount })
113 |   expect(facts.result).toMatchObject({ kind: "error", name: "AbortError" })
                             ^
error: expect(received).toMatchObject(expected)

  {
-   "kind": "error",
-   "name": "AbortError",
+   "kind": "value",
+   "output": "firstfinal",
+   "outputBytes": 10,
  }

- Expected  - 2
+ Received  + 3

      at <anonymous> (D:\myhexin-local\opencorvus\.tmp-product-iteration\webfetch-body-105-baseline.test.ts:113:24)
(fail) declared webfetch deadline remains active through actual delayed HTTP body [2910.30ms]
webfetch105 module observation {"mode":"parent","cwd":"D:\\myhexin-local\\opencorvus\\packages\\opencorvus","importURL":"file:///D:/myhexin-local/opencorvus/.tmp-product-iteration/webfetch-body-105-baseline.test.ts","sameInstance":true,"sameProject":true,"directory":"C:\\Users\\hengu\\AppData\\Local\\Temp\\opencorvus-test-run-jnr1VD\\test-72992-74k7Z7\\fixtures\\memory-1aBQtF","beforeNewObservation":{"directoryKey":"c:\\users\\hengu\\appdata\\local\\temp\\opencorvus-test-run-jnr1vd\\test-72992-74k7z7\\fixtures\\memory-1abqtf","device":"382532482","inode":"1688849863668940","birthtimeNs":"1791389891997096800"}}
webfetch105 registration observation {"mode":"parent","actualHookArguments":{"projectID":"prj_hCazCOaWEDVeCFoNwRQn","directory":"C:\\Users\\hengu\\AppData\\Local\\Temp\\opencorvus-test-run-jnr1VD\\test-72992-74k7Z7\\fixtures\\memory-1aBQtF"},"originalProbe":{"directoryKey":"c:\\users\\hengu\\appdata\\local\\temp\\opencorvus-test-run-jnr1vd\\test-72992-74k7z7\\fixtures\\memory-1abqtf","device":"382532482","inode":"1688849863668940","birthtimeNs":"1791389891997096800"},"hookTimeNewObservation":{"directoryKey":"c:\\users\\hengu\\appdata\\local\\temp\\opencorvus-test-run-jnr1vd\\test-72992-74k7z7\\fixtures\\memory-1abqtf","device":"382532482","inode":"1688849863668940","birthtimeNs":"1791389891997096800"},"sameNewObservedOccurrence":true,"git":{"top":{"exitCode":0,"stdout":"C:/Users/hengu/AppData/Local/Temp/opencorvus-test-run-jnr1VD/test-72992-74k7Z7/fixtures/memory-1aBQtF\n","stderr":""},"common":{"exitCode":0,"stdout":".git\n","stderr":""}},"boundary":"Existing beforeDiscoveryCommit hook AFTER initial discovery; new observations are not guard locals or admitted facts"}
webfetch105 actual {"mode":"parent","projectID":"prj_hCazCOaWEDVeCFoNwRQn","directory":"C:\\Users\\hengu\\AppData\\Local\\Temp\\opencorvus-test-run-jnr1VD\\test-72992-74k7Z7\\fixtures\\memory-1aBQtF","sessionID":"ses_-zUScIYwNzzQBJWAy3df","executionAuthority":{"kind":"conversation","sessionID":"ses_-zUScIYwNzzQBJWAy3df","projectID":"prj_hCazCOaWEDVeCFoNwRQn","directory":"C:\\Users\\hengu\\AppData\\Local\\Temp\\opencorvus-test-run-jnr1VD\\test-72992-74k7Z7\\fixtures\\memory-1aBQtF"},"url":"http://127.0.0.1:59724/parent","requestedTimeoutMs":1000,"finiteServerEOFMs":250,"parentSafetyMs":1500,"responseLimit":5242880,"authoredMaximum":10,"sentBytes":5,"socketCount":1,"liveSocketCount":0,"joinedSocketCount":1,"events":[{"type":"tool_started","at":1791389894438,"phase":"tool"},{"type":"request","at":1791389894449},{"type":"headers","at":1791389894449},{"type":"body_chunk","at":1791389894449,"bytes":5},{"type":"parent_abort","at":1791389894535},{"type":"request_aborted","at":1791389894535},{"type":"socket_close","at":1791389894535,"phase":"tool"},{"type":"tool_settled","at":1791389894535,"phase":"tool"},{"type":"cleanup_started","at":1791389894535,"phase":"cleanup"},{"type":"cleanup_completed","at":1791389894536,"phase":"cleanup"}],"result":{"kind":"error","name":"AbortError","message":"Owned finite parent safety abort","sameParentReason":true}}
(pass) actual parent abort terminates a finite delayed HTTP body [2570.12ms]
webfetch105 module observation {"mode":"oversize","cwd":"D:\\myhexin-local\\opencorvus\\packages\\opencorvus","importURL":"file:///D:/myhexin-local/opencorvus/.tmp-product-iteration/webfetch-body-105-baseline.test.ts","sameInstance":true,"sameProject":true,"directory":"C:\\Users\\hengu\\AppData\\Local\\Temp\\opencorvus-test-run-jnr1VD\\test-72992-74k7Z7\\fixtures\\memory-Y6rcdS","beforeNewObservation":{"directoryKey":"c:\\users\\hengu\\appdata\\local\\temp\\opencorvus-test-run-jnr1vd\\test-72992-74k7z7\\fixtures\\memory-y6rcds","device":"382532482","inode":"1970324840379596","birthtimeNs":"1791389894567828900"}}
webfetch105 registration observation {"mode":"oversize","actualHookArguments":{"projectID":"prj_hHtYrOJHlueWiBzkoKiD","directory":"C:\\Users\\hengu\\AppData\\Local\\Temp\\opencorvus-test-run-jnr1VD\\test-72992-74k7Z7\\fixtures\\memory-Y6rcdS"},"originalProbe":{"directoryKey":"c:\\users\\hengu\\appdata\\local\\temp\\opencorvus-test-run-jnr1vd\\test-72992-74k7z7\\fixtures\\memory-y6rcds","device":"382532482","inode":"1970324840379596","birthtimeNs":"1791389894567828900"},"hookTimeNewObservation":{"directoryKey":"c:\\users\\hengu\\appdata\\local\\temp\\opencorvus-test-run-jnr1vd\\test-72992-74k7z7\\fixtures\\memory-y6rcds","device":"382532482","inode":"1970324840379596","birthtimeNs":"1791389894567828900"},"sameNewObservedOccurrence":true,"git":{"top":{"exitCode":0,"stdout":"C:/Users/hengu/AppData/Local/Temp/opencorvus-test-run-jnr1VD/test-72992-74k7Z7/fixtures/memory-Y6rcdS\n","stderr":""},"common":{"exitCode":0,"stdout":".git\n","stderr":""}},"boundary":"Existing beforeDiscoveryCommit hook AFTER initial discovery; new observations are not guard locals or admitted facts"}
