.tmp-product-iteration/search-sources-173-data-contract.ts(27,365): error TS2345: Argument of type '{ name: "metadata" | "schema" | "order"; errorType: string; code: "SEARCH_SOURCE_PAYLOAD_INVALID" | "SEARCH_DURABLE_SOURCE_ORDER_MISMATCH" | "SEARCH_DURABLE_SOURCE_PAYLOAD_MISMATCH"; }' is not assignable to parameter of type 'never'.
packages/opencorvus/src/expert-squad/builtin/index.ts(4,28): error TS2307: Cannot find module '../../../../../expert-squads/builtin/dynamic/README.md' or its corresponding type declarations.
packages/opencorvus/src/expert-squad/builtin/index.ts(5,30): error TS2307: Cannot find module '../../../../../expert-squads/builtin/dynamic/selector.md' or its corresponding type declarations.
packages/opencorvus/src/expert-squad/builtin/index.ts(6,31): error TS2307: Cannot find module '../../../../../expert-squads/builtin/dynamic/agents/orchestrator/system.md' or its corresponding type declarations.
packages/opencorvus/src/expert-squad/builtin/index.ts(7,32): error TS2307: Cannot find module '../../../../../expert-squads/builtin/dynamic/agents/dynamic-generalist/system.md' or its corresponding type declarations.
packages/opencorvus/src/expert-squad/builtin/index.ts(8,29): error TS2307: Cannot find module '../../../../../expert-squads/builtin/dynamic/agents/dynamic-builder/system.md' or its corresponding type declarations.
packages/opencorvus/src/expert-squad/builtin/index.ts(9,28): error TS2307: Cannot find module '../../../../../expert-squads/builtin/dynamic/skills/method/SKILL.md' or its corresponding type declarations.
packages/opencorvus/src/expert-squad/builtin/index.ts(11,28): error TS2307: Cannot find module './base/README.md' or its corresponding type declarations.
packages/opencorvus/src/expert-squad/builtin/index.ts(12,30): error TS2307: Cannot find module './base/selector.md' or its corresponding type declarations.
packages/opencorvus/src/expert-squad/builtin/index.ts(13,38): error TS2307: Cannot find module './base/agents/base-developer/system.md' or its corresponding type declarations.
packages/opencorvus/src/expert-squad/builtin/index.ts(14,36): error TS2307: Cannot find module './base/agents/base-planner/system.md' or its corresponding type declarations.
packages/opencorvus/src/expert-squad/builtin/index.ts(15,39): error TS2307: Cannot find module './base/agents/base-researcher/system.md' or its corresponding type declarations.
packages/opencorvus/src/expert-squad/builtin/index.ts(16,35): error TS2307: Cannot find module './base/agents/base-tester/system.md' or its corresponding type declarations.
packages/opencorvus/src/expert-squad/builtin/index.ts(17,41): error TS2307: Cannot find module './base/agents/orchestrator/system.md' or its corresponding type declarations.
packages/opencorvus/src/expert-squad/builtin/index.ts(18,34): error TS2307: Cannot find module './base/skills/method/SKILL.md' or its corresponding type declarations.
packages/opencorvus/src/expert-squad/builtin/index.ts(20,32): error TS2307: Cannot find module './advanced/README.md' or its corresponding type declarations.
packages/opencorvus/src/expert-squad/builtin/index.ts(21,34): error TS2307: Cannot find module './advanced/selector.md' or its corresponding type declarations.
packages/opencorvus/src/expert-squad/builtin/index.ts(22,47): error TS2307: Cannot find module './advanced/agents/claim-verifier/system.md' or its corresponding type declarations.
packages/opencorvus/src/expert-squad/builtin/index.ts(23,56): error TS2307: Cannot find module './advanced/agents/implementation-engineer/system.md' or its corresponding type declarations.
packages/opencorvus/src/expert-squad/builtin/index.ts(24,51): error TS2307: Cannot find module './advanced/agents/interface-designer/system.md' or its corresponding type declarations.
packages/opencorvus/src/expert-squad/builtin/index.ts(25,61): error TS2307: Cannot find module './advanced/agents/interface-integrity-reviewer/system.md' or its corresponding type declarations.
packages/opencorvus/src/expert-squad/builtin/index.ts(26,55): error TS2307: Cannot find module './advanced/agents/interface-investigator/system.md' or its corresponding type declarations.
packages/opencorvus/src/expert-squad/builtin/index.ts(27,45): error TS2307: Cannot find module './advanced/agents/orchestrator/system.md' or its corresponding type declarations.
packages/opencorvus/src/expert-squad/builtin/index.ts(28,52): error TS2307: Cannot find module './advanced/agents/request-interpreter/system.md' or its corresponding type declarations.
packages/opencorvus/src/expert-squad/builtin/index.ts(29,53): error TS2307: Cannot find module './advanced/agents/requirement-engineer/system.md' or its corresponding type declarations.
packages/opencorvus/src/expert-squad/builtin/index.ts(30,54): error TS2307: Cannot find module './advanced/agents/research-investigator/system.md' or its corresponding type declarations.
packages/opencorvus/src/expert-squad/builtin/index.ts(31,51): error TS2307: Cannot find module './advanced/agents/solution-architect/system.md' or its corresponding type declarations.
packages/opencorvus/src/expert-squad/builtin/index.ts(32,52): error TS2307: Cannot find module './advanced/agents/source-investigator/system.md' or its corresponding type declarations.
packages/opencorvus/src/expert-squad/builtin/index.ts(33,58): error TS2307: Cannot find module './advanced/agents/system-integrity-reviewer/system.md' or its corresponding type declarations.
packages/opencorvus/src/expert-squad/builtin/index.ts(34,46): error TS2307: Cannot find module './advanced/agents/test-engineer/system.md' or its corresponding type declarations.
packages/opencorvus/src/expert-squad/builtin/index.ts(35,48): error TS2307: Cannot find module './advanced/agents/visual-reviewer/system.md' or its corresponding type declarations.
packages/opencorvus/src/expert-squad/builtin/index.ts(36,50): error TS2307: Cannot find module './advanced/agents/workload-reviewer/system.md' or its corresponding type declarations.
packages/opencorvus/src/expert-squad/builtin/index.ts(37,38): error TS2307: Cannot find module './advanced/skills/method/SKILL.md' or its corresponding type declarations.
packages/opencorvus/src/expert-squad/builtin/index.ts(39,39): error TS2307: Cannot find module './research-studio/README.md' or its corresponding type declarations.
packages/opencorvus/src/expert-squad/builtin/index.ts(40,41): error TS2307: Cannot find module './research-studio/selector.md' or its corresponding type declarations.
packages/opencorvus/src/expert-squad/builtin/index.ts(41,52): error TS2307: Cannot find module './research-studio/agents/orchestrator/system.md' or its corresponding type declarations.
packages/opencorvus/src/expert-squad/builtin/index.ts(42,47): error TS2307: Cannot find module './research-studio/agents/research-studio-analyst/system.md' or its corresponding type declarations.
packages/opencorvus/src/expert-squad/builtin/index.ts(43,52): error TS2307: Cannot find module './research-studio/agents/research-studio-fact-checker/system.md' or its corresponding type declarations.
packages/opencorvus/src/expert-squad/builtin/index.ts(44,47): error TS2307: Cannot find module './research-studio/agents/research-studio-planner/system.md' or its corresponding type declarations.
packages/opencorvus/src/expert-squad/builtin/index.ts(45,50): error TS2307: Cannot find module './research-studio/agents/research-studio-researcher/system.md' or its corresponding type declarations.
packages/opencorvus/src/expert-squad/builtin/index.ts(46,46): error TS2307: Cannot find module './research-studio/agents/research-studio-writer/system.md' or its corresponding type declarations.
packages/opencorvus/src/expert-squad/builtin/index.ts(47,62): error TS2307: Cannot find module './research-studio/skills/analysis-report-quality/SKILL.md' or its corresponding type declarations.
packages/opencorvus/src/expert-squad/builtin/index.ts(48,57): error TS2307: Cannot find module './research-studio/skills/analysis-report-quality/references/decision-research-report-template.md' or its corresponding type declarations.
packages/opencorvus/src/expert-squad/builtin/index.ts(51,33): error TS2307: Cannot find module '../../../../../expert-squads/builtin/squad-sdk/README.md' or its corresponding type declarations.
packages/opencorvus/src/expert-squad/builtin/index.ts(52,35): error TS2307: Cannot find module '../../../../../expert-squads/builtin/squad-sdk/selector.md' or its corresponding type declarations.
packages/opencorvus/src/expert-squad/builtin/index.ts(53,46): error TS2307: Cannot find module '../../../../../expert-squads/builtin/squad-sdk/agents/orchestrator/system.md' or its corresponding type declarations.
packages/opencorvus/src/expert-squad/builtin/index.ts(54,51): error TS2307: Cannot find module '../../../../../expert-squads/builtin/squad-sdk/agents/squad-sdk-contract-reviewer/system.md' or its corresponding type declarations.
packages/opencorvus/src/expert-squad/builtin/index.ts(55,48): error TS2307: Cannot find module '../../../../../expert-squads/builtin/squad-sdk/agents/squad-sdk-import-analyst/system.md' or its corresponding type declarations.
packages/opencorvus/src/expert-squad/builtin/index.ts(56,41): error TS2307: Cannot find module '../../../../../expert-squads/builtin/squad-sdk/agents/squad-sdk-planner/system.md' or its corresponding type declarations.
packages/opencorvus/src/expert-squad/builtin/index.ts(57,48): error TS2307: Cannot find module '../../../../../expert-squads/builtin/squad-sdk/agents/squad-sdk-source-analyst/system.md' or its corresponding type declarations.
packages/opencorvus/src/expert-squad/builtin/index.ts(58,42): error TS2307: Cannot find module '../../../../../expert-squads/builtin/squad-sdk/skills/authoring/SKILL.md' or its corresponding type declarations.
packages/opencorvus/src/expert-squad/builtin/index.ts(59,51): error TS2307: Cannot find module '../../../../../expert-squads/builtin/squad-sdk/skills/authoring/references/authoring-quality-method.md' or its corresponding type declarations.
packages/opencorvus/src/expert-squad/builtin/index.ts(61,39): error TS2307: Cannot find module '../../../../../expert-squads/builtin/squad-sdk/skills/import/SKILL.md' or its corresponding type declarations.
packages/opencorvus/src/tool/webfetch.ts(11,32): error TS2306: File 'D:/myhexin-local/opencorvus/node_modules/.bun/@mixmark-io+domino@2.2.0/node_modules/@mixmark-io/domino/lib/index.d.ts' is not a module.
