error: linking with `link.exe` failed: exit code: 1120
  |
  = note: "C:\\Program Files\\Microsoft Visual Studio\\2022\\Community\\VC\\Tools\\MSVC\\14.44.35207\\bin\\HostX64\\x64\\link.exe" "/NOLOGO" "D:\\myhexin-local\\opencorvus\\specs\\artifacts\\2026-10-05-dependency-remediation\\stage3-native-02\\rustco8XMcf\\symbols.o" "<9 object files omitted>" "D:\\myhexin-local\\opencorvus\\packages\\overlay\\src-tauri\\target\\release\\deps/{libphf_generator-92f6af5f1bd2be0c,libphf_shared-5ed7de5924fc51dd,libsiphasher-d9bdaf582ba90c50,libphf_generator-e5e996768a95008d,librand-9d3c1946a52945bf,librand_chacha-0459e5ff26734b1e,libppv_lite86-48206f755c190e98,libzerocopy-63b71ff933b719a9,librand_core-e5e5e3755d693f6c,libgetrandom-3eb27601c88573af,libcfg_if-f59536972e7efbf3,libphf_shared-7199f14b87fe50aa,libsiphasher-5a088061a3dcbe19}.rlib" "<sysroot>\\lib\\rustlib\\x86_64-pc-windows-msvc\\lib/{libtest-*,libgetopts-*,librustc_std_workspace_std-*}.rlib" "D:\\myhexin-local\\opencorvus\\packages\\overlay\\src-tauri\\target\\release\\deps/{libtauri_utils-ffb25b4398e66312,libdunce-5902f3e9e51e83e8,libinfer-ee7b90e5ac257148,libcfb-fba9f6443cad9e73,libfnv-eb1a062dacbe8b0c,libbyteorder-e1269d9859c604c9,libuuid-a728e033f1e90c5c,libbrotli-40ac0087fc445aca,libbrotli_decompressor-77fbd6b7db7af5dd,liballoc_stdlib-dda35921ce469d25,liballoc_no_stdlib-e767de4049a06eab,liburlpattern-cf0105c287ea2037,libunic_ucd_ident-eeee5976a784974c,libunic_ucd_version-d3aed1014a1d5f09,libunic_common-9e9d827a184ce030,libunic_char_property-8ac436a8ca731464,libunic_char_range-c5e90a82f67e6be1,libregex-5f3caaedaa169c42,libregex_automata-cf3f9b481016b33e,libaho_corasick-903cc22c88ef974d,libregex_syntax-4f33b2fe253833a6,libglob-ed6cfe87a073c026,libwalkdir-edf6038576884a7e,libsame_file-48d6d937ab3a2991,libwinapi_util-a4fcc8e20d58bfdd,libwindows_sys-b76f994feab68494,libwindows_link-4b94011554bbb63a,libctor-f583689211aaa18c,libplist-3d17d7c0a2acf213,libtime-c7a2f3f9679f7fec,libtime_core-278fe8788719e2a9,libnum_conv-13937a15ce85f948,libderanged-a467561e0a0ce6fa,libpowerfmt-29970e1f26e72f4a,libquick_xml-fa0867de216d42c8,libbase64-aae264c81b50653d,libindexmap-c1db9a4c2d02d11f,libequivalent-9f9b72d6f2248b50,libhashbrown-9d774df06a4599fb,libjson_patch-df9571bbe5bb6c5a,libthiserror-afe1cfe7db6a60a3,libjsonptr-c253bae61f438f39,libserde_json-051c5fd70fa7bb7f,libmemchr-2b1fb6405a088446,libzmij-3b3eef0265897a2d,libhttp-24191f42a64bc84b,libitoa-05846e8c7b69ffbb,libbytes-79e8ba7929fdb6e7,libphf-2873382f1d4d2807,libphf_shared-e0906c97871a541c,libsiphasher-d5c1e0f50614a31d,libtoml-3754337130e3ad9e,libtoml_writer-9aef85024cd1a18e,libtoml_parser-f2f28cc7ce626ac8,libwinnow-c97e876bdf8763cc,libserde_spanned-de1b22317feed081,libtoml_datetime-8eb423e2e699977b,libserde_untagged-44255a64d21b2f67,liberased_serde-f0015b1d14e32ad5,libtypeid-70021ce4310c154f,liburl-03ced3c87b78f2f4,libidna-fdb60e2a5a1e5b6f,libutf8_iter-805ce4934c66a653,libidna_adapter-af3b985e35410397,libicu_properties-32325bce90324ad5,libicu_properties_data-ccbeb5b7dd9e1770,libicu_normalizer-0ae33d5e3c1080f8,libsmallvec-49951293aff0c5f9,libicu_normalizer_data-b8d9598e8a0e712f,libicu_collections-2f2ee2e11b97326c,libpotential_utf-fe0b7b736a9c24fa,libicu_provider-b0a0c28e2faa7e3f,libicu_locale_core-8706bb451017da57,libtinystr-688d99f5e59f958d,liblitemap-8367ed3cef23afa2,libwriteable-3a25439e077e26b0,libzerovec-efe653820c771838,libzerotrie-d402c0bfcae70170,libyoke-5ec7264950aa8d0c,libstable_deref_trait-8b25e1033aa2150b,libzerofrom-20bb4ed0df83c732,libform_urlencoded-77be15c861a46d0a,libpercent_encoding-002ea64871eb95ca,libthiserror-88a1e731d6609d02,libanyhow-58455abe35999b7c,libsemver-7163f877196b5543,libserde_with-4f5948924af3d759,libserde-c9aeedbe2eff744b,libserde_core-9f975c9f3722adaf}.rlib" "<sysroot>\\lib\\rustlib\\x86_64-pc-windows-msvc\\lib/{libstd-*,libpanic_unwind-*,libcfg_if-*,libwindows_link-*,librustc_demangle-*,libstd_detect-*,libhashbrown-*,librustc_std_workspace_alloc-*,libunwind-*,librustc_std_workspace_core-*,liballoc-*,libcore-*,libcompiler_builtins-*}.rlib" "bcrypt.lib" "advapi32.lib" "kernel32.lib" "kernel32.lib" "kernel32.lib" "kernel32.lib" "ntdll.lib" "userenv.lib" "ws2_32.lib" "dbghelp.lib" "/defaultlib:msvcrt" "/NXCOMPAT" "/LIBPATH:C:\\Users\\hengu\\.cargo\\registry\\src\\index.crates.io-1949cf8c6b5b557f\\windows_x86_64_msvc-0.52.6\\lib" "/LIBPATH:D:\\myhexin-local\\opencorvus\\packages\\overlay\\src-tauri\\target\\release\\build\\vswhom-sys-02b5c610457783ff\\out" "/LIBPATH:D:\\myhexin-local\\opencorvus\\packages\\overlay\\src-tauri\\target\\release\\build\\webview2-com-sys-4e794dd509bbef70\\out\\x64" "/LIBPATH:D:\\myhexin-local\\opencorvus\\packages\\overlay\\src-tauri\\target\\release\\build\\ring-613456f2252fcd23\\out" "/LIBPATH:C:\\Users\\hengu\\.cargo\\registry\\src\\index.crates.io-1949cf8c6b5b557f\\windows_x86_64_msvc-0.53.1\\lib" "/LIBPATH:D:\\myhexin-local\\opencorvus\\packages\\overlay\\src-tauri\\target\\release\\build\\opencorvus-overlay-9820880387e611c4\\out" "/OUT:D:\\myhexin-local\\opencorvus\\specs\\artifacts\\2026-10-05-dependency-remediation\\stage3-native-02\\rust-dependency-contract.exe" "/OPT:REF,NOICF" "/DEBUG" "/PDBALTPATH:%_PDB%" "/NATVIS:<sysroot>\\lib\\rustlib\\etc\\intrinsic.natvis" "/NATVIS:<sysroot>\\lib\\rustlib\\etc\\liballoc.natvis" "/NATVIS:<sysroot>\\lib\\rustlib\\etc\\libcore.natvis" "/NATVIS:<sysroot>\\lib\\rustlib\\etc\\libstd.natvis"
  = note: some arguments are omitted. use `--verbose` to show all linker arguments
  = note: D:\myhexin-local\opencorvus\packages\overlay\src-tauri\target\release\build\opencorvus-overlay-9820880387e611c4\out\msvcrt.lib : warning LNK4003: invalid library format; library ignored
          libpanic_unwind-d45f266e54626acb.rlib(panic_unwind-d45f266e54626acb.panic_unwind.772da25958b8bb98-cgu.0.rcgu.o) : error LNK2001: unresolved external symbol __CxxFrameHandler3
          liballoc-e70c1e2d2d692bb9.rlib(alloc-e70c1e2d2d692bb9.alloc.b8a7db27d8b7bce8-cgu.0.rcgu.o) : error LNK2001: unresolved external symbol __CxxFrameHandler3
          libcore-5b8de9dae852fb90.rlib(core-5b8de9dae852fb90.core.6380f46c71b215e4-cgu.0.rcgu.o) : error LNK2001: unresolved external symbol __CxxFrameHandler3
          libanyhow-58455abe35999b7c.rlib(anyhow-58455abe35999b7c.anyhow.4449be8b51ac7a58-cgu.0.rcgu.o) : error LNK2001: unresolved external symbol __CxxFrameHandler3
          libsemver-7163f877196b5543.rlib(semver-7163f877196b5543.semver.9e9cf53c134d1e-cgu.0.rcgu.o) : error LNK2001: unresolved external symbol __CxxFrameHandler3
          libserde-c9aeedbe2eff744b.rlib(serde-c9aeedbe2eff744b.serde.c8bd7563ed820eb9-cgu.0.rcgu.o) : error LNK2001: unresolved external symbol __CxxFrameHandler3
          libstd-44a584f44bc3dd65.rlib(std-44a584f44bc3dd65.std.2a1f8e54e2930f4-cgu.0.rcgu.o) : error LNK2001: unresolved external symbol __CxxFrameHandler3
          liburl-03ced3c87b78f2f4.rlib(url-03ced3c87b78f2f4.url.fdfd30be3834fb58-cgu.0.rcgu.o) : error LNK2001: unresolved external symbol __CxxFrameHandler3
          libidna-fdb60e2a5a1e5b6f.rlib(idna-fdb60e2a5a1e5b6f.idna.4a3165926cf02752-cgu.0.rcgu.o) : error LNK2001: unresolved external symbol __CxxFrameHandler3
          libicu_normalizer-0ae33d5e3c1080f8.rlib(icu_normalizer-0ae33d5e3c1080f8.icu_normalizer.4bae2cf625320130-cgu.0.rcgu.o) : error LNK2001: unresolved external symbol __CxxFrameHandler3
          libpercent_encoding-002ea64871eb95ca.rlib(percent_encoding-002ea64871eb95ca.percent_encoding.7c12417dcee13902-cgu.0.rcgu.o) : error LNK2001: unresolved external symbol __CxxFrameHandler3
          libtoml_parser-f2f28cc7ce626ac8.rlib(toml_parser-f2f28cc7ce626ac8.toml_parser.f41984689762a49a-cgu.0.rcgu.o) : error LNK2001: unresolved external symbol __CxxFrameHandler3
          libtoml_datetime-8eb423e2e699977b.rlib(toml_datetime-8eb423e2e699977b.toml_datetime.f4da4d0a2420d0b-cgu.0.rcgu.o) : error LNK2001: unresolved external symbol __CxxFrameHandler3
          libserde_untagged-44255a64d21b2f67.rlib(serde_untagged-44255a64d21b2f67.serde_untagged.4b0c632212ce710-cgu.0.rcgu.o) : error LNK2001: unresolved external symbol __CxxFrameHandler3
          liberased_serde-f0015b1d14e32ad5.rlib(erased_serde-f0015b1d14e32ad5.erased_serde.5a6895d0e0748cf8-cgu.0.rcgu.o) : error LNK2001: unresolved external symbol __CxxFrameHandler3
          libserde_json-051c5fd70fa7bb7f.rlib(serde_json-051c5fd70fa7bb7f.serde_json.8728cecbe8a83a96-cgu.0.rcgu.o) : error LNK2001: unresolved external symbol __CxxFrameHandler3
          libhttp-24191f42a64bc84b.rlib(http-24191f42a64bc84b.http.a388f455d3721d68-cgu.0.rcgu.o) : error LNK2001: unresolved external symbol __CxxFrameHandler3
          libbytes-79e8ba7929fdb6e7.rlib(bytes-79e8ba7929fdb6e7.bytes.914cf525bb9740ff-cgu.0.rcgu.o) : error LNK2001: unresolved external symbol __CxxFrameHandler3
          libtoml-3754337130e3ad9e.rlib(toml-3754337130e3ad9e.toml.b316b278d97c5fa3-cgu.0.rcgu.o) : error LNK2001: unresolved external symbol __CxxFrameHandler3
          libtime-c7a2f3f9679f7fec.rlib(time-c7a2f3f9679f7fec.time.f65351b77a8a613c-cgu.0.rcgu.o) : error LNK2001: unresolved external symbol __CxxFrameHandler3
          libquick_xml-fa0867de216d42c8.rlib(quick_xml-fa0867de216d42c8.quick_xml.37e4750c3b61209-cgu.0.rcgu.o) : error LNK2001: unresolved external symbol __CxxFrameHandler3
          libjson_patch-df9571bbe5bb6c5a.rlib(json_patch-df9571bbe5bb6c5a.json_patch.e1a93c473fd4579a-cgu.0.rcgu.o) : error LNK2001: unresolved external symbol __CxxFrameHandler3
          libjsonptr-c253bae61f438f39.rlib(jsonptr-c253bae61f438f39.jsonptr.6d888747dd71e97b-cgu.0.rcgu.o) : error LNK2001: unresolved external symbol __CxxFrameHandler3
          libwalkdir-edf6038576884a7e.rlib(walkdir-edf6038576884a7e.walkdir.130ae9a8de7eb31-cgu.0.rcgu.o) : error LNK2001: unresolved external symbol __CxxFrameHandler3
          libsame_file-48d6d937ab3a2991.rlib(same_file-48d6d937ab3a2991.same_file.8e2cd4dbe09e00fd-cgu.0.rcgu.o) : error LNK2001: unresolved external symbol __CxxFrameHandler3
          libwinapi_util-a4fcc8e20d58bfdd.rlib(winapi_util-a4fcc8e20d58bfdd.winapi_util.706d27cf82e47c71-cgu.0.rcgu.o) : error LNK2001: unresolved external symbol __CxxFrameHandler3
          libplist-3d17d7c0a2acf213.rlib(plist-3d17d7c0a2acf213.plist.3e034b0deea0a0b6-cgu.0.rcgu.o) : error LNK2001: unresolved external symbol __CxxFrameHandler3
          libregex_automata-cf3f9b481016b33e.rlib(regex_automata-cf3f9b481016b33e.regex_automata.ee567f46a2e17272-cgu.0.rcgu.o) : error LNK2001: unresolved external symbol __CxxFrameHandler3
          libaho_corasick-903cc22c88ef974d.rlib(aho_corasick-903cc22c88ef974d.aho_corasick.24ce4597c7ce3055-cgu.0.rcgu.o) : error LNK2001: unresolved external symbol __CxxFrameHandler3
          libregex_syntax-4f33b2fe253833a6.rlib(regex_syntax-4f33b2fe253833a6.regex_syntax.cd5ffba07758646b-cgu.0.rcgu.o) : error LNK2001: unresolved external symbol __CxxFrameHandler3
          libglob-ed6cfe87a073c026.rlib(glob-ed6cfe87a073c026.glob.639a3acf55052589-cgu.0.rcgu.o) : error LNK2001: unresolved external symbol __CxxFrameHandler3
          libuuid-a728e033f1e90c5c.rlib(uuid-a728e033f1e90c5c.uuid.e8215863c61d9126-cgu.0.rcgu.o) : error LNK2001: unresolved external symbol __CxxFrameHandler3
          libbrotli_decompressor-77fbd6b7db7af5dd.rlib(brotli_decompressor-77fbd6b7db7af5dd.brotli_decompressor.304ed583485c4fbb-cgu.0.rcgu.o) : error LNK2001: unresolved external symbol __CxxFrameHandler3
          liburlpattern-cf0105c287ea2037.rlib(urlpattern-cf0105c287ea2037.urlpattern.d9288909819602de-cgu.0.rcgu.o) : error LNK2001: unresolved external symbol __CxxFrameHandler3
          libregex-5f3caaedaa169c42.rlib(regex-5f3caaedaa169c42.regex.c7217a89df64aa9c-cgu.0.rcgu.o) : error LNK2001: unresolved external symbol __CxxFrameHandler3
          libtauri_utils-ffb25b4398e66312.rlib(tauri_utils-ffb25b4398e66312.tauri_utils.63c1af06a27bf0fc-cgu.0.rcgu.o) : error LNK2001: unresolved external symbol __CxxFrameHandler3
          libdunce-5902f3e9e51e83e8.rlib(dunce-5902f3e9e51e83e8.dunce.7bb21b4b80afdd1b-cgu.0.rcgu.o) : error LNK2001: unresolved external symbol __CxxFrameHandler3
          libinfer-ee7b90e5ac257148.rlib(infer-ee7b90e5ac257148.infer.980e70c56af883eb-cgu.0.rcgu.o) : error LNK2001: unresolved external symbol __CxxFrameHandler3
          libcfb-fba9f6443cad9e73.rlib(cfb-fba9f6443cad9e73.cfb.dc5a219092e7fbe4-cgu.0.rcgu.o) : error LNK2001: unresolved external symbol __CxxFrameHandler3
          librand_core-e5e5e3755d693f6c.rlib(rand_core-e5e5e3755d693f6c.rand_core.26fda78d081b7aa7-cgu.0.rcgu.o) : error LNK2001: unresolved external symbol __CxxFrameHandler3
          libgetrandom-3eb27601c88573af.rlib(getrandom-3eb27601c88573af.getrandom.fc9465d4ec8ff72d-cgu.0.rcgu.o) : error LNK2001: unresolved external symbol __CxxFrameHandler3
          libtest-b612a6b84a3b28c3.rlib(test-b612a6b84a3b28c3.test.d66144ffaa248c67-cgu.0.rcgu.o) : error LNK2001: unresolved external symbol __CxxFrameHandler3
          libgetopts-d2d45541664c6692.rlib(getopts-d2d45541664c6692.getopts.3b0be94432542517-cgu.0.rcgu.o) : error LNK2001: unresolved external symbol __CxxFrameHandler3
          libphf_generator-92f6af5f1bd2be0c.rlib(phf_generator-92f6af5f1bd2be0c.phf_generator.e9e4b2a1aeec696-cgu.0.rcgu.o) : error LNK2001: unresolved external symbol __CxxFrameHandler3
          librand-9d3c1946a52945bf.rlib(rand-9d3c1946a52945bf.rand.f8c907b74f662451-cgu.0.rcgu.o) : error LNK2001: unresolved external symbol __CxxFrameHandler3
          librand_chacha-0459e5ff26734b1e.rlib(rand_chacha-0459e5ff26734b1e.rand_chacha.2ca3595a6d942ac-cgu.1.rcgu.o) : error LNK2001: unresolved external symbol __CxxFrameHandler3
          librand_chacha-0459e5ff26734b1e.rlib(rand_chacha-0459e5ff26734b1e.rand_chacha.2ca3595a6d942ac-cgu.0.rcgu.o) : error LNK2001: unresolved external symbol __CxxFrameHandler3
          rust-dependency-contract.rust_dependency_contract.42551cda47e8b18a-cgu.4.rcgu.o : error LNK2001: unresolved external symbol __CxxFrameHandler3
          rust-dependency-contract.rust_dependency_contract.42551cda47e8b18a-cgu.5.rcgu.o : error LNK2001: unresolved external symbol __CxxFrameHandler3
          rust-dependency-contract.rust_dependency_contract.42551cda47e8b18a-cgu.6.rcgu.o : error LNK2001: unresolved external symbol __CxxFrameHandler3
          rust-dependency-contract.rust_dependency_contract.42551cda47e8b18a-cgu.7.rcgu.o : error LNK2001: unresolved external symbol __CxxFrameHandler3
          rust-dependency-contract.rust_dependency_contract.42551cda47e8b18a-cgu.0.rcgu.o : error LNK2001: unresolved external symbol __CxxFrameHandler3
          rust-dependency-contract.rust_dependency_contract.42551cda47e8b18a-cgu.1.rcgu.o : error LNK2001: unresolved external symbol __CxxFrameHandler3
          rust-dependency-contract.rust_dependency_contract.42551cda47e8b18a-cgu.2.rcgu.o : error LNK2001: unresolved external symbol __CxxFrameHandler3
          rust-dependency-contract.rust_dependency_contract.42551cda47e8b18a-cgu.3.rcgu.o : error LNK2001: unresolved external symbol __CxxFrameHandler3
          libcore-5b8de9dae852fb90.rlib(core-5b8de9dae852fb90.core.6380f46c71b215e4-cgu.0.rcgu.o) : error LNK2001: unresolved external symbol memcpy
          libserde-c9aeedbe2eff744b.rlib(serde-c9aeedbe2eff744b.serde.c8bd7563ed820eb9-cgu.0.rcgu.o) : error LNK2001: unresolved external symbol memcpy
          libserde_core-9f975c9f3722adaf.rlib(serde_core-9f975c9f3722adaf.serde_core.cb71a16a5c057efa-cgu.0.rcgu.o) : error LNK2001: unresolved external symbol memcpy
          libstd-44a584f44bc3dd65.rlib(std-44a584f44bc3dd65.std.2a1f8e54e2930f4-cgu.0.rcgu.o) : error LNK2001: unresolved external symbol memcpy
          liballoc-e70c1e2d2d692bb9.rlib(alloc-e70c1e2d2d692bb9.alloc.b8a7db27d8b7bce8-cgu.0.rcgu.o) : error LNK2001: unresolved external symbol memcpy
          libicu_locale_core-8706bb451017da57.rlib(icu_locale_core-8706bb451017da57.icu_locale_core.b467cce452b46842-cgu.0.rcgu.o) : error LNK2001: unresolved external symbol memcpy
          libpercent_encoding-002ea64871eb95ca.rlib(percent_encoding-002ea64871eb95ca.percent_encoding.7c12417dcee13902-cgu.0.rcgu.o) : error LNK2001: unresolved external symbol memcpy
          libanyhow-58455abe35999b7c.rlib(anyhow-58455abe35999b7c.anyhow.4449be8b51ac7a58-cgu.0.rcgu.o) : error LNK2001: unresolved external symbol memcpy
          libsemver-7163f877196b5543.rlib(semver-7163f877196b5543.semver.9e9cf53c134d1e-cgu.0.rcgu.o) : error LNK2001: unresolved external symbol memcpy
          liburl-03ced3c87b78f2f4.rlib(url-03ced3c87b78f2f4.url.fdfd30be3834fb58-cgu.0.rcgu.o) : error LNK2001: unresolved external symbol memcpy
          libidna-fdb60e2a5a1e5b6f.rlib(idna-fdb60e2a5a1e5b6f.idna.4a3165926cf02752-cgu.0.rcgu.o) : error LNK2001: unresolved external symbol memcpy
          libicu_normalizer-0ae33d5e3c1080f8.rlib(icu_normalizer-0ae33d5e3c1080f8.icu_normalizer.4bae2cf625320130-cgu.0.rcgu.o) : error LNK2001: unresolved external symbol memcpy
          libicu_collections-2f2ee2e11b97326c.rlib(icu_collections-2f2ee2e11b97326c.icu_collections.8f07d7d315fca2b5-cgu.0.rcgu.o) : error LNK2001: unresolved external symbol memcpy
          libtoml-3754337130e3ad9e.rlib(toml-3754337130e3ad9e.toml.b316b278d97c5fa3-cgu.0.rcgu.o) : error LNK2001: unresolved external symbol memcpy
          libtoml_parser-f2f28cc7ce626ac8.rlib(toml_parser-f2f28cc7ce626ac8.toml_parser.f41984689762a49a-cgu.0.rcgu.o) : error LNK2001: unresolved external symbol memcpy
          libserde_untagged-44255a64d21b2f67.rlib(serde_untagged-44255a64d21b2f67.serde_untagged.4b0c632212ce710-cgu.0.rcgu.o) : error LNK2001: unresolved external symbol memcpy
          liberased_serde-f0015b1d14e32ad5.rlib(erased_serde-f0015b1d14e32ad5.erased_serde.5a6895d0e0748cf8-cgu.0.rcgu.o) : error LNK2001: unresolved external symbol memcpy
          libjsonptr-c253bae61f438f39.rlib(jsonptr-c253bae61f438f39.jsonptr.6d888747dd71e97b-cgu.0.rcgu.o) : error LNK2001: unresolved external symbol memcpy
          libserde_json-051c5fd70fa7bb7f.rlib(serde_json-051c5fd70fa7bb7f.serde_json.8728cecbe8a83a96-cgu.0.rcgu.o) : error LNK2001: unresolved external symbol memcpy
          libhttp-24191f42a64bc84b.rlib(http-24191f42a64bc84b.http.a388f455d3721d68-cgu.0.rcgu.o) : error LNK2001: unresolved external symbol memcpy
          libbytes-79e8ba7929fdb6e7.rlib(bytes-79e8ba7929fdb6e7.bytes.914cf525bb9740ff-cgu.0.rcgu.o) : error LNK2001: unresolved external symbol memcpy
          libtime-c7a2f3f9679f7fec.rlib(time-c7a2f3f9679f7fec.time.f65351b77a8a613c-cgu.0.rcgu.o) : error LNK2001: unresolved external symbol memcpy
          libquick_xml-fa0867de216d42c8.rlib(quick_xml-fa0867de216d42c8.quick_xml.37e4750c3b61209-cgu.0.rcgu.o) : error LNK2001: unresolved external symbol memcpy
          libbase64-aae264c81b50653d.rlib(base64-aae264c81b50653d.base64.9d1a6302fe491f-cgu.0.rcgu.o) : error LNK2001: unresolved external symbol memcpy
          libjson_patch-df9571bbe5bb6c5a.rlib(json_patch-df9571bbe5bb6c5a.json_patch.e1a93c473fd4579a-cgu.0.rcgu.o) : error LNK2001: unresolved external symbol memcpy
          libregex_syntax-4f33b2fe253833a6.rlib(regex_syntax-4f33b2fe253833a6.regex_syntax.cd5ffba07758646b-cgu.0.rcgu.o) : error LNK2001: unresolved external symbol memcpy
          libglob-ed6cfe87a073c026.rlib(glob-ed6cfe87a073c026.glob.639a3acf55052589-cgu.0.rcgu.o) : error LNK2001: unresolved external symbol memcpy
          libwalkdir-edf6038576884a7e.rlib(walkdir-edf6038576884a7e.walkdir.130ae9a8de7eb31-cgu.0.rcgu.o) : error LNK2001: unresolved external symbol memcpy
          libplist-3d17d7c0a2acf213.rlib(plist-3d17d7c0a2acf213.plist.3e034b0deea0a0b6-cgu.0.rcgu.o) : error LNK2001: unresolved external symbol memcpy
          liburlpattern-cf0105c287ea2037.rlib(urlpattern-cf0105c287ea2037.urlpattern.d9288909819602de-cgu.0.rcgu.o) : error LNK2001: unresolved external symbol memcpy
          libregex-5f3caaedaa169c42.rlib(regex-5f3caaedaa169c42.regex.c7217a89df64aa9c-cgu.0.rcgu.o) : error LNK2001: unresolved external symbol memcpy
          libregex_automata-cf3f9b481016b33e.rlib(regex_automata-cf3f9b481016b33e.regex_automata.ee567f46a2e17272-cgu.0.rcgu.o) : error LNK2001: unresolved external symbol memcpy
          libaho_corasick-903cc22c88ef974d.rlib(aho_corasick-903cc22c88ef974d.aho_corasick.24ce4597c7ce3055-cgu.0.rcgu.o) : error LNK2001: unresolved external symbol memcpy
          libcfb-fba9f6443cad9e73.rlib(cfb-fba9f6443cad9e73.cfb.dc5a219092e7fbe4-cgu.0.rcgu.o) : error LNK2001: unresolved external symbol memcpy
          libuuid-a728e033f1e90c5c.rlib(uuid-a728e033f1e90c5c.uuid.e8215863c61d9126-cgu.0.rcgu.o) : error LNK2001: unresolved external symbol memcpy
          libbrotli-40ac0087fc445aca.rlib(brotli-40ac0087fc445aca.brotli.675d91778aad58cc-cgu.0.rcgu.o) : error LNK2001: unresolved external symbol memcpy
          libbrotli_decompressor-77fbd6b7db7af5dd.rlib(brotli_decompressor-77fbd6b7db7af5dd.brotli_decompressor.304ed583485c4fbb-cgu.0.rcgu.o) : error LNK2001: unresolved external symbol memcpy
          libgetopts-d2d45541664c6692.rlib(getopts-d2d45541664c6692.getopts.3b0be94432542517-cgu.0.rcgu.o) : error LNK2001: unresolved external symbol memcpy
          libtauri_utils-ffb25b4398e66312.rlib(tauri_utils-ffb25b4398e66312.tauri_utils.63c1af06a27bf0fc-cgu.0.rcgu.o) : error LNK2001: unresolved external symbol memcpy
          libdunce-5902f3e9e51e83e8.rlib(dunce-5902f3e9e51e83e8.dunce.7bb21b4b80afdd1b-cgu.0.rcgu.o) : error LNK2001: unresolved external symbol memcpy
          libinfer-ee7b90e5ac257148.rlib(infer-ee7b90e5ac257148.infer.980e70c56af883eb-cgu.0.rcgu.o) : error LNK2001: unresolved external symbol memcpy
          librand_chacha-0459e5ff26734b1e.rlib(rand_chacha-0459e5ff26734b1e.rand_chacha.2ca3595a6d942ac-cgu.0.rcgu.o) : error LNK2001: unresolved external symbol memcpy
          librand_core-e5e5e3755d693f6c.rlib(rand_core-e5e5e3755d693f6c.rand_core.26fda78d081b7aa7-cgu.0.rcgu.o) : error LNK2001: unresolved external symbol memcpy
          libsiphasher-5a088061a3dcbe19.rlib(siphasher-5a088061a3dcbe19.siphasher.12a6729ef57d0819-cgu.0.rcgu.o) : error LNK2001: unresolved external symbol memcpy
          libtest-b612a6b84a3b28c3.rlib(test-b612a6b84a3b28c3.test.d66144ffaa248c67-cgu.0.rcgu.o) : error LNK2001: unresolved external symbol memcpy
          libphf_generator-92f6af5f1bd2be0c.rlib(phf_generator-92f6af5f1bd2be0c.phf_generator.e9e4b2a1aeec696-cgu.0.rcgu.o) : error LNK2001: unresolved external symbol memcpy
          libsiphasher-d9bdaf582ba90c50.rlib(siphasher-d9bdaf582ba90c50.siphasher.d3879af14410f669-cgu.0.rcgu.o) : error LNK2001: unresolved external symbol memcpy
          librand-9d3c1946a52945bf.rlib(rand-9d3c1946a52945bf.rand.f8c907b74f662451-cgu.0.rcgu.o) : error LNK2001: unresolved external symbol memcpy
          librand_chacha-0459e5ff26734b1e.rlib(rand_chacha-0459e5ff26734b1e.rand_chacha.2ca3595a6d942ac-cgu.1.rcgu.o) : error LNK2001: unresolved external symbol memcpy
          rust-dependency-contract.rust_dependency_contract.42551cda47e8b18a-cgu.4.rcgu.o : error LNK2001: unresolved external symbol memcpy
          rust-dependency-contract.rust_dependency_contract.42551cda47e8b18a-cgu.5.rcgu.o : error LNK2001: unresolved external symbol memcpy
          rust-dependency-contract.rust_dependency_contract.42551cda47e8b18a-cgu.6.rcgu.o : error LNK2001: unresolved external symbol memcpy
          rust-dependency-contract.rust_dependency_contract.42551cda47e8b18a-cgu.7.rcgu.o : error LNK2001: unresolved external symbol memcpy
          rust-dependency-contract.rust_dependency_contract.42551cda47e8b18a-cgu.0.rcgu.o : error LNK2001: unresolved external symbol memcpy
          rust-dependency-contract.rust_dependency_contract.42551cda47e8b18a-cgu.1.rcgu.o : error LNK2001: unresolved external symbol memcpy
          rust-dependency-contract.rust_dependency_contract.42551cda47e8b18a-cgu.2.rcgu.o : error LNK2001: unresolved external symbol memcpy
          rust-dependency-contract.rust_dependency_contract.42551cda47e8b18a-cgu.3.rcgu.o : error LNK2001: unresolved external symbol memcpy
          librustc_demangle-0d6817d2202cd839.rlib(rustc_demangle-0d6817d2202cd839.rustc_demangle.abe928c6a278e2b5-cgu.0.rcgu.o) : error LNK2001: unresolved external symbol memset
          libcore-5b8de9dae852fb90.rlib(core-5b8de9dae852fb90.core.6380f46c71b215e4-cgu.0.rcgu.o) : error LNK2001: unresolved external symbol memset
          libzmij-3b3eef0265897a2d.rlib(zmij-3b3eef0265897a2d.zmij.17642b0e0c3dc78b-cgu.0.rcgu.o) : error LNK2001: unresolved external symbol memset
          libhttp-24191f42a64bc84b.rlib(http-24191f42a64bc84b.http.a388f455d3721d68-cgu.0.rcgu.o) : error LNK2001: unresolved external symbol memset
          libbytes-79e8ba7929fdb6e7.rlib(bytes-79e8ba7929fdb6e7.bytes.914cf525bb9740ff-cgu.0.rcgu.o) : error LNK2001: unresolved external symbol memset
          libstd-44a584f44bc3dd65.rlib(std-44a584f44bc3dd65.std.2a1f8e54e2930f4-cgu.0.rcgu.o) : error LNK2001: unresolved external symbol memset
          libaho_corasick-903cc22c88ef974d.rlib(aho_corasick-903cc22c88ef974d.aho_corasick.24ce4597c7ce3055-cgu.0.rcgu.o) : error LNK2001: unresolved external symbol memset
          libplist-3d17d7c0a2acf213.rlib(plist-3d17d7c0a2acf213.plist.3e034b0deea0a0b6-cgu.0.rcgu.o) : error LNK2001: unresolved external symbol memset
          libquick_xml-fa0867de216d42c8.rlib(quick_xml-fa0867de216d42c8.quick_xml.37e4750c3b61209-cgu.0.rcgu.o) : error LNK2001: unresolved external symbol memset
          libbase64-aae264c81b50653d.rlib(base64-aae264c81b50653d.base64.9d1a6302fe491f-cgu.0.rcgu.o) : error LNK2001: unresolved external symbol memset
          libcfb-fba9f6443cad9e73.rlib(cfb-fba9f6443cad9e73.cfb.dc5a219092e7fbe4-cgu.0.rcgu.o) : error LNK2001: unresolved external symbol memset
          libbrotli-40ac0087fc445aca.rlib(brotli-40ac0087fc445aca.brotli.675d91778aad58cc-cgu.0.rcgu.o) : error LNK2001: unresolved external symbol memset
          libbrotli_decompressor-77fbd6b7db7af5dd.rlib(brotli_decompressor-77fbd6b7db7af5dd.brotli_decompressor.304ed583485c4fbb-cgu.0.rcgu.o) : error LNK2001: unresolved external symbol memset
          libregex_automata-cf3f9b481016b33e.rlib(regex_automata-cf3f9b481016b33e.regex_automata.ee567f46a2e17272-cgu.0.rcgu.o) : error LNK2001: unresolved external symbol memset
          libsiphasher-5a088061a3dcbe19.rlib(siphasher-5a088061a3dcbe19.siphasher.12a6729ef57d0819-cgu.0.rcgu.o) : error LNK2001: unresolved external symbol memset
          libtest-b612a6b84a3b28c3.rlib(test-b612a6b84a3b28c3.test.d66144ffaa248c67-cgu.0.rcgu.o) : error LNK2001: unresolved external symbol memset
          libtauri_utils-ffb25b4398e66312.rlib(tauri_utils-ffb25b4398e66312.tauri_utils.63c1af06a27bf0fc-cgu.0.rcgu.o) : error LNK2001: unresolved external symbol memset
          libinfer-ee7b90e5ac257148.rlib(infer-ee7b90e5ac257148.infer.980e70c56af883eb-cgu.0.rcgu.o) : error LNK2001: unresolved external symbol memset
          librand-9d3c1946a52945bf.rlib(rand-9d3c1946a52945bf.rand.f8c907b74f662451-cgu.0.rcgu.o) : error LNK2001: unresolved external symbol memset
          librand_chacha-0459e5ff26734b1e.rlib(rand_chacha-0459e5ff26734b1e.rand_chacha.2ca3595a6d942ac-cgu.0.rcgu.o) : error LNK2001: unresolved external symbol memset
          librand_core-e5e5e3755d693f6c.rlib(rand_core-e5e5e3755d693f6c.rand_core.26fda78d081b7aa7-cgu.0.rcgu.o) : error LNK2001: unresolved external symbol memset
          libgetrandom-3eb27601c88573af.rlib(getrandom-3eb27601c88573af.getrandom.fc9465d4ec8ff72d-cgu.0.rcgu.o) : error LNK2001: unresolved external symbol memset
          rust-dependency-contract.rust_dependency_contract.42551cda47e8b18a-cgu.1.rcgu.o : error LNK2001: unresolved external symbol memset
          rust-dependency-contract.rust_dependency_contract.42551cda47e8b18a-cgu.6.rcgu.o : error LNK2001: unresolved external symbol memset
          libphf_generator-92f6af5f1bd2be0c.rlib(phf_generator-92f6af5f1bd2be0c.phf_generator.e9e4b2a1aeec696-cgu.0.rcgu.o) : error LNK2001: unresolved external symbol memset
          libsiphasher-d9bdaf582ba90c50.rlib(siphasher-d9bdaf582ba90c50.siphasher.d3879af14410f669-cgu.0.rcgu.o) : error LNK2001: unresolved external symbol memset
          libcompiler_builtins-d2ba6b5d33df79c1.rlib(compiler_builtins-d2ba6b5d33df79c1.compiler_builtins.bd4f80a2f9776496-cgu.215.rcgu.o) : error LNK2001: unresolved external symbol _fltused
          libcompiler_builtins-d2ba6b5d33df79c1.rlib(compiler_builtins-d2ba6b5d33df79c1.compiler_builtins.bd4f80a2f9776496-cgu.154.rcgu.o) : error LNK2001: unresolved external symbol _fltused
          libserde-c9aeedbe2eff744b.rlib(serde-c9aeedbe2eff744b.serde.c8bd7563ed820eb9-cgu.0.rcgu.o) : error LNK2001: unresolved external symbol _fltused
          libserde_core-9f975c9f3722adaf.rlib(serde_core-9f975c9f3722adaf.serde_core.cb71a16a5c057efa-cgu.0.rcgu.o) : error LNK2001: unresolved external symbol _fltused
          libcore-5b8de9dae852fb90.rlib(core-5b8de9dae852fb90.core.6380f46c71b215e4-cgu.0.rcgu.o) : error LNK2001: unresolved external symbol _fltused
          libcompiler_builtins-d2ba6b5d33df79c1.rlib(compiler_builtins-d2ba6b5d33df79c1.compiler_builtins.bd4f80a2f9776496-cgu.197.rcgu.o) : error LNK2001: unresolved external symbol _fltused
          libtoml-3754337130e3ad9e.rlib(toml-3754337130e3ad9e.toml.b316b278d97c5fa3-cgu.0.rcgu.o) : error LNK2001: unresolved external symbol _fltused
          libserde_untagged-44255a64d21b2f67.rlib(serde_untagged-44255a64d21b2f67.serde_untagged.4b0c632212ce710-cgu.0.rcgu.o) : error LNK2001: unresolved external symbol _fltused
          liberased_serde-f0015b1d14e32ad5.rlib(erased_serde-f0015b1d14e32ad5.erased_serde.5a6895d0e0748cf8-cgu.0.rcgu.o) : error LNK2001: unresolved external symbol _fltused
          libserde_with-4f5948924af3d759.rlib(serde_with-4f5948924af3d759.serde_with.7dae6b2dde24e5fa-cgu.0.rcgu.o) : error LNK2001: unresolved external symbol _fltused
          libtime-c7a2f3f9679f7fec.rlib(time-c7a2f3f9679f7fec.time.f65351b77a8a613c-cgu.0.rcgu.o) : error LNK2001: unresolved external symbol _fltused
          libjson_patch-df9571bbe5bb6c5a.rlib(json_patch-df9571bbe5bb6c5a.json_patch.e1a93c473fd4579a-cgu.0.rcgu.o) : error LNK2001: unresolved external symbol _fltused
          libserde_json-051c5fd70fa7bb7f.rlib(serde_json-051c5fd70fa7bb7f.serde_json.8728cecbe8a83a96-cgu.0.rcgu.o) : error LNK2001: unresolved external symbol _fltused
          libzmij-3b3eef0265897a2d.rlib(zmij-3b3eef0265897a2d.zmij.17642b0e0c3dc78b-cgu.0.rcgu.o) : error LNK2001: unresolved external symbol _fltused
          libtest-b612a6b84a3b28c3.rlib(test-b612a6b84a3b28c3.test.d66144ffaa248c67-cgu.0.rcgu.o) : error LNK2001: unresolved external symbol _fltused
          libtauri_utils-ffb25b4398e66312.rlib(tauri_utils-ffb25b4398e66312.tauri_utils.63c1af06a27bf0fc-cgu.0.rcgu.o) : error LNK2001: unresolved external symbol _fltused
          libbrotli-40ac0087fc445aca.rlib(brotli-40ac0087fc445aca.brotli.675d91778aad58cc-cgu.0.rcgu.o) : error LNK2001: unresolved external symbol _fltused
          libplist-3d17d7c0a2acf213.rlib(plist-3d17d7c0a2acf213.plist.3e034b0deea0a0b6-cgu.0.rcgu.o) : error LNK2001: unresolved external symbol _fltused
          rust-dependency-contract.rust_dependency_contract.42551cda47e8b18a-cgu.1.rcgu.o : error LNK2001: unresolved external symbol _fltused
          rust-dependency-contract.rust_dependency_contract.42551cda47e8b18a-cgu.3.rcgu.o : error LNK2001: unresolved external symbol _fltused
          rust-dependency-contract.rust_dependency_contract.42551cda47e8b18a-cgu.5.rcgu.o : error LNK2001: unresolved external symbol _fltused
          rust-dependency-contract.rust_dependency_contract.42551cda47e8b18a-cgu.6.rcgu.o : error LNK2001: unresolved external symbol _fltused
          librustc_demangle-0d6817d2202cd839.rlib(rustc_demangle-0d6817d2202cd839.rustc_demangle.abe928c6a278e2b5-cgu.0.rcgu.o) : error LNK2001: unresolved external symbol memcmp
          libcore-5b8de9dae852fb90.rlib(core-5b8de9dae852fb90.core.6380f46c71b215e4-cgu.0.rcgu.o) : error LNK2001: unresolved external symbol memcmp
          libsemver-7163f877196b5543.rlib(semver-7163f877196b5543.semver.9e9cf53c134d1e-cgu.0.rcgu.o) : error LNK2001: unresolved external symbol memcmp
          libserde_with-4f5948924af3d759.rlib(serde_with-4f5948924af3d759.serde_with.7dae6b2dde24e5fa-cgu.0.rcgu.o) : error LNK2001: unresolved external symbol memcmp
          libserde-c9aeedbe2eff744b.rlib(serde-c9aeedbe2eff744b.serde.c8bd7563ed820eb9-cgu.0.rcgu.o) : error LNK2001: unresolved external symbol memcmp
          libstd-44a584f44bc3dd65.rlib(std-44a584f44bc3dd65.std.2a1f8e54e2930f4-cgu.0.rcgu.o) : error LNK2001: unresolved external symbol memcmp
          libidna-fdb60e2a5a1e5b6f.rlib(idna-fdb60e2a5a1e5b6f.idna.4a3165926cf02752-cgu.0.rcgu.o) : error LNK2001: unresolved external symbol memcmp
          libicu_collections-2f2ee2e11b97326c.rlib(icu_collections-2f2ee2e11b97326c.icu_collections.8f07d7d315fca2b5-cgu.0.rcgu.o) : error LNK2001: unresolved external symbol memcmp
          libpotential_utf-fe0b7b736a9c24fa.rlib(potential_utf-fe0b7b736a9c24fa.potential_utf.242f8ce90a295d86-cgu.0.rcgu.o) : error LNK2001: unresolved external symbol memcmp
          libicu_locale_core-8706bb451017da57.rlib(icu_locale_core-8706bb451017da57.icu_locale_core.b467cce452b46842-cgu.0.rcgu.o) : error LNK2001: unresolved external symbol memcmp
          libtoml-3754337130e3ad9e.rlib(toml-3754337130e3ad9e.toml.b316b278d97c5fa3-cgu.0.rcgu.o) : error LNK2001: unresolved external symbol memcmp
          libtoml_parser-f2f28cc7ce626ac8.rlib(toml_parser-f2f28cc7ce626ac8.toml_parser.f41984689762a49a-cgu.0.rcgu.o) : error LNK2001: unresolved external symbol memcmp
          libwinnow-c97e876bdf8763cc.rlib(winnow-c97e876bdf8763cc.winnow.a64a0c7c3bb7f400-cgu.0.rcgu.o) : error LNK2001: unresolved external symbol memcmp
          liburl-03ced3c87b78f2f4.rlib(url-03ced3c87b78f2f4.url.fdfd30be3834fb58-cgu.0.rcgu.o) : error LNK2001: unresolved external symbol memcmp
          libjsonptr-c253bae61f438f39.rlib(jsonptr-c253bae61f438f39.jsonptr.6d888747dd71e97b-cgu.0.rcgu.o) : error LNK2001: unresolved external symbol memcmp
          libserde_json-051c5fd70fa7bb7f.rlib(serde_json-051c5fd70fa7bb7f.serde_json.8728cecbe8a83a96-cgu.0.rcgu.o) : error LNK2001: unresolved external symbol memcmp
          libhttp-24191f42a64bc84b.rlib(http-24191f42a64bc84b.http.a388f455d3721d68-cgu.0.rcgu.o) : error LNK2001: unresolved external symbol memcmp
          libbytes-79e8ba7929fdb6e7.rlib(bytes-79e8ba7929fdb6e7.bytes.914cf525bb9740ff-cgu.0.rcgu.o) : error LNK2001: unresolved external symbol memcmp
          libplist-3d17d7c0a2acf213.rlib(plist-3d17d7c0a2acf213.plist.3e034b0deea0a0b6-cgu.0.rcgu.o) : error LNK2001: unresolved external symbol memcmp
          libtime-c7a2f3f9679f7fec.rlib(time-c7a2f3f9679f7fec.time.f65351b77a8a613c-cgu.0.rcgu.o) : error LNK2001: unresolved external symbol memcmp
          libquick_xml-fa0867de216d42c8.rlib(quick_xml-fa0867de216d42c8.quick_xml.37e4750c3b61209-cgu.0.rcgu.o) : error LNK2001: unresolved external symbol memcmp
          libjson_patch-df9571bbe5bb6c5a.rlib(json_patch-df9571bbe5bb6c5a.json_patch.e1a93c473fd4579a-cgu.0.rcgu.o) : error LNK2001: unresolved external symbol memcmp
          libaho_corasick-903cc22c88ef974d.rlib(aho_corasick-903cc22c88ef974d.aho_corasick.24ce4597c7ce3055-cgu.0.rcgu.o) : error LNK2001: unresolved external symbol memcmp
          libregex_syntax-4f33b2fe253833a6.rlib(regex_syntax-4f33b2fe253833a6.regex_syntax.cd5ffba07758646b-cgu.0.rcgu.o) : error LNK2001: unresolved external symbol memcmp
          libglob-ed6cfe87a073c026.rlib(glob-ed6cfe87a073c026.glob.639a3acf55052589-cgu.0.rcgu.o) : error LNK2001: unresolved external symbol memcmp
          libwalkdir-edf6038576884a7e.rlib(walkdir-edf6038576884a7e.walkdir.130ae9a8de7eb31-cgu.0.rcgu.o) : error LNK2001: unresolved external symbol memcmp
          libinfer-ee7b90e5ac257148.rlib(infer-ee7b90e5ac257148.infer.980e70c56af883eb-cgu.0.rcgu.o) : error LNK2001: unresolved external symbol memcmp
          libcfb-fba9f6443cad9e73.rlib(cfb-fba9f6443cad9e73.cfb.dc5a219092e7fbe4-cgu.0.rcgu.o) : error LNK2001: unresolved external symbol memcmp
          liburlpattern-cf0105c287ea2037.rlib(urlpattern-cf0105c287ea2037.urlpattern.d9288909819602de-cgu.0.rcgu.o) : error LNK2001: unresolved external symbol memcmp
          libregex_automata-cf3f9b481016b33e.rlib(regex_automata-cf3f9b481016b33e.regex_automata.ee567f46a2e17272-cgu.0.rcgu.o) : error LNK2001: unresolved external symbol memcmp
          librand_chacha-0459e5ff26734b1e.rlib(rand_chacha-0459e5ff26734b1e.rand_chacha.2ca3595a6d942ac-cgu.1.rcgu.o) : error LNK2001: unresolved external symbol memcmp
          libtest-b612a6b84a3b28c3.rlib(test-b612a6b84a3b28c3.test.d66144ffaa248c67-cgu.0.rcgu.o) : error LNK2001: unresolved external symbol memcmp
          libgetopts-d2d45541664c6692.rlib(getopts-d2d45541664c6692.getopts.3b0be94432542517-cgu.0.rcgu.o) : error LNK2001: unresolved external symbol memcmp
          libtauri_utils-ffb25b4398e66312.rlib(tauri_utils-ffb25b4398e66312.tauri_utils.63c1af06a27bf0fc-cgu.0.rcgu.o) : error LNK2001: unresolved external symbol memcmp
          rust-dependency-contract.rust_dependency_contract.42551cda47e8b18a-cgu.2.rcgu.o : error LNK2001: unresolved external symbol memcmp
          rust-dependency-contract.rust_dependency_contract.42551cda47e8b18a-cgu.3.rcgu.o : error LNK2001: unresolved external symbol memcmp
          rust-dependency-contract.rust_dependency_contract.42551cda47e8b18a-cgu.4.rcgu.o : error LNK2001: unresolved external symbol memcmp
          librand-9d3c1946a52945bf.rlib(rand-9d3c1946a52945bf.rand.f8c907b74f662451-cgu.0.rcgu.o) : error LNK2001: unresolved external symbol memcmp
          libidna-fdb60e2a5a1e5b6f.rlib(idna-fdb60e2a5a1e5b6f.idna.4a3165926cf02752-cgu.0.rcgu.o) : error LNK2001: unresolved external symbol __chkstk
          libicu_normalizer-0ae33d5e3c1080f8.rlib(icu_normalizer-0ae33d5e3c1080f8.icu_normalizer.4bae2cf625320130-cgu.0.rcgu.o) : error LNK2001: unresolved external symbol __chkstk
          libstd-44a584f44bc3dd65.rlib(std-44a584f44bc3dd65.std.2a1f8e54e2930f4-cgu.0.rcgu.o) : error LNK2001: unresolved external symbol __chkstk
          libregex_automata-cf3f9b481016b33e.rlib(regex_automata-cf3f9b481016b33e.regex_automata.ee567f46a2e17272-cgu.0.rcgu.o) : error LNK2001: unresolved external symbol __chkstk
          libaho_corasick-903cc22c88ef974d.rlib(aho_corasick-903cc22c88ef974d.aho_corasick.24ce4597c7ce3055-cgu.0.rcgu.o) : error LNK2001: unresolved external symbol __chkstk
          libregex_syntax-4f33b2fe253833a6.rlib(regex_syntax-4f33b2fe253833a6.regex_syntax.cd5ffba07758646b-cgu.0.rcgu.o) : error LNK2001: unresolved external symbol __chkstk
          libglob-ed6cfe87a073c026.rlib(glob-ed6cfe87a073c026.glob.639a3acf55052589-cgu.0.rcgu.o) : error LNK2001: unresolved external symbol __chkstk
          libtauri_utils-ffb25b4398e66312.rlib(tauri_utils-ffb25b4398e66312.tauri_utils.63c1af06a27bf0fc-cgu.0.rcgu.o) : error LNK2001: unresolved external symbol __chkstk
          libbrotli-40ac0087fc445aca.rlib(brotli-40ac0087fc445aca.brotli.675d91778aad58cc-cgu.0.rcgu.o) : error LNK2001: unresolved external symbol __chkstk
          libbrotli_decompressor-77fbd6b7db7af5dd.rlib(brotli_decompressor-77fbd6b7db7af5dd.brotli_decompressor.304ed583485c4fbb-cgu.0.rcgu.o) : error LNK2001: unresolved external symbol __chkstk
          liburlpattern-cf0105c287ea2037.rlib(urlpattern-cf0105c287ea2037.urlpattern.d9288909819602de-cgu.0.rcgu.o) : error LNK2001: unresolved external symbol __chkstk
          rust-dependency-contract.rust_dependency_contract.42551cda47e8b18a-cgu.6.rcgu.o : error LNK2001: unresolved external symbol __chkstk
          libphf_generator-92f6af5f1bd2be0c.rlib(phf_generator-92f6af5f1bd2be0c.phf_generator.e9e4b2a1aeec696-cgu.0.rcgu.o) : error LNK2001: unresolved external symbol __chkstk
          librand_chacha-0459e5ff26734b1e.rlib(rand_chacha-0459e5ff26734b1e.rand_chacha.2ca3595a6d942ac-cgu.0.rcgu.o) : error LNK2001: unresolved external symbol __chkstk
          libtest-b612a6b84a3b28c3.rlib(test-b612a6b84a3b28c3.test.d66144ffaa248c67-cgu.0.rcgu.o) : error LNK2001: unresolved external symbol __chkstk
          LINK : error LNK2001: unresolved external symbol mainCRTStartup
          librand-9d3c1946a52945bf.rlib(rand-9d3c1946a52945bf.rand.f8c907b74f662451-cgu.0.rcgu.o) : error LNK2019: unresolved external symbol _tls_index referenced in function _RNCNKNvNtNtCslmhfj3qUn4X_4rand4rngs6thread14THREAD_RNG_KEY00B9_
          libregex_automata-cf3f9b481016b33e.rlib(regex_automata-cf3f9b481016b33e.regex_automata.ee567f46a2e17272-cgu.0.rcgu.o) : error LNK2001: unresolved external symbol _tls_index
          libstd-44a584f44bc3dd65.rlib(std-44a584f44bc3dd65.std.2a1f8e54e2930f4-cgu.0.rcgu.o) : error LNK2001: unresolved external symbol _tls_index
          libstd-44a584f44bc3dd65.rlib(std-44a584f44bc3dd65.std.2a1f8e54e2930f4-cgu.0.rcgu.o) : error LNK2001: unresolved external symbol memmove
          liballoc-e70c1e2d2d692bb9.rlib(alloc-e70c1e2d2d692bb9.alloc.b8a7db27d8b7bce8-cgu.0.rcgu.o) : error LNK2001: unresolved external symbol memmove
          libtoml-3754337130e3ad9e.rlib(toml-3754337130e3ad9e.toml.b316b278d97c5fa3-cgu.0.rcgu.o) : error LNK2001: unresolved external symbol memmove
          liburl-03ced3c87b78f2f4.rlib(url-03ced3c87b78f2f4.url.fdfd30be3834fb58-cgu.0.rcgu.o) : error LNK2001: unresolved external symbol memmove
          libicu_normalizer-0ae33d5e3c1080f8.rlib(icu_normalizer-0ae33d5e3c1080f8.icu_normalizer.4bae2cf625320130-cgu.0.rcgu.o) : error LNK2001: unresolved external symbol memmove
          libanyhow-58455abe35999b7c.rlib(anyhow-58455abe35999b7c.anyhow.4449be8b51ac7a58-cgu.0.rcgu.o) : error LNK2001: unresolved external symbol memmove
          libserde_json-051c5fd70fa7bb7f.rlib(serde_json-051c5fd70fa7bb7f.serde_json.8728cecbe8a83a96-cgu.0.rcgu.o) : error LNK2001: unresolved external symbol memmove
          libzmij-3b3eef0265897a2d.rlib(zmij-3b3eef0265897a2d.zmij.17642b0e0c3dc78b-cgu.0.rcgu.o) : error LNK2001: unresolved external symbol memmove
          libhttp-24191f42a64bc84b.rlib(http-24191f42a64bc84b.http.a388f455d3721d68-cgu.0.rcgu.o) : error LNK2001: unresolved external symbol memmove
          libbytes-79e8ba7929fdb6e7.rlib(bytes-79e8ba7929fdb6e7.bytes.914cf525bb9740ff-cgu.0.rcgu.o) : error LNK2001: unresolved external symbol memmove
          libplist-3d17d7c0a2acf213.rlib(plist-3d17d7c0a2acf213.plist.3e034b0deea0a0b6-cgu.0.rcgu.o) : error LNK2001: unresolved external symbol memmove
          libquick_xml-fa0867de216d42c8.rlib(quick_xml-fa0867de216d42c8.quick_xml.37e4750c3b61209-cgu.0.rcgu.o) : error LNK2001: unresolved external symbol memmove
          libjson_patch-df9571bbe5bb6c5a.rlib(json_patch-df9571bbe5bb6c5a.json_patch.e1a93c473fd4579a-cgu.0.rcgu.o) : error LNK2001: unresolved external symbol memmove
          libjsonptr-c253bae61f438f39.rlib(jsonptr-c253bae61f438f39.jsonptr.6d888747dd71e97b-cgu.0.rcgu.o) : error LNK2001: unresolved external symbol memmove
          libregex_automata-cf3f9b481016b33e.rlib(regex_automata-cf3f9b481016b33e.regex_automata.ee567f46a2e17272-cgu.0.rcgu.o) : error LNK2001: unresolved external symbol memmove
          libaho_corasick-903cc22c88ef974d.rlib(aho_corasick-903cc22c88ef974d.aho_corasick.24ce4597c7ce3055-cgu.0.rcgu.o) : error LNK2001: unresolved external symbol memmove
          libregex_syntax-4f33b2fe253833a6.rlib(regex_syntax-4f33b2fe253833a6.regex_syntax.cd5ffba07758646b-cgu.0.rcgu.o) : error LNK2001: unresolved external symbol memmove
          libglob-ed6cfe87a073c026.rlib(glob-ed6cfe87a073c026.glob.639a3acf55052589-cgu.0.rcgu.o) : error LNK2001: unresolved external symbol memmove
          libtest-b612a6b84a3b28c3.rlib(test-b612a6b84a3b28c3.test.d66144ffaa248c67-cgu.0.rcgu.o) : error LNK2001: unresolved external symbol memmove
          libtauri_utils-ffb25b4398e66312.rlib(tauri_utils-ffb25b4398e66312.tauri_utils.63c1af06a27bf0fc-cgu.0.rcgu.o) : error LNK2001: unresolved external symbol memmove
          libcfb-fba9f6443cad9e73.rlib(cfb-fba9f6443cad9e73.cfb.dc5a219092e7fbe4-cgu.0.rcgu.o) : error LNK2001: unresolved external symbol memmove
          libbrotli-40ac0087fc445aca.rlib(brotli-40ac0087fc445aca.brotli.675d91778aad58cc-cgu.0.rcgu.o) : error LNK2001: unresolved external symbol memmove
          libtest-b612a6b84a3b28c3.rlib(test-b612a6b84a3b28c3.test.d66144ffaa248c67-cgu.0.rcgu.o) : error LNK2019: unresolved external symbol fmod referenced in function _RNvNtCsip8EcNyxCbH_4test5bench17fmt_thousands_sep
          libtoml-3754337130e3ad9e.rlib(toml-3754337130e3ad9e.toml.b316b278d97c5fa3-cgu.0.rcgu.o) : error LNK2001: unresolved external symbol fmod
          libtest-b612a6b84a3b28c3.rlib(test-b612a6b84a3b28c3.test.d66144ffaa248c67-cgu.0.rcgu.o) : error LNK2019: unresolved external symbol floor referenced in function _RNvNtCsip8EcNyxCbH_4test5stats20percentile_of_sorted
          libplist-3d17d7c0a2acf213.rlib(plist-3d17d7c0a2acf213.plist.3e034b0deea0a0b6-cgu.0.rcgu.o) : error LNK2001: unresolved external symbol floor
          libtest-b612a6b84a3b28c3.rlib(test-b612a6b84a3b28c3.test.d66144ffaa248c67-cgu.0.rcgu.o) : error LNK2001: unresolved external symbol "const type_info::`vftable'" (??_7type_info@@6B@)
          libstd-44a584f44bc3dd65.rlib(std-44a584f44bc3dd65.std.2a1f8e54e2930f4-cgu.0.rcgu.o) : error LNK2001: unresolved external symbol "const type_info::`vftable'" (??_7type_info@@6B@)
          libpanic_unwind-d45f266e54626acb.rlib(panic_unwind-d45f266e54626acb.panic_unwind.772da25958b8bb98-cgu.0.rcgu.o) : error LNK2001: unresolved external symbol "const type_info::`vftable'" (??_7type_info@@6B@)
          libbrotli-40ac0087fc445aca.rlib(brotli-40ac0087fc445aca.brotli.675d91778aad58cc-cgu.0.rcgu.o) : error LNK2019: unresolved external symbol log2f referenced in function _RINvNtNtCs8Sd9rU6t9ZE_6brotli3enc8bit_cost20BrotliPopulationCostNtNtB4_9histogram17HistogramDistanceEB6_
          libplist-3d17d7c0a2acf213.rlib(plist-3d17d7c0a2acf213.plist.3e034b0deea0a0b6-cgu.0.rcgu.o) : error LNK2019: unresolved external symbol trunc referenced in function _RNvMNtCs5k5Lzf44AM4_5plist4dateNtB2_4Date30from_seconds_since_plist_epoch
          libtoml-3754337130e3ad9e.rlib(toml-3754337130e3ad9e.toml.b316b278d97c5fa3-cgu.0.rcgu.o) : error LNK2019: unresolved external symbol fmodf referenced in function _RINvXsa_NtCs3m89JigrRqX_11toml_writer5valuefNtB6_14WriteTomlValue16write_toml_valueNtNtCsfQUUnEvlYZE_5alloc6string6StringECsfnhExgoano5_4toml
          libstd-44a584f44bc3dd65.rlib(std-44a584f44bc3dd65.std.2a1f8e54e2930f4-cgu.0.rcgu.o) : error LNK2019: unresolved external symbol atexit referenced in function _RNvNtNtNtNtCse0R8cuyqEa_3std3sys12thread_local5guard7windows6enable
          libpanic_unwind-d45f266e54626acb.rlib(panic_unwind-d45f266e54626acb.panic_unwind.772da25958b8bb98-cgu.0.rcgu.o) : error LNK2019: unresolved external symbol _CxxThrowException referenced in function _RNvNtCsaenKx8lKFZc_12panic_unwind3imp15throw_exception
          liballoc-e70c1e2d2d692bb9.rlib(alloc-e70c1e2d2d692bb9.alloc.b8a7db27d8b7bce8-cgu.0.rcgu.o) : error LNK2019: unresolved external symbol strlen referenced in function _RNvMs_NtNtCsfQUUnEvlYZE_5alloc3ffi5c_strNtB4_7CString8from_raw
          D:\myhexin-local\opencorvus\specs\artifacts\2026-10-05-dependency-remediation\stage3-native-02\rust-dependency-contract.exe : fatal error LNK1120: 18 unresolved externals
          

error: aborting due to 1 previous error

