[main 569ead9f] fix: show complete expanded source titles
 72 files changed, 10387 insertions(+), 7 deletions(-)
 create mode 100644 specs/artifacts/2026-10-05-connection-workspace-authority/sources-expanded-114/README.md
 create mode 100644 specs/artifacts/2026-10-05-connection-workspace-authority/sources-expanded-114/after-01/README.md
 create mode 100644 specs/artifacts/2026-10-05-connection-workspace-authority/sources-expanded-114/after-01/actual-http-readiness.json
 create mode 100644 specs/artifacts/2026-10-05-connection-workspace-authority/sources-expanded-114/after-01/archive-checker.log
 create mode 100644 specs/artifacts/2026-10-05-connection-workspace-authority/sources-expanded-114/after-01/child-independent-cim-and-receipt.json
 create mode 100644 specs/artifacts/2026-10-05-connection-workspace-authority/sources-expanded-114/after-01/helper-parse.json
 create mode 100644 specs/artifacts/2026-10-05-connection-workspace-authority/sources-expanded-114/after-01/history-ui-copy.before.ps1
 create mode 100644 specs/artifacts/2026-10-05-connection-workspace-authority/sources-expanded-114/after-01/history-ui-copy.diff
 create mode 100644 specs/artifacts/2026-10-05-connection-workspace-authority/sources-expanded-114/after-01/history-ui-copy.final.ps1
 create mode 100644 specs/artifacts/2026-10-05-connection-workspace-authority/sources-expanded-114/after-01/preparation-review.md
 create mode 100644 specs/artifacts/2026-10-05-connection-workspace-authority/sources-expanded-114/after-01/root-actual-agent-picker-snapshot.txt
 create mode 100644 specs/artifacts/2026-10-05-connection-workspace-authority/sources-expanded-114/after-01/root-constrained-intro-wrap-geometry.json
 create mode 100644 specs/artifacts/2026-10-05-connection-workspace-authority/sources-expanded-114/after-01/root-constrained-intro-wrap.png
 create mode 100644 specs/artifacts/2026-10-05-connection-workspace-authority/sources-expanded-114/after-01/root-constrained-main-geometry.json
 create mode 100644 specs/artifacts/2026-10-05-connection-workspace-authority/sources-expanded-114/after-01/root-constrained-main.png
 create mode 100644 specs/artifacts/2026-10-05-connection-workspace-authority/sources-expanded-114/after-01/root-constrained-principles-wrap-geometry.json
 create mode 100644 specs/artifacts/2026-10-05-connection-workspace-authority/sources-expanded-114/after-01/root-constrained-principles-wrap.png
 create mode 100644 specs/artifacts/2026-10-05-connection-workspace-authority/sources-expanded-114/after-01/root-final-bottom-geometry.json
 create mode 100644 specs/artifacts/2026-10-05-connection-workspace-authority/sources-expanded-114/after-01/root-fresh-independent-closure.json
 create mode 100644 specs/artifacts/2026-10-05-connection-workspace-authority/sources-expanded-114/after-01/root-narrow-enter-settled.json
 create mode 100644 specs/artifacts/2026-10-05-connection-workspace-authority/sources-expanded-114/after-01/root-narrow-link-focus-tooltip.png
 create mode 100644 specs/artifacts/2026-10-05-connection-workspace-authority/sources-expanded-114/after-01/root-narrow-space-settled.json
 create mode 100644 specs/artifacts/2026-10-05-connection-workspace-authority/sources-expanded-114/after-01/root-narrow-three-open-geometry.json
 create mode 100644 specs/artifacts/2026-10-05-connection-workspace-authority/sources-expanded-114/after-01/root-narrow-three-open.png
 create mode 100644 specs/artifacts/2026-10-05-connection-workspace-authority/sources-expanded-114/after-01/root-narrow-three-visible-geometry.json
 create mode 100644 specs/artifacts/2026-10-05-connection-workspace-authority/sources-expanded-114/after-01/root-narrow-three-visible.png
 create mode 100644 specs/artifacts/2026-10-05-connection-workspace-authority/sources-expanded-114/after-01/root-source-link-actual-destination.json
 create mode 100644 specs/artifacts/2026-10-05-connection-workspace-authority/sources-expanded-114/after-01/root-source-link-actual-destination.png
 create mode 100644 specs/artifacts/2026-10-05-connection-workspace-authority/sources-expanded-114/after-01/root-wide-before-open.json
 create mode 100644 specs/artifacts/2026-10-05-connection-workspace-authority/sources-expanded-114/after-01/root-wide-intro-open-geometry.json
 create mode 100644 specs/artifacts/2026-10-05-connection-workspace-authority/sources-expanded-114/after-01/root-wide-intro-open.png
 create mode 100644 specs/artifacts/2026-10-05-connection-workspace-authority/sources-expanded-114/after-01/sources-expanded-after-114-01-final-provider-audit.json
 create mode 100644 specs/artifacts/2026-10-05-connection-workspace-authority/sources-expanded-114/after-01/sources-expanded-after-114-01-history-copy.json
 create mode 100644 specs/artifacts/2026-10-05-connection-workspace-authority/sources-expanded-114/after-01/sources-expanded-after-114-01-http-summary.json
 create mode 100644 specs/artifacts/2026-10-05-connection-workspace-authority/sources-expanded-114/after-01/sources-expanded-after-114-01-independent-closure.json
 create mode 100644 specs/artifacts/2026-10-05-connection-workspace-authority/sources-expanded-114/after-01/sources-expanded-after-114-01-launch-arguments.json
 create mode 100644 specs/artifacts/2026-10-05-connection-workspace-authority/sources-expanded-114/after-01/sources-expanded-after-114-01-launch-owner.json
 create mode 100644 specs/artifacts/2026-10-05-connection-workspace-authority/sources-expanded-114/after-01/sources-expanded-after-114-01-launch.log
 create mode 100644 specs/artifacts/2026-10-05-connection-workspace-authority/sources-expanded-114/after-01/sources-expanded-after-114-01-launcher.json
 create mode 100644 specs/artifacts/2026-10-05-connection-workspace-authority/sources-expanded-114/after-01/sources-expanded-after-114-01-native-host-ready.json
 create mode 100644 specs/artifacts/2026-10-05-connection-workspace-authority/sources-expanded-114/after-01/sources-expanded-after-114-01-native-host-settled.json
 create mode 100644 specs/artifacts/2026-10-05-connection-workspace-authority/sources-expanded-114/after-01/sources-expanded-after-114-01-physical-terminal-and-pair-cleanup.json
 create mode 100644 specs/artifacts/2026-10-05-connection-workspace-authority/sources-expanded-114/after-01/sources-expanded-after-114-01-runtime.log
 create mode 100644 specs/artifacts/2026-10-05-connection-workspace-authority/sources-expanded-114/after-01/sources-expanded-after-114-01-settlement-owner.json
 create mode 100644 specs/artifacts/2026-10-05-connection-workspace-authority/sources-expanded-114/after-01/sources-expanded-after-114-01-shutdown-admission.json
 create mode 100644 specs/artifacts/2026-10-05-connection-workspace-authority/sources-expanded-114/after-01/sources-expanded-after-114-01-shutdown.log
 create mode 100644 specs/artifacts/2026-10-05-connection-workspace-authority/sources-expanded-114/after-01/sources-expanded-after-114-01-startup.json
 create mode 100644 specs/artifacts/2026-10-05-connection-workspace-authority/sources-expanded-114/after-01/sources-expanded-after-114-01-unknown-timestamp.log
 create mode 100644 specs/artifacts/2026-10-05-connection-workspace-authority/sources-expanded-114/final-build.log
 create mode 100644 specs/artifacts/2026-10-05-connection-workspace-authority/sources-expanded-114/final-docs-before.log
 create mode 100644 specs/artifacts/2026-10-05-connection-workspace-authority/sources-expanded-114/final-docs.log
 create mode 100644 specs/artifacts/2026-10-05-connection-workspace-authority/sources-expanded-114/final-repair.diff
 create mode 100644 specs/artifacts/2026-10-05-connection-workspace-authority/sources-expanded-114/final-types.log
 create mode 100644 specs/artifacts/2026-10-05-connection-workspace-authority/sources-expanded-114/messages.before.css
 create mode 100644 specs/artifacts/2026-10-05-connection-workspace-authority/sources-expanded-114/messages.final.css
 create mode 100644 specs/artifacts/2026-10-05-connection-workspace-authority/sources-expanded-114/owned-generated-debug-artifacts.json
 create mode 100644 specs/artifacts/2026-10-05-connection-workspace-authority/sources-expanded-114/previous-113-commit.log
 create mode 100644 specs/artifacts/2026-10-05-connection-workspace-authority/sources-expanded-114/previous-113-confirm-fetch.log
 create mode 100644 specs/artifacts/2026-10-05-connection-workspace-authority/sources-expanded-114/previous-113-delivery-ack.json
 create mode 100644 specs/artifacts/2026-10-05-connection-workspace-authority/sources-expanded-114/previous-113-docs-final.log
 create mode 100644 specs/artifacts/2026-10-05-connection-workspace-authority/sources-expanded-114/previous-113-fetch.log
 create mode 100644 specs/artifacts/2026-10-05-connection-workspace-authority/sources-expanded-114/previous-113-normal-push.log
 create mode 100644 specs/artifacts/2026-10-05-connection-workspace-authority/sources-expanded-114/previous-113-upstream-merge.log
 create mode 100644 specs/artifacts/2026-10-05-connection-workspace-authority/sources-expanded-114/root-manual-review.md
 create mode 100644 specs/artifacts/2026-10-05-connection-workspace-authority/sources-expanded-plan-114.md
 create mode 100644 specs/records/2026-10/2026-10-08-sources-expanded.md
