 Downloading crates ...
  Downloaded async-recursion v1.1.1
  Downloaded async-channel v2.5.0
  Downloaded async-process v2.5.0
  Downloaded async-io v2.6.0
  Downloaded async-executor v1.14.0
  Downloaded async-lock v3.4.2
  Downloaded async-broadcast v0.7.2
  Downloaded dlopen2_derive v0.4.3
  Downloaded async-signal v0.2.13
  Downloaded const-random v0.1.18
  Downloaded event-listener-strategy v0.5.4
  Downloaded const-random-macro v0.1.16
  Downloaded dlopen2 v0.8.2
  Downloaded errno v0.3.14
  Downloaded async-trait v0.1.89
  Downloaded gethostname v1.1.0
  Downloaded enumflags2 v0.7.12
  Downloaded dlv-list v0.5.2
  Downloaded async-task v4.7.1
  Downloaded downcast-rs v1.2.1
  Downloaded crunchy v0.2.4
  Downloaded blocking v1.6.2
  Downloaded dbus v0.9.11
  Downloaded concurrent-queue v2.5.0
  Downloaded futures-executor v0.3.32
  Downloaded endi v1.1.1
  Downloaded enumflags2_derive v0.7.12
  Downloaded is-docker v0.2.0
  Downloaded is-wsl v0.4.0
  Downloaded iana-time-zone v0.1.65
  Downloaded openssl-probe v0.2.1
  Downloaded ordered-stream v0.2.0
  Downloaded linux-raw-sys v0.12.1
  Downloaded ordered-multimap v0.7.3
  Downloaded pathdiff v0.2.3
  Downloaded piper v0.2.5
  Downloaded polling v3.11.0
  Downloaded pkg-config v0.3.32
  Downloaded proc-macro-crate v3.5.0
  Downloaded proc-macro-crate v2.0.2
  Downloaded quick-xml v0.41.0
  Downloaded schannel v0.1.29
  Downloaded rust-ini v0.21.3
  Downloaded rustls-native-certs v0.8.4
  Downloaded rustix v1.1.4
  Downloaded serde_spanned v0.6.9
  Downloaded signal-hook-registry v1.4.8
  Downloaded tiny-keccak v2.0.2
  Downloaded toml v0.8.2
  Downloaded toml_datetime v0.6.3
  Downloaded toml_edit v0.20.2
  Downloaded tree_magic_mini v3.2.2
  Downloaded version-compare v0.2.1
  Downloaded uds_windows v1.2.0
  Downloaded wayland-backend v0.3.16
  Downloaded wayland-protocols-wlr v0.3.12
  Downloaded wayland-scanner v0.31.11
  Downloaded wayland-client v0.31.15
  Downloaded wayland-protocols v0.32.13
  Downloaded wayland-sys v0.31.11
  Downloaded windows_x86_64_gnu v0.53.1
  Downloaded wl-clipboard-rs v0.9.3
  Downloaded zvariant v5.10.0
  Downloaded xattr v1.6.1
  Downloaded zvariant_derive v5.10.0
  Downloaded x11rb v0.13.2
  Downloaded zbus_names v4.3.1
  Downloaded zvariant_utils v3.3.0
  Downloaded zbus_macros v5.14.0
  Downloaded zbus v5.14.0
  Downloaded x11rb-protocol v0.13.2
   Compiling parking v2.2.1
   Compiling pin-project-lite v0.2.17
   Compiling event-listener v5.4.2
    Finished `release` profile [optimized] target(s) in 6.10s
