[1/1] START test/server/expert-squad-selection-eligibility.test.ts
bun test v1.3.14 (0d9b296a) 1x PARALLEL

test\isolated-test-entry.test.ts:
(pass) inactive builtin, project and global winners support real Project and ordinary Session selection [4161.22ms]
(pass) selected physical global package reports project winner and preserves reservations and duplicate errors [4841.90ms]
(pass) built-in collision is unavailable while a valid Project winner overrides a broken global package [4374.47ms]
311 |   })
312 |   expect(JSON.parse(await fs.readFile(ConfigPaths.projectFile(project.path), "utf8")).prompt_profile.active).toBe(
313 |     "research-studio",
314 |   )
315 |   const taskCatalog = await request(project.path, `/expert-squad/catalog?sessionID=${fixture.root.id}`)
316 |   expect({ status: taskCatalog.status, active: taskCatalog.body.active }).toMatchObject({
                                                                                ^
error: expect(received).toMatchObject(expected)

  {
    "active": {
      "effective": "base",
+     "name": "Base",
      "package_revision": {
        "id": "base",
        "namespace": "builtin",
-       "package_digest": undefined,
+       "package_digest": "f27e9b9ce9cda0ca5ff4bdb5f1cf62e245466184026e7ed306bb0fb197b6f1bf",
+       "project_id": null,
+       "scope": "built_in",
        "version": "2026.09.30.1",
      },
      "project": "research-studio",
+     "session_override": "base",
    },
    "status": 200,
  }

- Expected  - 1
+ Received  + 5

      at <anonymous> (D:\myhexin-local\opencorvus\packages\opencorvus\test\server\expert-squad-selection-eligibility.test.ts:316:75)
(fail) fixed Task changed-ID returns409 and retains actual package binding while missing model stays distinct [5118.81ms]
(pass) held actual selected loader reports generation400 then accepts the next coherent detail [4161.85ms]

 4 pass
 1 fail
 42 expect() calls
Ran 5 tests across 1 file. [25.40s]
OpenCorvus test file failed (exit=1): D:\myhexin-local\opencorvus\packages\opencorvus\test\server\expert-squad-selection-eligibility.test.ts
[1/1] DONE test/server/expert-squad-selection-eligibility.test.ts exit=1 duration=26.23s
OpenCorvus failed test files (1):
D:\myhexin-local\opencorvus\packages\opencorvus\test\server\expert-squad-selection-eligibility.test.ts
