[main e867e838] fix: preserve sidebar pointer displacement
 78 files changed, 6748 insertions(+), 8 deletions(-)
 create mode 100644 specs/artifacts/2026-10-05-connection-workspace-authority/sidebar-pointer-resize-implementation-plan.md
 create mode 100644 specs/artifacts/2026-10-05-connection-workspace-authority/sidebar-pointer-resize-implementation/07-panel-before.txt
 create mode 100644 specs/artifacts/2026-10-05-connection-workspace-authority/sidebar-pointer-resize-implementation/07-panel-final.txt
 create mode 100644 specs/artifacts/2026-10-05-connection-workspace-authority/sidebar-pointer-resize-implementation/README.md
 create mode 100644 specs/artifacts/2026-10-05-connection-workspace-authority/sidebar-pointer-resize-implementation/geometry-09-before.json
 create mode 100644 specs/artifacts/2026-10-05-connection-workspace-authority/sidebar-pointer-resize-implementation/geometry-09-collapsed-transition.json
 create mode 100644 specs/artifacts/2026-10-05-connection-workspace-authority/sidebar-pointer-resize-implementation/geometry-09-drag-minus48.json
 create mode 100644 specs/artifacts/2026-10-05-connection-workspace-authority/sidebar-pointer-resize-implementation/geometry-09-final-clean.json
 create mode 100644 specs/artifacts/2026-10-05-connection-workspace-authority/sidebar-pointer-resize-implementation/geometry-09-final-restored.json
 create mode 100644 specs/artifacts/2026-10-05-connection-workspace-authority/sidebar-pointer-resize-implementation/geometry-09-keyboard-end-max-transition.json
 create mode 100644 specs/artifacts/2026-10-05-connection-workspace-authority/sidebar-pointer-resize-implementation/geometry-09-keyboard-home-min.json
 create mode 100644 specs/artifacts/2026-10-05-connection-workspace-authority/sidebar-pointer-resize-implementation/geometry-09-keyboard-left24.json
 create mode 100644 specs/artifacts/2026-10-05-connection-workspace-authority/sidebar-pointer-resize-implementation/geometry-09-keyboard-right24.json
 create mode 100644 specs/artifacts/2026-10-05-connection-workspace-authority/sidebar-pointer-resize-implementation/geometry-09-maximum-settled.json
 create mode 100644 specs/artifacts/2026-10-05-connection-workspace-authority/sidebar-pointer-resize-implementation/geometry-09-minimum-settled.json
 create mode 100644 specs/artifacts/2026-10-05-connection-workspace-authority/sidebar-pointer-resize-implementation/geometry-09-no-motion-press.json
 create mode 100644 specs/artifacts/2026-10-05-connection-workspace-authority/sidebar-pointer-resize-implementation/geometry-09-nondefault248-after-reload.json
 create mode 100644 specs/artifacts/2026-10-05-connection-workspace-authority/sidebar-pointer-resize-implementation/geometry-09-nondefault248-before-reload.json
 create mode 100644 specs/artifacts/2026-10-05-connection-workspace-authority/sidebar-pointer-resize-implementation/geometry-09-reopened.json
 create mode 100644 specs/artifacts/2026-10-05-connection-workspace-authority/sidebar-pointer-resize-implementation/geometry-09-restore-from-max.json
 create mode 100644 specs/artifacts/2026-10-05-connection-workspace-authority/sidebar-pointer-resize-implementation/geometry-09-reverse-plus48.json
 create mode 100644 specs/artifacts/2026-10-05-connection-workspace-authority/sidebar-pointer-resize-implementation/geometry-09-right-dock-open.json
 create mode 100644 specs/artifacts/2026-10-05-connection-workspace-authority/sidebar-pointer-resize-implementation/independent-source-review.md
 create mode 100644 specs/artifacts/2026-10-05-connection-workspace-authority/sidebar-pointer-resize-implementation/manual-inputs-09.json
 create mode 100644 specs/artifacts/2026-10-05-connection-workspace-authority/sidebar-pointer-resize-implementation/pane-before.txt
 create mode 100644 specs/artifacts/2026-10-05-connection-workspace-authority/sidebar-pointer-resize-implementation/pane-final.txt
 create mode 100644 specs/artifacts/2026-10-05-connection-workspace-authority/sidebar-pointer-resize-implementation/previous-task-outcome-commit-08.log
 create mode 100644 specs/artifacts/2026-10-05-connection-workspace-authority/sidebar-pointer-resize-implementation/previous-task-outcome-push-08.log
 create mode 100644 specs/artifacts/2026-10-05-connection-workspace-authority/sidebar-pointer-resize-implementation/settings-09-geometry.json
 create mode 100644 specs/artifacts/2026-10-05-connection-workspace-authority/sidebar-pointer-resize-implementation/settings-09-smoke.png
 create mode 100644 specs/artifacts/2026-10-05-connection-workspace-authority/sidebar-pointer-resize-implementation/sidebar-pointer-09-before.png
 create mode 100644 specs/artifacts/2026-10-05-connection-workspace-authority/sidebar-pointer-resize-implementation/sidebar-pointer-09-collapsed-transition.png
 create mode 100644 specs/artifacts/2026-10-05-connection-workspace-authority/sidebar-pointer-resize-implementation/sidebar-pointer-09-drag-minus48.png
 create mode 100644 specs/artifacts/2026-10-05-connection-workspace-authority/sidebar-pointer-resize-implementation/sidebar-pointer-09-final-clean.png
 create mode 100644 specs/artifacts/2026-10-05-connection-workspace-authority/sidebar-pointer-resize-implementation/sidebar-pointer-09-final-restored.png
 create mode 100644 specs/artifacts/2026-10-05-connection-workspace-authority/sidebar-pointer-resize-implementation/sidebar-pointer-09-keyboard-end-max-transition.png
 create mode 100644 specs/artifacts/2026-10-05-connection-workspace-authority/sidebar-pointer-resize-implementation/sidebar-pointer-09-keyboard-home-min.png
 create mode 100644 specs/artifacts/2026-10-05-connection-workspace-authority/sidebar-pointer-resize-implementation/sidebar-pointer-09-keyboard-left24.png
 create mode 100644 specs/artifacts/2026-10-05-connection-workspace-authority/sidebar-pointer-resize-implementation/sidebar-pointer-09-keyboard-right24.png
 create mode 100644 specs/artifacts/2026-10-05-connection-workspace-authority/sidebar-pointer-resize-implementation/sidebar-pointer-09-maximum-settled.png
 create mode 100644 specs/artifacts/2026-10-05-connection-workspace-authority/sidebar-pointer-resize-implementation/sidebar-pointer-09-minimum-settled.png
 create mode 100644 specs/artifacts/2026-10-05-connection-workspace-authority/sidebar-pointer-resize-implementation/sidebar-pointer-09-no-motion-press.png
 create mode 100644 specs/artifacts/2026-10-05-connection-workspace-authority/sidebar-pointer-resize-implementation/sidebar-pointer-09-nondefault248-after-reload.png
 create mode 100644 specs/artifacts/2026-10-05-connection-workspace-authority/sidebar-pointer-resize-implementation/sidebar-pointer-09-nondefault248-before-reload.png
 create mode 100644 specs/artifacts/2026-10-05-connection-workspace-authority/sidebar-pointer-resize-implementation/sidebar-pointer-09-reopened.png
 create mode 100644 specs/artifacts/2026-10-05-connection-workspace-authority/sidebar-pointer-resize-implementation/sidebar-pointer-09-restore-from-max.png
 create mode 100644 specs/artifacts/2026-10-05-connection-workspace-authority/sidebar-pointer-resize-implementation/sidebar-pointer-09-reverse-plus48.png
 create mode 100644 specs/artifacts/2026-10-05-connection-workspace-authority/sidebar-pointer-resize-implementation/sidebar-pointer-09-right-dock-open.png
 create mode 100644 specs/artifacts/2026-10-05-connection-workspace-authority/sidebar-pointer-resize-implementation/sidebar-pointer-build-09-exit.json
 create mode 100644 specs/artifacts/2026-10-05-connection-workspace-authority/sidebar-pointer-resize-implementation/sidebar-pointer-build-09.log
 create mode 100644 specs/artifacts/2026-10-05-connection-workspace-authority/sidebar-pointer-resize-implementation/sidebar-pointer-docs-09-exit.json
 create mode 100644 specs/artifacts/2026-10-05-connection-workspace-authority/sidebar-pointer-resize-implementation/sidebar-pointer-docs-09.log
 create mode 100644 specs/artifacts/2026-10-05-connection-workspace-authority/sidebar-pointer-resize-implementation/sidebar-pointer-format-09.log
 create mode 100644 specs/artifacts/2026-10-05-connection-workspace-authority/sidebar-pointer-resize-implementation/sidebar-pointer-types-09-exit.json
 create mode 100644 specs/artifacts/2026-10-05-connection-workspace-authority/sidebar-pointer-resize-implementation/sidebar-pointer-types-09.log
 create mode 100644 specs/artifacts/2026-10-05-connection-workspace-authority/sidebar-pointer-resize-implementation/sidebar-pointer-ui-09-durable-before.json
 create mode 100644 specs/artifacts/2026-10-05-connection-workspace-authority/sidebar-pointer-resize-implementation/sidebar-pointer-ui-09-http-assets.json
 create mode 100644 specs/artifacts/2026-10-05-connection-workspace-authority/sidebar-pointer-resize-implementation/sidebar-pointer-ui-09-http.json
 create mode 100644 specs/artifacts/2026-10-05-connection-workspace-authority/sidebar-pointer-resize-implementation/sidebar-pointer-ui-09-independent-terminal.json
 create mode 100644 specs/artifacts/2026-10-05-connection-workspace-authority/sidebar-pointer-resize-implementation/sidebar-pointer-ui-09-launch.json
 create mode 100644 specs/artifacts/2026-10-05-connection-workspace-authority/sidebar-pointer-resize-implementation/sidebar-pointer-ui-09-owner.json
 create mode 100644 specs/artifacts/2026-10-05-connection-workspace-authority/sidebar-pointer-resize-implementation/sidebar-pointer-ui-09-physical-terminal.json
 create mode 100644 specs/artifacts/2026-10-05-connection-workspace-authority/sidebar-pointer-resize-implementation/sidebar-pointer-ui-09-retained-after.json
 create mode 100644 specs/artifacts/2026-10-05-connection-workspace-authority/sidebar-pointer-resize-implementation/sidebar-pointer-ui-09-retained-before.json
 create mode 100644 specs/artifacts/2026-10-05-connection-workspace-authority/sidebar-pointer-resize-implementation/sidebar-pointer-ui-09-runtime.log
 create mode 100644 specs/artifacts/2026-10-05-connection-workspace-authority/sidebar-pointer-resize-implementation/sidebar-pointer-ui-09-shutdown-admission.json
 create mode 100644 specs/artifacts/2026-10-05-connection-workspace-authority/sidebar-pointer-resize-implementation/sidebar-pointer-ui-09-startup.json
 create mode 100644 specs/artifacts/2026-10-05-connection-workspace-authority/sidebar-pointer-resize-implementation/sidebar-pointer-ui-09-stderr.log
 create mode 100644 specs/artifacts/2026-10-05-connection-workspace-authority/sidebar-pointer-resize-implementation/sidebar-pointer-ui-09-stdout.log
 create mode 100644 specs/artifacts/2026-10-05-connection-workspace-authority/sidebar-pointer-resize-implementation/source-diff.txt
 create mode 100644 specs/artifacts/2026-10-05-connection-workspace-authority/sidebar-pointer-resize-implementation/ui-launch-current.txt
 create mode 100644 specs/artifacts/2026-10-05-connection-workspace-authority/sidebar-pointer-resize-implementation/ui-shutdown-current.txt
