
status    : 200
id        : selection-squad-001
namespace : selection-check
operation : installed
error     : 

status    : 200
id        : selection-squad-002
namespace : selection-check
operation : installed
error     : 

status    : 200
id        : selection-squad-003
namespace : selection-check
operation : installed
error     : 

status    : 200
id        : selection-squad-004
namespace : selection-check
operation : installed
error     : 

status    : 200
id        : selection-squad-005
namespace : selection-check
operation : installed
error     : 

status    : 200
id        : selection-squad-006
namespace : selection-check
operation : installed
error     : 

status    : 200
id        : selection-squad-007
namespace : selection-check
operation : installed
error     : 

status    : 200
id        : selection-squad-008
namespace : selection-check
operation : installed
error     : 

status    : 200
id        : selection-squad-009
namespace : selection-check
operation : installed
error     : 

status    : 200
id        : selection-squad-010
namespace : selection-check
operation : installed
error     : 

status    : 200
id        : selection-squad-011
namespace : selection-check
operation : installed
error     : 

status    : 200
id        : selection-squad-012
namespace : selection-check
operation : installed
error     : 

status    : 200
id        : selection-squad-013
namespace : selection-check
operation : installed
error     : 

status    : 200
id        : selection-squad-014
namespace : selection-check
operation : installed
error     : 

status    : 200
id        : selection-squad-015
namespace : selection-check
operation : installed
error     : 

status    : 200
id        : selection-squad-016
namespace : selection-check
operation : installed
error     : 

status    : 200
id        : selection-squad-017
namespace : selection-check
operation : installed
error     : 

status    : 200
id        : selection-squad-018
namespace : selection-check
operation : installed
error     : 

status    : 200
id        : selection-squad-019
namespace : selection-check
operation : installed
error     : 

status    : 200
id        : selection-squad-020
namespace : selection-check
operation : installed
error     : 

status    : 200
id        : selection-squad-021
namespace : selection-check
operation : installed
error     : 

