[1/1] START test/session-directory-filter.test.ts
bun test v1.3.14 (0d9b296a) 1x PARALLEL

test\isolated-test-entry.test.ts:
{"checkerPhase":"directory.http.begin","route":"/session","directory":"C:\\Users\\hengu\\AppData\\Local\\Temp\\opencorvus-test-run-47rKKG\\test-37816-cyxqcU\\fixtures\\memory-ZXYK18\\filter-a"}
{"checkerPhase":"directory.http.result","route":"/session","directory":"C:\\Users\\hengu\\AppData\\Local\\Temp\\opencorvus-test-run-47rKKG\\test-37816-cyxqcU\\fixtures\\memory-ZXYK18\\filter-a","durationMilliseconds":762.977499999999,"status":200,"bodyKind":"array","ids":["ses_-zUSmAI2lzz43q76Wh91","ses_-zUSmAIBHzzkBFyKcdYS","ses_-zUSmAIBazzX7YV5N3Rj"],"requestID":"d9e372e7-7f5e-47c2-b488-3e3c1f2b8619"}
{"checkerPhase":"directory.http.begin","route":"/session/global","directory":"C:\\Users\\hengu\\AppData\\Local\\Temp\\opencorvus-test-run-47rKKG\\test-37816-cyxqcU\\fixtures\\memory-ZXYK18\\filter-a"}
{"checkerPhase":"directory.http.result","route":"/session/global","directory":"C:\\Users\\hengu\\AppData\\Local\\Temp\\opencorvus-test-run-47rKKG\\test-37816-cyxqcU\\fixtures\\memory-ZXYK18\\filter-a","durationMilliseconds":3.3690999999998894,"status":200,"bodyKind":"array","ids":["ses_-zUSmAI2lzz43q76Wh91","ses_-zUSmAIBHzzkBFyKcdYS","ses_-zUSmAIBazzX7YV5N3Rj"],"requestID":"ebff01a8-9335-4c86-98fb-870b0b6b0c4d"}
{"checkerPhase":"directory.http.begin","route":"/mission","directory":"C:\\Users\\hengu\\AppData\\Local\\Temp\\opencorvus-test-run-47rKKG\\test-37816-cyxqcU\\fixtures\\memory-ZXYK18\\filter-a"}
{"checkerPhase":"directory.http.result","route":"/mission","directory":"C:\\Users\\hengu\\AppData\\Local\\Temp\\opencorvus-test-run-47rKKG\\test-37816-cyxqcU\\fixtures\\memory-ZXYK18\\filter-a","durationMilliseconds":6.065300000000207,"status":200,"bodyKind":"array","ids":["ses_-zUSmAIBazzX7YV5N3Rj"],"requestID":"32b82fde-c228-4093-86bb-f0daa9259f46"}
{"checkerPhase":"directory.http.begin","route":"/global/tasks","directory":"C:\\Users\\hengu\\AppData\\Local\\Temp\\opencorvus-test-run-47rKKG\\test-37816-cyxqcU\\fixtures\\memory-ZXYK18\\filter-a"}
{"checkerPhase":"directory.http.result","route":"/global/tasks","directory":"C:\\Users\\hengu\\AppData\\Local\\Temp\\opencorvus-test-run-47rKKG\\test-37816-cyxqcU\\fixtures\\memory-ZXYK18\\filter-a","durationMilliseconds":4.485599999999977,"status":200,"bodyKind":"object","keys":["summary","tasks"],"requestID":"b434b8ce-8cea-4a89-b30c-233a14c5ac93"}
{"checkerPhase":"directory.http.begin","route":"/session","directory":"C:/Users/hengu/AppData/Local/Temp/opencorvus-test-run-47rKKG/test-37816-cyxqcU/fixtures/memory-ZXYK18/filter-a"}
{"checkerPhase":"directory.http.result","route":"/session","directory":"C:/Users/hengu/AppData/Local/Temp/opencorvus-test-run-47rKKG/test-37816-cyxqcU/fixtures/memory-ZXYK18/filter-a","durationMilliseconds":2.449899999999616,"status":200,"bodyKind":"array","ids":["ses_-zUSmAI2lzz43q76Wh91","ses_-zUSmAIBHzzkBFyKcdYS","ses_-zUSmAIBazzX7YV5N3Rj"],"requestID":"dd449a6d-f25e-4951-a196-3c43d42c0d57"}
{"checkerPhase":"directory.http.begin","route":"/session/global","directory":"C:/Users/hengu/AppData/Local/Temp/opencorvus-test-run-47rKKG/test-37816-cyxqcU/fixtures/memory-ZXYK18/filter-a"}
{"checkerPhase":"directory.http.result","route":"/session/global","directory":"C:/Users/hengu/AppData/Local/Temp/opencorvus-test-run-47rKKG/test-37816-cyxqcU/fixtures/memory-ZXYK18/filter-a","durationMilliseconds":2.0604999999995925,"status":200,"bodyKind":"array","ids":["ses_-zUSmAI2lzz43q76Wh91","ses_-zUSmAIBHzzkBFyKcdYS","ses_-zUSmAIBazzX7YV5N3Rj"],"requestID":"7e233e89-4fa1-4d9c-8b9d-9577270a789f"}
{"checkerPhase":"directory.http.begin","route":"/mission","directory":"C:/Users/hengu/AppData/Local/Temp/opencorvus-test-run-47rKKG/test-37816-cyxqcU/fixtures/memory-ZXYK18/filter-a"}
{"checkerPhase":"directory.http.result","route":"/mission","directory":"C:/Users/hengu/AppData/Local/Temp/opencorvus-test-run-47rKKG/test-37816-cyxqcU/fixtures/memory-ZXYK18/filter-a","durationMilliseconds":2.590199999998731,"status":200,"bodyKind":"array","ids":["ses_-zUSmAIBazzX7YV5N3Rj"],"requestID":"da704218-afd7-48eb-85a6-929771b659ee"}
{"checkerPhase":"directory.http.begin","route":"/global/tasks","directory":"C:/Users/hengu/AppData/Local/Temp/opencorvus-test-run-47rKKG/test-37816-cyxqcU/fixtures/memory-ZXYK18/filter-a"}
{"checkerPhase":"directory.http.result","route":"/global/tasks","directory":"C:/Users/hengu/AppData/Local/Temp/opencorvus-test-run-47rKKG/test-37816-cyxqcU/fixtures/memory-ZXYK18/filter-a","durationMilliseconds":3.093300000000454,"status":200,"bodyKind":"object","keys":["summary","tasks"],"requestID":"4444a4ac-cec9-4478-9094-cda5d91497f0"}
{"checkerPhase":"directory.http.begin","route":"/session","directory":"C:\\USERS\\HENGU\\APPDATA\\LOCAL\\TEMP\\OPENCORVUS-TEST-RUN-47RKKG\\TEST-37816-CYXQCU\\FIXTURES\\MEMORY-ZXYK18\\FILTER-A"}
{"checkerPhase":"directory.http.result","route":"/session","directory":"C:\\USERS\\HENGU\\APPDATA\\LOCAL\\TEMP\\OPENCORVUS-TEST-RUN-47RKKG\\TEST-37816-CYXQCU\\FIXTURES\\MEMORY-ZXYK18\\FILTER-A","durationMilliseconds":2.5437999999994645,"status":200,"bodyKind":"array","ids":["ses_-zUSmAI2lzz43q76Wh91","ses_-zUSmAIBHzzkBFyKcdYS","ses_-zUSmAIBazzX7YV5N3Rj"],"requestID":"f6e5a591-f6dd-494e-b838-11b7bcaefe81"}
{"checkerPhase":"directory.http.begin","route":"/session/global","directory":"C:\\USERS\\HENGU\\APPDATA\\LOCAL\\TEMP\\OPENCORVUS-TEST-RUN-47RKKG\\TEST-37816-CYXQCU\\FIXTURES\\MEMORY-ZXYK18\\FILTER-A"}
{"checkerPhase":"directory.http.result","route":"/session/global","directory":"C:\\USERS\\HENGU\\APPDATA\\LOCAL\\TEMP\\OPENCORVUS-TEST-RUN-47RKKG\\TEST-37816-CYXQCU\\FIXTURES\\MEMORY-ZXYK18\\FILTER-A","durationMilliseconds":2.772100000000137,"status":200,"bodyKind":"array","ids":["ses_-zUSmAI2lzz43q76Wh91","ses_-zUSmAIBHzzkBFyKcdYS","ses_-zUSmAIBazzX7YV5N3Rj"],"requestID":"dc08c03d-8203-4a72-81dc-2f2a4e2ce2a4"}
{"checkerPhase":"directory.http.begin","route":"/mission","directory":"C:\\USERS\\HENGU\\APPDATA\\LOCAL\\TEMP\\OPENCORVUS-TEST-RUN-47RKKG\\TEST-37816-CYXQCU\\FIXTURES\\MEMORY-ZXYK18\\FILTER-A"}
{"checkerPhase":"directory.http.result","route":"/mission","directory":"C:\\USERS\\HENGU\\APPDATA\\LOCAL\\TEMP\\OPENCORVUS-TEST-RUN-47RKKG\\TEST-37816-CYXQCU\\FIXTURES\\MEMORY-ZXYK18\\FILTER-A","durationMilliseconds":2.976700000001074,"status":200,"bodyKind":"array","ids":["ses_-zUSmAIBazzX7YV5N3Rj"],"requestID":"2ccc6b2d-5910-46f5-a2a4-dee19098b46e"}
{"checkerPhase":"directory.http.begin","route":"/global/tasks","directory":"C:\\USERS\\HENGU\\APPDATA\\LOCAL\\TEMP\\OPENCORVUS-TEST-RUN-47RKKG\\TEST-37816-CYXQCU\\FIXTURES\\MEMORY-ZXYK18\\FILTER-A"}
{"checkerPhase":"directory.http.result","route":"/global/tasks","directory":"C:\\USERS\\HENGU\\APPDATA\\LOCAL\\TEMP\\OPENCORVUS-TEST-RUN-47RKKG\\TEST-37816-CYXQCU\\FIXTURES\\MEMORY-ZXYK18\\FILTER-A","durationMilliseconds":3.36830000000009,"status":200,"bodyKind":"object","keys":["summary","tasks"],"requestID":"9a71e6a7-496a-49aa-8232-9e67711748c9"}
{"checkerPhase":"directory.http.begin","route":"/session","directory":"C:\\Users\\hengu\\AppData\\Local\\Temp\\opencorvus-test-run-47rKKG\\test-37816-cyxqcU\\fixtures\\memory-ZXYK18\\filter-a\\"}
{"checkerPhase":"directory.http.result","route":"/session","directory":"C:\\Users\\hengu\\AppData\\Local\\Temp\\opencorvus-test-run-47rKKG\\test-37816-cyxqcU\\fixtures\\memory-ZXYK18\\filter-a\\","durationMilliseconds":2.738099999998667,"status":200,"bodyKind":"array","ids":["ses_-zUSmAI2lzz43q76Wh91","ses_-zUSmAIBHzzkBFyKcdYS","ses_-zUSmAIBazzX7YV5N3Rj"],"requestID":"50a72d21-8156-404e-8ec3-fdcaa73cc608"}
{"checkerPhase":"directory.http.begin","route":"/session/global","directory":"C:\\Users\\hengu\\AppData\\Local\\Temp\\opencorvus-test-run-47rKKG\\test-37816-cyxqcU\\fixtures\\memory-ZXYK18\\filter-a\\"}
{"checkerPhase":"directory.http.result","route":"/session/global","directory":"C:\\Users\\hengu\\AppData\\Local\\Temp\\opencorvus-test-run-47rKKG\\test-37816-cyxqcU\\fixtures\\memory-ZXYK18\\filter-a\\","durationMilliseconds":2.361399999999776,"status":200,"bodyKind":"array","ids":["ses_-zUSmAI2lzz43q76Wh91","ses_-zUSmAIBHzzkBFyKcdYS","ses_-zUSmAIBazzX7YV5N3Rj"],"requestID":"c5dd7ab4-61ac-4705-bfa7-d1eefded4a21"}
{"checkerPhase":"directory.http.begin","route":"/mission","directory":"C:\\Users\\hengu\\AppData\\Local\\Temp\\opencorvus-test-run-47rKKG\\test-37816-cyxqcU\\fixtures\\memory-ZXYK18\\filter-a\\"}
{"checkerPhase":"directory.http.result","route":"/mission","directory":"C:\\Users\\hengu\\AppData\\Local\\Temp\\opencorvus-test-run-47rKKG\\test-37816-cyxqcU\\fixtures\\memory-ZXYK18\\filter-a\\","durationMilliseconds":2.5961999999999534,"status":200,"bodyKind":"array","ids":["ses_-zUSmAIBazzX7YV5N3Rj"],"requestID":"64894e29-4d79-4c91-b5df-9eb07bea4892"}
{"checkerPhase":"directory.http.begin","route":"/global/tasks","directory":"C:\\Users\\hengu\\AppData\\Local\\Temp\\opencorvus-test-run-47rKKG\\test-37816-cyxqcU\\fixtures\\memory-ZXYK18\\filter-a\\"}
{"checkerPhase":"directory.http.result","route":"/global/tasks","directory":"C:\\Users\\hengu\\AppData\\Local\\Temp\\opencorvus-test-run-47rKKG\\test-37816-cyxqcU\\fixtures\\memory-ZXYK18\\filter-a\\","durationMilliseconds":3.481999999999971,"status":200,"bodyKind":"object","keys":["summary","tasks"],"requestID":"a7965003-d3b4-48f1-9765-da241052796e"}
(pass) Windows lexical filters preserve real Session/Mission/Task scope and pagination through stores and routes [8226.08ms]
{"checkerPhase":"directory.http.begin","route":"/session/global","directory":"/unsupported-posix/path"}
{"checkerPhase":"directory.http.result","route":"/session/global","directory":"/unsupported-posix/path","durationMilliseconds":1.0331000000005588,"status":400,"bodyKind":"object","keys":["name","data"],"errorName":"InvalidDirectoryError","reason":"posix-path-on-windows","message":"Cannot resolve \"/unsupported-posix/path\" on win32: this is a POSIX-style path that is not a recognized Git Bash / Cygwin / WSL mount. Set OPENCORVUS_WINDOWS_DRIVE_MOUNTS to add custom mount roots.","requestID":"19b2bb4c-882c-45cc-a91b-ac519a716945"}
(pass) invalid cross-platform directory filters preserve the named error and actual global route response [144.97ms]
(pass) Mission directory filtering precedes compound pagination and retains exact sibling output [1737.90ms]

 3 pass
 0 fail
 56 expect() calls
Ran 3 tests across 1 file. [13.04s]
[1/1] DONE test/session-directory-filter.test.ts exit=0 duration=13.27s
