[1/1] START test/session-directory-filter.test.ts
bun test v1.3.14 (0d9b296a) 1x PARALLEL

test\isolated-test-entry.test.ts:
{"checkerPhase":"directory.http.begin","route":"/session","directory":"C:\\Users\\hengu\\AppData\\Local\\Temp\\opencorvus-test-run-PYW8Xn\\test-75940-tApuMg\\fixtures\\memory-sbWRwm\\filter-a"}
{"checkerPhase":"directory.http.result","route":"/session","directory":"C:\\Users\\hengu\\AppData\\Local\\Temp\\opencorvus-test-run-PYW8Xn\\test-75940-tApuMg\\fixtures\\memory-sbWRwm\\filter-a","durationMilliseconds":946.0424999999996,"status":200,"bodyKind":"array","ids":["ses_-zUSm8VZEzzVlchGh3Fy","ses_-zUSm8VkpzzdHYxsrOV6","ses_-zUSm8VlCzz6yILzB8qY"],"requestID":"924923d8-2d63-4b9b-8473-8ed464c3b46a"}
{"checkerPhase":"directory.http.begin","route":"/session/global","directory":"C:\\Users\\hengu\\AppData\\Local\\Temp\\opencorvus-test-run-PYW8Xn\\test-75940-tApuMg\\fixtures\\memory-sbWRwm\\filter-a"}
{"checkerPhase":"directory.http.result","route":"/session/global","directory":"C:\\Users\\hengu\\AppData\\Local\\Temp\\opencorvus-test-run-PYW8Xn\\test-75940-tApuMg\\fixtures\\memory-sbWRwm\\filter-a","durationMilliseconds":4.354499999999462,"status":200,"bodyKind":"array","ids":["ses_-zUSm8VZEzzVlchGh3Fy","ses_-zUSm8VkpzzdHYxsrOV6","ses_-zUSm8VlCzz6yILzB8qY"],"requestID":"428549a8-7fbb-4b1e-89ba-e934133bbd07"}
{"checkerPhase":"directory.http.begin","route":"/mission","directory":"C:\\Users\\hengu\\AppData\\Local\\Temp\\opencorvus-test-run-PYW8Xn\\test-75940-tApuMg\\fixtures\\memory-sbWRwm\\filter-a"}
{"checkerPhase":"directory.http.result","route":"/mission","directory":"C:\\Users\\hengu\\AppData\\Local\\Temp\\opencorvus-test-run-PYW8Xn\\test-75940-tApuMg\\fixtures\\memory-sbWRwm\\filter-a","durationMilliseconds":8.490599999999176,"status":200,"bodyKind":"array","ids":["ses_-zUSm8VlCzz6yILzB8qY"],"requestID":"eb9e5799-0e5b-4000-a585-a0639fc0b052"}
{"checkerPhase":"directory.http.begin","route":"/global/tasks","directory":"C:\\Users\\hengu\\AppData\\Local\\Temp\\opencorvus-test-run-PYW8Xn\\test-75940-tApuMg\\fixtures\\memory-sbWRwm\\filter-a"}
{"checkerPhase":"directory.http.result","route":"/global/tasks","directory":"C:\\Users\\hengu\\AppData\\Local\\Temp\\opencorvus-test-run-PYW8Xn\\test-75940-tApuMg\\fixtures\\memory-sbWRwm\\filter-a","durationMilliseconds":6.900400000000445,"status":200,"bodyKind":"object","keys":["summary","tasks"],"requestID":"b9b3168b-8862-4dd6-abe4-8647754906ef"}
{"checkerPhase":"directory.http.begin","route":"/session","directory":"C:/Users/hengu/AppData/Local/Temp/opencorvus-test-run-PYW8Xn/test-75940-tApuMg/fixtures/memory-sbWRwm/filter-a"}
{"checkerPhase":"directory.http.result","route":"/session","directory":"C:/Users/hengu/AppData/Local/Temp/opencorvus-test-run-PYW8Xn/test-75940-tApuMg/fixtures/memory-sbWRwm/filter-a","durationMilliseconds":5.012799999998606,"status":200,"bodyKind":"array","ids":["ses_-zUSm8VZEzzVlchGh3Fy","ses_-zUSm8VkpzzdHYxsrOV6","ses_-zUSm8VlCzz6yILzB8qY"],"requestID":"f113a786-c001-4947-83cf-f1dd0029076f"}
{"checkerPhase":"directory.http.begin","route":"/session/global","directory":"C:/Users/hengu/AppData/Local/Temp/opencorvus-test-run-PYW8Xn/test-75940-tApuMg/fixtures/memory-sbWRwm/filter-a"}
{"checkerPhase":"directory.http.result","route":"/session/global","directory":"C:/Users/hengu/AppData/Local/Temp/opencorvus-test-run-PYW8Xn/test-75940-tApuMg/fixtures/memory-sbWRwm/filter-a","durationMilliseconds":3.996099999998478,"status":200,"bodyKind":"array","ids":["ses_-zUSm8VZEzzVlchGh3Fy","ses_-zUSm8VkpzzdHYxsrOV6","ses_-zUSm8VlCzz6yILzB8qY"],"requestID":"f291cd81-b637-496f-bff6-bbec2fd73c27"}
{"checkerPhase":"directory.http.begin","route":"/mission","directory":"C:/Users/hengu/AppData/Local/Temp/opencorvus-test-run-PYW8Xn/test-75940-tApuMg/fixtures/memory-sbWRwm/filter-a"}
{"checkerPhase":"directory.http.result","route":"/mission","directory":"C:/Users/hengu/AppData/Local/Temp/opencorvus-test-run-PYW8Xn/test-75940-tApuMg/fixtures/memory-sbWRwm/filter-a","durationMilliseconds":6.1098000000001775,"status":200,"bodyKind":"array","ids":["ses_-zUSm8VlCzz6yILzB8qY"],"requestID":"264e6144-d3e2-4237-81b1-b5950f55028d"}
{"checkerPhase":"directory.http.begin","route":"/global/tasks","directory":"C:/Users/hengu/AppData/Local/Temp/opencorvus-test-run-PYW8Xn/test-75940-tApuMg/fixtures/memory-sbWRwm/filter-a"}
{"checkerPhase":"directory.http.result","route":"/global/tasks","directory":"C:/Users/hengu/AppData/Local/Temp/opencorvus-test-run-PYW8Xn/test-75940-tApuMg/fixtures/memory-sbWRwm/filter-a","durationMilliseconds":6.713600000000952,"status":200,"bodyKind":"object","keys":["summary","tasks"],"requestID":"33a16feb-4dfa-409c-b804-bc436bff0c40"}
{"checkerPhase":"directory.http.begin","route":"/session","directory":"C:\\USERS\\HENGU\\APPDATA\\LOCAL\\TEMP\\OPENCORVUS-TEST-RUN-PYW8XN\\TEST-75940-TAPUMG\\FIXTURES\\MEMORY-SBWRWM\\FILTER-A"}
{"checkerPhase":"directory.http.result","route":"/session","directory":"C:\\USERS\\HENGU\\APPDATA\\LOCAL\\TEMP\\OPENCORVUS-TEST-RUN-PYW8XN\\TEST-75940-TAPUMG\\FIXTURES\\MEMORY-SBWRWM\\FILTER-A","durationMilliseconds":3.7916999999997643,"status":200,"bodyKind":"array","ids":["ses_-zUSm8VZEzzVlchGh3Fy","ses_-zUSm8VkpzzdHYxsrOV6","ses_-zUSm8VlCzz6yILzB8qY"],"requestID":"a2c1046b-eb6f-4db3-9b48-137d111c6ef0"}
{"checkerPhase":"directory.http.begin","route":"/session/global","directory":"C:\\USERS\\HENGU\\APPDATA\\LOCAL\\TEMP\\OPENCORVUS-TEST-RUN-PYW8XN\\TEST-75940-TAPUMG\\FIXTURES\\MEMORY-SBWRWM\\FILTER-A"}
{"checkerPhase":"directory.http.result","route":"/session/global","directory":"C:\\USERS\\HENGU\\APPDATA\\LOCAL\\TEMP\\OPENCORVUS-TEST-RUN-PYW8XN\\TEST-75940-TAPUMG\\FIXTURES\\MEMORY-SBWRWM\\FILTER-A","durationMilliseconds":3.1497999999992317,"status":200,"bodyKind":"array","ids":["ses_-zUSm8VZEzzVlchGh3Fy","ses_-zUSm8VkpzzdHYxsrOV6","ses_-zUSm8VlCzz6yILzB8qY"],"requestID":"44f2f7fc-222f-4f3f-8dd9-09101216583f"}
{"checkerPhase":"directory.http.begin","route":"/mission","directory":"C:\\USERS\\HENGU\\APPDATA\\LOCAL\\TEMP\\OPENCORVUS-TEST-RUN-PYW8XN\\TEST-75940-TAPUMG\\FIXTURES\\MEMORY-SBWRWM\\FILTER-A"}
{"checkerPhase":"directory.http.result","route":"/mission","directory":"C:\\USERS\\HENGU\\APPDATA\\LOCAL\\TEMP\\OPENCORVUS-TEST-RUN-PYW8XN\\TEST-75940-TAPUMG\\FIXTURES\\MEMORY-SBWRWM\\FILTER-A","durationMilliseconds":5.594099999998434,"status":200,"bodyKind":"array","ids":["ses_-zUSm8VlCzz6yILzB8qY"],"requestID":"87e85b7b-5456-4552-bb04-4ea3ee5dd3f6"}
{"checkerPhase":"directory.http.begin","route":"/global/tasks","directory":"C:\\USERS\\HENGU\\APPDATA\\LOCAL\\TEMP\\OPENCORVUS-TEST-RUN-PYW8XN\\TEST-75940-TAPUMG\\FIXTURES\\MEMORY-SBWRWM\\FILTER-A"}
{"checkerPhase":"directory.http.result","route":"/global/tasks","directory":"C:\\USERS\\HENGU\\APPDATA\\LOCAL\\TEMP\\OPENCORVUS-TEST-RUN-PYW8XN\\TEST-75940-TAPUMG\\FIXTURES\\MEMORY-SBWRWM\\FILTER-A","durationMilliseconds":6.724799999999959,"status":200,"bodyKind":"object","keys":["summary","tasks"],"requestID":"236406c1-2e2e-41d1-8f21-73f7abb77d3f"}
{"checkerPhase":"directory.http.begin","route":"/session","directory":"C:\\Users\\hengu\\AppData\\Local\\Temp\\opencorvus-test-run-PYW8Xn\\test-75940-tApuMg\\fixtures\\memory-sbWRwm\\filter-a\\"}
{"checkerPhase":"directory.http.result","route":"/session","directory":"C:\\Users\\hengu\\AppData\\Local\\Temp\\opencorvus-test-run-PYW8Xn\\test-75940-tApuMg\\fixtures\\memory-sbWRwm\\filter-a\\","durationMilliseconds":3.129799999998795,"status":200,"bodyKind":"array","ids":["ses_-zUSm8VZEzzVlchGh3Fy","ses_-zUSm8VkpzzdHYxsrOV6","ses_-zUSm8VlCzz6yILzB8qY"],"requestID":"dd28a53d-f56e-4744-b622-743027ba4625"}
{"checkerPhase":"directory.http.begin","route":"/session/global","directory":"C:\\Users\\hengu\\AppData\\Local\\Temp\\opencorvus-test-run-PYW8Xn\\test-75940-tApuMg\\fixtures\\memory-sbWRwm\\filter-a\\"}
{"checkerPhase":"directory.http.result","route":"/session/global","directory":"C:\\Users\\hengu\\AppData\\Local\\Temp\\opencorvus-test-run-PYW8Xn\\test-75940-tApuMg\\fixtures\\memory-sbWRwm\\filter-a\\","durationMilliseconds":3.283500000001368,"status":200,"bodyKind":"array","ids":["ses_-zUSm8VZEzzVlchGh3Fy","ses_-zUSm8VkpzzdHYxsrOV6","ses_-zUSm8VlCzz6yILzB8qY"],"requestID":"48b594ae-a698-4bb2-af0c-52227333e206"}
{"checkerPhase":"directory.http.begin","route":"/mission","directory":"C:\\Users\\hengu\\AppData\\Local\\Temp\\opencorvus-test-run-PYW8Xn\\test-75940-tApuMg\\fixtures\\memory-sbWRwm\\filter-a\\"}
{"checkerPhase":"directory.http.result","route":"/mission","directory":"C:\\Users\\hengu\\AppData\\Local\\Temp\\opencorvus-test-run-PYW8Xn\\test-75940-tApuMg\\fixtures\\memory-sbWRwm\\filter-a\\","durationMilliseconds":3.5464999999985594,"status":200,"bodyKind":"array","ids":["ses_-zUSm8VlCzz6yILzB8qY"],"requestID":"82256e74-f4a5-4a37-b440-c0032666023d"}
{"checkerPhase":"directory.http.begin","route":"/global/tasks","directory":"C:\\Users\\hengu\\AppData\\Local\\Temp\\opencorvus-test-run-PYW8Xn\\test-75940-tApuMg\\fixtures\\memory-sbWRwm\\filter-a\\"}
{"checkerPhase":"directory.http.result","route":"/global/tasks","directory":"C:\\Users\\hengu\\AppData\\Local\\Temp\\opencorvus-test-run-PYW8Xn\\test-75940-tApuMg\\fixtures\\memory-sbWRwm\\filter-a\\","durationMilliseconds":5.021099999999933,"status":200,"bodyKind":"object","keys":["summary","tasks"],"requestID":"e17941f7-984e-4ac3-a181-b1d01f798a10"}
(pass) Windows lexical filters preserve real Session/Mission/Task scope and pagination through stores and routes [9696.16ms]
{"checkerPhase":"directory.http.begin","route":"/session/global","directory":"/unsupported-posix/path"}
{"checkerPhase":"directory.http.result","route":"/session/global","directory":"/unsupported-posix/path","durationMilliseconds":1.1543999999994412,"status":400,"bodyKind":"object","keys":["name","data"],"errorName":"InvalidDirectoryError","reason":"posix-path-on-windows","message":"Cannot resolve \"/unsupported-posix/path\" on win32: this is a POSIX-style path that is not a recognized Git Bash / Cygwin / WSL mount. Set OPENCORVUS_WINDOWS_DRIVE_MOUNTS to add custom mount roots.","requestID":"4e264980-37ff-4085-a8e3-af6d4f3acd57"}
(pass) invalid cross-platform directory filters preserve the named error and actual global route response [168.18ms]
(pass) Mission directory filtering precedes compound pagination and retains exact sibling output [2047.95ms]

 3 pass
 0 fail
 60 expect() calls
Ran 3 tests across 1 file. [15.20s]
[1/1] DONE test/session-directory-filter.test.ts exit=0 duration=15.45s
