$ bun run build:vite && bun run check:renderer-surface
$ node --max-old-space-size=8192 ./node_modules/vite/bin/vite.js build --config vite.config.ts
vite v6.4.3 building for production...
transforming...
[plugin vite:resolve] Module "node:crypto" has been externalized for browser compatibility, imported by "D:/myhexin-local/opencorvus/packages/plugin/src/artifact-catalog.ts". See https://vite.dev/guide/troubleshooting.html#module-externalized-for-browser-compatibility for more details.
../../node_modules/.bun/@radix-ui+react-direction@1.1.4+e14d3f224186685e/node_modules/@radix-ui/react-direction/dist/index.mjs (1:0): Module level directives cause errors when bundled, "use client" in "../../node_modules/.bun/@radix-ui+react-direction@1.1.4+e14d3f224186685e/node_modules/@radix-ui/react-direction/dist/index.mjs" was ignored.
../../node_modules/.bun/@radix-ui+react-dialog@1.1.23+7492c01c6988791b/node_modules/@radix-ui/react-dialog/dist/index.mjs (1:0): Module level directives cause errors when bundled, "use client" in "../../node_modules/.bun/@radix-ui+react-dialog@1.1.23+7492c01c6988791b/node_modules/@radix-ui/react-dialog/dist/index.mjs" was ignored.
../../node_modules/.bun/@radix-ui+react-popover@1.1.23+7492c01c6988791b/node_modules/@radix-ui/react-popover/dist/index.mjs (1:0): Module level directives cause errors when bundled, "use client" in "../../node_modules/.bun/@radix-ui+react-popover@1.1.23+7492c01c6988791b/node_modules/@radix-ui/react-popover/dist/index.mjs" was ignored.
../../node_modules/.bun/@radix-ui+react-dropdown-menu@2.1.24+7492c01c6988791b/node_modules/@radix-ui/react-dropdown-menu/dist/index.mjs (1:0): Module level directives cause errors when bundled, "use client" in "../../node_modules/.bun/@radix-ui+react-dropdown-menu@2.1.24+7492c01c6988791b/node_modules/@radix-ui/react-dropdown-menu/dist/index.mjs" was ignored.
../../node_modules/.bun/@radix-ui+react-hover-card@1.1.23+7492c01c6988791b/node_modules/@radix-ui/react-hover-card/dist/index.mjs (1:0): Module level directives cause errors when bundled, "use client" in "../../node_modules/.bun/@radix-ui+react-hover-card@1.1.23+7492c01c6988791b/node_modules/@radix-ui/react-hover-card/dist/index.mjs" was ignored.
../../node_modules/.bun/sonner@2.0.7+7492c01c6988791b/node_modules/sonner/dist/index.mjs (1:0): Module level directives cause errors when bundled, "use client" in "../../node_modules/.bun/sonner@2.0.7+7492c01c6988791b/node_modules/sonner/dist/index.mjs" was ignored.
../../node_modules/.bun/@radix-ui+react-portal@1.1.17+7492c01c6988791b/node_modules/@radix-ui/react-portal/dist/index.mjs (1:0): Module level directives cause errors when bundled, "use client" in "../../node_modules/.bun/@radix-ui+react-portal@1.1.17+7492c01c6988791b/node_modules/@radix-ui/react-portal/dist/index.mjs" was ignored.
../../node_modules/.bun/@radix-ui+react-focus-guards@1.1.6+e14d3f224186685e/node_modules/@radix-ui/react-focus-guards/dist/index.mjs (1:0): Module level directives cause errors when bundled, "use client" in "../../node_modules/.bun/@radix-ui+react-focus-guards@1.1.6+e14d3f224186685e/node_modules/@radix-ui/react-focus-guards/dist/index.mjs" was ignored.
../../node_modules/.bun/@radix-ui+react-dismissable-layer@1.1.19+7492c01c6988791b/node_modules/@radix-ui/react-dismissable-layer/dist/index.mjs (1:0): Module level directives cause errors when bundled, "use client" in "../../node_modules/.bun/@radix-ui+react-dismissable-layer@1.1.19+7492c01c6988791b/node_modules/@radix-ui/react-dismissable-layer/dist/index.mjs" was ignored.
../../node_modules/.bun/@radix-ui+react-focus-scope@1.1.16+7492c01c6988791b/node_modules/@radix-ui/react-focus-scope/dist/index.mjs (1:0): Module level directives cause errors when bundled, "use client" in "../../node_modules/.bun/@radix-ui+react-focus-scope@1.1.16+7492c01c6988791b/node_modules/@radix-ui/react-focus-scope/dist/index.mjs" was ignored.
../../node_modules/.bun/@radix-ui+react-presence@1.1.10+7492c01c6988791b/node_modules/@radix-ui/react-presence/dist/index.mjs (1:0): Module level directives cause errors when bundled, "use client" in "../../node_modules/.bun/@radix-ui+react-presence@1.1.10+7492c01c6988791b/node_modules/@radix-ui/react-presence/dist/index.mjs" was ignored.
../../node_modules/.bun/@radix-ui+react-popper@1.3.7+7492c01c6988791b/node_modules/@radix-ui/react-popper/dist/index.mjs (1:0): Module level directives cause errors when bundled, "use client" in "../../node_modules/.bun/@radix-ui+react-popper@1.3.7+7492c01c6988791b/node_modules/@radix-ui/react-popper/dist/index.mjs" was ignored.
../../node_modules/.bun/@radix-ui+react-menu@2.1.24+7492c01c6988791b/node_modules/@radix-ui/react-menu/dist/index.mjs (1:0): Module level directives cause errors when bundled, "use client" in "../../node_modules/.bun/@radix-ui+react-menu@2.1.24+7492c01c6988791b/node_modules/@radix-ui/react-menu/dist/index.mjs" was ignored.
../../node_modules/.bun/@radix-ui+react-roving-focus@1.1.19+7492c01c6988791b/node_modules/@radix-ui/react-roving-focus/dist/index.mjs (1:0): Module level directives cause errors when bundled, "use client" in "../../node_modules/.bun/@radix-ui+react-roving-focus@1.1.19+7492c01c6988791b/node_modules/@radix-ui/react-roving-focus/dist/index.mjs" was ignored.
../../node_modules/.bun/@radix-ui+react-collection@1.1.15+7492c01c6988791b/node_modules/@radix-ui/react-collection/dist/index.mjs (1:0): Module level directives cause errors when bundled, "use client" in "../../node_modules/.bun/@radix-ui+react-collection@1.1.15+7492c01c6988791b/node_modules/@radix-ui/react-collection/dist/index.mjs" was ignored.
[plugin vite:resolve] Module "node:path" has been externalized for browser compatibility, imported by "D:/myhexin-local/opencorvus/packages/sdk/js/src/project-path.ts". See https://vite.dev/guide/troubleshooting.html#module-externalized-for-browser-compatibility for more details.
✓ 7272 modules transformed.
✗ Build failed in 26.92s
error during build:
../plugin/src/artifact-catalog.ts (1:21): "randomBytes" is not exported by "__vite-browser-external", imported by "../plugin/src/artifact-catalog.ts".
file: D:/myhexin-local/opencorvus/packages/plugin/src/artifact-catalog.ts:1:21

1: import { createHash, randomBytes } from "node:crypto"
                        ^
2: import { z } from "zod"
3: import {

    at getRollupError (file:///D:/myhexin-local/opencorvus/node_modules/.bun/rollup@4.62.2/node_modules/rollup/dist/es/shared/parseAst.js:317:41)
    at error (file:///D:/myhexin-local/opencorvus/node_modules/.bun/rollup@4.62.2/node_modules/rollup/dist/es/shared/parseAst.js:313:42)
    at Module.error (file:///D:/myhexin-local/opencorvus/node_modules/.bun/rollup@4.62.2/node_modules/rollup/dist/es/shared/node-entry.js:17396:16)
    at Module.traceVariable (file:///D:/myhexin-local/opencorvus/node_modules/.bun/rollup@4.62.2/node_modules/rollup/dist/es/shared/node-entry.js:17829:29)
    at ModuleScope.findVariable (file:///D:/myhexin-local/opencorvus/node_modules/.bun/rollup@4.62.2/node_modules/rollup/dist/es/shared/node-entry.js:15419:39)
    at FunctionScope.findVariable (file:///D:/myhexin-local/opencorvus/node_modules/.bun/rollup@4.62.2/node_modules/rollup/dist/es/shared/node-entry.js:5684:38)
    at FunctionBodyScope.findVariable (file:///D:/myhexin-local/opencorvus/node_modules/.bun/rollup@4.62.2/node_modules/rollup/dist/es/shared/node-entry.js:5684:38)
    at Identifier.bind (file:///D:/myhexin-local/opencorvus/node_modules/.bun/rollup@4.62.2/node_modules/rollup/dist/es/shared/node-entry.js:5451:40)
    at CallExpression.bind (file:///D:/myhexin-local/opencorvus/node_modules/.bun/rollup@4.62.2/node_modules/rollup/dist/es/shared/node-entry.js:2833:23)
    at CallExpression.bind (file:///D:/myhexin-local/opencorvus/node_modules/.bun/rollup@4.62.2/node_modules/rollup/dist/es/shared/node-entry.js:12528:15)
    at MemberExpression.bind (file:///D:/myhexin-local/opencorvus/node_modules/.bun/rollup@4.62.2/node_modules/rollup/dist/es/shared/node-entry.js:2833:23)
    at MemberExpression.bind (file:///D:/myhexin-local/opencorvus/node_modules/.bun/rollup@4.62.2/node_modules/rollup/dist/es/shared/node-entry.js:7418:19)
    at CallExpression.bind (file:///D:/myhexin-local/opencorvus/node_modules/.bun/rollup@4.62.2/node_modules/rollup/dist/es/shared/node-entry.js:2833:23)
    at CallExpression.bind (file:///D:/myhexin-local/opencorvus/node_modules/.bun/rollup@4.62.2/node_modules/rollup/dist/es/shared/node-entry.js:12528:15)
    at TemplateLiteral.bind (file:///D:/myhexin-local/opencorvus/node_modules/.bun/rollup@4.62.2/node_modules/rollup/dist/es/shared/node-entry.js:2829:28)
    at ReturnStatement.bind (file:///D:/myhexin-local/opencorvus/node_modules/.bun/rollup@4.62.2/node_modules/rollup/dist/es/shared/node-entry.js:2833:23)
    at BlockStatement.bind (file:///D:/myhexin-local/opencorvus/node_modules/.bun/rollup@4.62.2/node_modules/rollup/dist/es/shared/node-entry.js:2829:28)
    at FunctionDeclaration.bind (file:///D:/myhexin-local/opencorvus/node_modules/.bun/rollup@4.62.2/node_modules/rollup/dist/es/shared/node-entry.js:2833:23)
    at Program.bind (file:///D:/myhexin-local/opencorvus/node_modules/.bun/rollup@4.62.2/node_modules/rollup/dist/es/shared/node-entry.js:2829:28)
    at Module.bindReferences (file:///D:/myhexin-local/opencorvus/node_modules/.bun/rollup@4.62.2/node_modules/rollup/dist/es/shared/node-entry.js:17375:18)
    at Graph.sortAndBindModules (file:///D:/myhexin-local/opencorvus/node_modules/.bun/rollup@4.62.2/node_modules/rollup/dist/es/shared/node-entry.js:23321:20)
    at Graph.build (file:///D:/myhexin-local/opencorvus/node_modules/.bun/rollup@4.62.2/node_modules/rollup/dist/es/shared/node-entry.js:23219:14)
    at async file:///D:/myhexin-local/opencorvus/node_modules/.bun/rollup@4.62.2/node_modules/rollup/dist/es/shared/node-entry.js:23912:13
    at async catchUnfinishedHookActions (file:///D:/myhexin-local/opencorvus/node_modules/.bun/rollup@4.62.2/node_modules/rollup/dist/es/shared/node-entry.js:23380:16)
    at async rollupInternal (file:///D:/myhexin-local/opencorvus/node_modules/.bun/rollup@4.62.2/node_modules/rollup/dist/es/shared/node-entry.js:23907:5)
    at async buildEnvironment (file:///D:/myhexin-local/opencorvus/node_modules/.bun/vite@6.4.3+00ba6cb3f0052371/node_modules/vite/dist/node/chunks/dep-Dm0c1Wj2.js:46365:14)
    at async Object.defaultBuildApp [as buildApp] (file:///D:/myhexin-local/opencorvus/node_modules/.bun/vite@6.4.3+00ba6cb3f0052371/node_modules/vite/dist/node/chunks/dep-Dm0c1Wj2.js:46843:5)
    at async CAC.<anonymous> (file:///D:/myhexin-local/opencorvus/node_modules/.bun/vite@6.4.3+00ba6cb3f0052371/node_modules/vite/dist/node/cli.js:863:7)
error: script "build:vite" exited with code 1
error: script "build" exited with code 1
