[1/2] START test/server/passive-workspace-metadata.test.ts
bun test v1.3.14 (0d9b296a) 1x PARALLEL

test\isolated-test-entry.test.ts:
(pass) cold passive workspace metadata > real SDK packages, scoped skill files and canonical memory stay readable with missing current model [8150.20ms]
(pass) cold passive workspace metadata > foreign Session catalog and skill reads retain exact Project lineage errors [3833.72ms]

 2 pass
 0 fail
 19 expect() calls
Ran 2 tests across 1 file. [14.51s]
[1/2] DONE test/server/passive-workspace-metadata.test.ts exit=0 duration=14.73s
[2/2] START test/project-route-context.test.ts
bun test v1.3.14 (0d9b296a) 1x PARALLEL

test\isolated-test-entry.test.ts:
(pass) Project route context authority > uses exact identity metadata reads while memory organization and prompt retain runtime [0.69ms]
(pass) Project route context authority > classifies ordinary conversation title mutations through exact Project identity [0.23ms]
(pass) Project route context authority > uses Project identity for persisted Session pages and event subscriptions [0.36ms]
(pass) Project route context authority > classifies persisted deletions independently from live Project discovery [0.14ms]
(pass) Project route context authority > keeps identity-only configuration and full runtime routes distinct [0.11ms]
(pass) Project route context authority > provisions obsolete packages through identity-only routes [0.05ms]
(pass) Project route context authority > gives project-owned routes on globally-served routers the same runtime authority as their siblings [0.12ms]

 7 pass
 0 fail
 7 expect() calls
Ran 7 tests across 1 file. [1109.00ms]
[2/2] DONE test/project-route-context.test.ts exit=0 duration=1.29s
