[1/1] START test/server/session-event-connection-snapshot.test.ts
bun test v1.3.14 (0d9b296a) 1x PARALLEL

test\isolated-test-entry.test.ts:
cold Session stream original response 400 {
  name: "ProviderModelNotFoundError",
  data: {
    providerID: "cold-history-unavailable",
    modelID: "model",
    suggestions: [],
  },
}
72 |   let events: ReturnType<typeof sessionEventReader> | undefined
73 |   try {
74 |     await runOutsideInstanceContext(async () => {
75 |       const response = await Server.App().request(`/session/${sessionID}/events`, { headers: { "x-opencorvus-directory": project.path }, signal: abort.signal })
76 |       if (response.status !== 200) console.log("cold Session stream original response", response.status, await response.clone().json())
77 |       expect(response.status).toBe(200)
                                   ^
error: expect(received).toBe(expected)

Expected: 200
Received: 400

      at <anonymous> (D:\myhexin-local\opencorvus\packages\opencorvus\test\server\session-event-connection-snapshot.test.ts:77:31)
      at async <anonymous> (D:\myhexin-local\opencorvus\packages\opencorvus\test\server\session-event-connection-snapshot.test.ts:74:11)
(fail) cold Session stream reads durable history and interactions with an unavailable execution model [2074.10ms]
(pass) Session stream schema classifies connection snapshots and ordinary protocol events by type [3.32ms]
(pass) Session stream schema reports malformed connection frames as a Zod contract error [1.01ms]
(pass) Session stream projects a non-message Session diff through Bus and ProtocolStore [2538.54ms]
(pass) Session stream receives durable lifecycle and error facts for a non-Task Session [2658.69ms]
(pass) Session reconnect selects the globally newest lifecycle across Session and Task aggregates [3181.60ms]
(pass) session.connected converges the persisted first Work prompt at the stream cutover [2272.74ms]
(pass) session.connected publishes a pageable canonical tail after a long disconnect [3349.93ms]
(pass) session.connected precedes a newer live Part update captured after snapshot read [2532.58ms]
(pass) two project streams receive their own non-Task child Message and Part events [4610.29ms]

 9 pass
 1 fail
 25 expect() calls
Ran 10 tests across 1 file. [25.69s]
[1/1] DONE test/server/session-event-connection-snapshot.test.ts exit=1 duration=25.92s
OpenCorvus test file failed (exit=1): D:\myhexin-local\opencorvus\packages\opencorvus\test\server\session-event-connection-snapshot.test.ts
OpenCorvus failed test files (1):
D:\myhexin-local\opencorvus\packages\opencorvus\test\server\session-event-connection-snapshot.test.ts
