[1/1] START test/server/session-event-connection-snapshot.test.ts
bun test v1.3.14 (0d9b296a) 1x PARALLEL

test\isolated-test-entry.test.ts:
cold Session stream original response 409 {
  name: "NonCanonicalConfigFileError",
  data: {
    canonical: "C:\\Users\\hengu\\AppData\\Local\\Temp\\opencorvus-test-run-rI2Ibo\\test-30040-ukTefu\\fixtures\\memory-T79CTA\\.opencorvus\\opencorvus.jsonc",
    conflicts: [ "C:\\Users\\hengu\\AppData\\Local\\Temp\\opencorvus-test-run-rI2Ibo\\test-30040-ukTefu\\fixtures\\memory-T79CTA\\opencorvus.jsonc" ],
    message: "OpenCorvus configuration has one canonical file: C:\\Users\\hengu\\AppData\\Local\\Temp\\opencorvus-test-run-rI2Ibo\\test-30040-ukTefu\\fixtures\\memory-T79CTA\\.opencorvus\\opencorvus.jsonc. Remove the non-canonical configuration source: C:\\Users\\hengu\\AppData\\Local\\Temp\\opencorvus-test-run-rI2Ibo\\test-30040-ukTefu\\fixtures\\memory-T79CTA\\opencorvus.jsonc",
  },
}
70 |   let events: ReturnType<typeof sessionEventReader> | undefined
71 |   try {
72 |     await runOutsideInstanceContext(async () => {
73 |       const response = await Server.App().request(`/session/${sessionID}/events`, { headers: { "x-opencorvus-directory": project.path }, signal: abort.signal })
74 |       if (response.status !== 200) console.log("cold Session stream original response", response.status, await response.clone().json())
75 |       expect(response.status).toBe(200)
                                   ^
error: expect(received).toBe(expected)

Expected: 200
Received: 409

      at <anonymous> (D:\myhexin-local\opencorvus\packages\opencorvus\test\server\session-event-connection-snapshot.test.ts:75:31)
      at async <anonymous> (D:\myhexin-local\opencorvus\packages\opencorvus\test\server\session-event-connection-snapshot.test.ts:72:11)
(fail) cold Session stream reads durable history and interactions with an unavailable execution model [1933.15ms]
(pass) Session stream schema classifies connection snapshots and ordinary protocol events by type [3.74ms]
(pass) Session stream schema reports malformed connection frames as a Zod contract error [1.29ms]
(pass) Session stream projects a non-message Session diff through Bus and ProtocolStore [2702.46ms]
(pass) Session stream receives durable lifecycle and error facts for a non-Task Session [3090.41ms]
(pass) Session reconnect selects the globally newest lifecycle across Session and Task aggregates [3759.04ms]
(pass) session.connected converges the persisted first Work prompt at the stream cutover [2527.74ms]
(pass) session.connected publishes a pageable canonical tail after a long disconnect [3760.69ms]
(pass) session.connected precedes a newer live Part update captured after snapshot read [2826.92ms]
(pass) two project streams receive their own non-Task child Message and Part events [4883.76ms]

 9 pass
 1 fail
 25 expect() calls
Ran 10 tests across 1 file. [28.08s]
[1/1] DONE test/server/session-event-connection-snapshot.test.ts exit=1 duration=28.28s
OpenCorvus test file failed (exit=1): D:\myhexin-local\opencorvus\packages\opencorvus\test\server\session-event-connection-snapshot.test.ts
OpenCorvus failed test files (1):
D:\myhexin-local\opencorvus\packages\opencorvus\test\server\session-event-connection-snapshot.test.ts
