[main 6b2a8f80] test: record real child sources and delegated delivery failure
 171 files changed, 35560 insertions(+)
 create mode 100644 specs/artifacts/2026-10-05-connection-workspace-authority/delegated-final-authority-116/README.md
 create mode 100644 specs/artifacts/2026-10-05-connection-workspace-authority/delegated-final-authority-plan-116.md
 create mode 100644 specs/artifacts/2026-10-05-connection-workspace-authority/sources-delegated-115/README.md
 create mode 100644 specs/artifacts/2026-10-05-connection-workspace-authority/sources-delegated-115/final-docs.log
 create mode 100644 specs/artifacts/2026-10-05-connection-workspace-authority/sources-delegated-115/history-02/README.md
 create mode 100644 specs/artifacts/2026-10-05-connection-workspace-authority/sources-delegated-115/history-02/actual-http-readiness.json
 create mode 100644 specs/artifacts/2026-10-05-connection-workspace-authority/sources-delegated-115/history-02/archive-checker.log
 create mode 100644 specs/artifacts/2026-10-05-connection-workspace-authority/sources-delegated-115/history-02/child-clone-canonical-custody.json
 create mode 100644 specs/artifacts/2026-10-05-connection-workspace-authority/sources-delegated-115/history-02/child-clone-readonly-guard.log
 create mode 100644 specs/artifacts/2026-10-05-connection-workspace-authority/sources-delegated-115/history-02/child-independent-cim-and-receipt.json
 create mode 100644 specs/artifacts/2026-10-05-connection-workspace-authority/sources-delegated-115/history-02/helper-parse.json
 create mode 100644 specs/artifacts/2026-10-05-connection-workspace-authority/sources-delegated-115/history-02/history-ui-copy.before.ps1
 create mode 100644 specs/artifacts/2026-10-05-connection-workspace-authority/sources-delegated-115/history-02/history-ui-copy.diff
 create mode 100644 specs/artifacts/2026-10-05-connection-workspace-authority/sources-delegated-115/history-02/history-ui-copy.final.ps1
 create mode 100644 specs/artifacts/2026-10-05-connection-workspace-authority/sources-delegated-115/history-02/history-ui-copy.pre-root-review.ps1
 create mode 100644 specs/artifacts/2026-10-05-connection-workspace-authority/sources-delegated-115/history-02/preparation-review.before-correction.md
 create mode 100644 specs/artifacts/2026-10-05-connection-workspace-authority/sources-delegated-115/history-02/preparation-review.md
 create mode 100644 specs/artifacts/2026-10-05-connection-workspace-authority/sources-delegated-115/history-02/readonly-guard-current-source.ps1
 create mode 100644 specs/artifacts/2026-10-05-connection-workspace-authority/sources-delegated-115/history-02/root-child-before-open-hosts.json
 create mode 100644 specs/artifacts/2026-10-05-connection-workspace-authority/sources-delegated-115/history-02/root-child-end-settled-hosts.json
 create mode 100644 specs/artifacts/2026-10-05-connection-workspace-authority/sources-delegated-115/history-02/root-child-enter-settled.json
 create mode 100644 specs/artifacts/2026-10-05-connection-workspace-authority/sources-delegated-115/history-02/root-child-home-settled-hosts.json
 create mode 100644 specs/artifacts/2026-10-05-connection-workspace-authority/sources-delegated-115/history-02/root-child-home-settled.png
 create mode 100644 specs/artifacts/2026-10-05-connection-workspace-authority/sources-delegated-115/history-02/root-child-intro-open-hosts.json
 create mode 100644 specs/artifacts/2026-10-05-connection-workspace-authority/sources-delegated-115/history-02/root-child-intro-open-sources.json
 create mode 100644 specs/artifacts/2026-10-05-connection-workspace-authority/sources-delegated-115/history-02/root-child-intro-open.png
 create mode 100644 specs/artifacts/2026-10-05-connection-workspace-authority/sources-delegated-115/history-02/root-child-link-actual-destination.json
 create mode 100644 specs/artifacts/2026-10-05-connection-workspace-authority/sources-delegated-115/history-02/root-child-link-actual-destination.png
 create mode 100644 specs/artifacts/2026-10-05-connection-workspace-authority/sources-delegated-115/history-02/root-child-link-focus-tooltip.png
 create mode 100644 specs/artifacts/2026-10-05-connection-workspace-authority/sources-delegated-115/history-02/root-child-loaded-snapshot.txt
 create mode 100644 specs/artifacts/2026-10-05-connection-workspace-authority/sources-delegated-115/history-02/root-child-narrow-hosts.json
 create mode 100644 specs/artifacts/2026-10-05-connection-workspace-authority/sources-delegated-115/history-02/root-child-narrow-wrap.png
 create mode 100644 specs/artifacts/2026-10-05-connection-workspace-authority/sources-delegated-115/history-02/root-child-space-settled.json
 create mode 100644 specs/artifacts/2026-10-05-connection-workspace-authority/sources-delegated-115/history-02/root-child-three-open-wide-hosts.json
 create mode 100644 specs/artifacts/2026-10-05-connection-workspace-authority/sources-delegated-115/history-02/root-child-three-open-wide-sources.json
 create mode 100644 specs/artifacts/2026-10-05-connection-workspace-authority/sources-delegated-115/history-02/root-child-three-open-wide.png
 create mode 100644 specs/artifacts/2026-10-05-connection-workspace-authority/sources-delegated-115/history-02/root-fresh-independent-closure.json
 create mode 100644 specs/artifacts/2026-10-05-connection-workspace-authority/sources-delegated-115/history-02/root-review-correction.diff
 create mode 100644 specs/artifacts/2026-10-05-connection-workspace-authority/sources-delegated-115/history-02/sources-delegated-history-115-02-copy.log
 create mode 100644 specs/artifacts/2026-10-05-connection-workspace-authority/sources-delegated-115/history-02/sources-delegated-history-115-02-final-provider-audit.json
 create mode 100644 specs/artifacts/2026-10-05-connection-workspace-authority/sources-delegated-115/history-02/sources-delegated-history-115-02-history-copy.json
 create mode 100644 specs/artifacts/2026-10-05-connection-workspace-authority/sources-delegated-115/history-02/sources-delegated-history-115-02-http-summary.json
 create mode 100644 specs/artifacts/2026-10-05-connection-workspace-authority/sources-delegated-115/history-02/sources-delegated-history-115-02-independent-closure.json
 create mode 100644 specs/artifacts/2026-10-05-connection-workspace-authority/sources-delegated-115/history-02/sources-delegated-history-115-02-launch-arguments.json
 create mode 100644 specs/artifacts/2026-10-05-connection-workspace-authority/sources-delegated-115/history-02/sources-delegated-history-115-02-launch-owner.json
 create mode 100644 specs/artifacts/2026-10-05-connection-workspace-authority/sources-delegated-115/history-02/sources-delegated-history-115-02-launch.log
 create mode 100644 specs/artifacts/2026-10-05-connection-workspace-authority/sources-delegated-115/history-02/sources-delegated-history-115-02-launcher.json
 create mode 100644 specs/artifacts/2026-10-05-connection-workspace-authority/sources-delegated-115/history-02/sources-delegated-history-115-02-native-host-ready.json
 create mode 100644 specs/artifacts/2026-10-05-connection-workspace-authority/sources-delegated-115/history-02/sources-delegated-history-115-02-native-host-settled.json
 create mode 100644 specs/artifacts/2026-10-05-connection-workspace-authority/sources-delegated-115/history-02/sources-delegated-history-115-02-physical-terminal-and-pair-cleanup.json
 create mode 100644 specs/artifacts/2026-10-05-connection-workspace-authority/sources-delegated-115/history-02/sources-delegated-history-115-02-readiness-retry.log
 create mode 100644 specs/artifacts/2026-10-05-connection-workspace-authority/sources-delegated-115/history-02/sources-delegated-history-115-02-readiness.log
 create mode 100644 specs/artifacts/2026-10-05-connection-workspace-authority/sources-delegated-115/history-02/sources-delegated-history-115-02-runtime.log
 create mode 100644 specs/artifacts/2026-10-05-connection-workspace-authority/sources-delegated-115/history-02/sources-delegated-history-115-02-settlement-owner.json
 create mode 100644 specs/artifacts/2026-10-05-connection-workspace-authority/sources-delegated-115/history-02/sources-delegated-history-115-02-shutdown-admission.json
 create mode 100644 specs/artifacts/2026-10-05-connection-workspace-authority/sources-delegated-115/history-02/sources-delegated-history-115-02-shutdown.log
 create mode 100644 specs/artifacts/2026-10-05-connection-workspace-authority/sources-delegated-115/history-02/sources-delegated-history-115-02-startup.json
 create mode 100644 specs/artifacts/2026-10-05-connection-workspace-authority/sources-delegated-115/history-02/sources-delegated-history-115-02-unknown-timestamp.log
 create mode 100644 specs/artifacts/2026-10-05-connection-workspace-authority/sources-delegated-115/live-01/README.md
 create mode 100644 specs/artifacts/2026-10-05-connection-workspace-authority/sources-delegated-115/live-01/actual-11501-readonly-facts.json
 create mode 100644 specs/artifacts/2026-10-05-connection-workspace-authority/sources-delegated-115/live-01/actual-11501-readonly-tool-facts.json
 create mode 100644 specs/artifacts/2026-10-05-connection-workspace-authority/sources-delegated-115/live-01/actual-11501-task-accepted-cli.json
 create mode 100644 specs/artifacts/2026-10-05-connection-workspace-authority/sources-delegated-115/live-01/actual-11501-task-create-first.log
 create mode 100644 specs/artifacts/2026-10-05-connection-workspace-authority/sources-delegated-115/live-01/actual-11501-task-request-input.json
 create mode 100644 specs/artifacts/2026-10-05-connection-workspace-authority/sources-delegated-115/live-01/actual-11501-task-selection.json
 create mode 100644 specs/artifacts/2026-10-05-connection-workspace-authority/sources-delegated-115/live-01/actual-http-readiness.json
 create mode 100644 specs/artifacts/2026-10-05-connection-workspace-authority/sources-delegated-115/live-01/child-failure-source-provider-facts.json
 create mode 100644 specs/artifacts/2026-10-05-connection-workspace-authority/sources-delegated-115/live-01/child-independent-closure.json
 create mode 100644 specs/artifacts/2026-10-05-connection-workspace-authority/sources-delegated-115/live-01/child-provider-scalar-audit.json
 create mode 100644 specs/artifacts/2026-10-05-connection-workspace-authority/sources-delegated-115/live-01/child-readonly-facts.log
 create mode 100644 specs/artifacts/2026-10-05-connection-workspace-authority/sources-delegated-115/live-01/child-readonly-tools.log
 create mode 100644 specs/artifacts/2026-10-05-connection-workspace-authority/sources-delegated-115/live-01/child-source-tuple-matches.json
 create mode 100644 specs/artifacts/2026-10-05-connection-workspace-authority/sources-delegated-115/live-01/expected-source-manifest.json
 create mode 100644 specs/artifacts/2026-10-05-connection-workspace-authority/sources-delegated-115/live-01/original-preflight-ready.json
 create mode 100644 specs/artifacts/2026-10-05-connection-workspace-authority/sources-delegated-115/live-01/profile-selection.json
 create mode 100644 specs/artifacts/2026-10-05-connection-workspace-authority/sources-delegated-115/live-01/request.txt
 create mode 100644 specs/artifacts/2026-10-05-connection-workspace-authority/sources-delegated-115/live-01/retained-failed.json
 create mode 100644 specs/artifacts/2026-10-05-connection-workspace-authority/sources-delegated-115/live-01/retained-launch-owner.json
 create mode 100644 specs/artifacts/2026-10-05-connection-workspace-authority/sources-delegated-115/live-01/retained-native-host-ready.json
 create mode 100644 specs/artifacts/2026-10-05-connection-workspace-authority/sources-delegated-115/live-01/retained-native-host-settled.json
 create mode 100644 specs/artifacts/2026-10-05-connection-workspace-authority/sources-delegated-115/live-01/retained-preflight-ready.json
 create mode 100644 specs/artifacts/2026-10-05-connection-workspace-authority/sources-delegated-115/live-01/retained-startup.json
 create mode 100644 specs/artifacts/2026-10-05-connection-workspace-authority/sources-delegated-115/live-01/retained-supervision-settlement-trigger.json
 create mode 100644 specs/artifacts/2026-10-05-connection-workspace-authority/sources-delegated-115/live-01/retained-task-boundary-admitted.json
 create mode 100644 specs/artifacts/2026-10-05-connection-workspace-authority/sources-delegated-115/live-01/retained-task-selection.json
 create mode 100644 specs/artifacts/2026-10-05-connection-workspace-authority/sources-delegated-115/live-01/root-budget-failed-cached-snapshot.txt
 create mode 100644 specs/artifacts/2026-10-05-connection-workspace-authority/sources-delegated-115/live-01/root-failed-fresh-independent-closure.json
 create mode 100644 specs/artifacts/2026-10-05-connection-workspace-authority/sources-delegated-115/live-01/root-live-child-checkpoint-01.png
 create mode 100644 specs/artifacts/2026-10-05-connection-workspace-authority/sources-delegated-115/live-01/root-live-child-checkpoint-01.txt
 create mode 100644 specs/artifacts/2026-10-05-connection-workspace-authority/sources-delegated-115/live-01/root-live-initial-snapshot.txt
 create mode 100644 specs/artifacts/2026-10-05-connection-workspace-authority/sources-delegated-115/live-01/root-request-partition-and-terminal.json
 create mode 100644 specs/artifacts/2026-10-05-connection-workspace-authority/sources-delegated-115/live-01/sources-delegated-live-115-01-chain-supervision-19684-1.json
 create mode 100644 specs/artifacts/2026-10-05-connection-workspace-authority/sources-delegated-115/live-01/sources-delegated-live-115-01-chain-supervision-19684-10.json
 create mode 100644 specs/artifacts/2026-10-05-connection-workspace-authority/sources-delegated-115/live-01/sources-delegated-live-115-01-chain-supervision-19684-11.json
 create mode 100644 specs/artifacts/2026-10-05-connection-workspace-authority/sources-delegated-115/live-01/sources-delegated-live-115-01-chain-supervision-19684-12.json
 create mode 100644 specs/artifacts/2026-10-05-connection-workspace-authority/sources-delegated-115/live-01/sources-delegated-live-115-01-chain-supervision-19684-13.json
 create mode 100644 specs/artifacts/2026-10-05-connection-workspace-authority/sources-delegated-115/live-01/sources-delegated-live-115-01-chain-supervision-19684-14.json
 create mode 100644 specs/artifacts/2026-10-05-connection-workspace-authority/sources-delegated-115/live-01/sources-delegated-live-115-01-chain-supervision-19684-15.json
 create mode 100644 specs/artifacts/2026-10-05-connection-workspace-authority/sources-delegated-115/live-01/sources-delegated-live-115-01-chain-supervision-19684-16.json
 create mode 100644 specs/artifacts/2026-10-05-connection-workspace-authority/sources-delegated-115/live-01/sources-delegated-live-115-01-chain-supervision-19684-17.json
 create mode 100644 specs/artifacts/2026-10-05-connection-workspace-authority/sources-delegated-115/live-01/sources-delegated-live-115-01-chain-supervision-19684-18.json
 create mode 100644 specs/artifacts/2026-10-05-connection-workspace-authority/sources-delegated-115/live-01/sources-delegated-live-115-01-chain-supervision-19684-19.json
 create mode 100644 specs/artifacts/2026-10-05-connection-workspace-authority/sources-delegated-115/live-01/sources-delegated-live-115-01-chain-supervision-19684-2.json
 create mode 100644 specs/artifacts/2026-10-05-connection-workspace-authority/sources-delegated-115/live-01/sources-delegated-live-115-01-chain-supervision-19684-20.json
 create mode 100644 specs/artifacts/2026-10-05-connection-workspace-authority/sources-delegated-115/live-01/sources-delegated-live-115-01-chain-supervision-19684-21.json
 create mode 100644 specs/artifacts/2026-10-05-connection-workspace-authority/sources-delegated-115/live-01/sources-delegated-live-115-01-chain-supervision-19684-22.json
 create mode 100644 specs/artifacts/2026-10-05-connection-workspace-authority/sources-delegated-115/live-01/sources-delegated-live-115-01-chain-supervision-19684-23.json
 create mode 100644 specs/artifacts/2026-10-05-connection-workspace-authority/sources-delegated-115/live-01/sources-delegated-live-115-01-chain-supervision-19684-24.json
 create mode 100644 specs/artifacts/2026-10-05-connection-workspace-authority/sources-delegated-115/live-01/sources-delegated-live-115-01-chain-supervision-19684-25.json
 create mode 100644 specs/artifacts/2026-10-05-connection-workspace-authority/sources-delegated-115/live-01/sources-delegated-live-115-01-chain-supervision-19684-26.json
 create mode 100644 specs/artifacts/2026-10-05-connection-workspace-authority/sources-delegated-115/live-01/sources-delegated-live-115-01-chain-supervision-19684-27.json
 create mode 100644 specs/artifacts/2026-10-05-connection-workspace-authority/sources-delegated-115/live-01/sources-delegated-live-115-01-chain-supervision-19684-28.json
 create mode 100644 specs/artifacts/2026-10-05-connection-workspace-authority/sources-delegated-115/live-01/sources-delegated-live-115-01-chain-supervision-19684-29.json
 create mode 100644 specs/artifacts/2026-10-05-connection-workspace-authority/sources-delegated-115/live-01/sources-delegated-live-115-01-chain-supervision-19684-3.json
 create mode 100644 specs/artifacts/2026-10-05-connection-workspace-authority/sources-delegated-115/live-01/sources-delegated-live-115-01-chain-supervision-19684-30.json
 create mode 100644 specs/artifacts/2026-10-05-connection-workspace-authority/sources-delegated-115/live-01/sources-delegated-live-115-01-chain-supervision-19684-31.json
 create mode 100644 specs/artifacts/2026-10-05-connection-workspace-authority/sources-delegated-115/live-01/sources-delegated-live-115-01-chain-supervision-19684-32.json
 create mode 100644 specs/artifacts/2026-10-05-connection-workspace-authority/sources-delegated-115/live-01/sources-delegated-live-115-01-chain-supervision-19684-33.json
 create mode 100644 specs/artifacts/2026-10-05-connection-workspace-authority/sources-delegated-115/live-01/sources-delegated-live-115-01-chain-supervision-19684-34.json
 create mode 100644 specs/artifacts/2026-10-05-connection-workspace-authority/sources-delegated-115/live-01/sources-delegated-live-115-01-chain-supervision-19684-35.json
 create mode 100644 specs/artifacts/2026-10-05-connection-workspace-authority/sources-delegated-115/live-01/sources-delegated-live-115-01-chain-supervision-19684-36.json
 create mode 100644 specs/artifacts/2026-10-05-connection-workspace-authority/sources-delegated-115/live-01/sources-delegated-live-115-01-chain-supervision-19684-37.json
 create mode 100644 specs/artifacts/2026-10-05-connection-workspace-authority/sources-delegated-115/live-01/sources-delegated-live-115-01-chain-supervision-19684-38.json
 create mode 100644 specs/artifacts/2026-10-05-connection-workspace-authority/sources-delegated-115/live-01/sources-delegated-live-115-01-chain-supervision-19684-39.json
 create mode 100644 specs/artifacts/2026-10-05-connection-workspace-authority/sources-delegated-115/live-01/sources-delegated-live-115-01-chain-supervision-19684-4.json
 create mode 100644 specs/artifacts/2026-10-05-connection-workspace-authority/sources-delegated-115/live-01/sources-delegated-live-115-01-chain-supervision-19684-40.json
 create mode 100644 specs/artifacts/2026-10-05-connection-workspace-authority/sources-delegated-115/live-01/sources-delegated-live-115-01-chain-supervision-19684-41.json
 create mode 100644 specs/artifacts/2026-10-05-connection-workspace-authority/sources-delegated-115/live-01/sources-delegated-live-115-01-chain-supervision-19684-42.json
 create mode 100644 specs/artifacts/2026-10-05-connection-workspace-authority/sources-delegated-115/live-01/sources-delegated-live-115-01-chain-supervision-19684-43.json
 create mode 100644 specs/artifacts/2026-10-05-connection-workspace-authority/sources-delegated-115/live-01/sources-delegated-live-115-01-chain-supervision-19684-44.json
 create mode 100644 specs/artifacts/2026-10-05-connection-workspace-authority/sources-delegated-115/live-01/sources-delegated-live-115-01-chain-supervision-19684-45.json
 create mode 100644 specs/artifacts/2026-10-05-connection-workspace-authority/sources-delegated-115/live-01/sources-delegated-live-115-01-chain-supervision-19684-46.json
 create mode 100644 specs/artifacts/2026-10-05-connection-workspace-authority/sources-delegated-115/live-01/sources-delegated-live-115-01-chain-supervision-19684-47.json
 create mode 100644 specs/artifacts/2026-10-05-connection-workspace-authority/sources-delegated-115/live-01/sources-delegated-live-115-01-chain-supervision-19684-48.json
 create mode 100644 specs/artifacts/2026-10-05-connection-workspace-authority/sources-delegated-115/live-01/sources-delegated-live-115-01-chain-supervision-19684-49.json
 create mode 100644 specs/artifacts/2026-10-05-connection-workspace-authority/sources-delegated-115/live-01/sources-delegated-live-115-01-chain-supervision-19684-5.json
 create mode 100644 specs/artifacts/2026-10-05-connection-workspace-authority/sources-delegated-115/live-01/sources-delegated-live-115-01-chain-supervision-19684-50.json
 create mode 100644 specs/artifacts/2026-10-05-connection-workspace-authority/sources-delegated-115/live-01/sources-delegated-live-115-01-chain-supervision-19684-51.json
 create mode 100644 specs/artifacts/2026-10-05-connection-workspace-authority/sources-delegated-115/live-01/sources-delegated-live-115-01-chain-supervision-19684-52.json
 create mode 100644 specs/artifacts/2026-10-05-connection-workspace-authority/sources-delegated-115/live-01/sources-delegated-live-115-01-chain-supervision-19684-53.json
 create mode 100644 specs/artifacts/2026-10-05-connection-workspace-authority/sources-delegated-115/live-01/sources-delegated-live-115-01-chain-supervision-19684-54.json
 create mode 100644 specs/artifacts/2026-10-05-connection-workspace-authority/sources-delegated-115/live-01/sources-delegated-live-115-01-chain-supervision-19684-55.json
 create mode 100644 specs/artifacts/2026-10-05-connection-workspace-authority/sources-delegated-115/live-01/sources-delegated-live-115-01-chain-supervision-19684-56.json
 create mode 100644 specs/artifacts/2026-10-05-connection-workspace-authority/sources-delegated-115/live-01/sources-delegated-live-115-01-chain-supervision-19684-6.json
 create mode 100644 specs/artifacts/2026-10-05-connection-workspace-authority/sources-delegated-115/live-01/sources-delegated-live-115-01-chain-supervision-19684-7.json
 create mode 100644 specs/artifacts/2026-10-05-connection-workspace-authority/sources-delegated-115/live-01/sources-delegated-live-115-01-chain-supervision-19684-8.json
 create mode 100644 specs/artifacts/2026-10-05-connection-workspace-authority/sources-delegated-115/live-01/sources-delegated-live-115-01-chain-supervision-19684-9.json
 create mode 100644 specs/artifacts/2026-10-05-connection-workspace-authority/sources-delegated-115/live-01/sources-delegated-live-115-01-create.log
 create mode 100644 specs/artifacts/2026-10-05-connection-workspace-authority/sources-delegated-115/live-01/sources-delegated-live-115-01-final-provider-audit.json
 create mode 100644 specs/artifacts/2026-10-05-connection-workspace-authority/sources-delegated-115/live-01/sources-delegated-live-115-01-launch.log
 create mode 100644 specs/artifacts/2026-10-05-connection-workspace-authority/sources-delegated-115/live-01/sources-delegated-live-115-01-physical-terminal-and-pair-cleanup.json
 create mode 100644 specs/artifacts/2026-10-05-connection-workspace-authority/sources-delegated-115/live-01/sources-delegated-live-115-01-readiness.log
 create mode 100644 specs/artifacts/2026-10-05-connection-workspace-authority/sources-delegated-115/live-01/sources-delegated-live-115-01-settlement-owner.json
 create mode 100644 specs/artifacts/2026-10-05-connection-workspace-authority/sources-delegated-115/live-01/sources-delegated-live-115-01-shutdown-admission.json
 create mode 100644 specs/artifacts/2026-10-05-connection-workspace-authority/sources-delegated-115/owned-generated-debug-artifacts.json
 create mode 100644 specs/artifacts/2026-10-05-connection-workspace-authority/sources-delegated-115/previous-114-commit.log
 create mode 100644 specs/artifacts/2026-10-05-connection-workspace-authority/sources-delegated-115/previous-114-confirm-fetch.log
 create mode 100644 specs/artifacts/2026-10-05-connection-workspace-authority/sources-delegated-115/previous-114-delivery-ack.json
 create mode 100644 specs/artifacts/2026-10-05-connection-workspace-authority/sources-delegated-115/previous-114-docs-final.log
 create mode 100644 specs/artifacts/2026-10-05-connection-workspace-authority/sources-delegated-115/previous-114-fetch.log
 create mode 100644 specs/artifacts/2026-10-05-connection-workspace-authority/sources-delegated-115/previous-114-normal-push.log
 create mode 100644 specs/artifacts/2026-10-05-connection-workspace-authority/sources-delegated-115/previous-114-upstream-merge.log
 create mode 100644 specs/artifacts/2026-10-05-connection-workspace-authority/sources-delegated-115/read-only-shared-audit.md
 create mode 100644 specs/artifacts/2026-10-05-connection-workspace-authority/sources-delegated-115/root-manual-review.md
 create mode 100644 specs/artifacts/2026-10-05-connection-workspace-authority/sources-delegated-plan-115.md
 create mode 100644 specs/artifacts/2026-10-05-connection-workspace-authority/sources-delegated-static-plan-115.md
 create mode 100644 specs/records/2026-10/2026-10-08-sources-delegated.md
