[main 473d1666] fix: read coordinated worker finals and simplify direct research
 304 files changed, 47439 insertions(+), 76 deletions(-)
 create mode 100644 packages/opencorvus/src/engine/task-worker-terminal-facts.ts
 create mode 100644 packages/opencorvus/test/read-agent-message-worker-final-authority.test.ts
 create mode 100644 specs/artifacts/2026-10-05-connection-workspace-authority/delegated-final-authority-116/architecture-index-final.log
 create mode 100644 specs/artifacts/2026-10-05-connection-workspace-authority/delegated-final-authority-116/base-manifest.before.jsonc
 create mode 100644 specs/artifacts/2026-10-05-connection-workspace-authority/delegated-final-authority-116/baseline/README.md
 create mode 100644 specs/artifacts/2026-10-05-connection-workspace-authority/delegated-final-authority-116/baseline/actual-facts-05.json
 create mode 100644 specs/artifacts/2026-10-05-connection-workspace-authority/delegated-final-authority-116/baseline/explicit-types-config-used-at-tmp.json
 create mode 100644 specs/artifacts/2026-10-05-connection-workspace-authority/delegated-final-authority-116/baseline/fixture-frozen.ts
 create mode 100644 specs/artifacts/2026-10-05-connection-workspace-authority/delegated-final-authority-116/baseline/runner-02.log
 create mode 100644 specs/artifacts/2026-10-05-connection-workspace-authority/delegated-final-authority-116/baseline/runner-03.log
 create mode 100644 specs/artifacts/2026-10-05-connection-workspace-authority/delegated-final-authority-116/baseline/runner-04.log
 create mode 100644 specs/artifacts/2026-10-05-connection-workspace-authority/delegated-final-authority-116/baseline/runner-05.log
 create mode 100644 specs/artifacts/2026-10-05-connection-workspace-authority/delegated-final-authority-116/baseline/runner-first.log
 create mode 100644 specs/artifacts/2026-10-05-connection-workspace-authority/delegated-final-authority-116/baseline/source-before/engine/dispatch-settlement.ts
 create mode 100644 specs/artifacts/2026-10-05-connection-workspace-authority/delegated-final-authority-116/baseline/source-before/engine/task-root-ingress-delivery.ts
 create mode 100644 specs/artifacts/2026-10-05-connection-workspace-authority/delegated-final-authority-116/baseline/source-before/tool/read-agent-message.ts
 create mode 100644 specs/artifacts/2026-10-05-connection-workspace-authority/delegated-final-authority-116/current-tests-before/dynamic-package.test.ts
 create mode 100644 specs/artifacts/2026-10-05-connection-workspace-authority/delegated-final-authority-116/current-tests-before/light-package.test.ts
 create mode 100644 specs/artifacts/2026-10-05-connection-workspace-authority/delegated-final-authority-116/docs-final.log
 create mode 100644 specs/artifacts/2026-10-05-connection-workspace-authority/delegated-final-authority-116/docs-first.log
 create mode 100644 specs/artifacts/2026-10-05-connection-workspace-authority/delegated-final-authority-116/implementation-freeze-report.md
 create mode 100644 specs/artifacts/2026-10-05-connection-workspace-authority/delegated-final-authority-116/implementation/actual-exits.json
 create mode 100644 specs/artifacts/2026-10-05-connection-workspace-authority/delegated-final-authority-116/implementation/explicit-types-config.json
 create mode 100644 specs/artifacts/2026-10-05-connection-workspace-authority/delegated-final-authority-116/implementation/final-backend-facts.json
 create mode 100644 specs/artifacts/2026-10-05-connection-workspace-authority/delegated-final-authority-116/implementation/final-tracked-source.diff
 create mode 100644 specs/artifacts/2026-10-05-connection-workspace-authority/delegated-final-authority-116/implementation/logs/worker-final-authority-116-after-continuation-02.log
 create mode 100644 specs/artifacts/2026-10-05-connection-workspace-authority/delegated-final-authority-116/implementation/logs/worker-final-authority-116-after-continuation-03.log
 create mode 100644 specs/artifacts/2026-10-05-connection-workspace-authority/delegated-final-authority-116/implementation/logs/worker-final-authority-116-after-continuation.log
 create mode 100644 specs/artifacts/2026-10-05-connection-workspace-authority/delegated-final-authority-116/implementation/logs/worker-final-authority-116-after-errors-02.log
 create mode 100644 specs/artifacts/2026-10-05-connection-workspace-authority/delegated-final-authority-116/implementation/logs/worker-final-authority-116-after-errors.log
 create mode 100644 specs/artifacts/2026-10-05-connection-workspace-authority/delegated-final-authority-116/implementation/logs/worker-final-authority-116-after-first.log
 create mode 100644 specs/artifacts/2026-10-05-connection-workspace-authority/delegated-final-authority-116/implementation/logs/worker-final-authority-116-after-scoped.log
 create mode 100644 specs/artifacts/2026-10-05-connection-workspace-authority/delegated-final-authority-116/implementation/logs/worker-final-authority-116-after-terminal-matrix-02.log
 create mode 100644 specs/artifacts/2026-10-05-connection-workspace-authority/delegated-final-authority-116/implementation/logs/worker-final-authority-116-after-terminal-matrix.log
 create mode 100644 specs/artifacts/2026-10-05-connection-workspace-authority/delegated-final-authority-116/implementation/logs/worker-final-authority-116-baseline-02.log
 create mode 100644 specs/artifacts/2026-10-05-connection-workspace-authority/delegated-final-authority-116/implementation/logs/worker-final-authority-116-baseline-03.log
 create mode 100644 specs/artifacts/2026-10-05-connection-workspace-authority/delegated-final-authority-116/implementation/logs/worker-final-authority-116-baseline-04.log
 create mode 100644 specs/artifacts/2026-10-05-connection-workspace-authority/delegated-final-authority-116/implementation/logs/worker-final-authority-116-baseline-05.log
 create mode 100644 specs/artifacts/2026-10-05-connection-workspace-authority/delegated-final-authority-116/implementation/logs/worker-final-authority-116-baseline-first.log
 create mode 100644 specs/artifacts/2026-10-05-connection-workspace-authority/delegated-final-authority-116/implementation/logs/worker-final-authority-116-callers-final-qualified.log
 create mode 100644 specs/artifacts/2026-10-05-connection-workspace-authority/delegated-final-authority-116/implementation/logs/worker-final-authority-116-configured-types.log
 create mode 100644 specs/artifacts/2026-10-05-connection-workspace-authority/delegated-final-authority-116/implementation/logs/worker-final-authority-116-current-callers.log
 create mode 100644 specs/artifacts/2026-10-05-connection-workspace-authority/delegated-final-authority-116/implementation/logs/worker-final-authority-116-final-backend-02.log
 create mode 100644 specs/artifacts/2026-10-05-connection-workspace-authority/delegated-final-authority-116/implementation/logs/worker-final-authority-116-final-backend-03.log
 create mode 100644 specs/artifacts/2026-10-05-connection-workspace-authority/delegated-final-authority-116/implementation/logs/worker-final-authority-116-final-backend.log
 create mode 100644 specs/artifacts/2026-10-05-connection-workspace-authority/delegated-final-authority-116/implementation/logs/worker-final-authority-116-final-qualified.log
 create mode 100644 specs/artifacts/2026-10-05-connection-workspace-authority/delegated-final-authority-116/implementation/logs/worker-final-authority-116-light-final.log
 create mode 100644 specs/artifacts/2026-10-05-connection-workspace-authority/delegated-final-authority-116/implementation/logs/worker-final-authority-116-module-topology.log
 create mode 100644 specs/artifacts/2026-10-05-connection-workspace-authority/delegated-final-authority-116/implementation/logs/worker-final-authority-116-types-after-first.log
 create mode 100644 specs/artifacts/2026-10-05-connection-workspace-authority/delegated-final-authority-116/implementation/logs/worker-final-authority-116-types-after-scoped.log
 create mode 100644 specs/artifacts/2026-10-05-connection-workspace-authority/delegated-final-authority-116/implementation/logs/worker-final-authority-116-types-final-02.log
 create mode 100644 specs/artifacts/2026-10-05-connection-workspace-authority/delegated-final-authority-116/implementation/logs/worker-final-authority-116-types-final-03.log
 create mode 100644 specs/artifacts/2026-10-05-connection-workspace-authority/delegated-final-authority-116/implementation/logs/worker-final-authority-116-types-final-04.log
 create mode 100644 specs/artifacts/2026-10-05-connection-workspace-authority/delegated-final-authority-116/implementation/logs/worker-final-authority-116-types-final-05.log
 create mode 100644 specs/artifacts/2026-10-05-connection-workspace-authority/delegated-final-authority-116/implementation/logs/worker-final-authority-116-types-final-06.log
 create mode 100644 specs/artifacts/2026-10-05-connection-workspace-authority/delegated-final-authority-116/implementation/logs/worker-final-authority-116-types-final.log
 create mode 100644 specs/artifacts/2026-10-05-connection-workspace-authority/delegated-final-authority-116/implementation/logs/worker-final-authority-116-types-first.log
 create mode 100644 specs/artifacts/2026-10-05-connection-workspace-authority/delegated-final-authority-116/implementation/new-authority-test.diff
 create mode 100644 specs/artifacts/2026-10-05-connection-workspace-authority/delegated-final-authority-116/implementation/new-terminal-facts.diff
 create mode 100644 specs/artifacts/2026-10-05-connection-workspace-authority/delegated-final-authority-116/implementation/source-final-initial/src/engine/dispatch-settlement.ts
 create mode 100644 specs/artifacts/2026-10-05-connection-workspace-authority/delegated-final-authority-116/implementation/source-final-initial/src/engine/task-root-ingress-delivery.ts
 create mode 100644 specs/artifacts/2026-10-05-connection-workspace-authority/delegated-final-authority-116/implementation/source-final-initial/src/engine/task-worker-terminal-facts.ts
 create mode 100644 specs/artifacts/2026-10-05-connection-workspace-authority/delegated-final-authority-116/implementation/source-final-initial/src/tool/read-agent-message.ts
 create mode 100644 specs/artifacts/2026-10-05-connection-workspace-authority/delegated-final-authority-116/implementation/source-final-initial/test/expert-squad/dynamic-package.test.ts
 create mode 100644 specs/artifacts/2026-10-05-connection-workspace-authority/delegated-final-authority-116/implementation/source-final-initial/test/expert-squad/light-package.test.ts
 create mode 100644 specs/artifacts/2026-10-05-connection-workspace-authority/delegated-final-authority-116/implementation/source-final-initial/test/read-agent-message-worker-final-authority.test.ts
 create mode 100644 specs/artifacts/2026-10-05-connection-workspace-authority/delegated-final-authority-116/implementation/source-final/src/engine/dispatch-settlement.ts
 create mode 100644 specs/artifacts/2026-10-05-connection-workspace-authority/delegated-final-authority-116/implementation/source-final/src/engine/task-root-ingress-delivery.ts
 create mode 100644 specs/artifacts/2026-10-05-connection-workspace-authority/delegated-final-authority-116/implementation/source-final/src/engine/task-worker-terminal-facts.ts
 create mode 100644 specs/artifacts/2026-10-05-connection-workspace-authority/delegated-final-authority-116/implementation/source-final/src/tool/read-agent-message.ts
 create mode 100644 specs/artifacts/2026-10-05-connection-workspace-authority/delegated-final-authority-116/implementation/source-final/test/expert-squad/dynamic-package.test.ts
 create mode 100644 specs/artifacts/2026-10-05-connection-workspace-authority/delegated-final-authority-116/implementation/source-final/test/expert-squad/light-package.test.ts
 create mode 100644 specs/artifacts/2026-10-05-connection-workspace-authority/delegated-final-authority-116/implementation/source-final/test/read-agent-message-worker-final-authority.test.ts
 create mode 100644 specs/artifacts/2026-10-05-connection-workspace-authority/delegated-final-authority-116/live-01/README.md
 create mode 100644 specs/artifacts/2026-10-05-connection-workspace-authority/delegated-final-authority-116/live-01/actual-11601-readonly-facts.json
 create mode 100644 specs/artifacts/2026-10-05-connection-workspace-authority/delegated-final-authority-116/live-01/actual-11601-readonly-tool-facts.json
 create mode 100644 specs/artifacts/2026-10-05-connection-workspace-authority/delegated-final-authority-116/live-01/actual-11601-task-accepted-cli.json
 create mode 100644 specs/artifacts/2026-10-05-connection-workspace-authority/delegated-final-authority-116/live-01/actual-11601-task-create-first.log
 create mode 100644 specs/artifacts/2026-10-05-connection-workspace-authority/delegated-final-authority-116/live-01/actual-11601-task-request-input.json
 create mode 100644 specs/artifacts/2026-10-05-connection-workspace-authority/delegated-final-authority-116/live-01/actual-11601-task-selection.json
 create mode 100644 specs/artifacts/2026-10-05-connection-workspace-authority/delegated-final-authority-116/live-01/actual-http-readiness.json
 create mode 100644 specs/artifacts/2026-10-05-connection-workspace-authority/delegated-final-authority-116/live-01/authority-ready.json
 create mode 100644 specs/artifacts/2026-10-05-connection-workspace-authority/delegated-final-authority-116/live-01/checker-custody-review.md
 create mode 100644 specs/artifacts/2026-10-05-connection-workspace-authority/delegated-final-authority-116/live-01/child-current-final-answer-facts.json
 create mode 100644 specs/artifacts/2026-10-05-connection-workspace-authority/delegated-final-authority-116/live-01/child-current-source-facts.json
 create mode 100644 specs/artifacts/2026-10-05-connection-workspace-authority/delegated-final-authority-116/live-01/expected-source-manifest.json
 create mode 100644 specs/artifacts/2026-10-05-connection-workspace-authority/delegated-final-authority-116/live-01/final-answer-source-checker-exit.json
 create mode 100644 specs/artifacts/2026-10-05-connection-workspace-authority/delegated-final-authority-116/live-01/final-answer-source-checker.stderr.log
 create mode 100644 specs/artifacts/2026-10-05-connection-workspace-authority/delegated-final-authority-116/live-01/final-answer-source-checker.stdout.log
 create mode 100644 specs/artifacts/2026-10-05-connection-workspace-authority/delegated-final-authority-116/live-01/generated-bun-preserved-metadata.json
 create mode 100644 specs/artifacts/2026-10-05-connection-workspace-authority/delegated-final-authority-116/live-01/native-host-ready.json
 create mode 100644 specs/artifacts/2026-10-05-connection-workspace-authority/delegated-final-authority-116/live-01/native-host-settled.json
 create mode 100644 specs/artifacts/2026-10-05-connection-workspace-authority/delegated-final-authority-116/live-01/owned-config-hierarchy.json
 create mode 100644 specs/artifacts/2026-10-05-connection-workspace-authority/delegated-final-authority-116/live-01/preflight-ready.json
 create mode 100644 specs/artifacts/2026-10-05-connection-workspace-authority/delegated-final-authority-116/live-01/preparation-input-facts.json
 create mode 100644 specs/artifacts/2026-10-05-connection-workspace-authority/delegated-final-authority-116/live-01/profile-selection-admitted.json
 create mode 100644 specs/artifacts/2026-10-05-connection-workspace-authority/delegated-final-authority-116/live-01/profile-selection.json
 create mode 100644 specs/artifacts/2026-10-05-connection-workspace-authority/delegated-final-authority-116/live-01/project-baseline.json
 create mode 100644 specs/artifacts/2026-10-05-connection-workspace-authority/delegated-final-authority-116/live-01/request.txt
 create mode 100644 specs/artifacts/2026-10-05-connection-workspace-authority/delegated-final-authority-116/live-01/retained-launch-owner.json
 create mode 100644 specs/artifacts/2026-10-05-connection-workspace-authority/delegated-final-authority-116/live-01/retained-startup.json
 create mode 100644 specs/artifacts/2026-10-05-connection-workspace-authority/delegated-final-authority-116/live-01/reviewed-helper-inputs/genuine-task-create.ps1
 create mode 100644 specs/artifacts/2026-10-05-connection-workspace-authority/delegated-final-authority-116/live-01/reviewed-helper-inputs/genuine-task-readonly.ts
 create mode 100644 specs/artifacts/2026-10-05-connection-workspace-authority/delegated-final-authority-116/live-01/reviewed-helper-inputs/live-sol-cli-owned.ts
 create mode 100644 specs/artifacts/2026-10-05-connection-workspace-authority/delegated-final-authority-116/live-01/reviewed-helper-inputs/live-sol-launch.ps1
 create mode 100644 specs/artifacts/2026-10-05-connection-workspace-authority/delegated-final-authority-116/live-01/reviewed-helper-inputs/live-sol-observe-owned.ps1
 create mode 100644 specs/artifacts/2026-10-05-connection-workspace-authority/delegated-final-authority-116/live-01/reviewed-helper-inputs/live-sol-shutdown.ps1
 create mode 100644 specs/artifacts/2026-10-05-connection-workspace-authority/delegated-final-authority-116/live-01/reviewed-helper-inputs/source-title-104-readiness.ps1
 create mode 100644 specs/artifacts/2026-10-05-connection-workspace-authority/delegated-final-authority-116/live-01/reviewed-helper-inputs/verify-current-final-answer.ts
 create mode 100644 specs/artifacts/2026-10-05-connection-workspace-authority/delegated-final-authority-116/live-01/reviewed-helper-inputs/verify-current-source-facts.ts
 create mode 100644 specs/artifacts/2026-10-05-connection-workspace-authority/delegated-final-authority-116/live-01/root-actual-final-content.json
 create mode 100644 specs/artifacts/2026-10-05-connection-workspace-authority/delegated-final-authority-116/live-01/root-child-end-settled.json
 create mode 100644 specs/artifacts/2026-10-05-connection-workspace-authority/delegated-final-authority-116/live-01/root-child-home-settled.json
 create mode 100644 specs/artifacts/2026-10-05-connection-workspace-authority/delegated-final-authority-116/live-01/root-child-native-home-settled.json
 create mode 100644 specs/artifacts/2026-10-05-connection-workspace-authority/delegated-final-authority-116/live-01/root-child-native-home-settled.png
 create mode 100644 specs/artifacts/2026-10-05-connection-workspace-authority/delegated-final-authority-116/live-01/root-create.log
 create mode 100644 specs/artifacts/2026-10-05-connection-workspace-authority/delegated-final-authority-116/live-01/root-current-final-answer-wide.png
 create mode 100644 specs/artifacts/2026-10-05-connection-workspace-authority/delegated-final-authority-116/live-01/root-final-checker.log
 create mode 100644 specs/artifacts/2026-10-05-connection-workspace-authority/delegated-final-authority-116/live-01/root-launch.log
 create mode 100644 specs/artifacts/2026-10-05-connection-workspace-authority/delegated-final-authority-116/live-01/root-live-first-source-open.json
 create mode 100644 specs/artifacts/2026-10-05-connection-workspace-authority/delegated-final-authority-116/live-01/root-live-first-source-open.png
 create mode 100644 specs/artifacts/2026-10-05-connection-workspace-authority/delegated-final-authority-116/live-01/root-live-narrow-sources.json
 create mode 100644 specs/artifacts/2026-10-05-connection-workspace-authority/delegated-final-authority-116/live-01/root-live-narrow-sources.png
 create mode 100644 specs/artifacts/2026-10-05-connection-workspace-authority/delegated-final-authority-116/live-01/root-live-original-source-page.png
 create mode 100644 specs/artifacts/2026-10-05-connection-workspace-authority/delegated-final-authority-116/live-01/root-live-source-focus.json
 create mode 100644 specs/artifacts/2026-10-05-connection-workspace-authority/delegated-final-authority-116/live-01/root-live-source-focus.png
 create mode 100644 specs/artifacts/2026-10-05-connection-workspace-authority/delegated-final-authority-116/live-01/root-live-three-sources-open.json
 create mode 100644 specs/artifacts/2026-10-05-connection-workspace-authority/delegated-final-authority-116/live-01/root-live-three-sources-open.png
 create mode 100644 specs/artifacts/2026-10-05-connection-workspace-authority/delegated-final-authority-116/live-01/root-provider-role-partition.json
 create mode 100644 specs/artifacts/2026-10-05-connection-workspace-authority/delegated-final-authority-116/live-01/root-readiness.log
 create mode 100644 specs/artifacts/2026-10-05-connection-workspace-authority/delegated-final-authority-116/live-01/root-readonly-tools.log
 create mode 100644 specs/artifacts/2026-10-05-connection-workspace-authority/delegated-final-authority-116/live-01/root-readonly.log
 create mode 100644 specs/artifacts/2026-10-05-connection-workspace-authority/delegated-final-authority-116/live-01/root-shutdown.log
 create mode 100644 specs/artifacts/2026-10-05-connection-workspace-authority/delegated-final-authority-116/live-01/sources-delegated-live-116-01-chain-supervision-66928-1.json
 create mode 100644 specs/artifacts/2026-10-05-connection-workspace-authority/delegated-final-authority-116/live-01/sources-delegated-live-116-01-chain-supervision-66928-10.json
 create mode 100644 specs/artifacts/2026-10-05-connection-workspace-authority/delegated-final-authority-116/live-01/sources-delegated-live-116-01-chain-supervision-66928-100.json
 create mode 100644 specs/artifacts/2026-10-05-connection-workspace-authority/delegated-final-authority-116/live-01/sources-delegated-live-116-01-chain-supervision-66928-101.json
 create mode 100644 specs/artifacts/2026-10-05-connection-workspace-authority/delegated-final-authority-116/live-01/sources-delegated-live-116-01-chain-supervision-66928-102.json
 create mode 100644 specs/artifacts/2026-10-05-connection-workspace-authority/delegated-final-authority-116/live-01/sources-delegated-live-116-01-chain-supervision-66928-103.json
 create mode 100644 specs/artifacts/2026-10-05-connection-workspace-authority/delegated-final-authority-116/live-01/sources-delegated-live-116-01-chain-supervision-66928-104.json
 create mode 100644 specs/artifacts/2026-10-05-connection-workspace-authority/delegated-final-authority-116/live-01/sources-delegated-live-116-01-chain-supervision-66928-105.json
 create mode 100644 specs/artifacts/2026-10-05-connection-workspace-authority/delegated-final-authority-116/live-01/sources-delegated-live-116-01-chain-supervision-66928-106.json
 create mode 100644 specs/artifacts/2026-10-05-connection-workspace-authority/delegated-final-authority-116/live-01/sources-delegated-live-116-01-chain-supervision-66928-107.json
 create mode 100644 specs/artifacts/2026-10-05-connection-workspace-authority/delegated-final-authority-116/live-01/sources-delegated-live-116-01-chain-supervision-66928-108.json
 create mode 100644 specs/artifacts/2026-10-05-connection-workspace-authority/delegated-final-authority-116/live-01/sources-delegated-live-116-01-chain-supervision-66928-109.json
 create mode 100644 specs/artifacts/2026-10-05-connection-workspace-authority/delegated-final-authority-116/live-01/sources-delegated-live-116-01-chain-supervision-66928-11.json
 create mode 100644 specs/artifacts/2026-10-05-connection-workspace-authority/delegated-final-authority-116/live-01/sources-delegated-live-116-01-chain-supervision-66928-110.json
 create mode 100644 specs/artifacts/2026-10-05-connection-workspace-authority/delegated-final-authority-116/live-01/sources-delegated-live-116-01-chain-supervision-66928-111.json
 create mode 100644 specs/artifacts/2026-10-05-connection-workspace-authority/delegated-final-authority-116/live-01/sources-delegated-live-116-01-chain-supervision-66928-112.json
 create mode 100644 specs/artifacts/2026-10-05-connection-workspace-authority/delegated-final-authority-116/live-01/sources-delegated-live-116-01-chain-supervision-66928-113.json
 create mode 100644 specs/artifacts/2026-10-05-connection-workspace-authority/delegated-final-authority-116/live-01/sources-delegated-live-116-01-chain-supervision-66928-114.json
 create mode 100644 specs/artifacts/2026-10-05-connection-workspace-authority/delegated-final-authority-116/live-01/sources-delegated-live-116-01-chain-supervision-66928-115.json
 create mode 100644 specs/artifacts/2026-10-05-connection-workspace-authority/delegated-final-authority-116/live-01/sources-delegated-live-116-01-chain-supervision-66928-116.json
 create mode 100644 specs/artifacts/2026-10-05-connection-workspace-authority/delegated-final-authority-116/live-01/sources-delegated-live-116-01-chain-supervision-66928-117.json
 create mode 100644 specs/artifacts/2026-10-05-connection-workspace-authority/delegated-final-authority-116/live-01/sources-delegated-live-116-01-chain-supervision-66928-118.json
 create mode 100644 specs/artifacts/2026-10-05-connection-workspace-authority/delegated-final-authority-116/live-01/sources-delegated-live-116-01-chain-supervision-66928-119.json
 create mode 100644 specs/artifacts/2026-10-05-connection-workspace-authority/delegated-final-authority-116/live-01/sources-delegated-live-116-01-chain-supervision-66928-12.json
 create mode 100644 specs/artifacts/2026-10-05-connection-workspace-authority/delegated-final-authority-116/live-01/sources-delegated-live-116-01-chain-supervision-66928-120.json
 create mode 100644 specs/artifacts/2026-10-05-connection-workspace-authority/delegated-final-authority-116/live-01/sources-delegated-live-116-01-chain-supervision-66928-121.json
 create mode 100644 specs/artifacts/2026-10-05-connection-workspace-authority/delegated-final-authority-116/live-01/sources-delegated-live-116-01-chain-supervision-66928-122.json
 create mode 100644 specs/artifacts/2026-10-05-connection-workspace-authority/delegated-final-authority-116/live-01/sources-delegated-live-116-01-chain-supervision-66928-123.json
 create mode 100644 specs/artifacts/2026-10-05-connection-workspace-authority/delegated-final-authority-116/live-01/sources-delegated-live-116-01-chain-supervision-66928-124.json
 create mode 100644 specs/artifacts/2026-10-05-connection-workspace-authority/delegated-final-authority-116/live-01/sources-delegated-live-116-01-chain-supervision-66928-125.json
 create mode 100644 specs/artifacts/2026-10-05-connection-workspace-authority/delegated-final-authority-116/live-01/sources-delegated-live-116-01-chain-supervision-66928-126.json
 create mode 100644 specs/artifacts/2026-10-05-connection-workspace-authority/delegated-final-authority-116/live-01/sources-delegated-live-116-01-chain-supervision-66928-127.json
 create mode 100644 specs/artifacts/2026-10-05-connection-workspace-authority/delegated-final-authority-116/live-01/sources-delegated-live-116-01-chain-supervision-66928-128.json
 create mode 100644 specs/artifacts/2026-10-05-connection-workspace-authority/delegated-final-authority-116/live-01/sources-delegated-live-116-01-chain-supervision-66928-129.json
 create mode 100644 specs/artifacts/2026-10-05-connection-workspace-authority/delegated-final-authority-116/live-01/sources-delegated-live-116-01-chain-supervision-66928-13.json
 create mode 100644 specs/artifacts/2026-10-05-connection-workspace-authority/delegated-final-authority-116/live-01/sources-delegated-live-116-01-chain-supervision-66928-130.json
 create mode 100644 specs/artifacts/2026-10-05-connection-workspace-authority/delegated-final-authority-116/live-01/sources-delegated-live-116-01-chain-supervision-66928-131.json
 create mode 100644 specs/artifacts/2026-10-05-connection-workspace-authority/delegated-final-authority-116/live-01/sources-delegated-live-116-01-chain-supervision-66928-132.json
 create mode 100644 specs/artifacts/2026-10-05-connection-workspace-authority/delegated-final-authority-116/live-01/sources-delegated-live-116-01-chain-supervision-66928-133.json
 create mode 100644 specs/artifacts/2026-10-05-connection-workspace-authority/delegated-final-authority-116/live-01/sources-delegated-live-116-01-chain-supervision-66928-14.json
 create mode 100644 specs/artifacts/2026-10-05-connection-workspace-authority/delegated-final-authority-116/live-01/sources-delegated-live-116-01-chain-supervision-66928-15.json
 create mode 100644 specs/artifacts/2026-10-05-connection-workspace-authority/delegated-final-authority-116/live-01/sources-delegated-live-116-01-chain-supervision-66928-16.json
 create mode 100644 specs/artifacts/2026-10-05-connection-workspace-authority/delegated-final-authority-116/live-01/sources-delegated-live-116-01-chain-supervision-66928-17.json
 create mode 100644 specs/artifacts/2026-10-05-connection-workspace-authority/delegated-final-authority-116/live-01/sources-delegated-live-116-01-chain-supervision-66928-18.json
 create mode 100644 specs/artifacts/2026-10-05-connection-workspace-authority/delegated-final-authority-116/live-01/sources-delegated-live-116-01-chain-supervision-66928-19.json
 create mode 100644 specs/artifacts/2026-10-05-connection-workspace-authority/delegated-final-authority-116/live-01/sources-delegated-live-116-01-chain-supervision-66928-2.json
 create mode 100644 specs/artifacts/2026-10-05-connection-workspace-authority/delegated-final-authority-116/live-01/sources-delegated-live-116-01-chain-supervision-66928-20.json
 create mode 100644 specs/artifacts/2026-10-05-connection-workspace-authority/delegated-final-authority-116/live-01/sources-delegated-live-116-01-chain-supervision-66928-21.json
 create mode 100644 specs/artifacts/2026-10-05-connection-workspace-authority/delegated-final-authority-116/live-01/sources-delegated-live-116-01-chain-supervision-66928-22.json
 create mode 100644 specs/artifacts/2026-10-05-connection-workspace-authority/delegated-final-authority-116/live-01/sources-delegated-live-116-01-chain-supervision-66928-23.json
 create mode 100644 specs/artifacts/2026-10-05-connection-workspace-authority/delegated-final-authority-116/live-01/sources-delegated-live-116-01-chain-supervision-66928-24.json
 create mode 100644 specs/artifacts/2026-10-05-connection-workspace-authority/delegated-final-authority-116/live-01/sources-delegated-live-116-01-chain-supervision-66928-25.json
 create mode 100644 specs/artifacts/2026-10-05-connection-workspace-authority/delegated-final-authority-116/live-01/sources-delegated-live-116-01-chain-supervision-66928-26.json
 create mode 100644 specs/artifacts/2026-10-05-connection-workspace-authority/delegated-final-authority-116/live-01/sources-delegated-live-116-01-chain-supervision-66928-27.json
 create mode 100644 specs/artifacts/2026-10-05-connection-workspace-authority/delegated-final-authority-116/live-01/sources-delegated-live-116-01-chain-supervision-66928-28.json
 create mode 100644 specs/artifacts/2026-10-05-connection-workspace-authority/delegated-final-authority-116/live-01/sources-delegated-live-116-01-chain-supervision-66928-29.json
 create mode 100644 specs/artifacts/2026-10-05-connection-workspace-authority/delegated-final-authority-116/live-01/sources-delegated-live-116-01-chain-supervision-66928-3.json
 create mode 100644 specs/artifacts/2026-10-05-connection-workspace-authority/delegated-final-authority-116/live-01/sources-delegated-live-116-01-chain-supervision-66928-30.json
 create mode 100644 specs/artifacts/2026-10-05-connection-workspace-authority/delegated-final-authority-116/live-01/sources-delegated-live-116-01-chain-supervision-66928-31.json
 create mode 100644 specs/artifacts/2026-10-05-connection-workspace-authority/delegated-final-authority-116/live-01/sources-delegated-live-116-01-chain-supervision-66928-32.json
 create mode 100644 specs/artifacts/2026-10-05-connection-workspace-authority/delegated-final-authority-116/live-01/sources-delegated-live-116-01-chain-supervision-66928-33.json
 create mode 100644 specs/artifacts/2026-10-05-connection-workspace-authority/delegated-final-authority-116/live-01/sources-delegated-live-116-01-chain-supervision-66928-34.json
 create mode 100644 specs/artifacts/2026-10-05-connection-workspace-authority/delegated-final-authority-116/live-01/sources-delegated-live-116-01-chain-supervision-66928-35.json
 create mode 100644 specs/artifacts/2026-10-05-connection-workspace-authority/delegated-final-authority-116/live-01/sources-delegated-live-116-01-chain-supervision-66928-36.json
 create mode 100644 specs/artifacts/2026-10-05-connection-workspace-authority/delegated-final-authority-116/live-01/sources-delegated-live-116-01-chain-supervision-66928-37.json
 create mode 100644 specs/artifacts/2026-10-05-connection-workspace-authority/delegated-final-authority-116/live-01/sources-delegated-live-116-01-chain-supervision-66928-38.json
 create mode 100644 specs/artifacts/2026-10-05-connection-workspace-authority/delegated-final-authority-116/live-01/sources-delegated-live-116-01-chain-supervision-66928-39.json
 create mode 100644 specs/artifacts/2026-10-05-connection-workspace-authority/delegated-final-authority-116/live-01/sources-delegated-live-116-01-chain-supervision-66928-4.json
 create mode 100644 specs/artifacts/2026-10-05-connection-workspace-authority/delegated-final-authority-116/live-01/sources-delegated-live-116-01-chain-supervision-66928-40.json
 create mode 100644 specs/artifacts/2026-10-05-connection-workspace-authority/delegated-final-authority-116/live-01/sources-delegated-live-116-01-chain-supervision-66928-41.json
 create mode 100644 specs/artifacts/2026-10-05-connection-workspace-authority/delegated-final-authority-116/live-01/sources-delegated-live-116-01-chain-supervision-66928-42.json
 create mode 100644 specs/artifacts/2026-10-05-connection-workspace-authority/delegated-final-authority-116/live-01/sources-delegated-live-116-01-chain-supervision-66928-43.json
 create mode 100644 specs/artifacts/2026-10-05-connection-workspace-authority/delegated-final-authority-116/live-01/sources-delegated-live-116-01-chain-supervision-66928-44.json
 create mode 100644 specs/artifacts/2026-10-05-connection-workspace-authority/delegated-final-authority-116/live-01/sources-delegated-live-116-01-chain-supervision-66928-45.json
 create mode 100644 specs/artifacts/2026-10-05-connection-workspace-authority/delegated-final-authority-116/live-01/sources-delegated-live-116-01-chain-supervision-66928-46.json
 create mode 100644 specs/artifacts/2026-10-05-connection-workspace-authority/delegated-final-authority-116/live-01/sources-delegated-live-116-01-chain-supervision-66928-47.json
 create mode 100644 specs/artifacts/2026-10-05-connection-workspace-authority/delegated-final-authority-116/live-01/sources-delegated-live-116-01-chain-supervision-66928-48.json
 create mode 100644 specs/artifacts/2026-10-05-connection-workspace-authority/delegated-final-authority-116/live-01/sources-delegated-live-116-01-chain-supervision-66928-49.json
 create mode 100644 specs/artifacts/2026-10-05-connection-workspace-authority/delegated-final-authority-116/live-01/sources-delegated-live-116-01-chain-supervision-66928-5.json
 create mode 100644 specs/artifacts/2026-10-05-connection-workspace-authority/delegated-final-authority-116/live-01/sources-delegated-live-116-01-chain-supervision-66928-50.json
 create mode 100644 specs/artifacts/2026-10-05-connection-workspace-authority/delegated-final-authority-116/live-01/sources-delegated-live-116-01-chain-supervision-66928-51.json
 create mode 100644 specs/artifacts/2026-10-05-connection-workspace-authority/delegated-final-authority-116/live-01/sources-delegated-live-116-01-chain-supervision-66928-52.json
 create mode 100644 specs/artifacts/2026-10-05-connection-workspace-authority/delegated-final-authority-116/live-01/sources-delegated-live-116-01-chain-supervision-66928-53.json
 create mode 100644 specs/artifacts/2026-10-05-connection-workspace-authority/delegated-final-authority-116/live-01/sources-delegated-live-116-01-chain-supervision-66928-54.json
 create mode 100644 specs/artifacts/2026-10-05-connection-workspace-authority/delegated-final-authority-116/live-01/sources-delegated-live-116-01-chain-supervision-66928-55.json
 create mode 100644 specs/artifacts/2026-10-05-connection-workspace-authority/delegated-final-authority-116/live-01/sources-delegated-live-116-01-chain-supervision-66928-56.json
 create mode 100644 specs/artifacts/2026-10-05-connection-workspace-authority/delegated-final-authority-116/live-01/sources-delegated-live-116-01-chain-supervision-66928-57.json
 create mode 100644 specs/artifacts/2026-10-05-connection-workspace-authority/delegated-final-authority-116/live-01/sources-delegated-live-116-01-chain-supervision-66928-58.json
 create mode 100644 specs/artifacts/2026-10-05-connection-workspace-authority/delegated-final-authority-116/live-01/sources-delegated-live-116-01-chain-supervision-66928-59.json
 create mode 100644 specs/artifacts/2026-10-05-connection-workspace-authority/delegated-final-authority-116/live-01/sources-delegated-live-116-01-chain-supervision-66928-6.json
 create mode 100644 specs/artifacts/2026-10-05-connection-workspace-authority/delegated-final-authority-116/live-01/sources-delegated-live-116-01-chain-supervision-66928-60.json
 create mode 100644 specs/artifacts/2026-10-05-connection-workspace-authority/delegated-final-authority-116/live-01/sources-delegated-live-116-01-chain-supervision-66928-61.json
 create mode 100644 specs/artifacts/2026-10-05-connection-workspace-authority/delegated-final-authority-116/live-01/sources-delegated-live-116-01-chain-supervision-66928-62.json
 create mode 100644 specs/artifacts/2026-10-05-connection-workspace-authority/delegated-final-authority-116/live-01/sources-delegated-live-116-01-chain-supervision-66928-63.json
 create mode 100644 specs/artifacts/2026-10-05-connection-workspace-authority/delegated-final-authority-116/live-01/sources-delegated-live-116-01-chain-supervision-66928-64.json
 create mode 100644 specs/artifacts/2026-10-05-connection-workspace-authority/delegated-final-authority-116/live-01/sources-delegated-live-116-01-chain-supervision-66928-65.json
 create mode 100644 specs/artifacts/2026-10-05-connection-workspace-authority/delegated-final-authority-116/live-01/sources-delegated-live-116-01-chain-supervision-66928-66.json
 create mode 100644 specs/artifacts/2026-10-05-connection-workspace-authority/delegated-final-authority-116/live-01/sources-delegated-live-116-01-chain-supervision-66928-67.json
 create mode 100644 specs/artifacts/2026-10-05-connection-workspace-authority/delegated-final-authority-116/live-01/sources-delegated-live-116-01-chain-supervision-66928-68.json
 create mode 100644 specs/artifacts/2026-10-05-connection-workspace-authority/delegated-final-authority-116/live-01/sources-delegated-live-116-01-chain-supervision-66928-69.json
 create mode 100644 specs/artifacts/2026-10-05-connection-workspace-authority/delegated-final-authority-116/live-01/sources-delegated-live-116-01-chain-supervision-66928-7.json
 create mode 100644 specs/artifacts/2026-10-05-connection-workspace-authority/delegated-final-authority-116/live-01/sources-delegated-live-116-01-chain-supervision-66928-70.json
 create mode 100644 specs/artifacts/2026-10-05-connection-workspace-authority/delegated-final-authority-116/live-01/sources-delegated-live-116-01-chain-supervision-66928-71.json
 create mode 100644 specs/artifacts/2026-10-05-connection-workspace-authority/delegated-final-authority-116/live-01/sources-delegated-live-116-01-chain-supervision-66928-72.json
 create mode 100644 specs/artifacts/2026-10-05-connection-workspace-authority/delegated-final-authority-116/live-01/sources-delegated-live-116-01-chain-supervision-66928-73.json
 create mode 100644 specs/artifacts/2026-10-05-connection-workspace-authority/delegated-final-authority-116/live-01/sources-delegated-live-116-01-chain-supervision-66928-74.json
 create mode 100644 specs/artifacts/2026-10-05-connection-workspace-authority/delegated-final-authority-116/live-01/sources-delegated-live-116-01-chain-supervision-66928-75.json
 create mode 100644 specs/artifacts/2026-10-05-connection-workspace-authority/delegated-final-authority-116/live-01/sources-delegated-live-116-01-chain-supervision-66928-76.json
 create mode 100644 specs/artifacts/2026-10-05-connection-workspace-authority/delegated-final-authority-116/live-01/sources-delegated-live-116-01-chain-supervision-66928-77.json
 create mode 100644 specs/artifacts/2026-10-05-connection-workspace-authority/delegated-final-authority-116/live-01/sources-delegated-live-116-01-chain-supervision-66928-78.json
 create mode 100644 specs/artifacts/2026-10-05-connection-workspace-authority/delegated-final-authority-116/live-01/sources-delegated-live-116-01-chain-supervision-66928-79.json
 create mode 100644 specs/artifacts/2026-10-05-connection-workspace-authority/delegated-final-authority-116/live-01/sources-delegated-live-116-01-chain-supervision-66928-8.json
 create mode 100644 specs/artifacts/2026-10-05-connection-workspace-authority/delegated-final-authority-116/live-01/sources-delegated-live-116-01-chain-supervision-66928-80.json
 create mode 100644 specs/artifacts/2026-10-05-connection-workspace-authority/delegated-final-authority-116/live-01/sources-delegated-live-116-01-chain-supervision-66928-81.json
 create mode 100644 specs/artifacts/2026-10-05-connection-workspace-authority/delegated-final-authority-116/live-01/sources-delegated-live-116-01-chain-supervision-66928-82.json
 create mode 100644 specs/artifacts/2026-10-05-connection-workspace-authority/delegated-final-authority-116/live-01/sources-delegated-live-116-01-chain-supervision-66928-83.json
 create mode 100644 specs/artifacts/2026-10-05-connection-workspace-authority/delegated-final-authority-116/live-01/sources-delegated-live-116-01-chain-supervision-66928-84.json
 create mode 100644 specs/artifacts/2026-10-05-connection-workspace-authority/delegated-final-authority-116/live-01/sources-delegated-live-116-01-chain-supervision-66928-85.json
 create mode 100644 specs/artifacts/2026-10-05-connection-workspace-authority/delegated-final-authority-116/live-01/sources-delegated-live-116-01-chain-supervision-66928-86.json
 create mode 100644 specs/artifacts/2026-10-05-connection-workspace-authority/delegated-final-authority-116/live-01/sources-delegated-live-116-01-chain-supervision-66928-87.json
 create mode 100644 specs/artifacts/2026-10-05-connection-workspace-authority/delegated-final-authority-116/live-01/sources-delegated-live-116-01-chain-supervision-66928-88.json
 create mode 100644 specs/artifacts/2026-10-05-connection-workspace-authority/delegated-final-authority-116/live-01/sources-delegated-live-116-01-chain-supervision-66928-89.json
 create mode 100644 specs/artifacts/2026-10-05-connection-workspace-authority/delegated-final-authority-116/live-01/sources-delegated-live-116-01-chain-supervision-66928-9.json
 create mode 100644 specs/artifacts/2026-10-05-connection-workspace-authority/delegated-final-authority-116/live-01/sources-delegated-live-116-01-chain-supervision-66928-90.json
 create mode 100644 specs/artifacts/2026-10-05-connection-workspace-authority/delegated-final-authority-116/live-01/sources-delegated-live-116-01-chain-supervision-66928-91.json
 create mode 100644 specs/artifacts/2026-10-05-connection-workspace-authority/delegated-final-authority-116/live-01/sources-delegated-live-116-01-chain-supervision-66928-92.json
 create mode 100644 specs/artifacts/2026-10-05-connection-workspace-authority/delegated-final-authority-116/live-01/sources-delegated-live-116-01-chain-supervision-66928-93.json
 create mode 100644 specs/artifacts/2026-10-05-connection-workspace-authority/delegated-final-authority-116/live-01/sources-delegated-live-116-01-chain-supervision-66928-94.json
 create mode 100644 specs/artifacts/2026-10-05-connection-workspace-authority/delegated-final-authority-116/live-01/sources-delegated-live-116-01-chain-supervision-66928-95.json
 create mode 100644 specs/artifacts/2026-10-05-connection-workspace-authority/delegated-final-authority-116/live-01/sources-delegated-live-116-01-chain-supervision-66928-96.json
 create mode 100644 specs/artifacts/2026-10-05-connection-workspace-authority/delegated-final-authority-116/live-01/sources-delegated-live-116-01-chain-supervision-66928-97.json
 create mode 100644 specs/artifacts/2026-10-05-connection-workspace-authority/delegated-final-authority-116/live-01/sources-delegated-live-116-01-chain-supervision-66928-98.json
 create mode 100644 specs/artifacts/2026-10-05-connection-workspace-authority/delegated-final-authority-116/live-01/sources-delegated-live-116-01-chain-supervision-66928-99.json
 create mode 100644 specs/artifacts/2026-10-05-connection-workspace-authority/delegated-final-authority-116/live-01/sources-delegated-live-116-01-final-provider-audit.json
 create mode 100644 specs/artifacts/2026-10-05-connection-workspace-authority/delegated-final-authority-116/live-01/sources-delegated-live-116-01-physical-terminal-and-pair-cleanup.json
 create mode 100644 specs/artifacts/2026-10-05-connection-workspace-authority/delegated-final-authority-116/live-01/sources-delegated-live-116-01-settlement-owner.json
 create mode 100644 specs/artifacts/2026-10-05-connection-workspace-authority/delegated-final-authority-116/live-01/sources-delegated-live-116-01-shutdown-admission.json
 create mode 100644 specs/artifacts/2026-10-05-connection-workspace-authority/delegated-final-authority-116/live-01/task-boundary-admitted.json
 create mode 100644 specs/artifacts/2026-10-05-connection-workspace-authority/delegated-final-authority-116/live-01/task-complete.json
 create mode 100644 specs/artifacts/2026-10-05-connection-workspace-authority/delegated-final-authority-116/live-01/task-occurrence-admitted.json
 create mode 100644 specs/artifacts/2026-10-05-connection-workspace-authority/delegated-final-authority-116/markdown-next-readonly-audit.md
 create mode 100644 specs/artifacts/2026-10-05-connection-workspace-authority/delegated-final-authority-116/previous-115-commit.log
 create mode 100644 specs/artifacts/2026-10-05-connection-workspace-authority/delegated-final-authority-116/previous-115-confirm-fetch.log
 create mode 100644 specs/artifacts/2026-10-05-connection-workspace-authority/delegated-final-authority-116/previous-115-delivery-ack.json
 create mode 100644 specs/artifacts/2026-10-05-connection-workspace-authority/delegated-final-authority-116/previous-115-docs-final.log
 create mode 100644 specs/artifacts/2026-10-05-connection-workspace-authority/delegated-final-authority-116/previous-115-fetch.log
 create mode 100644 specs/artifacts/2026-10-05-connection-workspace-authority/delegated-final-authority-116/previous-115-normal-push.log
 create mode 100644 specs/artifacts/2026-10-05-connection-workspace-authority/delegated-final-authority-116/previous-115-upstream-merge.log
 create mode 100644 specs/artifacts/2026-10-05-connection-workspace-authority/delegated-final-authority-116/proposed.patch
 create mode 100644 specs/artifacts/2026-10-05-connection-workspace-authority/delegated-final-authority-116/read-only-role-review.md
 create mode 100644 specs/artifacts/2026-10-05-connection-workspace-authority/delegated-final-authority-116/researcher-system.before.md
 create mode 100644 specs/artifacts/2026-10-05-connection-workspace-authority/delegated-final-authority-116/role-applied.diff
 create mode 100644 specs/artifacts/2026-10-05-connection-workspace-authority/delegated-final-authority-116/role-topology.log
 create mode 100644 specs/artifacts/2026-10-05-connection-workspace-authority/delegated-final-authority-116/root-manual-review.md
 create mode 100644 specs/artifacts/2026-10-05-connection-workspace-authority/delegated-final-authority-116/scroll-next-readonly-audit.md
 create mode 100644 specs/artifacts/2026-10-05-connection-workspace-authority/delegated-final-authority-116/sources-next-readonly-candidates.md
 create mode 100644 specs/records/2026-10/2026-10-08-delegated-final-authority.md
