[1/2] START test/expert-squad/builtin-collision-authority.test.ts
bun test v1.3.14 (0d9b296a) 1x PARALLEL

test\isolated-test-entry.test.ts:
lawful {"input":{"projectDirectory":"C:\\Users\\hengu\\AppData\\Local\\Temp\\opencorvus-test-run-8Fiind\\test-72848-FTnpbi\\fixtures\\memory-mW3z23"},"revision":{"scope":"built_in","projectID":null,"namespace":"builtin","id":"base","version":"2026.09.30.1","packageDigest":"f27e9b9ce9cda0ca5ff4bdb5f1cf62e245466184026e7ed306bb0fb197b6f1bf"},"identity":{"agentID":"orchestrator","baseRole":"orchestrator","sessionKind":"orchestrator","projectionHash":"0735223fd77304ddc9311e01a50ee13643dfba795f831a6a90792e6528b05df4"}}
lawful {"input":{"scope":"global"},"revision":{"scope":"built_in","projectID":null,"namespace":"builtin","id":"base","version":"2026.09.30.1","packageDigest":"f27e9b9ce9cda0ca5ff4bdb5f1cf62e245466184026e7ed306bb0fb197b6f1bf"},"identity":{"agentID":"orchestrator","baseRole":"orchestrator","sessionKind":"orchestrator","projectionHash":"0735223fd77304ddc9311e01a50ee13643dfba795f831a6a90792e6528b05df4"}}
(pass) lawful unbound builtin Project and global return real materialized scheduler identity [3896.16ms]
collision {"scope":"project","malformed":false,"issues":[],"result":{"kind":"error","name":"Error","message":"External expert squad package id \"base\" collides with a built-in expert squad id."}}
(pass) unbound project SDK-valid builtin collision returns original collision Error [2804.59ms]
collision {"scope":"project","malformed":true,"issues":[{"phase":"package.identity","location":"C:\\Users\\hengu\\AppData\\Local\\Temp\\opencorvus-test-run-8Fiind\\test-72848-FTnpbi\\fixtures\\memory-puthfJ\\.opencorvus\\expert-squads\\collision-check\\base\\expert-squad.jsonc","namespace":"collision-check","id":"base","message":"[\n  {\n    \"expected\": \"string\",\n    \"code\": \"invalid_type\",\n    \"path\": [\n      \"namespace\"\n    ],\n    \"message\": \"Invalid input: expected string, received undefined\"\n  },\n  {\n    \"expected\": \"string\",\n    \"code\": \"invalid_type\",\n    \"path\": [\n      \"id\"\n    ],\n    \"message\": \"Invalid input: expected string, received undefined\"\n  }\n]"}],"result":{"kind":"error","name":"Error","message":"External expert squad package id \"base\" collides with a built-in expert squad id."}}
(pass) unbound project malformed builtin collision returns original collision Error [2669.60ms]
collision {"scope":"global","malformed":false,"issues":[],"result":{"kind":"error","name":"Error","message":"External expert squad package id \"base\" collides with a built-in expert squad id."}}
(pass) unbound global SDK-valid builtin collision returns original collision Error [2318.21ms]
collision {"scope":"global","malformed":true,"issues":[{"phase":"package.identity","location":"C:\\Users\\hengu\\AppData\\Local\\Temp\\opencorvus-test-run-8Fiind\\test-72848-FTnpbi\\runtime-root\\config\\expert-squads\\collision-check\\base\\expert-squad.jsonc","namespace":"collision-check","id":"base","message":"[\n  {\n    \"expected\": \"string\",\n    \"code\": \"invalid_type\",\n    \"path\": [\n      \"namespace\"\n    ],\n    \"message\": \"Invalid input: expected string, received undefined\"\n  },\n  {\n    \"expected\": \"string\",\n    \"code\": \"invalid_type\",\n    \"path\": [\n      \"id\"\n    ],\n    \"message\": \"Invalid input: expected string, received undefined\"\n  }\n]"}],"result":{"kind":"error","name":"Error","message":"External expert squad package id \"base\" collides with a built-in expert squad id."}}
(pass) unbound global malformed builtin collision returns original collision Error [2302.91ms]
(pass) lawful external Project wins over broken same-ID global and unbound builtin recovers after own collision removal [3978.71ms]
explicit global supplied Project {"revision":{"scope":"built_in","projectID":null,"namespace":"builtin","id":"base","version":"2026.09.30.1","packageDigest":"f27e9b9ce9cda0ca5ff4bdb5f1cf62e245466184026e7ed306bb0fb197b6f1bf"},"result":{"kind":"error","name":"Error","message":"External expert squad package id \"base\" collides with a built-in expert squad id."}}
(pass) explicit global scope keeps global authority when a Project directory is supplied [2229.99ms]
lawful empty mount identity validation completed
mount {"kind":"error","name":"Error","message":"External expert squad package id \"base\" collides with a built-in expert squad id."}
(pass) nonactive builtin mount collision returns original Error and lawful empty mount validates identity [2259.92ms]
pinned {"revision":{"scope":"built_in","projectID":null,"namespace":"builtin","id":"base","version":"2026.09.30.1","packageDigest":"f27e9b9ce9cda0ca5ff4bdb5f1cf62e245466184026e7ed306bb0fb197b6f1bf"},"workerID":"base-researcher","matrix":{"active_profile":"base","projection_hash":"2b0709b3f33f7d770f38af6f51bd786bda0de40edbe30c53a2fd36a3837906f6"}}
(pass) actual Task immutable scheduler worker and mount matrix retain original owner after later installed collision [3303.24ms]
other mount {"kind":"error","name":"Error","message":"External expert squad package id \"research-studio\" collides with a built-in expert squad id."}
(pass) matching pinned mount does not exempt another colliding builtin mount target [1220.52ms]
cold model {"status":400,"body":{"name":"ProviderModelNotFoundError","data":{"providerID":"missing94","modelID":"model","suggestions":[]}}}
cold collision {"status":500,"body":{"name":"ConfigCandidateValidationError","data":{"message":"External expert squad package id \"base\" collides with a built-in expert squad id."}}}
(pass) cold actual config preserves model-first error and builtin collision candidate wrapper [3258.71ms]

 11 pass
 0 fail
 24 expect() calls
Ran 11 tests across 1 file. [34.33s]
[1/2] DONE test/expert-squad/builtin-collision-authority.test.ts exit=0 duration=35.25s
[2/2] START test/server/expert-squad-selection-eligibility.test.ts
bun test v1.3.14 (0d9b296a) 1x PARALLEL

test\isolated-test-entry.test.ts:
(pass) inactive builtin, project and global winners support real Project and ordinary Session selection [5159.28ms]
(pass) selected physical global package reports project winner and preserves reservations and duplicate errors [5653.90ms]
(pass) built-in collision is unavailable while a valid Project winner overrides a broken global package [5169.97ms]
Task future Project default and fixed catalog {"projectDefault":"research-studio","taskID":"tsk_g00VXLfnQu00AH1J3os8","status":200,"active":{"name":"Base","effective":"base","project":"research-studio","session_override":"base","package_revision":{"scope":"built_in","project_id":null,"namespace":"builtin","id":"base","version":"2026.09.30.1","package_digest":"f27e9b9ce9cda0ca5ff4bdb5f1cf62e245466184026e7ed306bb0fb197b6f1bf"}},"binding":{"scope":"built_in","project_id":null,"namespace":"builtin","id":"base","version":"2026.09.30.1","package_digest":"f27e9b9ce9cda0ca5ff4bdb5f1cf62e245466184026e7ed306bb0fb197b6f1bf"}}
Task clear actual contract {"status":409,"body":{"name":"TaskPromptProfileImmutableError","data":{"message":"Task tsk_g00VXLfnQu00AH1J3os8 is permanently bound to expert squad base","taskID":"tsk_g00VXLfnQu00AH1J3os8","pinnedPackageRevision":{"scope":"built_in","project_id":null,"namespace":"builtin","id":"base","version":"2026.09.30.1","package_digest":"f27e9b9ce9cda0ca5ff4bdb5f1cf62e245466184026e7ed306bb0fb197b6f1bf"},"requestedProfileID":"research-studio"}}}
blank model current config contract {"status":400,"body":{"data":{"message":"config: model: Model must be in the format \"provider/model\".; small_model: Model must be in the format \"provider/model\"."},"error":[{"message":"config: model: Model must be in the format \"provider/model\".; small_model: Model must be in the format \"provider/model\"."}],"success":false}}
(pass) fixed Task changed-ID returns409 and retains actual package binding while missing model stays distinct [6272.76ms]
(pass) held actual selected loader reports generation400 then accepts the next coherent detail [2843.07ms]

 5 pass
 0 fail
 49 expect() calls
Ran 5 tests across 1 file. [27.43s]
[2/2] DONE test/server/expert-squad-selection-eligibility.test.ts exit=0 duration=27.68s
