[1/1] START test/expert-squad/builtin-collision-authority.test.ts
bun test v1.3.14 (0d9b296a) 1x PARALLEL

test\isolated-test-entry.test.ts:
lawful {"input":{"projectDirectory":"C:\\Users\\hengu\\AppData\\Local\\Temp\\opencorvus-test-run-vfY458\\test-44216-huYOii\\fixtures\\memory-ENhha8"},"revision":{"scope":"built_in","projectID":null,"namespace":"builtin","id":"base","version":"2026.09.30.1","packageDigest":"f27e9b9ce9cda0ca5ff4bdb5f1cf62e245466184026e7ed306bb0fb197b6f1bf"},"identity":{"agentID":"orchestrator","baseRole":"orchestrator","sessionKind":"orchestrator","projectionHash":"0735223fd77304ddc9311e01a50ee13643dfba795f831a6a90792e6528b05df4"}}
lawful {"input":{"scope":"global"},"revision":{"scope":"built_in","projectID":null,"namespace":"builtin","id":"base","version":"2026.09.30.1","packageDigest":"f27e9b9ce9cda0ca5ff4bdb5f1cf62e245466184026e7ed306bb0fb197b6f1bf"},"identity":{"agentID":"orchestrator","baseRole":"orchestrator","sessionKind":"orchestrator","projectionHash":"0735223fd77304ddc9311e01a50ee13643dfba795f831a6a90792e6528b05df4"}}
(pass) lawful unbound builtin Project and global return real materialized scheduler identity [2406.25ms]
collision {"scope":"project","malformed":false,"issues":[],"result":{"kind":"value"}}
89 |     const effective = await actualConfig(project.path)
90 |     await collision(project.path, scope, malformed)
91 |     const discovery = scope === "project" ? await ExpertSquadRegistry.discoverAvailable(project.path) : await ExpertSquadRegistry.discoverGlobalAvailable()
92 |     const result = await observed(() => PromptProfileResolver.resolveSchedulerCapability({ ...(scope === "project" ? { projectDirectory: project.path } : { scope }), config: effective, defaultSkills: [] }))
93 |     console.log("collision", JSON.stringify({ scope, malformed, issues: discovery.issues, result: collisionFact(result) }))
94 |     expect(collisionFact(result)).toEqual({ kind: "error", name: "Error", message: message("base") })
                                       ^
error: expect(received).toEqual(expected)

  {
-   "kind": "error",
-   "message": "External expert squad package id "base" collides with a built-in expert squad id.",
-   "name": "Error",
+   "kind": "value",
  }

- Expected  - 3
+ Received  + 1

      at <anonymous> (D:\myhexin-local\opencorvus\packages\opencorvus\test\expert-squad\builtin-collision-authority.test.ts:94:35)
(fail) unbound project SDK-valid builtin collision returns original collision Error [2301.47ms]
collision {"scope":"project","malformed":true,"issues":[{"phase":"package.identity","location":"C:\\Users\\hengu\\AppData\\Local\\Temp\\opencorvus-test-run-vfY458\\test-44216-huYOii\\fixtures\\memory-obsCjU\\.opencorvus\\expert-squads\\collision-check\\base\\expert-squad.jsonc","namespace":"collision-check","id":"base","message":"[\n  {\n    \"expected\": \"string\",\n    \"code\": \"invalid_type\",\n    \"path\": [\n      \"namespace\"\n    ],\n    \"message\": \"Invalid input: expected string, received undefined\"\n  },\n  {\n    \"expected\": \"string\",\n    \"code\": \"invalid_type\",\n    \"path\": [\n      \"id\"\n    ],\n    \"message\": \"Invalid input: expected string, received undefined\"\n  }\n]"}],"result":{"kind":"value"}}
89 |     const effective = await actualConfig(project.path)
90 |     await collision(project.path, scope, malformed)
91 |     const discovery = scope === "project" ? await ExpertSquadRegistry.discoverAvailable(project.path) : await ExpertSquadRegistry.discoverGlobalAvailable()
92 |     const result = await observed(() => PromptProfileResolver.resolveSchedulerCapability({ ...(scope === "project" ? { projectDirectory: project.path } : { scope }), config: effective, defaultSkills: [] }))
93 |     console.log("collision", JSON.stringify({ scope, malformed, issues: discovery.issues, result: collisionFact(result) }))
94 |     expect(collisionFact(result)).toEqual({ kind: "error", name: "Error", message: message("base") })
                                       ^
error: expect(received).toEqual(expected)

  {
-   "kind": "error",
-   "message": "External expert squad package id "base" collides with a built-in expert squad id.",
-   "name": "Error",
+   "kind": "value",
  }

- Expected  - 3
+ Received  + 1

      at <anonymous> (D:\myhexin-local\opencorvus\packages\opencorvus\test\expert-squad\builtin-collision-authority.test.ts:94:35)
(fail) unbound project malformed builtin collision returns original collision Error [2015.28ms]
collision {"scope":"global","malformed":false,"issues":[],"result":{"kind":"value"}}
89 |     const effective = await actualConfig(project.path)
90 |     await collision(project.path, scope, malformed)
91 |     const discovery = scope === "project" ? await ExpertSquadRegistry.discoverAvailable(project.path) : await ExpertSquadRegistry.discoverGlobalAvailable()
92 |     const result = await observed(() => PromptProfileResolver.resolveSchedulerCapability({ ...(scope === "project" ? { projectDirectory: project.path } : { scope }), config: effective, defaultSkills: [] }))
93 |     console.log("collision", JSON.stringify({ scope, malformed, issues: discovery.issues, result: collisionFact(result) }))
94 |     expect(collisionFact(result)).toEqual({ kind: "error", name: "Error", message: message("base") })
                                       ^
error: expect(received).toEqual(expected)

  {
-   "kind": "error",
-   "message": "External expert squad package id "base" collides with a built-in expert squad id.",
-   "name": "Error",
+   "kind": "value",
  }

- Expected  - 3
+ Received  + 1

      at <anonymous> (D:\myhexin-local\opencorvus\packages\opencorvus\test\expert-squad\builtin-collision-authority.test.ts:94:35)
(fail) unbound global SDK-valid builtin collision returns original collision Error [2140.41ms]
collision {"scope":"global","malformed":true,"issues":[{"phase":"package.identity","location":"C:\\Users\\hengu\\AppData\\Local\\Temp\\opencorvus-test-run-vfY458\\test-44216-huYOii\\runtime-root\\config\\expert-squads\\collision-check\\base\\expert-squad.jsonc","namespace":"collision-check","id":"base","message":"[\n  {\n    \"expected\": \"string\",\n    \"code\": \"invalid_type\",\n    \"path\": [\n      \"namespace\"\n    ],\n    \"message\": \"Invalid input: expected string, received undefined\"\n  },\n  {\n    \"expected\": \"string\",\n    \"code\": \"invalid_type\",\n    \"path\": [\n      \"id\"\n    ],\n    \"message\": \"Invalid input: expected string, received undefined\"\n  }\n]"}],"result":{"kind":"value"}}
89 |     const effective = await actualConfig(project.path)
90 |     await collision(project.path, scope, malformed)
91 |     const discovery = scope === "project" ? await ExpertSquadRegistry.discoverAvailable(project.path) : await ExpertSquadRegistry.discoverGlobalAvailable()
92 |     const result = await observed(() => PromptProfileResolver.resolveSchedulerCapability({ ...(scope === "project" ? { projectDirectory: project.path } : { scope }), config: effective, defaultSkills: [] }))
93 |     console.log("collision", JSON.stringify({ scope, malformed, issues: discovery.issues, result: collisionFact(result) }))
94 |     expect(collisionFact(result)).toEqual({ kind: "error", name: "Error", message: message("base") })
                                       ^
error: expect(received).toEqual(expected)

  {
-   "kind": "error",
-   "message": "External expert squad package id "base" collides with a built-in expert squad id.",
-   "name": "Error",
+   "kind": "value",
  }

- Expected  - 3
+ Received  + 1

      at <anonymous> (D:\myhexin-local\opencorvus\packages\opencorvus\test\expert-squad\builtin-collision-authority.test.ts:94:35)
(fail) unbound global malformed builtin collision returns original collision Error [2029.54ms]
(pass) lawful external Project wins over broken same-ID global and unbound builtin recovers after own collision removal [3503.51ms]
lawful empty mount identity validation completed
mount {"kind":"value"}
120 |   await PromptProfileResolver.assertSkillMountConfig({ projectDirectory: project.path, config: { prompt_profile: { active: "research-studio" }, skill_mounts: mounts }, defaultSkills: [] })
121 |   console.log("lawful empty mount identity validation completed")
122 |   await collision(project.path, "project", true)
123 |   const result = await observed(() => PromptProfileResolver.assertSkillMountConfig({ projectDirectory: project.path, config: { prompt_profile: { active: "research-studio" }, skill_mounts: mounts }, defaultSkills: [] }))
124 |   console.log("mount", JSON.stringify(collisionFact(result)))
125 |   expect(collisionFact(result)).toEqual({ kind: "error", name: "Error", message: message("base") })
                                      ^
error: expect(received).toEqual(expected)

  {
-   "kind": "error",
-   "message": "External expert squad package id "base" collides with a built-in expert squad id.",
-   "name": "Error",
+   "kind": "value",
  }

- Expected  - 3
+ Received  + 1

      at <anonymous> (D:\myhexin-local\opencorvus\packages\opencorvus\test\expert-squad\builtin-collision-authority.test.ts:125:33)
(fail) nonactive builtin mount collision returns original Error and lawful empty mount validates identity [1211.22ms]
pinned {"revision":{"scope":"built_in","projectID":null,"namespace":"builtin","id":"base","version":"2026.09.30.1","packageDigest":"f27e9b9ce9cda0ca5ff4bdb5f1cf62e245466184026e7ed306bb0fb197b6f1bf"},"workerID":"base-researcher","matrix":{"active_profile":"base","projection_hash":"2b0709b3f33f7d770f38af6f51bd786bda0de40edbe30c53a2fd36a3837906f6"}}
(pass) actual Task immutable scheduler worker and mount matrix retain original owner after later installed collision [3011.62ms]
other mount {"kind":"value"}
156 |   await using project = await memoryProject("collision94-othermount")
157 |   const revision = await PromptProfileResolver.resolveActivePackageRevision({ projectDirectory: project.path, config, defaultSkills: [] })
158 |   await collision(project.path, "project", true, "research-studio")
159 |   const result = await observed(() => PromptProfileResolver.assertSkillMountConfig({ projectDirectory: project.path, config: { ...config, skill_mounts: { "research-studio": { orchestrator: {} } } }, packageRevision: revision, defaultSkills: [] }))
160 |   console.log("other mount", JSON.stringify(collisionFact(result)))
161 |   expect(collisionFact(result)).toEqual({ kind: "error", name: "Error", message: message("research-studio") })
                                      ^
error: expect(received).toEqual(expected)

  {
-   "kind": "error",
-   "message": "External expert squad package id "research-studio" collides with a built-in expert squad id.",
-   "name": "Error",
+   "kind": "value",
  }

- Expected  - 3
+ Received  + 1

      at <anonymous> (D:\myhexin-local\opencorvus\packages\opencorvus\test\expert-squad\builtin-collision-authority.test.ts:161:33)
(fail) matching pinned mount does not exempt another colliding builtin mount target [1069.88ms]
cold model {"status":400,"body":{"name":"ProviderModelNotFoundError","data":{"providerID":"missing94","modelID":"model","suggestions":[]}}}
cold collision {"status":500,"body":{"name":"ConfigCandidateValidationError","data":{"message":"External expert squad package id \"base\" collides with a built-in expert squad id."}}}
171 |   console.log("cold model", JSON.stringify(model))
172 |   expect(model).toMatchObject({ status: 400, body: { name: "ProviderModelNotFoundError", data: { providerID: "missing94", modelID: "model" } } })
173 |   await fs.writeFile(file, JSON.stringify(config))
174 |   const rejected = await coldRequest(project.path)
175 |   console.log("cold collision", JSON.stringify(rejected))
176 |   expect(rejected).toMatchObject({ status: 400, body: { name: "ConfigCandidateValidationError", data: { message: message("base") } } })
                         ^
error: expect(received).toMatchObject(expected)

  {
    "body": {
      "data": {
        "message": "External expert squad package id "base" collides with a built-in expert squad id.",
      },
      "name": "ConfigCandidateValidationError",
    },
-   "status": 400,
+   "status": 500,
  }

- Expected  - 1
+ Received  + 1

      at <anonymous> (D:\myhexin-local\opencorvus\packages\opencorvus\test\expert-squad\builtin-collision-authority.test.ts:176:20)
(fail) cold actual config preserves model-first error and builtin collision candidate wrapper [2800.68ms]

 3 pass
 7 fail
 22 expect() calls
Ran 10 tests across 1 file. [25.06s]
[1/1] DONE test/expert-squad/builtin-collision-authority.test.ts exit=1 duration=25.88s
OpenCorvus test file failed (exit=1): D:\myhexin-local\opencorvus\packages\opencorvus\test\expert-squad\builtin-collision-authority.test.ts
OpenCorvus failed test files (1):
D:\myhexin-local\opencorvus\packages\opencorvus\test\expert-squad\builtin-collision-authority.test.ts
