[main 4588cb79] fix: retain reference catalog failures and expose retry
 396 files changed, 25209 insertions(+), 55 deletions(-)
 create mode 100644 packages/overlay/src/components/ComposerReferenceFeedback.tsx
 create mode 100644 specs/artifacts/2026-10-05-connection-workspace-authority/catalog-feedback-plan.md
 create mode 100644 specs/artifacts/2026-10-05-connection-workspace-authority/catalog-feedback/ComposerMentionMenu.tsx.qualification-32.txt
 create mode 100644 specs/artifacts/2026-10-05-connection-workspace-authority/catalog-feedback/ComposerMentionMenu.tsx.qualification-33.txt
 create mode 100644 specs/artifacts/2026-10-05-connection-workspace-authority/catalog-feedback/ComposerReferenceFeedback.tsx.qualification-32.txt
 create mode 100644 specs/artifacts/2026-10-05-connection-workspace-authority/catalog-feedback/ComposerReferenceSelector.tsx.qualification-32.txt
 create mode 100644 specs/artifacts/2026-10-05-connection-workspace-authority/catalog-feedback/ComposerReferenceSelector.tsx.qualification-33.txt
 create mode 100644 specs/artifacts/2026-10-05-connection-workspace-authority/catalog-feedback/README.md
 create mode 100644 specs/artifacts/2026-10-05-connection-workspace-authority/catalog-feedback/actual-31-global-references-after-masking.json
 create mode 100644 specs/artifacts/2026-10-05-connection-workspace-authority/catalog-feedback/actual-31-global-references-response.json
 create mode 100644 specs/artifacts/2026-10-05-connection-workspace-authority/catalog-feedback/actual-31-global-squad-search-response.json
 create mode 100644 specs/artifacts/2026-10-05-connection-workspace-authority/catalog-feedback/actual-31-http-first-observation.json
 create mode 100644 specs/artifacts/2026-10-05-connection-workspace-authority/catalog-feedback/actual-31-launch-first.log
 create mode 100644 specs/artifacts/2026-10-05-connection-workspace-authority/catalog-feedback/actual-31-launch-owner.json
 create mode 100644 specs/artifacts/2026-10-05-connection-workspace-authority/catalog-feedback/actual-31-mission-error-before-search.png
 create mode 100644 specs/artifacts/2026-10-05-connection-workspace-authority/catalog-feedback/actual-31-mission-error-before-search.txt
 create mode 100644 specs/artifacts/2026-10-05-connection-workspace-authority/catalog-feedback/actual-31-mission-error-masked.png
 create mode 100644 specs/artifacts/2026-10-05-connection-workspace-authority/catalog-feedback/actual-31-mission-error-masked.txt
 create mode 100644 specs/artifacts/2026-10-05-connection-workspace-authority/catalog-feedback/actual-31-own-draft-cleaned.txt
 create mode 100644 specs/artifacts/2026-10-05-connection-workspace-authority/catalog-feedback/actual-31-owned-malformed-SKILL.md.txt
 create mode 100644 specs/artifacts/2026-10-05-connection-workspace-authority/catalog-feedback/actual-31-page-closed.json
 create mode 100644 specs/artifacts/2026-10-05-connection-workspace-authority/catalog-feedback/actual-31-readonly-facts.json
 create mode 100644 specs/artifacts/2026-10-05-connection-workspace-authority/catalog-feedback/actual-31-reference-popup-before.png
 create mode 100644 specs/artifacts/2026-10-05-connection-workspace-authority/catalog-feedback/actual-31-reference-popup-before.txt
 create mode 100644 specs/artifacts/2026-10-05-connection-workspace-authority/catalog-feedback/actual-31-root-closure.json
 create mode 100644 specs/artifacts/2026-10-05-connection-workspace-authority/catalog-feedback/actual-31-shutdown-first.log
 create mode 100644 specs/artifacts/2026-10-05-connection-workspace-authority/catalog-feedback/actual-31-successful-squad-search.png
 create mode 100644 specs/artifacts/2026-10-05-connection-workspace-authority/catalog-feedback/actual-31-successful-squad-search.txt
 create mode 100644 specs/artifacts/2026-10-05-connection-workspace-authority/catalog-feedback/actual-31-task-accepted-cli.json
 create mode 100644 specs/artifacts/2026-10-05-connection-workspace-authority/catalog-feedback/actual-31-task-create-first.log
 create mode 100644 specs/artifacts/2026-10-05-connection-workspace-authority/catalog-feedback/actual-31-task-request-input.json
 create mode 100644 specs/artifacts/2026-10-05-connection-workspace-authority/catalog-feedback/actual-31-task-selection.json
 create mode 100644 specs/artifacts/2026-10-05-connection-workspace-authority/catalog-feedback/actual-32-global-references-repaired.json
 create mode 100644 specs/artifacts/2026-10-05-connection-workspace-authority/catalog-feedback/actual-32-global-references-response.json
 create mode 100644 specs/artifacts/2026-10-05-connection-workspace-authority/catalog-feedback/actual-32-global-squad-search-response.json
 create mode 100644 specs/artifacts/2026-10-05-connection-workspace-authority/catalog-feedback/actual-32-http-first-observation.json
 create mode 100644 specs/artifacts/2026-10-05-connection-workspace-authority/catalog-feedback/actual-32-launch-first.log
 create mode 100644 specs/artifacts/2026-10-05-connection-workspace-authority/catalog-feedback/actual-32-launch-owner.json
 create mode 100644 specs/artifacts/2026-10-05-connection-workspace-authority/catalog-feedback/actual-32-mention-retry-still-broken.png
 create mode 100644 specs/artifacts/2026-10-05-connection-workspace-authority/catalog-feedback/actual-32-mention-retry-still-broken.txt
 create mode 100644 specs/artifacts/2026-10-05-connection-workspace-authority/catalog-feedback/actual-32-mission-error-after-search.png
 create mode 100644 specs/artifacts/2026-10-05-connection-workspace-authority/catalog-feedback/actual-32-mission-error-after-search.txt
 create mode 100644 specs/artifacts/2026-10-05-connection-workspace-authority/catalog-feedback/actual-32-mission-feedback-compact.png
 create mode 100644 specs/artifacts/2026-10-05-connection-workspace-authority/catalog-feedback/actual-32-mission-feedback-compact.txt
 create mode 100644 specs/artifacts/2026-10-05-connection-workspace-authority/catalog-feedback/actual-32-mission-feedback-details.png
 create mode 100644 specs/artifacts/2026-10-05-connection-workspace-authority/catalog-feedback/actual-32-mission-feedback-details.txt
 create mode 100644 specs/artifacts/2026-10-05-connection-workspace-authority/catalog-feedback/actual-32-own-draft-cleaned.txt
 create mode 100644 specs/artifacts/2026-10-05-connection-workspace-authority/catalog-feedback/actual-32-owned-malformed-SKILL.md.txt
 create mode 100644 specs/artifacts/2026-10-05-connection-workspace-authority/catalog-feedback/actual-32-owned-repaired-SKILL.md.txt
 create mode 100644 specs/artifacts/2026-10-05-connection-workspace-authority/catalog-feedback/actual-32-page-closed.json
 create mode 100644 specs/artifacts/2026-10-05-connection-workspace-authority/catalog-feedback/actual-32-popup-feedback-compact.png
 create mode 100644 specs/artifacts/2026-10-05-connection-workspace-authority/catalog-feedback/actual-32-popup-feedback-compact.txt
 create mode 100644 specs/artifacts/2026-10-05-connection-workspace-authority/catalog-feedback/actual-32-popup-retry-recovered.png
 create mode 100644 specs/artifacts/2026-10-05-connection-workspace-authority/catalog-feedback/actual-32-popup-retry-recovered.txt
 create mode 100644 specs/artifacts/2026-10-05-connection-workspace-authority/catalog-feedback/actual-32-readonly-facts.json
 create mode 100644 specs/artifacts/2026-10-05-connection-workspace-authority/catalog-feedback/actual-32-recovered-reference-body-retained.png
 create mode 100644 specs/artifacts/2026-10-05-connection-workspace-authority/catalog-feedback/actual-32-recovered-reference-body-retained.txt
 create mode 100644 specs/artifacts/2026-10-05-connection-workspace-authority/catalog-feedback/actual-32-root-closure.json
 create mode 100644 specs/artifacts/2026-10-05-connection-workspace-authority/catalog-feedback/actual-32-shutdown-first.log
 create mode 100644 specs/artifacts/2026-10-05-connection-workspace-authority/catalog-feedback/actual-32-squad-search-error-retained.png
 create mode 100644 specs/artifacts/2026-10-05-connection-workspace-authority/catalog-feedback/actual-32-squad-search-error-retained.txt
 create mode 100644 specs/artifacts/2026-10-05-connection-workspace-authority/catalog-feedback/actual-32-task-accepted-cli.json
 create mode 100644 specs/artifacts/2026-10-05-connection-workspace-authority/catalog-feedback/actual-32-task-create-first.log
 create mode 100644 specs/artifacts/2026-10-05-connection-workspace-authority/catalog-feedback/actual-32-task-request-input.json
 create mode 100644 specs/artifacts/2026-10-05-connection-workspace-authority/catalog-feedback/actual-32-task-selection.json
 create mode 100644 specs/artifacts/2026-10-05-connection-workspace-authority/catalog-feedback/actual-33-chinese-popup-feedback.png
 create mode 100644 specs/artifacts/2026-10-05-connection-workspace-authority/catalog-feedback/actual-33-chinese-popup-feedback.txt
 create mode 100644 specs/artifacts/2026-10-05-connection-workspace-authority/catalog-feedback/actual-33-chinese-retry-recovered.png
 create mode 100644 specs/artifacts/2026-10-05-connection-workspace-authority/catalog-feedback/actual-33-chinese-retry-recovered.txt
 create mode 100644 specs/artifacts/2026-10-05-connection-workspace-authority/catalog-feedback/actual-33-global-references-repaired.json
 create mode 100644 specs/artifacts/2026-10-05-connection-workspace-authority/catalog-feedback/actual-33-global-references-response.json
 create mode 100644 specs/artifacts/2026-10-05-connection-workspace-authority/catalog-feedback/actual-33-global-squad-search-response.json
 create mode 100644 specs/artifacts/2026-10-05-connection-workspace-authority/catalog-feedback/actual-33-http-first-observation.json
 create mode 100644 specs/artifacts/2026-10-05-connection-workspace-authority/catalog-feedback/actual-33-launch-first.log
 create mode 100644 specs/artifacts/2026-10-05-connection-workspace-authority/catalog-feedback/actual-33-launch-owner.json
 create mode 100644 specs/artifacts/2026-10-05-connection-workspace-authority/catalog-feedback/actual-33-mention-details-bottom.png
 create mode 100644 specs/artifacts/2026-10-05-connection-workspace-authority/catalog-feedback/actual-33-mention-details-bottom.txt
 create mode 100644 specs/artifacts/2026-10-05-connection-workspace-authority/catalog-feedback/actual-33-mention-details-collapsed.png
 create mode 100644 specs/artifacts/2026-10-05-connection-workspace-authority/catalog-feedback/actual-33-mention-details-collapsed.txt
 create mode 100644 specs/artifacts/2026-10-05-connection-workspace-authority/catalog-feedback/actual-33-mention-details-top.png
 create mode 100644 specs/artifacts/2026-10-05-connection-workspace-authority/catalog-feedback/actual-33-mention-details-top.txt
 create mode 100644 specs/artifacts/2026-10-05-connection-workspace-authority/catalog-feedback/actual-33-mention-keyboard-selection.png
 create mode 100644 specs/artifacts/2026-10-05-connection-workspace-authority/catalog-feedback/actual-33-mention-keyboard-selection.txt
 create mode 100644 specs/artifacts/2026-10-05-connection-workspace-authority/catalog-feedback/actual-33-own-draft-cleaned.txt
 create mode 100644 specs/artifacts/2026-10-05-connection-workspace-authority/catalog-feedback/actual-33-owned-malformed-SKILL.md.txt
 create mode 100644 specs/artifacts/2026-10-05-connection-workspace-authority/catalog-feedback/actual-33-owned-repaired-SKILL.md.txt
 create mode 100644 specs/artifacts/2026-10-05-connection-workspace-authority/catalog-feedback/actual-33-page-closed.json
 create mode 100644 specs/artifacts/2026-10-05-connection-workspace-authority/catalog-feedback/actual-33-popup-details-bottom.png
 create mode 100644 specs/artifacts/2026-10-05-connection-workspace-authority/catalog-feedback/actual-33-popup-details-bottom.txt
 create mode 100644 specs/artifacts/2026-10-05-connection-workspace-authority/catalog-feedback/actual-33-popup-details-top.png
 create mode 100644 specs/artifacts/2026-10-05-connection-workspace-authority/catalog-feedback/actual-33-popup-details-top.txt
 create mode 100644 specs/artifacts/2026-10-05-connection-workspace-authority/catalog-feedback/actual-33-popup-retry-still-broken.png
 create mode 100644 specs/artifacts/2026-10-05-connection-workspace-authority/catalog-feedback/actual-33-popup-retry-still-broken.txt
 create mode 100644 specs/artifacts/2026-10-05-connection-workspace-authority/catalog-feedback/actual-33-popup-search-focus.png
 create mode 100644 specs/artifacts/2026-10-05-connection-workspace-authority/catalog-feedback/actual-33-popup-search-focus.txt
 create mode 100644 specs/artifacts/2026-10-05-connection-workspace-authority/catalog-feedback/actual-33-readonly-facts.json
 create mode 100644 specs/artifacts/2026-10-05-connection-workspace-authority/catalog-feedback/actual-33-recovered-reference-body-retained.png
 create mode 100644 specs/artifacts/2026-10-05-connection-workspace-authority/catalog-feedback/actual-33-recovered-reference-body-retained.txt
 create mode 100644 specs/artifacts/2026-10-05-connection-workspace-authority/catalog-feedback/actual-33-root-closure.json
 create mode 100644 specs/artifacts/2026-10-05-connection-workspace-authority/catalog-feedback/actual-33-shutdown-first.log
 create mode 100644 specs/artifacts/2026-10-05-connection-workspace-authority/catalog-feedback/actual-33-squad-search-error-retained.png
 create mode 100644 specs/artifacts/2026-10-05-connection-workspace-authority/catalog-feedback/actual-33-squad-search-error-retained.txt
 create mode 100644 specs/artifacts/2026-10-05-connection-workspace-authority/catalog-feedback/actual-33-task-accepted-cli.json
 create mode 100644 specs/artifacts/2026-10-05-connection-workspace-authority/catalog-feedback/actual-33-task-create-first.log
 create mode 100644 specs/artifacts/2026-10-05-connection-workspace-authority/catalog-feedback/actual-33-task-request-input.json
 create mode 100644 specs/artifacts/2026-10-05-connection-workspace-authority/catalog-feedback/actual-33-task-selection.json
 create mode 100644 specs/artifacts/2026-10-05-connection-workspace-authority/catalog-feedback/catalog-feedback-31-chain-supervision-70088-1.json
 create mode 100644 specs/artifacts/2026-10-05-connection-workspace-authority/catalog-feedback/catalog-feedback-31-chain-supervision-70088-10.json
 create mode 100644 specs/artifacts/2026-10-05-connection-workspace-authority/catalog-feedback/catalog-feedback-31-chain-supervision-70088-11.json
 create mode 100644 specs/artifacts/2026-10-05-connection-workspace-authority/catalog-feedback/catalog-feedback-31-chain-supervision-70088-12.json
 create mode 100644 specs/artifacts/2026-10-05-connection-workspace-authority/catalog-feedback/catalog-feedback-31-chain-supervision-70088-13.json
 create mode 100644 specs/artifacts/2026-10-05-connection-workspace-authority/catalog-feedback/catalog-feedback-31-chain-supervision-70088-14.json
 create mode 100644 specs/artifacts/2026-10-05-connection-workspace-authority/catalog-feedback/catalog-feedback-31-chain-supervision-70088-15.json
 create mode 100644 specs/artifacts/2026-10-05-connection-workspace-authority/catalog-feedback/catalog-feedback-31-chain-supervision-70088-16.json
 create mode 100644 specs/artifacts/2026-10-05-connection-workspace-authority/catalog-feedback/catalog-feedback-31-chain-supervision-70088-17.json
 create mode 100644 specs/artifacts/2026-10-05-connection-workspace-authority/catalog-feedback/catalog-feedback-31-chain-supervision-70088-18.json
 create mode 100644 specs/artifacts/2026-10-05-connection-workspace-authority/catalog-feedback/catalog-feedback-31-chain-supervision-70088-19.json
 create mode 100644 specs/artifacts/2026-10-05-connection-workspace-authority/catalog-feedback/catalog-feedback-31-chain-supervision-70088-2.json
 create mode 100644 specs/artifacts/2026-10-05-connection-workspace-authority/catalog-feedback/catalog-feedback-31-chain-supervision-70088-20.json
 create mode 100644 specs/artifacts/2026-10-05-connection-workspace-authority/catalog-feedback/catalog-feedback-31-chain-supervision-70088-21.json
 create mode 100644 specs/artifacts/2026-10-05-connection-workspace-authority/catalog-feedback/catalog-feedback-31-chain-supervision-70088-22.json
 create mode 100644 specs/artifacts/2026-10-05-connection-workspace-authority/catalog-feedback/catalog-feedback-31-chain-supervision-70088-23.json
 create mode 100644 specs/artifacts/2026-10-05-connection-workspace-authority/catalog-feedback/catalog-feedback-31-chain-supervision-70088-24.json
 create mode 100644 specs/artifacts/2026-10-05-connection-workspace-authority/catalog-feedback/catalog-feedback-31-chain-supervision-70088-3.json
 create mode 100644 specs/artifacts/2026-10-05-connection-workspace-authority/catalog-feedback/catalog-feedback-31-chain-supervision-70088-4.json
 create mode 100644 specs/artifacts/2026-10-05-connection-workspace-authority/catalog-feedback/catalog-feedback-31-chain-supervision-70088-5.json
 create mode 100644 specs/artifacts/2026-10-05-connection-workspace-authority/catalog-feedback/catalog-feedback-31-chain-supervision-70088-6.json
 create mode 100644 specs/artifacts/2026-10-05-connection-workspace-authority/catalog-feedback/catalog-feedback-31-chain-supervision-70088-7.json
 create mode 100644 specs/artifacts/2026-10-05-connection-workspace-authority/catalog-feedback/catalog-feedback-31-chain-supervision-70088-8.json
 create mode 100644 specs/artifacts/2026-10-05-connection-workspace-authority/catalog-feedback/catalog-feedback-31-chain-supervision-70088-9.json
 create mode 100644 specs/artifacts/2026-10-05-connection-workspace-authority/catalog-feedback/catalog-feedback-31-final-provider-audit.json
 create mode 100644 specs/artifacts/2026-10-05-connection-workspace-authority/catalog-feedback/catalog-feedback-31-physical-terminal-and-pair-cleanup.json
 create mode 100644 specs/artifacts/2026-10-05-connection-workspace-authority/catalog-feedback/catalog-feedback-31-settlement-owner.json
 create mode 100644 specs/artifacts/2026-10-05-connection-workspace-authority/catalog-feedback/catalog-feedback-31-shutdown-admission.json
 create mode 100644 specs/artifacts/2026-10-05-connection-workspace-authority/catalog-feedback/catalog-feedback-32-chain-supervision-59912-1.json
 create mode 100644 specs/artifacts/2026-10-05-connection-workspace-authority/catalog-feedback/catalog-feedback-32-chain-supervision-59912-10.json
 create mode 100644 specs/artifacts/2026-10-05-connection-workspace-authority/catalog-feedback/catalog-feedback-32-chain-supervision-59912-11.json
 create mode 100644 specs/artifacts/2026-10-05-connection-workspace-authority/catalog-feedback/catalog-feedback-32-chain-supervision-59912-12.json
 create mode 100644 specs/artifacts/2026-10-05-connection-workspace-authority/catalog-feedback/catalog-feedback-32-chain-supervision-59912-13.json
 create mode 100644 specs/artifacts/2026-10-05-connection-workspace-authority/catalog-feedback/catalog-feedback-32-chain-supervision-59912-14.json
 create mode 100644 specs/artifacts/2026-10-05-connection-workspace-authority/catalog-feedback/catalog-feedback-32-chain-supervision-59912-15.json
 create mode 100644 specs/artifacts/2026-10-05-connection-workspace-authority/catalog-feedback/catalog-feedback-32-chain-supervision-59912-16.json
 create mode 100644 specs/artifacts/2026-10-05-connection-workspace-authority/catalog-feedback/catalog-feedback-32-chain-supervision-59912-17.json
 create mode 100644 specs/artifacts/2026-10-05-connection-workspace-authority/catalog-feedback/catalog-feedback-32-chain-supervision-59912-18.json
 create mode 100644 specs/artifacts/2026-10-05-connection-workspace-authority/catalog-feedback/catalog-feedback-32-chain-supervision-59912-19.json
 create mode 100644 specs/artifacts/2026-10-05-connection-workspace-authority/catalog-feedback/catalog-feedback-32-chain-supervision-59912-2.json
 create mode 100644 specs/artifacts/2026-10-05-connection-workspace-authority/catalog-feedback/catalog-feedback-32-chain-supervision-59912-20.json
 create mode 100644 specs/artifacts/2026-10-05-connection-workspace-authority/catalog-feedback/catalog-feedback-32-chain-supervision-59912-21.json
 create mode 100644 specs/artifacts/2026-10-05-connection-workspace-authority/catalog-feedback/catalog-feedback-32-chain-supervision-59912-22.json
 create mode 100644 specs/artifacts/2026-10-05-connection-workspace-authority/catalog-feedback/catalog-feedback-32-chain-supervision-59912-23.json
 create mode 100644 specs/artifacts/2026-10-05-connection-workspace-authority/catalog-feedback/catalog-feedback-32-chain-supervision-59912-24.json
 create mode 100644 specs/artifacts/2026-10-05-connection-workspace-authority/catalog-feedback/catalog-feedback-32-chain-supervision-59912-25.json
 create mode 100644 specs/artifacts/2026-10-05-connection-workspace-authority/catalog-feedback/catalog-feedback-32-chain-supervision-59912-26.json
 create mode 100644 specs/artifacts/2026-10-05-connection-workspace-authority/catalog-feedback/catalog-feedback-32-chain-supervision-59912-27.json
 create mode 100644 specs/artifacts/2026-10-05-connection-workspace-authority/catalog-feedback/catalog-feedback-32-chain-supervision-59912-28.json
 create mode 100644 specs/artifacts/2026-10-05-connection-workspace-authority/catalog-feedback/catalog-feedback-32-chain-supervision-59912-29.json
 create mode 100644 specs/artifacts/2026-10-05-connection-workspace-authority/catalog-feedback/catalog-feedback-32-chain-supervision-59912-3.json
 create mode 100644 specs/artifacts/2026-10-05-connection-workspace-authority/catalog-feedback/catalog-feedback-32-chain-supervision-59912-30.json
 create mode 100644 specs/artifacts/2026-10-05-connection-workspace-authority/catalog-feedback/catalog-feedback-32-chain-supervision-59912-31.json
 create mode 100644 specs/artifacts/2026-10-05-connection-workspace-authority/catalog-feedback/catalog-feedback-32-chain-supervision-59912-32.json
 create mode 100644 specs/artifacts/2026-10-05-connection-workspace-authority/catalog-feedback/catalog-feedback-32-chain-supervision-59912-33.json
 create mode 100644 specs/artifacts/2026-10-05-connection-workspace-authority/catalog-feedback/catalog-feedback-32-chain-supervision-59912-34.json
 create mode 100644 specs/artifacts/2026-10-05-connection-workspace-authority/catalog-feedback/catalog-feedback-32-chain-supervision-59912-35.json
 create mode 100644 specs/artifacts/2026-10-05-connection-workspace-authority/catalog-feedback/catalog-feedback-32-chain-supervision-59912-36.json
 create mode 100644 specs/artifacts/2026-10-05-connection-workspace-authority/catalog-feedback/catalog-feedback-32-chain-supervision-59912-37.json
 create mode 100644 specs/artifacts/2026-10-05-connection-workspace-authority/catalog-feedback/catalog-feedback-32-chain-supervision-59912-38.json
 create mode 100644 specs/artifacts/2026-10-05-connection-workspace-authority/catalog-feedback/catalog-feedback-32-chain-supervision-59912-39.json
 create mode 100644 specs/artifacts/2026-10-05-connection-workspace-authority/catalog-feedback/catalog-feedback-32-chain-supervision-59912-4.json
 create mode 100644 specs/artifacts/2026-10-05-connection-workspace-authority/catalog-feedback/catalog-feedback-32-chain-supervision-59912-40.json
 create mode 100644 specs/artifacts/2026-10-05-connection-workspace-authority/catalog-feedback/catalog-feedback-32-chain-supervision-59912-41.json
 create mode 100644 specs/artifacts/2026-10-05-connection-workspace-authority/catalog-feedback/catalog-feedback-32-chain-supervision-59912-42.json
 create mode 100644 specs/artifacts/2026-10-05-connection-workspace-authority/catalog-feedback/catalog-feedback-32-chain-supervision-59912-43.json
 create mode 100644 specs/artifacts/2026-10-05-connection-workspace-authority/catalog-feedback/catalog-feedback-32-chain-supervision-59912-44.json
 create mode 100644 specs/artifacts/2026-10-05-connection-workspace-authority/catalog-feedback/catalog-feedback-32-chain-supervision-59912-45.json
 create mode 100644 specs/artifacts/2026-10-05-connection-workspace-authority/catalog-feedback/catalog-feedback-32-chain-supervision-59912-46.json
 create mode 100644 specs/artifacts/2026-10-05-connection-workspace-authority/catalog-feedback/catalog-feedback-32-chain-supervision-59912-5.json
 create mode 100644 specs/artifacts/2026-10-05-connection-workspace-authority/catalog-feedback/catalog-feedback-32-chain-supervision-59912-6.json
 create mode 100644 specs/artifacts/2026-10-05-connection-workspace-authority/catalog-feedback/catalog-feedback-32-chain-supervision-59912-7.json
 create mode 100644 specs/artifacts/2026-10-05-connection-workspace-authority/catalog-feedback/catalog-feedback-32-chain-supervision-59912-8.json
 create mode 100644 specs/artifacts/2026-10-05-connection-workspace-authority/catalog-feedback/catalog-feedback-32-chain-supervision-59912-9.json
 create mode 100644 specs/artifacts/2026-10-05-connection-workspace-authority/catalog-feedback/catalog-feedback-32-final-provider-audit.json
 create mode 100644 specs/artifacts/2026-10-05-connection-workspace-authority/catalog-feedback/catalog-feedback-32-physical-terminal-and-pair-cleanup.json
 create mode 100644 specs/artifacts/2026-10-05-connection-workspace-authority/catalog-feedback/catalog-feedback-32-settlement-owner.json
 create mode 100644 specs/artifacts/2026-10-05-connection-workspace-authority/catalog-feedback/catalog-feedback-32-shutdown-admission.json
 create mode 100644 specs/artifacts/2026-10-05-connection-workspace-authority/catalog-feedback/catalog-feedback-33-chain-supervision-42916-1.json
 create mode 100644 specs/artifacts/2026-10-05-connection-workspace-authority/catalog-feedback/catalog-feedback-33-chain-supervision-42916-10.json
 create mode 100644 specs/artifacts/2026-10-05-connection-workspace-authority/catalog-feedback/catalog-feedback-33-chain-supervision-42916-11.json
 create mode 100644 specs/artifacts/2026-10-05-connection-workspace-authority/catalog-feedback/catalog-feedback-33-chain-supervision-42916-12.json
 create mode 100644 specs/artifacts/2026-10-05-connection-workspace-authority/catalog-feedback/catalog-feedback-33-chain-supervision-42916-13.json
 create mode 100644 specs/artifacts/2026-10-05-connection-workspace-authority/catalog-feedback/catalog-feedback-33-chain-supervision-42916-14.json
 create mode 100644 specs/artifacts/2026-10-05-connection-workspace-authority/catalog-feedback/catalog-feedback-33-chain-supervision-42916-15.json
 create mode 100644 specs/artifacts/2026-10-05-connection-workspace-authority/catalog-feedback/catalog-feedback-33-chain-supervision-42916-16.json
 create mode 100644 specs/artifacts/2026-10-05-connection-workspace-authority/catalog-feedback/catalog-feedback-33-chain-supervision-42916-17.json
 create mode 100644 specs/artifacts/2026-10-05-connection-workspace-authority/catalog-feedback/catalog-feedback-33-chain-supervision-42916-18.json
 create mode 100644 specs/artifacts/2026-10-05-connection-workspace-authority/catalog-feedback/catalog-feedback-33-chain-supervision-42916-19.json
 create mode 100644 specs/artifacts/2026-10-05-connection-workspace-authority/catalog-feedback/catalog-feedback-33-chain-supervision-42916-2.json
 create mode 100644 specs/artifacts/2026-10-05-connection-workspace-authority/catalog-feedback/catalog-feedback-33-chain-supervision-42916-20.json
 create mode 100644 specs/artifacts/2026-10-05-connection-workspace-authority/catalog-feedback/catalog-feedback-33-chain-supervision-42916-21.json
 create mode 100644 specs/artifacts/2026-10-05-connection-workspace-authority/catalog-feedback/catalog-feedback-33-chain-supervision-42916-22.json
 create mode 100644 specs/artifacts/2026-10-05-connection-workspace-authority/catalog-feedback/catalog-feedback-33-chain-supervision-42916-23.json
 create mode 100644 specs/artifacts/2026-10-05-connection-workspace-authority/catalog-feedback/catalog-feedback-33-chain-supervision-42916-24.json
 create mode 100644 specs/artifacts/2026-10-05-connection-workspace-authority/catalog-feedback/catalog-feedback-33-chain-supervision-42916-25.json
 create mode 100644 specs/artifacts/2026-10-05-connection-workspace-authority/catalog-feedback/catalog-feedback-33-chain-supervision-42916-26.json
 create mode 100644 specs/artifacts/2026-10-05-connection-workspace-authority/catalog-feedback/catalog-feedback-33-chain-supervision-42916-27.json
 create mode 100644 specs/artifacts/2026-10-05-connection-workspace-authority/catalog-feedback/catalog-feedback-33-chain-supervision-42916-28.json
 create mode 100644 specs/artifacts/2026-10-05-connection-workspace-authority/catalog-feedback/catalog-feedback-33-chain-supervision-42916-29.json
 create mode 100644 specs/artifacts/2026-10-05-connection-workspace-authority/catalog-feedback/catalog-feedback-33-chain-supervision-42916-3.json
 create mode 100644 specs/artifacts/2026-10-05-connection-workspace-authority/catalog-feedback/catalog-feedback-33-chain-supervision-42916-30.json
 create mode 100644 specs/artifacts/2026-10-05-connection-workspace-authority/catalog-feedback/catalog-feedback-33-chain-supervision-42916-31.json
 create mode 100644 specs/artifacts/2026-10-05-connection-workspace-authority/catalog-feedback/catalog-feedback-33-chain-supervision-42916-32.json
 create mode 100644 specs/artifacts/2026-10-05-connection-workspace-authority/catalog-feedback/catalog-feedback-33-chain-supervision-42916-33.json
 create mode 100644 specs/artifacts/2026-10-05-connection-workspace-authority/catalog-feedback/catalog-feedback-33-chain-supervision-42916-34.json
 create mode 100644 specs/artifacts/2026-10-05-connection-workspace-authority/catalog-feedback/catalog-feedback-33-chain-supervision-42916-35.json
 create mode 100644 specs/artifacts/2026-10-05-connection-workspace-authority/catalog-feedback/catalog-feedback-33-chain-supervision-42916-36.json
 create mode 100644 specs/artifacts/2026-10-05-connection-workspace-authority/catalog-feedback/catalog-feedback-33-chain-supervision-42916-37.json
 create mode 100644 specs/artifacts/2026-10-05-connection-workspace-authority/catalog-feedback/catalog-feedback-33-chain-supervision-42916-38.json
 create mode 100644 specs/artifacts/2026-10-05-connection-workspace-authority/catalog-feedback/catalog-feedback-33-chain-supervision-42916-39.json
 create mode 100644 specs/artifacts/2026-10-05-connection-workspace-authority/catalog-feedback/catalog-feedback-33-chain-supervision-42916-4.json
 create mode 100644 specs/artifacts/2026-10-05-connection-workspace-authority/catalog-feedback/catalog-feedback-33-chain-supervision-42916-40.json
 create mode 100644 specs/artifacts/2026-10-05-connection-workspace-authority/catalog-feedback/catalog-feedback-33-chain-supervision-42916-41.json
 create mode 100644 specs/artifacts/2026-10-05-connection-workspace-authority/catalog-feedback/catalog-feedback-33-chain-supervision-42916-42.json
 create mode 100644 specs/artifacts/2026-10-05-connection-workspace-authority/catalog-feedback/catalog-feedback-33-chain-supervision-42916-43.json
 create mode 100644 specs/artifacts/2026-10-05-connection-workspace-authority/catalog-feedback/catalog-feedback-33-chain-supervision-42916-44.json
 create mode 100644 specs/artifacts/2026-10-05-connection-workspace-authority/catalog-feedback/catalog-feedback-33-chain-supervision-42916-45.json
 create mode 100644 specs/artifacts/2026-10-05-connection-workspace-authority/catalog-feedback/catalog-feedback-33-chain-supervision-42916-46.json
 create mode 100644 specs/artifacts/2026-10-05-connection-workspace-authority/catalog-feedback/catalog-feedback-33-chain-supervision-42916-47.json
 create mode 100644 specs/artifacts/2026-10-05-connection-workspace-authority/catalog-feedback/catalog-feedback-33-chain-supervision-42916-48.json
 create mode 100644 specs/artifacts/2026-10-05-connection-workspace-authority/catalog-feedback/catalog-feedback-33-chain-supervision-42916-49.json
 create mode 100644 specs/artifacts/2026-10-05-connection-workspace-authority/catalog-feedback/catalog-feedback-33-chain-supervision-42916-5.json
 create mode 100644 specs/artifacts/2026-10-05-connection-workspace-authority/catalog-feedback/catalog-feedback-33-chain-supervision-42916-50.json
 create mode 100644 specs/artifacts/2026-10-05-connection-workspace-authority/catalog-feedback/catalog-feedback-33-chain-supervision-42916-51.json
 create mode 100644 specs/artifacts/2026-10-05-connection-workspace-authority/catalog-feedback/catalog-feedback-33-chain-supervision-42916-52.json
 create mode 100644 specs/artifacts/2026-10-05-connection-workspace-authority/catalog-feedback/catalog-feedback-33-chain-supervision-42916-53.json
 create mode 100644 specs/artifacts/2026-10-05-connection-workspace-authority/catalog-feedback/catalog-feedback-33-chain-supervision-42916-54.json
 create mode 100644 specs/artifacts/2026-10-05-connection-workspace-authority/catalog-feedback/catalog-feedback-33-chain-supervision-42916-55.json
 create mode 100644 specs/artifacts/2026-10-05-connection-workspace-authority/catalog-feedback/catalog-feedback-33-chain-supervision-42916-56.json
 create mode 100644 specs/artifacts/2026-10-05-connection-workspace-authority/catalog-feedback/catalog-feedback-33-chain-supervision-42916-57.json
 create mode 100644 specs/artifacts/2026-10-05-connection-workspace-authority/catalog-feedback/catalog-feedback-33-chain-supervision-42916-58.json
 create mode 100644 specs/artifacts/2026-10-05-connection-workspace-authority/catalog-feedback/catalog-feedback-33-chain-supervision-42916-59.json
 create mode 100644 specs/artifacts/2026-10-05-connection-workspace-authority/catalog-feedback/catalog-feedback-33-chain-supervision-42916-6.json
 create mode 100644 specs/artifacts/2026-10-05-connection-workspace-authority/catalog-feedback/catalog-feedback-33-chain-supervision-42916-60.json
 create mode 100644 specs/artifacts/2026-10-05-connection-workspace-authority/catalog-feedback/catalog-feedback-33-chain-supervision-42916-61.json
 create mode 100644 specs/artifacts/2026-10-05-connection-workspace-authority/catalog-feedback/catalog-feedback-33-chain-supervision-42916-62.json
 create mode 100644 specs/artifacts/2026-10-05-connection-workspace-authority/catalog-feedback/catalog-feedback-33-chain-supervision-42916-63.json
 create mode 100644 specs/artifacts/2026-10-05-connection-workspace-authority/catalog-feedback/catalog-feedback-33-chain-supervision-42916-64.json
 create mode 100644 specs/artifacts/2026-10-05-connection-workspace-authority/catalog-feedback/catalog-feedback-33-chain-supervision-42916-65.json
 create mode 100644 specs/artifacts/2026-10-05-connection-workspace-authority/catalog-feedback/catalog-feedback-33-chain-supervision-42916-7.json
 create mode 100644 specs/artifacts/2026-10-05-connection-workspace-authority/catalog-feedback/catalog-feedback-33-chain-supervision-42916-8.json
 create mode 100644 specs/artifacts/2026-10-05-connection-workspace-authority/catalog-feedback/catalog-feedback-33-chain-supervision-42916-9.json
 create mode 100644 specs/artifacts/2026-10-05-connection-workspace-authority/catalog-feedback/catalog-feedback-33-final-provider-audit.json
 create mode 100644 specs/artifacts/2026-10-05-connection-workspace-authority/catalog-feedback/catalog-feedback-33-physical-terminal-and-pair-cleanup.json
 create mode 100644 specs/artifacts/2026-10-05-connection-workspace-authority/catalog-feedback/catalog-feedback-33-settlement-owner.json
 create mode 100644 specs/artifacts/2026-10-05-connection-workspace-authority/catalog-feedback/catalog-feedback-33-shutdown-admission.json
 create mode 100644 specs/artifacts/2026-10-05-connection-workspace-authority/catalog-feedback/catalog-state-tests-first.log
 create mode 100644 specs/artifacts/2026-10-05-connection-workspace-authority/catalog-feedback/composer-expert-squad-catalog.ts.before.txt
 create mode 100644 specs/artifacts/2026-10-05-connection-workspace-authority/catalog-feedback/composer-expert-squad-catalog.ts.qualification-32.txt
 create mode 100644 specs/artifacts/2026-10-05-connection-workspace-authority/catalog-feedback/composer.css.qualification-32.txt
 create mode 100644 specs/artifacts/2026-10-05-connection-workspace-authority/catalog-feedback/composer.css.qualification-33.txt
 create mode 100644 specs/artifacts/2026-10-05-connection-workspace-authority/catalog-feedback/docs-delivery-final.log
 create mode 100644 specs/artifacts/2026-10-05-connection-workspace-authority/catalog-feedback/docs-geometry-final.log
 create mode 100644 specs/artifacts/2026-10-05-connection-workspace-authority/catalog-feedback/docs-implementation-first.log
 create mode 100644 specs/artifacts/2026-10-05-connection-workspace-authority/catalog-feedback/docs-plan-first.log
 create mode 100644 specs/artifacts/2026-10-05-connection-workspace-authority/catalog-feedback/genuine-task-create.ps1.snapshot.txt
 create mode 100644 specs/artifacts/2026-10-05-connection-workspace-authority/catalog-feedback/genuine-task-readonly.ts.snapshot.txt
 create mode 100644 specs/artifacts/2026-10-05-connection-workspace-authority/catalog-feedback/main.tsx.before.txt
 create mode 100644 specs/artifacts/2026-10-05-connection-workspace-authority/catalog-feedback/main.tsx.qualification-32.txt
 create mode 100644 specs/artifacts/2026-10-05-connection-workspace-authority/catalog-feedback/overlay-build-first.log
 create mode 100644 specs/artifacts/2026-10-05-connection-workspace-authority/catalog-feedback/overlay-build-geometry-final.log
 create mode 100644 specs/artifacts/2026-10-05-connection-workspace-authority/catalog-feedback/overlay-types-first.log
 create mode 100644 specs/artifacts/2026-10-05-connection-workspace-authority/catalog-feedback/overlay-types-geometry-final.log
 create mode 100644 specs/artifacts/2026-10-05-connection-workspace-authority/catalog-feedback/prior-30-normal-commit.log
 create mode 100644 specs/artifacts/2026-10-05-connection-workspace-authority/catalog-feedback/prior-30-normal-push.log
 create mode 100644 specs/artifacts/2026-10-05-connection-workspace-authority/catalog-feedback/renderer-public-surface-first.log
 create mode 100644 specs/artifacts/2026-10-05-connection-workspace-authority/catalog-feedback/renderer-public-surface-geometry-final.log
 create mode 100644 specs/artifacts/2026-10-05-connection-workspace-authority/catalog-feedback/runtime-evidence-31/authority-ready.json
 create mode 100644 specs/artifacts/2026-10-05-connection-workspace-authority/catalog-feedback/runtime-evidence-31/managed-parent-ready.json
 create mode 100644 specs/artifacts/2026-10-05-connection-workspace-authority/catalog-feedback/runtime-evidence-31/native-host-ready.json
 create mode 100644 specs/artifacts/2026-10-05-connection-workspace-authority/catalog-feedback/runtime-evidence-31/native-host-settled.json
 create mode 100644 specs/artifacts/2026-10-05-connection-workspace-authority/catalog-feedback/runtime-evidence-31/owned-config-hierarchy.json
 create mode 100644 specs/artifacts/2026-10-05-connection-workspace-authority/catalog-feedback/runtime-evidence-31/preflight-ready.json
 create mode 100644 specs/artifacts/2026-10-05-connection-workspace-authority/catalog-feedback/runtime-evidence-31/project-baseline.json
 create mode 100644 specs/artifacts/2026-10-05-connection-workspace-authority/catalog-feedback/runtime-evidence-31/provider-64716-477b3711-bf88-4824-b202-0f1945be45a5-1.json
 create mode 100644 specs/artifacts/2026-10-05-connection-workspace-authority/catalog-feedback/runtime-evidence-31/provider-64716-477b3711-bf88-4824-b202-0f1945be45a5-2.json
 create mode 100644 specs/artifacts/2026-10-05-connection-workspace-authority/catalog-feedback/runtime-evidence-31/provider-64716-477b3711-bf88-4824-b202-0f1945be45a5-3.json
 create mode 100644 specs/artifacts/2026-10-05-connection-workspace-authority/catalog-feedback/runtime-evidence-31/provider-64716-477b3711-bf88-4824-b202-0f1945be45a5-4.json
 create mode 100644 specs/artifacts/2026-10-05-connection-workspace-authority/catalog-feedback/runtime-evidence-31/provider-64716-477b3711-bf88-4824-b202-0f1945be45a5-5.json
 create mode 100644 specs/artifacts/2026-10-05-connection-workspace-authority/catalog-feedback/runtime-evidence-31/provider-64716-477b3711-bf88-4824-b202-0f1945be45a5-6.json
 create mode 100644 specs/artifacts/2026-10-05-connection-workspace-authority/catalog-feedback/runtime-evidence-31/provider-64716-477b3711-bf88-4824-b202-0f1945be45a5-7.json
 create mode 100644 specs/artifacts/2026-10-05-connection-workspace-authority/catalog-feedback/runtime-evidence-31/provider-64716-477b3711-bf88-4824-b202-0f1945be45a5-8.json
 create mode 100644 specs/artifacts/2026-10-05-connection-workspace-authority/catalog-feedback/runtime-evidence-31/provider-64716-477b3711-bf88-4824-b202-0f1945be45a5-9.json
 create mode 100644 specs/artifacts/2026-10-05-connection-workspace-authority/catalog-feedback/runtime-evidence-31/provider-pair-staging.json
 create mode 100644 specs/artifacts/2026-10-05-connection-workspace-authority/catalog-feedback/runtime-evidence-31/qa-package-installed.json
 create mode 100644 specs/artifacts/2026-10-05-connection-workspace-authority/catalog-feedback/runtime-evidence-31/supervision-settlement-trigger.json
 create mode 100644 specs/artifacts/2026-10-05-connection-workspace-authority/catalog-feedback/runtime-evidence-31/task-boundary-admitted.json
 create mode 100644 specs/artifacts/2026-10-05-connection-workspace-authority/catalog-feedback/runtime-evidence-31/task-complete.json
 create mode 100644 specs/artifacts/2026-10-05-connection-workspace-authority/catalog-feedback/runtime-evidence-31/task-observation-64716-70e6acec-2639-439b-8576-84fafe1f6cd9-1.json
 create mode 100644 specs/artifacts/2026-10-05-connection-workspace-authority/catalog-feedback/runtime-evidence-31/task-observation-64716-70e6acec-2639-439b-8576-84fafe1f6cd9-10.json
 create mode 100644 specs/artifacts/2026-10-05-connection-workspace-authority/catalog-feedback/runtime-evidence-31/task-observation-64716-70e6acec-2639-439b-8576-84fafe1f6cd9-11.json
 create mode 100644 specs/artifacts/2026-10-05-connection-workspace-authority/catalog-feedback/runtime-evidence-31/task-observation-64716-70e6acec-2639-439b-8576-84fafe1f6cd9-12.json
 create mode 100644 specs/artifacts/2026-10-05-connection-workspace-authority/catalog-feedback/runtime-evidence-31/task-observation-64716-70e6acec-2639-439b-8576-84fafe1f6cd9-13.json
 create mode 100644 specs/artifacts/2026-10-05-connection-workspace-authority/catalog-feedback/runtime-evidence-31/task-observation-64716-70e6acec-2639-439b-8576-84fafe1f6cd9-2.json
 create mode 100644 specs/artifacts/2026-10-05-connection-workspace-authority/catalog-feedback/runtime-evidence-31/task-observation-64716-70e6acec-2639-439b-8576-84fafe1f6cd9-3.json
 create mode 100644 specs/artifacts/2026-10-05-connection-workspace-authority/catalog-feedback/runtime-evidence-31/task-observation-64716-70e6acec-2639-439b-8576-84fafe1f6cd9-4.json
 create mode 100644 specs/artifacts/2026-10-05-connection-workspace-authority/catalog-feedback/runtime-evidence-31/task-observation-64716-70e6acec-2639-439b-8576-84fafe1f6cd9-5.json
 create mode 100644 specs/artifacts/2026-10-05-connection-workspace-authority/catalog-feedback/runtime-evidence-31/task-observation-64716-70e6acec-2639-439b-8576-84fafe1f6cd9-6.json
 create mode 100644 specs/artifacts/2026-10-05-connection-workspace-authority/catalog-feedback/runtime-evidence-31/task-observation-64716-70e6acec-2639-439b-8576-84fafe1f6cd9-7.json
 create mode 100644 specs/artifacts/2026-10-05-connection-workspace-authority/catalog-feedback/runtime-evidence-31/task-observation-64716-70e6acec-2639-439b-8576-84fafe1f6cd9-8.json
 create mode 100644 specs/artifacts/2026-10-05-connection-workspace-authority/catalog-feedback/runtime-evidence-31/task-observation-64716-70e6acec-2639-439b-8576-84fafe1f6cd9-9.json
 create mode 100644 specs/artifacts/2026-10-05-connection-workspace-authority/catalog-feedback/runtime-evidence-31/task-occurrence-admitted.json
 create mode 100644 specs/artifacts/2026-10-05-connection-workspace-authority/catalog-feedback/runtime-evidence-32/authority-ready.json
 create mode 100644 specs/artifacts/2026-10-05-connection-workspace-authority/catalog-feedback/runtime-evidence-32/managed-parent-ready.json
 create mode 100644 specs/artifacts/2026-10-05-connection-workspace-authority/catalog-feedback/runtime-evidence-32/native-host-ready.json
 create mode 100644 specs/artifacts/2026-10-05-connection-workspace-authority/catalog-feedback/runtime-evidence-32/native-host-settled.json
 create mode 100644 specs/artifacts/2026-10-05-connection-workspace-authority/catalog-feedback/runtime-evidence-32/owned-config-hierarchy.json
 create mode 100644 specs/artifacts/2026-10-05-connection-workspace-authority/catalog-feedback/runtime-evidence-32/preflight-ready.json
 create mode 100644 specs/artifacts/2026-10-05-connection-workspace-authority/catalog-feedback/runtime-evidence-32/project-baseline.json
 create mode 100644 specs/artifacts/2026-10-05-connection-workspace-authority/catalog-feedback/runtime-evidence-32/provider-74540-57c5ebca-e2f5-47e6-9ec1-c20b15bdc542-1.json
 create mode 100644 specs/artifacts/2026-10-05-connection-workspace-authority/catalog-feedback/runtime-evidence-32/provider-74540-57c5ebca-e2f5-47e6-9ec1-c20b15bdc542-2.json
 create mode 100644 specs/artifacts/2026-10-05-connection-workspace-authority/catalog-feedback/runtime-evidence-32/provider-74540-57c5ebca-e2f5-47e6-9ec1-c20b15bdc542-3.json
 create mode 100644 specs/artifacts/2026-10-05-connection-workspace-authority/catalog-feedback/runtime-evidence-32/provider-74540-57c5ebca-e2f5-47e6-9ec1-c20b15bdc542-4.json
 create mode 100644 specs/artifacts/2026-10-05-connection-workspace-authority/catalog-feedback/runtime-evidence-32/provider-74540-57c5ebca-e2f5-47e6-9ec1-c20b15bdc542-5.json
 create mode 100644 specs/artifacts/2026-10-05-connection-workspace-authority/catalog-feedback/runtime-evidence-32/provider-74540-57c5ebca-e2f5-47e6-9ec1-c20b15bdc542-6.json
 create mode 100644 specs/artifacts/2026-10-05-connection-workspace-authority/catalog-feedback/runtime-evidence-32/provider-74540-57c5ebca-e2f5-47e6-9ec1-c20b15bdc542-7.json
 create mode 100644 specs/artifacts/2026-10-05-connection-workspace-authority/catalog-feedback/runtime-evidence-32/provider-74540-57c5ebca-e2f5-47e6-9ec1-c20b15bdc542-8.json
 create mode 100644 specs/artifacts/2026-10-05-connection-workspace-authority/catalog-feedback/runtime-evidence-32/provider-74540-57c5ebca-e2f5-47e6-9ec1-c20b15bdc542-9.json
 create mode 100644 specs/artifacts/2026-10-05-connection-workspace-authority/catalog-feedback/runtime-evidence-32/provider-pair-staging.json
 create mode 100644 specs/artifacts/2026-10-05-connection-workspace-authority/catalog-feedback/runtime-evidence-32/qa-package-installed.json
 create mode 100644 specs/artifacts/2026-10-05-connection-workspace-authority/catalog-feedback/runtime-evidence-32/task-boundary-admitted.json
 create mode 100644 specs/artifacts/2026-10-05-connection-workspace-authority/catalog-feedback/runtime-evidence-32/task-complete.json
 create mode 100644 specs/artifacts/2026-10-05-connection-workspace-authority/catalog-feedback/runtime-evidence-32/task-observation-74540-b0b42e13-fc42-423f-8e50-1bd0d08ea703-1.json
 create mode 100644 specs/artifacts/2026-10-05-connection-workspace-authority/catalog-feedback/runtime-evidence-32/task-observation-74540-b0b42e13-fc42-423f-8e50-1bd0d08ea703-10.json
 create mode 100644 specs/artifacts/2026-10-05-connection-workspace-authority/catalog-feedback/runtime-evidence-32/task-observation-74540-b0b42e13-fc42-423f-8e50-1bd0d08ea703-11.json
 create mode 100644 specs/artifacts/2026-10-05-connection-workspace-authority/catalog-feedback/runtime-evidence-32/task-observation-74540-b0b42e13-fc42-423f-8e50-1bd0d08ea703-12.json
 create mode 100644 specs/artifacts/2026-10-05-connection-workspace-authority/catalog-feedback/runtime-evidence-32/task-observation-74540-b0b42e13-fc42-423f-8e50-1bd0d08ea703-13.json
 create mode 100644 specs/artifacts/2026-10-05-connection-workspace-authority/catalog-feedback/runtime-evidence-32/task-observation-74540-b0b42e13-fc42-423f-8e50-1bd0d08ea703-14.json
 create mode 100644 specs/artifacts/2026-10-05-connection-workspace-authority/catalog-feedback/runtime-evidence-32/task-observation-74540-b0b42e13-fc42-423f-8e50-1bd0d08ea703-15.json
 create mode 100644 specs/artifacts/2026-10-05-connection-workspace-authority/catalog-feedback/runtime-evidence-32/task-observation-74540-b0b42e13-fc42-423f-8e50-1bd0d08ea703-2.json
 create mode 100644 specs/artifacts/2026-10-05-connection-workspace-authority/catalog-feedback/runtime-evidence-32/task-observation-74540-b0b42e13-fc42-423f-8e50-1bd0d08ea703-3.json
 create mode 100644 specs/artifacts/2026-10-05-connection-workspace-authority/catalog-feedback/runtime-evidence-32/task-observation-74540-b0b42e13-fc42-423f-8e50-1bd0d08ea703-4.json
 create mode 100644 specs/artifacts/2026-10-05-connection-workspace-authority/catalog-feedback/runtime-evidence-32/task-observation-74540-b0b42e13-fc42-423f-8e50-1bd0d08ea703-5.json
 create mode 100644 specs/artifacts/2026-10-05-connection-workspace-authority/catalog-feedback/runtime-evidence-32/task-observation-74540-b0b42e13-fc42-423f-8e50-1bd0d08ea703-6.json
 create mode 100644 specs/artifacts/2026-10-05-connection-workspace-authority/catalog-feedback/runtime-evidence-32/task-observation-74540-b0b42e13-fc42-423f-8e50-1bd0d08ea703-7.json
 create mode 100644 specs/artifacts/2026-10-05-connection-workspace-authority/catalog-feedback/runtime-evidence-32/task-observation-74540-b0b42e13-fc42-423f-8e50-1bd0d08ea703-8.json
 create mode 100644 specs/artifacts/2026-10-05-connection-workspace-authority/catalog-feedback/runtime-evidence-32/task-observation-74540-b0b42e13-fc42-423f-8e50-1bd0d08ea703-9.json
 create mode 100644 specs/artifacts/2026-10-05-connection-workspace-authority/catalog-feedback/runtime-evidence-32/task-occurrence-admitted.json
 create mode 100644 specs/artifacts/2026-10-05-connection-workspace-authority/catalog-feedback/runtime-evidence-33/authority-ready.json
 create mode 100644 specs/artifacts/2026-10-05-connection-workspace-authority/catalog-feedback/runtime-evidence-33/managed-parent-ready.json
 create mode 100644 specs/artifacts/2026-10-05-connection-workspace-authority/catalog-feedback/runtime-evidence-33/native-host-ready.json
 create mode 100644 specs/artifacts/2026-10-05-connection-workspace-authority/catalog-feedback/runtime-evidence-33/native-host-settled.json
 create mode 100644 specs/artifacts/2026-10-05-connection-workspace-authority/catalog-feedback/runtime-evidence-33/owned-config-hierarchy.json
 create mode 100644 specs/artifacts/2026-10-05-connection-workspace-authority/catalog-feedback/runtime-evidence-33/preflight-ready.json
 create mode 100644 specs/artifacts/2026-10-05-connection-workspace-authority/catalog-feedback/runtime-evidence-33/project-baseline.json
 create mode 100644 specs/artifacts/2026-10-05-connection-workspace-authority/catalog-feedback/runtime-evidence-33/provider-43416-92d36fd8-8362-483a-95cf-c5990d97c0ac-1.json
 create mode 100644 specs/artifacts/2026-10-05-connection-workspace-authority/catalog-feedback/runtime-evidence-33/provider-43416-92d36fd8-8362-483a-95cf-c5990d97c0ac-2.json
 create mode 100644 specs/artifacts/2026-10-05-connection-workspace-authority/catalog-feedback/runtime-evidence-33/provider-43416-92d36fd8-8362-483a-95cf-c5990d97c0ac-3.json
 create mode 100644 specs/artifacts/2026-10-05-connection-workspace-authority/catalog-feedback/runtime-evidence-33/provider-43416-92d36fd8-8362-483a-95cf-c5990d97c0ac-4.json
 create mode 100644 specs/artifacts/2026-10-05-connection-workspace-authority/catalog-feedback/runtime-evidence-33/provider-43416-92d36fd8-8362-483a-95cf-c5990d97c0ac-5.json
 create mode 100644 specs/artifacts/2026-10-05-connection-workspace-authority/catalog-feedback/runtime-evidence-33/provider-43416-92d36fd8-8362-483a-95cf-c5990d97c0ac-6.json
 create mode 100644 specs/artifacts/2026-10-05-connection-workspace-authority/catalog-feedback/runtime-evidence-33/provider-43416-92d36fd8-8362-483a-95cf-c5990d97c0ac-7.json
 create mode 100644 specs/artifacts/2026-10-05-connection-workspace-authority/catalog-feedback/runtime-evidence-33/provider-43416-92d36fd8-8362-483a-95cf-c5990d97c0ac-8.json
 create mode 100644 specs/artifacts/2026-10-05-connection-workspace-authority/catalog-feedback/runtime-evidence-33/provider-43416-92d36fd8-8362-483a-95cf-c5990d97c0ac-9.json
 create mode 100644 specs/artifacts/2026-10-05-connection-workspace-authority/catalog-feedback/runtime-evidence-33/provider-pair-staging.json
 create mode 100644 specs/artifacts/2026-10-05-connection-workspace-authority/catalog-feedback/runtime-evidence-33/qa-package-installed.json
 create mode 100644 specs/artifacts/2026-10-05-connection-workspace-authority/catalog-feedback/runtime-evidence-33/task-boundary-admitted.json
 create mode 100644 specs/artifacts/2026-10-05-connection-workspace-authority/catalog-feedback/runtime-evidence-33/task-complete.json
 create mode 100644 specs/artifacts/2026-10-05-connection-workspace-authority/catalog-feedback/runtime-evidence-33/task-observation-43416-a40a52e0-1eb3-436c-a48a-b69f3c48d251-1.json
 create mode 100644 specs/artifacts/2026-10-05-connection-workspace-authority/catalog-feedback/runtime-evidence-33/task-observation-43416-a40a52e0-1eb3-436c-a48a-b69f3c48d251-10.json
 create mode 100644 specs/artifacts/2026-10-05-connection-workspace-authority/catalog-feedback/runtime-evidence-33/task-observation-43416-a40a52e0-1eb3-436c-a48a-b69f3c48d251-11.json
 create mode 100644 specs/artifacts/2026-10-05-connection-workspace-authority/catalog-feedback/runtime-evidence-33/task-observation-43416-a40a52e0-1eb3-436c-a48a-b69f3c48d251-12.json
 create mode 100644 specs/artifacts/2026-10-05-connection-workspace-authority/catalog-feedback/runtime-evidence-33/task-observation-43416-a40a52e0-1eb3-436c-a48a-b69f3c48d251-13.json
 create mode 100644 specs/artifacts/2026-10-05-connection-workspace-authority/catalog-feedback/runtime-evidence-33/task-observation-43416-a40a52e0-1eb3-436c-a48a-b69f3c48d251-14.json
 create mode 100644 specs/artifacts/2026-10-05-connection-workspace-authority/catalog-feedback/runtime-evidence-33/task-observation-43416-a40a52e0-1eb3-436c-a48a-b69f3c48d251-15.json
 create mode 100644 specs/artifacts/2026-10-05-connection-workspace-authority/catalog-feedback/runtime-evidence-33/task-observation-43416-a40a52e0-1eb3-436c-a48a-b69f3c48d251-2.json
 create mode 100644 specs/artifacts/2026-10-05-connection-workspace-authority/catalog-feedback/runtime-evidence-33/task-observation-43416-a40a52e0-1eb3-436c-a48a-b69f3c48d251-3.json
 create mode 100644 specs/artifacts/2026-10-05-connection-workspace-authority/catalog-feedback/runtime-evidence-33/task-observation-43416-a40a52e0-1eb3-436c-a48a-b69f3c48d251-4.json
 create mode 100644 specs/artifacts/2026-10-05-connection-workspace-authority/catalog-feedback/runtime-evidence-33/task-observation-43416-a40a52e0-1eb3-436c-a48a-b69f3c48d251-5.json
 create mode 100644 specs/artifacts/2026-10-05-connection-workspace-authority/catalog-feedback/runtime-evidence-33/task-observation-43416-a40a52e0-1eb3-436c-a48a-b69f3c48d251-6.json
 create mode 100644 specs/artifacts/2026-10-05-connection-workspace-authority/catalog-feedback/runtime-evidence-33/task-observation-43416-a40a52e0-1eb3-436c-a48a-b69f3c48d251-7.json
 create mode 100644 specs/artifacts/2026-10-05-connection-workspace-authority/catalog-feedback/runtime-evidence-33/task-observation-43416-a40a52e0-1eb3-436c-a48a-b69f3c48d251-8.json
 create mode 100644 specs/artifacts/2026-10-05-connection-workspace-authority/catalog-feedback/runtime-evidence-33/task-observation-43416-a40a52e0-1eb3-436c-a48a-b69f3c48d251-9.json
 create mode 100644 specs/artifacts/2026-10-05-connection-workspace-authority/catalog-feedback/runtime-evidence-33/task-occurrence-admitted.json
