[1/1] START test/log-envelope.test.ts
bun test v1.3.14 (0d9b296a) 1x PARALLEL

test\isolated-test-entry.test.ts:
LOGGER_ENVELOPE_95 {"caseID":"conflicts","inputs":{"tags":{"service":"envelope95","time":"tag-time","level":"tag-level","message":"tag-message","sessionID":"caller-session"},"extra":{"time":{"created":31,"updated":37},"level":"subject-level","message":"subject-message","service":"subject-service","sessionID":"request-session","logDomain":"subject-domain","value":7}},"raw":"{\"level\":\"info\",\"time\":\"2026-10-07T08:00:10.569Z\",\"service\":\"envelope95\",\"time\":\"tag-time\",\"message\":\"tag-message\",\"sessionID\":\"caller-session\",\"actor\":\"request-actor\",\"time\":{\"created\":31,\"updated\":37},\"level\":\"subject-level\",\"message\":\"subject-message\",\"service\":\"subject-service\",\"sessionID\":\"request-session\",\"logDomain\":\"non-session\",\"value\":7,\"message\":\"envelope95-conflicts\"}\n","records":[{"level":"subject-level","time":{"created":31,"updated":37},"service":"subject-service","message":"envelope95-conflicts","sessionID":"request-session","actor":"request-actor","logDomain":"non-session","value":7}]}
52 |     logDomain: "subject-domain",
53 |     value: 7,
54 |   }
55 |   Log.create(tags).clone().tag("actor", "request-actor").info("envelope95-conflicts", extra)
56 |   const { records } = await capture("conflicts", { tags, extra })
57 |   expect(requiredRecord(records, "envelope95-conflicts")).toMatchObject({
                                                               ^
error: expect(received).toMatchObject(expected)

  {
-   "data": {
-     "actor": "request-actor",
-     "level": "subject-level",
-     "logDomain": "subject-domain",
-     "message": "subject-message",
-     "service": "subject-service",
-     "sessionID": "request-session",
-     "time": {
-       "created": 31,
-       "updated": 37,
-     },
-     "value": 7,
-   },
-   "level": "info",
+   "actor": "request-actor",
+   "level": "subject-level",
    "logDomain": "non-session",
    "message": "envelope95-conflicts",
-   "service": "envelope95",
-   "time": StringMatching /^\d{4}-\d{2}-\d{2}T.*Z$/,
+   "service": "subject-service",
+   "sessionID": "request-session",
+   "time": {
+     "created": 31,
+     "updated": 37,
+   },
+   "value": 7,
  }

- Expected  - 16
+ Received  + 9

      at <anonymous> (D:\myhexin-local\opencorvus\packages\opencorvus\test\log-envelope.test.ts:57:59)
{"level":"info","time":"2026-10-07T08:00:10.609Z","service":"default","logDomain":"non-session","message":"disposing all instances"}
(fail) canonical event envelope retains conflicting caller tags and fields as subject data [59.01ms]
LOGGER_ENVELOPE_95 {"caseID":"session-before-reinitialization","inputs":{"session":{"id":"ses_-zUSeJwaizzZ0JIpho9i","slug":"hidden-garden","version":"local","projectID":"prj_hUKkQaakJuaRBpFOC3GC","directory":"C:\\Users\\hengu\\AppData\\Local\\Temp\\opencorvus-test-run-ylMnay\\test-74524-tAVIG3\\fixtures\\memory-u0YJA5","title":"Logger envelope context","kind":"assistant","time":{"created":1791360012491,"updated":1791360012491}},"caller":{"id":"ses_-zUSeJwaUzze5D5h5had","slug":"curious-harbor","version":"local","projectID":"prj_hUKkQaakJuaRBpFOC3GC","directory":"C:\\Users\\hengu\\AppData\\Local\\Temp\\opencorvus-test-run-ylMnay\\test-74524-tAVIG3\\fixtures\\memory-u0YJA5","title":"Logger caller identity","kind":"assistant","time":{"created":1791360012505,"updated":1791360012505}}},"raw":"{\"level\":\"info\",\"time\":\"2026-10-07T08:00:11.615Z\",\"service\":\"default\",\"directory\":\"C:\\\\Users\\\\hengu\\\\AppData\\\\Local\\\\Temp\\\\opencorvus-test-run-ylMnay\\\\test-74524-tAVIG3\\\\fixtures\\\\memory-u0YJA5\",\"logDomain\":\"non-session\",\"message\":\"creating instance\"}\n{\"level\":\"info\",\"time\":\"2026-10-07T08:00:11.616Z\",\"service\":\"project.open\",\"stage\":\"project.from-directory\",\"platform\":\"win32\",\"directory\":\"C:\\\\Users\\\\hengu\\\\AppData\\\\Local\\\\Temp\\\\opencorvus-test-run-ylMnay\\\\test-74524-tAVIG3\\\\fixtures\\\\memory-u0YJA5\",\"status\":\"started\",\"logDomain\":\"non-session\",\"message\":\"project.open.stage\"}\n{\"level\":\"info\",\"time\":\"2026-10-07T08:00:11.616Z\",\"service\":\"project\",\"directory\":\"C:\\\\Users\\\\hengu\\\\AppData\\\\Local\\\\Temp\\\\opencorvus-test-run-ylMnay\\\\test-74524-tAVIG3\\\\fixtures\\\\memory-u0YJA5\",\"logDomain\":\"non-session\",\"message\":\"fromDirectory\"}\n{\"level\":\"info\",\"time\":\"2026-10-07T08:00:11.618Z\",\"service\":\"db\",\"path\":\"C:\\\\Users\\\\hengu\\\\AppData\\\\Local\\\\Temp\\\\opencorvus-test-run-ylMnay\\\\test-74524-tAVIG3\\\\runtime-root\\\\data\\\\opencorvus.db\",\"logDomain\":\"non-session\",\"message\":\"opening database\"}\n{\"level\":\"info\",\"time\":\"2026-10-07T08:00:11.759Z\",\"service\":\"db\",\"logDomain\":\"non-session\",\"message\":\"schema applied\"}\n{\"level\":\"info\",\"time\":\"2026-10-07T08:00:12.484Z\",\"service\":\"project.open\",\"stage\":\"project.from-directory\",\"platform\":\"win32\",\"directory\":\"C:\\\\Users\\\\hengu\\\\AppData\\\\Local\\\\Temp\\\\opencorvus-test-run-ylMnay\\\\test-74524-tAVIG3\\\\fixtures\\\\memory-u0YJA5\",\"status\":\"completed\",\"duration\":868,\"logDomain\":\"non-session\",\"message\":\"project.open.stage\"}\n{\"level\":\"info\",\"time\":\"2026-10-07T08:00:12.494Z\",\"service\":\"session\",\"id\":\"ses_-zUSeJwaizzZ0JIpho9i\",\"slug\":\"hidden-garden\",\"version\":\"local\",\"projectID\":\"prj_hUKkQaakJuaRBpFOC3GC\",\"directory\":\"C:\\\\Users\\\\hengu\\\\AppData\\\\Local\\\\Temp\\\\opencorvus-test-run-ylMnay\\\\test-74524-tAVIG3\\\\fixtures\\\\memory-u0YJA5\",\"title\":\"Logger envelope context\",\"kind\":\"assistant\",\"time\":{\"created\":1791360012491,\"updated\":1791360012491},\"logDomain\":\"non-session\",\"message\":\"created\"}\n{\"level\":\"info\",\"time\":\"2026-10-07T08:00:12.509Z\",\"service\":\"session\",\"id\":\"ses_-zUSeJwaUzze5D5h5had\",\"slug\":\"curious-harbor\",\"version\":\"local\",\"projectID\":\"prj_hUKkQaakJuaRBpFOC3GC\",\"directory\":\"C:\\\\Users\\\\hengu\\\\AppData\\\\Local\\\\Temp\\\\opencorvus-test-run-ylMnay\\\\test-74524-tAVIG3\\\\fixtures\\\\memory-u0YJA5\",\"title\":\"Logger caller identity\",\"kind\":\"assistant\",\"time\":{\"created\":1791360012505,\"updated\":1791360012505},\"logDomain\":\"non-session\",\"message\":\"created\"}\n{\"level\":\"info\",\"time\":\"2026-10-07T08:00:12.529Z\",\"service\":\"envelope95-context\",\"sessionID\":\"ses_-zUSeJwaUzze5D5h5had\",\"value\":11,\"logDomain\":\"session\",\"sessionID\":\"ses_-zUSeJwaizzZ0JIpho9i\",\"message\":\"envelope95-buffered\"}\n{\"level\":\"info\",\"time\":\"2026-10-07T08:00:12.529Z\",\"service\":\"envelope95-context\",\"sessionID\":\"ses_-zUSeJwaUzze5D5h5had\",\"value\":13,\"logDomain\":\"non-session\",\"message\":\"envelope95-caller-only\"}\n","records":[{"level":"info","time":"2026-10-07T08:00:11.615Z","service":"default","directory":"C:\\Users\\hengu\\AppData\\Local\\Temp\\opencorvus-test-run-ylMnay\\test-74524-tAVIG3\\fixtures\\memory-u0YJA5","logDomain":"non-session","message":"creating instance"},{"level":"info","time":"2026-10-07T08:00:11.616Z","service":"project.open","stage":"project.from-directory","platform":"win32","directory":"C:\\Users\\hengu\\AppData\\Local\\Temp\\opencorvus-test-run-ylMnay\\test-74524-tAVIG3\\fixtures\\memory-u0YJA5","status":"started","logDomain":"non-session","message":"project.open.stage"},{"level":"info","time":"2026-10-07T08:00:11.616Z","service":"project","directory":"C:\\Users\\hengu\\AppData\\Local\\Temp\\opencorvus-test-run-ylMnay\\test-74524-tAVIG3\\fixtures\\memory-u0YJA5","logDomain":"non-session","message":"fromDirectory"},{"level":"info","time":"2026-10-07T08:00:11.618Z","service":"db","path":"C:\\Users\\hengu\\AppData\\Local\\Temp\\opencorvus-test-run-ylMnay\\test-74524-tAVIG3\\runtime-root\\data\\opencorvus.db","logDomain":"non-session","message":"opening database"},{"level":"info","time":"2026-10-07T08:00:11.759Z","service":"db","logDomain":"non-session","message":"schema applied"},{"level":"info","time":"2026-10-07T08:00:12.484Z","service":"project.open","stage":"project.from-directory","platform":"win32","directory":"C:\\Users\\hengu\\AppData\\Local\\Temp\\opencorvus-test-run-ylMnay\\test-74524-tAVIG3\\fixtures\\memory-u0YJA5","status":"completed","duration":868,"logDomain":"non-session","message":"project.open.stage"},{"level":"info","time":{"created":1791360012491,"updated":1791360012491},"service":"session","id":"ses_-zUSeJwaizzZ0JIpho9i","slug":"hidden-garden","version":"local","projectID":"prj_hUKkQaakJuaRBpFOC3GC","directory":"C:\\Users\\hengu\\AppData\\Local\\Temp\\opencorvus-test-run-ylMnay\\test-74524-tAVIG3\\fixtures\\memory-u0YJA5","title":"Logger envelope context","kind":"assistant","logDomain":"non-session","message":"created"},{"level":"info","time":{"created":1791360012505,"updated":1791360012505},"service":"session","id":"ses_-zUSeJwaUzze5D5h5had","slug":"curious-harbor","version":"local","projectID":"prj_hUKkQaakJuaRBpFOC3GC","directory":"C:\\Users\\hengu\\AppData\\Local\\Temp\\opencorvus-test-run-ylMnay\\test-74524-tAVIG3\\fixtures\\memory-u0YJA5","title":"Logger caller identity","kind":"assistant","logDomain":"non-session","message":"created"},{"level":"info","time":"2026-10-07T08:00:12.529Z","service":"envelope95-context","sessionID":"ses_-zUSeJwaizzZ0JIpho9i","value":11,"logDomain":"session","message":"envelope95-buffered"},{"level":"info","time":"2026-10-07T08:00:12.529Z","service":"envelope95-context","sessionID":"ses_-zUSeJwaUzze5D5h5had","value":13,"logDomain":"non-session","message":"envelope95-caller-only"}]}
LOGGER_ENVELOPE_95 {"caseID":"session-context","inputs":{"session":{"id":"ses_-zUSeJwaizzZ0JIpho9i","slug":"hidden-garden","version":"local","projectID":"prj_hUKkQaakJuaRBpFOC3GC","directory":"C:\\Users\\hengu\\AppData\\Local\\Temp\\opencorvus-test-run-ylMnay\\test-74524-tAVIG3\\fixtures\\memory-u0YJA5","title":"Logger envelope context","kind":"assistant","time":{"created":1791360012491,"updated":1791360012491}},"caller":{"id":"ses_-zUSeJwaUzze5D5h5had","slug":"curious-harbor","version":"local","projectID":"prj_hUKkQaakJuaRBpFOC3GC","directory":"C:\\Users\\hengu\\AppData\\Local\\Temp\\opencorvus-test-run-ylMnay\\test-74524-tAVIG3\\fixtures\\memory-u0YJA5","title":"Logger caller identity","kind":"assistant","time":{"created":1791360012505,"updated":1791360012505}},"persisted":{"id":"ses_-zUSeJwaizzZ0JIpho9i","slug":"hidden-garden","projectID":"prj_hUKkQaakJuaRBpFOC3GC","directory":"C:\\Users\\hengu\\AppData\\Local\\Temp\\opencorvus-test-run-ylMnay\\test-74524-tAVIG3\\fixtures\\memory-u0YJA5","title":"Logger envelope context","version":"local","kind":"assistant","time":{"created":1791360012491,"updated":1791360012491}}},"raw":"{\"level\":\"info\",\"time\":\"2026-10-07T08:00:12.556Z\",\"service\":\"envelope95-context\",\"sessionID\":\"ses_-zUSeJwaUzze5D5h5had\",\"value\":17,\"logDomain\":\"session\",\"sessionID\":\"ses_-zUSeJwaizzZ0JIpho9i\",\"message\":\"envelope95-reinitialized\"}\n","records":[{"level":"info","time":"2026-10-07T08:00:12.556Z","service":"envelope95-context","sessionID":"ses_-zUSeJwaizzZ0JIpho9i","value":17,"logDomain":"session","message":"envelope95-reinitialized"}]}
 95 |       // Observe all actual records before asserting, including baseline's flat Session subject.
 96 |       expect({ persistedID: persisted.id, persistedTime: persisted.time }).toEqual({
 97 |         persistedID: session.id,
 98 |         persistedTime: session.time,
 99 |       })
100 |       expect(created).toMatchObject({
                            ^
error: expect(received).toMatchObject(expected)

Matcher error: received value must be a non-null object

      at <anonymous> (D:\myhexin-local\opencorvus\packages\opencorvus\test\log-envelope.test.ts:100:23)
{"level":"info","time":"2026-10-07T08:00:12.590Z","service":"default","logDomain":"non-session","message":"disposing all instances"}
(fail) actual Session subjects and buffered contexts keep distinct ambient and caller identity [2004.27ms]
LOGGER_ENVELOPE_95 {"caseID":"timer-export","inputs":{"operation":"actual-timer","errorMessage":"Actual serialization error","providerDiagnostic":{"statusCode":429,"responseHeaders":{"set-cookie":"<redacted>","retry-after":"2"}}},"raw":"{\"level\":\"info\",\"time\":\"2026-10-07T08:00:12.623Z\",\"service\":\"envelope95-export\",\"status\":\"started\",\"operation\":\"actual-timer\",\"logDomain\":\"non-session\",\"message\":\"envelope95-timer\"}\n{\"level\":\"info\",\"time\":\"2026-10-07T08:00:12.623Z\",\"service\":\"envelope95-export\",\"status\":\"completed\",\"duration\":0,\"operation\":\"actual-timer\",\"logDomain\":\"non-session\",\"message\":\"envelope95-timer\"}\n{\"level\":\"error\",\"time\":\"2026-10-07T08:00:12.624Z\",\"service\":\"envelope95-export\",\"error\":{\"type\":\"Error\",\"message\":\"Actual serialization error\",\"stack\":\"Error: Actual serialization error\\n    at <anonymous> (D:\\\\myhexin-local\\\\opencorvus\\\\packages\\\\opencorvus\\\\test\\\\log-envelope.test.ts:131:16)\\n    at processTicksAndRejections (native:7:39)\"},\"cause\":{\"type\":\"AI_APICallError\",\"message\":\"Local fixture response\",\"stack\":\"AI_APICallError: Local fixture response\\n    at <anonymous> (D:\\\\myhexin-local\\\\opencorvus\\\\packages\\\\opencorvus\\\\test\\\\log-envelope.test.ts:132:16)\\n    at processTicksAndRejections (native:7:39)\",\"statusCode\":429,\"isRetryable\":false,\"responseHeaders\":{\"set-cookie\":\"<redacted>\",\"retry-after\":\"2\"},\"responseBody\":\"{\\\"error\\\":{\\\"message\\\":\\\"Local fixture response\\\"}}\",\"url\":\"https://example.invalid/fixture\"},\"time\":{\"created\":41,\"updated\":43},\"logDomain\":\"non-session\",\"message\":\"envelope95-error\"}\n","records":[{"level":"info","time":"2026-10-07T08:00:12.623Z","service":"envelope95-export","status":"started","operation":"actual-timer","logDomain":"non-session","message":"envelope95-timer"},{"level":"info","time":"2026-10-07T08:00:12.623Z","service":"envelope95-export","status":"completed","duration":0,"operation":"actual-timer","logDomain":"non-session","message":"envelope95-timer"},{"level":"error","time":{"created":41,"updated":43},"service":"envelope95-export","error":{"type":"Error","message":"Actual serialization error","stack":"Error: Actual serialization error\n    at <anonymous> (D:\\myhexin-local\\opencorvus\\packages\\opencorvus\\test\\log-envelope.test.ts:131:16)\n    at processTicksAndRejections (native:7:39)"},"cause":{"type":"AI_APICallError","message":"Local fixture response","stack":"AI_APICallError: Local fixture response\n    at <anonymous> (D:\\myhexin-local\\opencorvus\\packages\\opencorvus\\test\\log-envelope.test.ts:132:16)\n    at processTicksAndRejections (native:7:39)","statusCode":429,"isRetryable":false,"responseHeaders":{"set-cookie":"<redacted>","retry-after":"2"},"responseBody":"{\"error\":{\"message\":\"Local fixture response\"}}","url":"https://example.invalid/fixture"},"logDomain":"non-session","message":"envelope95-error"}]}
LOGGER_ENVELOPE_95_EXPORT {"current":{"name":"dev.log","current":true,"size":1304,"modified":"2026-10-07T08:00:12.624Z","lineCount":3,"parsedLineCount":3,"unparsedLineCount":0,"levelCounts":{"INFO":2,"ERROR":1},"services":["envelope95-export"],"firstTimestamp":"2026-10-07T08:00:12.623Z","lastTimestamp":"2026-10-07T08:00:12.623Z","rawPath":"logs/raw/dev.log","formattedPath":"logs/formatted/dev.log"},"exportedRaw":"{\"level\":\"info\",\"time\":\"2026-10-07T08:00:12.623Z\",\"service\":\"envelope95-export\",\"status\":\"started\",\"operation\":\"actual-timer\",\"logDomain\":\"non-session\",\"message\":\"envelope95-timer\"}\n{\"level\":\"info\",\"time\":\"2026-10-07T08:00:12.623Z\",\"service\":\"envelope95-export\",\"status\":\"completed\",\"duration\":0,\"operation\":\"actual-timer\",\"logDomain\":\"non-session\",\"message\":\"envelope95-timer\"}\n{\"level\":\"error\",\"time\":\"2026-10-07T08:00:12.624Z\",\"service\":\"envelope95-export\",\"error\":{\"type\":\"Error\",\"message\":\"Actual serialization error\",\"stack\":\"Error: Actual serialization error\\n    at <anonymous> (D:\\\\myhexin-local\\\\opencorvus\\\\packages\\\\opencorvus\\\\test\\\\log-envelope.test.ts:131:16)\\n    at processTicksAndRejections (native:7:39)\"},\"cause\":{\"type\":\"AI_APICallError\",\"message\":\"Local fixture response\",\"stack\":\"AI_APICallError: Local fixture response\\n    at <anonymous> (D:\\\\myhexin-local\\\\opencorvus\\\\packages\\\\opencorvus\\\\test\\\\log-envelope.test.ts:132:16)\\n    at processTicksAndRejections (native:7:39)\",\"statusCode\":429,\"isRetryable\":false,\"responseHeaders\":{\"set-cookie\":\"<redacted>\",\"retry-after\":\"2\"},\"responseBody\":\"{\\\"error\\\":{\\\"message\\\":\\\"Local fixture response\\\"}}\",\"url\":\"https://example.invalid/fixture\"},\"time\":{\"created\":41,\"updated\":43},\"logDomain\":\"non-session\",\"message\":\"envelope95-error\"}\n","formatted":"[2026-10-07T08:00:12.623Z] INFO  [envelope95-export] envelope95-timer\n  {\n    \"logDomain\": \"non-session\",\n    \"operation\": \"actual-timer\",\n    \"status\": \"started\"\n  }\n\n[2026-10-07T08:00:12.623Z] INFO  [envelope95-export] envelope95-timer\n  {\n    \"duration\": 0,\n    \"logDomain\": \"non-session\",\n    \"operation\": \"actual-timer\",\n    \"status\": \"completed\"\n  }\n\n[timestamp-unavailable] ERROR [envelope95-export] envelope95-error\n  {\n    \"cause\": {\n      \"type\": \"AI_APICallError\",\n      \"message\": \"Local fixture response\",\n      \"stack\": \"AI_APICallError: Local fixture response\\n    at <anonymous> (D:\\\\myhexin-local\\\\opencorvus\\\\packages\\\\opencorvus\\\\test\\\\log-envelope.test.ts:132:16)\\n    at processTicksAndRejections (native:7:39)\",\n      \"statusCode\": 429,\n      \"isRetryable\": false,\n      \"responseHeaders\": {\n        \"set-cookie\": \"<redacted>\",\n        \"retry-after\": \"2\"\n      },\n      \"responseBody\": \"{\\\"error\\\":{\\\"message\\\":\\\"Local fixture response\\\"}}\",\n      \"url\": \"https://example.invalid/fixture\"\n    },\n    \"error\": {\n      \"type\": \"Error\",\n      \"message\": \"Actual serialization error\",\n      \"stack\": \"Error: Actual serialization error\\n    at <anonymous> (D:\\\\myhexin-local\\\\opencorvus\\\\packages\\\\opencorvus\\\\test\\\\log-envelope.test.ts:131:16)\\n    at processTicksAndRejections (native:7:39)\"\n    },\n    \"logDomain\": \"non-session\"\n  }\n"}
160 |   } finally {
161 |     await zip.close()
162 |   }
163 |   console.log("LOGGER_ENVELOPE_95_EXPORT", JSON.stringify({ current, exportedRaw, formatted }))
164 |   expect(exportedRaw).toBe(observed.raw)
165 |   expect(observed.records.filter((entry) => entry.message === "envelope95-timer")).toMatchObject([
                                                                                         ^
error: expect(received).toMatchObject(expected)

  [
    {
-     "data": {
-       "operation": "actual-timer",
-       "status": "started",
-     },
+     "level": "info",
+     "logDomain": "non-session",
+     "message": "envelope95-timer",
+     "operation": "actual-timer",
+     "service": "envelope95-export",
+     "status": "started",
+     "time": "2026-10-07T08:00:12.623Z",
    },
    {
-     "data": {
-       "duration": Any<Number>,
-       "operation": "actual-timer",
-       "status": "completed",
-     },
+     "duration": 0,
+     "level": "info",
+     "logDomain": "non-session",
+     "message": "envelope95-timer",
+     "operation": "actual-timer",
+     "service": "envelope95-export",
+     "status": "completed",
+     "time": "2026-10-07T08:00:12.623Z",
    },
  ]

- Expected  - 9
+ Received  + 15

      at <anonymous> (D:\myhexin-local\opencorvus\packages\opencorvus\test\log-envelope.test.ts:165:84)
{"level":"info","time":"2026-10-07T08:00:12.754Z","service":"default","logDomain":"non-session","message":"disposing all instances"}
(fail) real timers, serializers and support ZIP retain canonical chronology and redacted data [135.87ms]
LOGGER_ENVELOPE_95 {"caseID":"public-ingress","inputs":{"input":{"entries":[{"service":"envelope95-ingress","level":"warn","message":"envelope95-public","extra":{"time":{"created":47},"service":"subject-ingress","sessionID":"request-ingress","status":"accepted"}}]},"response":{"status":200,"body":true}},"raw":"{\"level\":\"warn\",\"time\":\"2026-10-07T08:00:13.937Z\",\"service\":\"envelope95-ingress\",\"time\":{\"created\":47},\"service\":\"subject-ingress\",\"sessionID\":\"request-ingress\",\"status\":\"accepted\",\"logDomain\":\"non-session\",\"message\":\"envelope95-public\"}\n","records":[{"level":"warn","time":{"created":47},"service":"subject-ingress","sessionID":"request-ingress","status":"accepted","logDomain":"non-session","message":"envelope95-public"}]}
201 |     body: JSON.stringify(input),
202 |   })
203 |   const body: unknown = await response.json()
204 |   const { records } = await capture("public-ingress", { input, response: { status: response.status, body } })
205 |   expect({ status: response.status, body }).toEqual({ status: 200, body: true })
206 |   expect(requiredRecord(records, "envelope95-public")).toMatchObject({
                                                             ^
error: expect(received).toMatchObject(expected)

  {
-   "data": {
-     "service": "subject-ingress",
-     "sessionID": "request-ingress",
-     "status": "accepted",
-     "time": {
-       "created": 47,
-     },
-   },
    "level": "warn",
    "logDomain": "non-session",
-   "service": "envelope95-ingress",
-   "time": Any<String>,
+   "message": "envelope95-public",
+   "service": "subject-ingress",
+   "sessionID": "request-ingress",
+   "status": "accepted",
+   "time": {
+     "created": 47,
+   },
  }

- Expected  - 10
+ Received  + 7

      at <anonymous> (D:\myhexin-local\opencorvus\packages\opencorvus\test\log-envelope.test.ts:206:56)
{"level":"info","time":"2026-10-07T08:00:13.971Z","service":"default","logDomain":"non-session","message":"disposing all instances"}
(fail) public log ingress retains its real accepted result and canonical subject envelope [1217.35ms]
{"level":"info","time":"2026-10-07T08:00:13.973Z","service":"default","logDomain":"non-session","message":"disposing all instances"}

 0 pass
 4 fail
 7 expect() calls
Ran 4 tests across 1 file. [6.11s]
OpenCorvus test file failed (exit=1): D:\myhexin-local\opencorvus\packages\opencorvus\test\log-envelope.test.ts
[1/1] DONE test/log-envelope.test.ts exit=1 duration=6.99s
OpenCorvus failed test files (1):
D:\myhexin-local\opencorvus\packages\opencorvus\test\log-envelope.test.ts
