[main aed75784] fix: preserve drafts and selection during picker dismissal
 446 files changed, 17146 insertions(+), 1 deletion(-)
 create mode 100644 specs/artifacts/2026-10-05-connection-workspace-authority/selection-events-plan.md
 create mode 100644 specs/artifacts/2026-10-05-connection-workspace-authority/selection-events/ComposerReferenceSelector.tsx.before.txt
 create mode 100644 specs/artifacts/2026-10-05-connection-workspace-authority/selection-events/ComposerReferenceSelector.tsx.final.txt
 create mode 100644 specs/artifacts/2026-10-05-connection-workspace-authority/selection-events/ComposerReferenceSelector.tsx.qualification-29.txt
 create mode 100644 specs/artifacts/2026-10-05-connection-workspace-authority/selection-events/README.md
 create mode 100644 specs/artifacts/2026-10-05-connection-workspace-authority/selection-events/SelectControl.tsx.before.txt
 create mode 100644 specs/artifacts/2026-10-05-connection-workspace-authority/selection-events/SelectControl.tsx.final.txt
 create mode 100644 specs/artifacts/2026-10-05-connection-workspace-authority/selection-events/SelectControl.tsx.qualification-29.txt
 create mode 100644 specs/artifacts/2026-10-05-connection-workspace-authority/selection-events/actual-29-changed-theme.png
 create mode 100644 specs/artifacts/2026-10-05-connection-workspace-authority/selection-events/actual-29-changed-theme.txt
 create mode 100644 specs/artifacts/2026-10-05-connection-workspace-authority/selection-events/actual-29-draft-after-locales.png
 create mode 100644 specs/artifacts/2026-10-05-connection-workspace-authority/selection-events/actual-29-draft-after-locales.txt
 create mode 100644 specs/artifacts/2026-10-05-connection-workspace-authority/selection-events/actual-29-keyboard-code-selection.png
 create mode 100644 specs/artifacts/2026-10-05-connection-workspace-authority/selection-events/actual-29-keyboard-code-selection.txt
 create mode 100644 specs/artifacts/2026-10-05-connection-workspace-authority/selection-events/actual-29-launch-first.log
 create mode 100644 specs/artifacts/2026-10-05-connection-workspace-authority/selection-events/actual-29-launch-owner.json
 create mode 100644 specs/artifacts/2026-10-05-connection-workspace-authority/selection-events/actual-29-locale-keyboard-retained.png
 create mode 100644 specs/artifacts/2026-10-05-connection-workspace-authority/selection-events/actual-29-locale-keyboard-retained.txt
 create mode 100644 specs/artifacts/2026-10-05-connection-workspace-authority/selection-events/actual-29-locale-pointer-retained.png
 create mode 100644 specs/artifacts/2026-10-05-connection-workspace-authority/selection-events/actual-29-locale-pointer-retained.txt
 create mode 100644 specs/artifacts/2026-10-05-connection-workspace-authority/selection-events/actual-29-page-closed.json
 create mode 100644 specs/artifacts/2026-10-05-connection-workspace-authority/selection-events/actual-29-readonly-facts.json
 create mode 100644 specs/artifacts/2026-10-05-connection-workspace-authority/selection-events/actual-29-readonly-first.log
 create mode 100644 specs/artifacts/2026-10-05-connection-workspace-authority/selection-events/actual-29-reference-deliberate-clear.png
 create mode 100644 specs/artifacts/2026-10-05-connection-workspace-authority/selection-events/actual-29-reference-deliberate-clear.txt
 create mode 100644 specs/artifacts/2026-10-05-connection-workspace-authority/selection-events/actual-29-reference-list-escape.png
 create mode 100644 specs/artifacts/2026-10-05-connection-workspace-authority/selection-events/actual-29-reference-list-escape.txt
 create mode 100644 specs/artifacts/2026-10-05-connection-workspace-authority/selection-events/actual-29-reference-search-escape.png
 create mode 100644 specs/artifacts/2026-10-05-connection-workspace-authority/selection-events/actual-29-reference-search-escape.txt
 create mode 100644 specs/artifacts/2026-10-05-connection-workspace-authority/selection-events/actual-29-reference-search-focus.txt
 create mode 100644 specs/artifacts/2026-10-05-connection-workspace-authority/selection-events/actual-29-reference-selected-list.png
 create mode 100644 specs/artifacts/2026-10-05-connection-workspace-authority/selection-events/actual-29-reference-selected-list.txt
 create mode 100644 specs/artifacts/2026-10-05-connection-workspace-authority/selection-events/actual-29-root-closure.json
 create mode 100644 specs/artifacts/2026-10-05-connection-workspace-authority/selection-events/actual-29-same-language-keyboard-dismiss.png
 create mode 100644 specs/artifacts/2026-10-05-connection-workspace-authority/selection-events/actual-29-same-language-keyboard-dismiss.txt
 create mode 100644 specs/artifacts/2026-10-05-connection-workspace-authority/selection-events/actual-29-same-theme-dismiss.png
 create mode 100644 specs/artifacts/2026-10-05-connection-workspace-authority/selection-events/actual-29-same-theme-dismiss.txt
 create mode 100644 specs/artifacts/2026-10-05-connection-workspace-authority/selection-events/actual-29-shutdown-first.log
 create mode 100644 specs/artifacts/2026-10-05-connection-workspace-authority/selection-events/actual-29-target-mission-selection.png
 create mode 100644 specs/artifacts/2026-10-05-connection-workspace-authority/selection-events/actual-29-target-mission-selection.txt
 create mode 100644 specs/artifacts/2026-10-05-connection-workspace-authority/selection-events/actual-29-task-accepted-cli.json
 create mode 100644 specs/artifacts/2026-10-05-connection-workspace-authority/selection-events/actual-29-task-create-first.log
 create mode 100644 specs/artifacts/2026-10-05-connection-workspace-authority/selection-events/actual-29-task-request-input.json
 create mode 100644 specs/artifacts/2026-10-05-connection-workspace-authority/selection-events/actual-29-task-selection.json
 create mode 100644 specs/artifacts/2026-10-05-connection-workspace-authority/selection-events/actual-30-deliberate-reference-clear.png
 create mode 100644 specs/artifacts/2026-10-05-connection-workspace-authority/selection-events/actual-30-deliberate-reference-clear.txt
 create mode 100644 specs/artifacts/2026-10-05-connection-workspace-authority/selection-events/actual-30-draft-before-keyboard.png
 create mode 100644 specs/artifacts/2026-10-05-connection-workspace-authority/selection-events/actual-30-draft-before-keyboard.txt
 create mode 100644 specs/artifacts/2026-10-05-connection-workspace-authority/selection-events/actual-30-keyboard-chat.png
 create mode 100644 specs/artifacts/2026-10-05-connection-workspace-authority/selection-events/actual-30-keyboard-chat.txt
 create mode 100644 specs/artifacts/2026-10-05-connection-workspace-authority/selection-events/actual-30-keyboard-code.png
 create mode 100644 specs/artifacts/2026-10-05-connection-workspace-authority/selection-events/actual-30-keyboard-code.txt
 create mode 100644 specs/artifacts/2026-10-05-connection-workspace-authority/selection-events/actual-30-keyboard-mission.png
 create mode 100644 specs/artifacts/2026-10-05-connection-workspace-authority/selection-events/actual-30-keyboard-mission.txt
 create mode 100644 specs/artifacts/2026-10-05-connection-workspace-authority/selection-events/actual-30-keyboard-same-mission.png
 create mode 100644 specs/artifacts/2026-10-05-connection-workspace-authority/selection-events/actual-30-keyboard-same-mission.txt
 create mode 100644 specs/artifacts/2026-10-05-connection-workspace-authority/selection-events/actual-30-keyboard-work.png
 create mode 100644 specs/artifacts/2026-10-05-connection-workspace-authority/selection-events/actual-30-keyboard-work.txt
 create mode 100644 specs/artifacts/2026-10-05-connection-workspace-authority/selection-events/actual-30-launch-first.log
 create mode 100644 specs/artifacts/2026-10-05-connection-workspace-authority/selection-events/actual-30-launch-owner.json
 create mode 100644 specs/artifacts/2026-10-05-connection-workspace-authority/selection-events/actual-30-list-escape.png
 create mode 100644 specs/artifacts/2026-10-05-connection-workspace-authority/selection-events/actual-30-list-escape.txt
 create mode 100644 specs/artifacts/2026-10-05-connection-workspace-authority/selection-events/actual-30-locale-retained.png
 create mode 100644 specs/artifacts/2026-10-05-connection-workspace-authority/selection-events/actual-30-locale-retained.txt
 create mode 100644 specs/artifacts/2026-10-05-connection-workspace-authority/selection-events/actual-30-own-draft-cleaned.txt
 create mode 100644 specs/artifacts/2026-10-05-connection-workspace-authority/selection-events/actual-30-page-closed.json
 create mode 100644 specs/artifacts/2026-10-05-connection-workspace-authority/selection-events/actual-30-readonly-facts.json
 create mode 100644 specs/artifacts/2026-10-05-connection-workspace-authority/selection-events/actual-30-root-closure.json
 create mode 100644 specs/artifacts/2026-10-05-connection-workspace-authority/selection-events/actual-30-search-escape.png
 create mode 100644 specs/artifacts/2026-10-05-connection-workspace-authority/selection-events/actual-30-search-escape.txt
 create mode 100644 specs/artifacts/2026-10-05-connection-workspace-authority/selection-events/actual-30-shutdown-first.log
 create mode 100644 specs/artifacts/2026-10-05-connection-workspace-authority/selection-events/actual-30-space-code.png
 create mode 100644 specs/artifacts/2026-10-05-connection-workspace-authority/selection-events/actual-30-space-code.txt
 create mode 100644 specs/artifacts/2026-10-05-connection-workspace-authority/selection-events/actual-30-task-accepted-cli.json
 create mode 100644 specs/artifacts/2026-10-05-connection-workspace-authority/selection-events/actual-30-task-create-first.log
 create mode 100644 specs/artifacts/2026-10-05-connection-workspace-authority/selection-events/actual-30-task-request-input.json
 create mode 100644 specs/artifacts/2026-10-05-connection-workspace-authority/selection-events/actual-30-task-selection.json
 create mode 100644 specs/artifacts/2026-10-05-connection-workspace-authority/selection-events/docs-delivery-final.log
 create mode 100644 specs/artifacts/2026-10-05-connection-workspace-authority/selection-events/docs-first.log
 create mode 100644 specs/artifacts/2026-10-05-connection-workspace-authority/selection-events/docs-keyboard-final.log
 create mode 100644 specs/artifacts/2026-10-05-connection-workspace-authority/selection-events/genuine-task-create.ps1.snapshot.txt
 create mode 100644 specs/artifacts/2026-10-05-connection-workspace-authority/selection-events/genuine-task-readonly.ts.snapshot.txt
 create mode 100644 specs/artifacts/2026-10-05-connection-workspace-authority/selection-events/overlay-build-first.log
 create mode 100644 specs/artifacts/2026-10-05-connection-workspace-authority/selection-events/overlay-build-keyboard-final.log
 create mode 100644 specs/artifacts/2026-10-05-connection-workspace-authority/selection-events/overlay-types-first.log
 create mode 100644 specs/artifacts/2026-10-05-connection-workspace-authority/selection-events/overlay-types-keyboard-final.log
 create mode 100644 specs/artifacts/2026-10-05-connection-workspace-authority/selection-events/prior-28-normal-commit.log
 create mode 100644 specs/artifacts/2026-10-05-connection-workspace-authority/selection-events/prior-28-normal-push.log
 create mode 100644 specs/artifacts/2026-10-05-connection-workspace-authority/selection-events/renderer-public-surface-keyboard-final.log
 create mode 100644 specs/artifacts/2026-10-05-connection-workspace-authority/selection-events/renderer-public-surface.log
 create mode 100644 specs/artifacts/2026-10-05-connection-workspace-authority/selection-events/runtime-evidence-29/authority-ready.json
 create mode 100644 specs/artifacts/2026-10-05-connection-workspace-authority/selection-events/runtime-evidence-29/managed-parent-ready.json
 create mode 100644 specs/artifacts/2026-10-05-connection-workspace-authority/selection-events/runtime-evidence-29/native-host-ready.json
 create mode 100644 specs/artifacts/2026-10-05-connection-workspace-authority/selection-events/runtime-evidence-29/native-host-settled.json
 create mode 100644 specs/artifacts/2026-10-05-connection-workspace-authority/selection-events/runtime-evidence-29/owned-config-hierarchy.json
 create mode 100644 specs/artifacts/2026-10-05-connection-workspace-authority/selection-events/runtime-evidence-29/preflight-ready.json
 create mode 100644 specs/artifacts/2026-10-05-connection-workspace-authority/selection-events/runtime-evidence-29/project-baseline.json
 create mode 100644 specs/artifacts/2026-10-05-connection-workspace-authority/selection-events/runtime-evidence-29/provider-53320-87a85a4c-52b6-4fa6-905b-92d08c35a0e6-1.json
 create mode 100644 specs/artifacts/2026-10-05-connection-workspace-authority/selection-events/runtime-evidence-29/provider-53320-87a85a4c-52b6-4fa6-905b-92d08c35a0e6-2.json
 create mode 100644 specs/artifacts/2026-10-05-connection-workspace-authority/selection-events/runtime-evidence-29/provider-53320-87a85a4c-52b6-4fa6-905b-92d08c35a0e6-3.json
 create mode 100644 specs/artifacts/2026-10-05-connection-workspace-authority/selection-events/runtime-evidence-29/provider-53320-87a85a4c-52b6-4fa6-905b-92d08c35a0e6-4.json
 create mode 100644 specs/artifacts/2026-10-05-connection-workspace-authority/selection-events/runtime-evidence-29/provider-53320-87a85a4c-52b6-4fa6-905b-92d08c35a0e6-5.json
 create mode 100644 specs/artifacts/2026-10-05-connection-workspace-authority/selection-events/runtime-evidence-29/provider-53320-87a85a4c-52b6-4fa6-905b-92d08c35a0e6-6.json
 create mode 100644 specs/artifacts/2026-10-05-connection-workspace-authority/selection-events/runtime-evidence-29/provider-53320-87a85a4c-52b6-4fa6-905b-92d08c35a0e6-7.json
 create mode 100644 specs/artifacts/2026-10-05-connection-workspace-authority/selection-events/runtime-evidence-29/provider-53320-87a85a4c-52b6-4fa6-905b-92d08c35a0e6-8.json
 create mode 100644 specs/artifacts/2026-10-05-connection-workspace-authority/selection-events/runtime-evidence-29/provider-53320-87a85a4c-52b6-4fa6-905b-92d08c35a0e6-9.json
 create mode 100644 specs/artifacts/2026-10-05-connection-workspace-authority/selection-events/runtime-evidence-29/provider-pair-staging.json
 create mode 100644 specs/artifacts/2026-10-05-connection-workspace-authority/selection-events/runtime-evidence-29/qa-package-installed.json
 create mode 100644 specs/artifacts/2026-10-05-connection-workspace-authority/selection-events/runtime-evidence-29/task-boundary-admitted.json
 create mode 100644 specs/artifacts/2026-10-05-connection-workspace-authority/selection-events/runtime-evidence-29/task-complete.json
 create mode 100644 specs/artifacts/2026-10-05-connection-workspace-authority/selection-events/runtime-evidence-29/task-observation-53320-a5ff9d94-6b31-476e-825c-95894e545cbc-1.json
 create mode 100644 specs/artifacts/2026-10-05-connection-workspace-authority/selection-events/runtime-evidence-29/task-observation-53320-a5ff9d94-6b31-476e-825c-95894e545cbc-10.json
 create mode 100644 specs/artifacts/2026-10-05-connection-workspace-authority/selection-events/runtime-evidence-29/task-observation-53320-a5ff9d94-6b31-476e-825c-95894e545cbc-11.json
 create mode 100644 specs/artifacts/2026-10-05-connection-workspace-authority/selection-events/runtime-evidence-29/task-observation-53320-a5ff9d94-6b31-476e-825c-95894e545cbc-12.json
 create mode 100644 specs/artifacts/2026-10-05-connection-workspace-authority/selection-events/runtime-evidence-29/task-observation-53320-a5ff9d94-6b31-476e-825c-95894e545cbc-13.json
 create mode 100644 specs/artifacts/2026-10-05-connection-workspace-authority/selection-events/runtime-evidence-29/task-observation-53320-a5ff9d94-6b31-476e-825c-95894e545cbc-14.json
 create mode 100644 specs/artifacts/2026-10-05-connection-workspace-authority/selection-events/runtime-evidence-29/task-observation-53320-a5ff9d94-6b31-476e-825c-95894e545cbc-15.json
 create mode 100644 specs/artifacts/2026-10-05-connection-workspace-authority/selection-events/runtime-evidence-29/task-observation-53320-a5ff9d94-6b31-476e-825c-95894e545cbc-2.json
 create mode 100644 specs/artifacts/2026-10-05-connection-workspace-authority/selection-events/runtime-evidence-29/task-observation-53320-a5ff9d94-6b31-476e-825c-95894e545cbc-3.json
 create mode 100644 specs/artifacts/2026-10-05-connection-workspace-authority/selection-events/runtime-evidence-29/task-observation-53320-a5ff9d94-6b31-476e-825c-95894e545cbc-4.json
 create mode 100644 specs/artifacts/2026-10-05-connection-workspace-authority/selection-events/runtime-evidence-29/task-observation-53320-a5ff9d94-6b31-476e-825c-95894e545cbc-5.json
 create mode 100644 specs/artifacts/2026-10-05-connection-workspace-authority/selection-events/runtime-evidence-29/task-observation-53320-a5ff9d94-6b31-476e-825c-95894e545cbc-6.json
 create mode 100644 specs/artifacts/2026-10-05-connection-workspace-authority/selection-events/runtime-evidence-29/task-observation-53320-a5ff9d94-6b31-476e-825c-95894e545cbc-7.json
 create mode 100644 specs/artifacts/2026-10-05-connection-workspace-authority/selection-events/runtime-evidence-29/task-observation-53320-a5ff9d94-6b31-476e-825c-95894e545cbc-8.json
 create mode 100644 specs/artifacts/2026-10-05-connection-workspace-authority/selection-events/runtime-evidence-29/task-observation-53320-a5ff9d94-6b31-476e-825c-95894e545cbc-9.json
 create mode 100644 specs/artifacts/2026-10-05-connection-workspace-authority/selection-events/runtime-evidence-29/task-occurrence-admitted.json
 create mode 100644 specs/artifacts/2026-10-05-connection-workspace-authority/selection-events/runtime-evidence-30/authority-ready.json
 create mode 100644 specs/artifacts/2026-10-05-connection-workspace-authority/selection-events/runtime-evidence-30/managed-parent-ready.json
 create mode 100644 specs/artifacts/2026-10-05-connection-workspace-authority/selection-events/runtime-evidence-30/native-host-ready.json
 create mode 100644 specs/artifacts/2026-10-05-connection-workspace-authority/selection-events/runtime-evidence-30/native-host-settled.json
 create mode 100644 specs/artifacts/2026-10-05-connection-workspace-authority/selection-events/runtime-evidence-30/owned-config-hierarchy.json
 create mode 100644 specs/artifacts/2026-10-05-connection-workspace-authority/selection-events/runtime-evidence-30/preflight-ready.json
 create mode 100644 specs/artifacts/2026-10-05-connection-workspace-authority/selection-events/runtime-evidence-30/project-baseline.json
 create mode 100644 specs/artifacts/2026-10-05-connection-workspace-authority/selection-events/runtime-evidence-30/provider-76144-7beea808-dc69-47b7-8b6a-8534bc4d8705-1.json
 create mode 100644 specs/artifacts/2026-10-05-connection-workspace-authority/selection-events/runtime-evidence-30/provider-76144-7beea808-dc69-47b7-8b6a-8534bc4d8705-2.json
 create mode 100644 specs/artifacts/2026-10-05-connection-workspace-authority/selection-events/runtime-evidence-30/provider-76144-7beea808-dc69-47b7-8b6a-8534bc4d8705-3.json
 create mode 100644 specs/artifacts/2026-10-05-connection-workspace-authority/selection-events/runtime-evidence-30/provider-76144-7beea808-dc69-47b7-8b6a-8534bc4d8705-4.json
 create mode 100644 specs/artifacts/2026-10-05-connection-workspace-authority/selection-events/runtime-evidence-30/provider-76144-7beea808-dc69-47b7-8b6a-8534bc4d8705-5.json
 create mode 100644 specs/artifacts/2026-10-05-connection-workspace-authority/selection-events/runtime-evidence-30/provider-76144-7beea808-dc69-47b7-8b6a-8534bc4d8705-6.json
 create mode 100644 specs/artifacts/2026-10-05-connection-workspace-authority/selection-events/runtime-evidence-30/provider-76144-7beea808-dc69-47b7-8b6a-8534bc4d8705-7.json
 create mode 100644 specs/artifacts/2026-10-05-connection-workspace-authority/selection-events/runtime-evidence-30/provider-76144-7beea808-dc69-47b7-8b6a-8534bc4d8705-8.json
 create mode 100644 specs/artifacts/2026-10-05-connection-workspace-authority/selection-events/runtime-evidence-30/provider-76144-7beea808-dc69-47b7-8b6a-8534bc4d8705-9.json
 create mode 100644 specs/artifacts/2026-10-05-connection-workspace-authority/selection-events/runtime-evidence-30/provider-pair-staging.json
 create mode 100644 specs/artifacts/2026-10-05-connection-workspace-authority/selection-events/runtime-evidence-30/qa-package-installed.json
 create mode 100644 specs/artifacts/2026-10-05-connection-workspace-authority/selection-events/runtime-evidence-30/task-boundary-admitted.json
 create mode 100644 specs/artifacts/2026-10-05-connection-workspace-authority/selection-events/runtime-evidence-30/task-complete.json
 create mode 100644 specs/artifacts/2026-10-05-connection-workspace-authority/selection-events/runtime-evidence-30/task-observation-76144-11847a5a-45a5-4e42-804f-79c3bb916e75-1.json
 create mode 100644 specs/artifacts/2026-10-05-connection-workspace-authority/selection-events/runtime-evidence-30/task-observation-76144-11847a5a-45a5-4e42-804f-79c3bb916e75-10.json
 create mode 100644 specs/artifacts/2026-10-05-connection-workspace-authority/selection-events/runtime-evidence-30/task-observation-76144-11847a5a-45a5-4e42-804f-79c3bb916e75-11.json
 create mode 100644 specs/artifacts/2026-10-05-connection-workspace-authority/selection-events/runtime-evidence-30/task-observation-76144-11847a5a-45a5-4e42-804f-79c3bb916e75-12.json
 create mode 100644 specs/artifacts/2026-10-05-connection-workspace-authority/selection-events/runtime-evidence-30/task-observation-76144-11847a5a-45a5-4e42-804f-79c3bb916e75-13.json
 create mode 100644 specs/artifacts/2026-10-05-connection-workspace-authority/selection-events/runtime-evidence-30/task-observation-76144-11847a5a-45a5-4e42-804f-79c3bb916e75-14.json
 create mode 100644 specs/artifacts/2026-10-05-connection-workspace-authority/selection-events/runtime-evidence-30/task-observation-76144-11847a5a-45a5-4e42-804f-79c3bb916e75-2.json
 create mode 100644 specs/artifacts/2026-10-05-connection-workspace-authority/selection-events/runtime-evidence-30/task-observation-76144-11847a5a-45a5-4e42-804f-79c3bb916e75-3.json
 create mode 100644 specs/artifacts/2026-10-05-connection-workspace-authority/selection-events/runtime-evidence-30/task-observation-76144-11847a5a-45a5-4e42-804f-79c3bb916e75-4.json
 create mode 100644 specs/artifacts/2026-10-05-connection-workspace-authority/selection-events/runtime-evidence-30/task-observation-76144-11847a5a-45a5-4e42-804f-79c3bb916e75-5.json
 create mode 100644 specs/artifacts/2026-10-05-connection-workspace-authority/selection-events/runtime-evidence-30/task-observation-76144-11847a5a-45a5-4e42-804f-79c3bb916e75-6.json
 create mode 100644 specs/artifacts/2026-10-05-connection-workspace-authority/selection-events/runtime-evidence-30/task-observation-76144-11847a5a-45a5-4e42-804f-79c3bb916e75-7.json
 create mode 100644 specs/artifacts/2026-10-05-connection-workspace-authority/selection-events/runtime-evidence-30/task-observation-76144-11847a5a-45a5-4e42-804f-79c3bb916e75-8.json
 create mode 100644 specs/artifacts/2026-10-05-connection-workspace-authority/selection-events/runtime-evidence-30/task-observation-76144-11847a5a-45a5-4e42-804f-79c3bb916e75-9.json
 create mode 100644 specs/artifacts/2026-10-05-connection-workspace-authority/selection-events/runtime-evidence-30/task-occurrence-admitted.json
 create mode 100644 specs/artifacts/2026-10-05-connection-workspace-authority/selection-events/selection-events-29-chain-supervision-66620-1.json
 create mode 100644 specs/artifacts/2026-10-05-connection-workspace-authority/selection-events/selection-events-29-chain-supervision-66620-10.json
 create mode 100644 specs/artifacts/2026-10-05-connection-workspace-authority/selection-events/selection-events-29-chain-supervision-66620-100.json
 create mode 100644 specs/artifacts/2026-10-05-connection-workspace-authority/selection-events/selection-events-29-chain-supervision-66620-101.json
 create mode 100644 specs/artifacts/2026-10-05-connection-workspace-authority/selection-events/selection-events-29-chain-supervision-66620-102.json
 create mode 100644 specs/artifacts/2026-10-05-connection-workspace-authority/selection-events/selection-events-29-chain-supervision-66620-103.json
 create mode 100644 specs/artifacts/2026-10-05-connection-workspace-authority/selection-events/selection-events-29-chain-supervision-66620-104.json
 create mode 100644 specs/artifacts/2026-10-05-connection-workspace-authority/selection-events/selection-events-29-chain-supervision-66620-105.json
 create mode 100644 specs/artifacts/2026-10-05-connection-workspace-authority/selection-events/selection-events-29-chain-supervision-66620-106.json
 create mode 100644 specs/artifacts/2026-10-05-connection-workspace-authority/selection-events/selection-events-29-chain-supervision-66620-107.json
 create mode 100644 specs/artifacts/2026-10-05-connection-workspace-authority/selection-events/selection-events-29-chain-supervision-66620-108.json
 create mode 100644 specs/artifacts/2026-10-05-connection-workspace-authority/selection-events/selection-events-29-chain-supervision-66620-109.json
 create mode 100644 specs/artifacts/2026-10-05-connection-workspace-authority/selection-events/selection-events-29-chain-supervision-66620-11.json
 create mode 100644 specs/artifacts/2026-10-05-connection-workspace-authority/selection-events/selection-events-29-chain-supervision-66620-110.json
 create mode 100644 specs/artifacts/2026-10-05-connection-workspace-authority/selection-events/selection-events-29-chain-supervision-66620-111.json
 create mode 100644 specs/artifacts/2026-10-05-connection-workspace-authority/selection-events/selection-events-29-chain-supervision-66620-112.json
 create mode 100644 specs/artifacts/2026-10-05-connection-workspace-authority/selection-events/selection-events-29-chain-supervision-66620-113.json
 create mode 100644 specs/artifacts/2026-10-05-connection-workspace-authority/selection-events/selection-events-29-chain-supervision-66620-114.json
 create mode 100644 specs/artifacts/2026-10-05-connection-workspace-authority/selection-events/selection-events-29-chain-supervision-66620-115.json
 create mode 100644 specs/artifacts/2026-10-05-connection-workspace-authority/selection-events/selection-events-29-chain-supervision-66620-116.json
 create mode 100644 specs/artifacts/2026-10-05-connection-workspace-authority/selection-events/selection-events-29-chain-supervision-66620-117.json
 create mode 100644 specs/artifacts/2026-10-05-connection-workspace-authority/selection-events/selection-events-29-chain-supervision-66620-118.json
 create mode 100644 specs/artifacts/2026-10-05-connection-workspace-authority/selection-events/selection-events-29-chain-supervision-66620-119.json
 create mode 100644 specs/artifacts/2026-10-05-connection-workspace-authority/selection-events/selection-events-29-chain-supervision-66620-12.json
 create mode 100644 specs/artifacts/2026-10-05-connection-workspace-authority/selection-events/selection-events-29-chain-supervision-66620-120.json
 create mode 100644 specs/artifacts/2026-10-05-connection-workspace-authority/selection-events/selection-events-29-chain-supervision-66620-121.json
 create mode 100644 specs/artifacts/2026-10-05-connection-workspace-authority/selection-events/selection-events-29-chain-supervision-66620-122.json
 create mode 100644 specs/artifacts/2026-10-05-connection-workspace-authority/selection-events/selection-events-29-chain-supervision-66620-123.json
 create mode 100644 specs/artifacts/2026-10-05-connection-workspace-authority/selection-events/selection-events-29-chain-supervision-66620-124.json
 create mode 100644 specs/artifacts/2026-10-05-connection-workspace-authority/selection-events/selection-events-29-chain-supervision-66620-125.json
 create mode 100644 specs/artifacts/2026-10-05-connection-workspace-authority/selection-events/selection-events-29-chain-supervision-66620-126.json
 create mode 100644 specs/artifacts/2026-10-05-connection-workspace-authority/selection-events/selection-events-29-chain-supervision-66620-127.json
 create mode 100644 specs/artifacts/2026-10-05-connection-workspace-authority/selection-events/selection-events-29-chain-supervision-66620-128.json
 create mode 100644 specs/artifacts/2026-10-05-connection-workspace-authority/selection-events/selection-events-29-chain-supervision-66620-129.json
 create mode 100644 specs/artifacts/2026-10-05-connection-workspace-authority/selection-events/selection-events-29-chain-supervision-66620-13.json
 create mode 100644 specs/artifacts/2026-10-05-connection-workspace-authority/selection-events/selection-events-29-chain-supervision-66620-130.json
 create mode 100644 specs/artifacts/2026-10-05-connection-workspace-authority/selection-events/selection-events-29-chain-supervision-66620-131.json
 create mode 100644 specs/artifacts/2026-10-05-connection-workspace-authority/selection-events/selection-events-29-chain-supervision-66620-14.json
 create mode 100644 specs/artifacts/2026-10-05-connection-workspace-authority/selection-events/selection-events-29-chain-supervision-66620-15.json
 create mode 100644 specs/artifacts/2026-10-05-connection-workspace-authority/selection-events/selection-events-29-chain-supervision-66620-16.json
 create mode 100644 specs/artifacts/2026-10-05-connection-workspace-authority/selection-events/selection-events-29-chain-supervision-66620-17.json
 create mode 100644 specs/artifacts/2026-10-05-connection-workspace-authority/selection-events/selection-events-29-chain-supervision-66620-18.json
 create mode 100644 specs/artifacts/2026-10-05-connection-workspace-authority/selection-events/selection-events-29-chain-supervision-66620-19.json
 create mode 100644 specs/artifacts/2026-10-05-connection-workspace-authority/selection-events/selection-events-29-chain-supervision-66620-2.json
 create mode 100644 specs/artifacts/2026-10-05-connection-workspace-authority/selection-events/selection-events-29-chain-supervision-66620-20.json
 create mode 100644 specs/artifacts/2026-10-05-connection-workspace-authority/selection-events/selection-events-29-chain-supervision-66620-21.json
 create mode 100644 specs/artifacts/2026-10-05-connection-workspace-authority/selection-events/selection-events-29-chain-supervision-66620-22.json
 create mode 100644 specs/artifacts/2026-10-05-connection-workspace-authority/selection-events/selection-events-29-chain-supervision-66620-23.json
 create mode 100644 specs/artifacts/2026-10-05-connection-workspace-authority/selection-events/selection-events-29-chain-supervision-66620-24.json
 create mode 100644 specs/artifacts/2026-10-05-connection-workspace-authority/selection-events/selection-events-29-chain-supervision-66620-25.json
 create mode 100644 specs/artifacts/2026-10-05-connection-workspace-authority/selection-events/selection-events-29-chain-supervision-66620-26.json
 create mode 100644 specs/artifacts/2026-10-05-connection-workspace-authority/selection-events/selection-events-29-chain-supervision-66620-27.json
 create mode 100644 specs/artifacts/2026-10-05-connection-workspace-authority/selection-events/selection-events-29-chain-supervision-66620-28.json
 create mode 100644 specs/artifacts/2026-10-05-connection-workspace-authority/selection-events/selection-events-29-chain-supervision-66620-29.json
 create mode 100644 specs/artifacts/2026-10-05-connection-workspace-authority/selection-events/selection-events-29-chain-supervision-66620-3.json
 create mode 100644 specs/artifacts/2026-10-05-connection-workspace-authority/selection-events/selection-events-29-chain-supervision-66620-30.json
 create mode 100644 specs/artifacts/2026-10-05-connection-workspace-authority/selection-events/selection-events-29-chain-supervision-66620-31.json
 create mode 100644 specs/artifacts/2026-10-05-connection-workspace-authority/selection-events/selection-events-29-chain-supervision-66620-32.json
 create mode 100644 specs/artifacts/2026-10-05-connection-workspace-authority/selection-events/selection-events-29-chain-supervision-66620-33.json
 create mode 100644 specs/artifacts/2026-10-05-connection-workspace-authority/selection-events/selection-events-29-chain-supervision-66620-34.json
 create mode 100644 specs/artifacts/2026-10-05-connection-workspace-authority/selection-events/selection-events-29-chain-supervision-66620-35.json
 create mode 100644 specs/artifacts/2026-10-05-connection-workspace-authority/selection-events/selection-events-29-chain-supervision-66620-36.json
 create mode 100644 specs/artifacts/2026-10-05-connection-workspace-authority/selection-events/selection-events-29-chain-supervision-66620-37.json
 create mode 100644 specs/artifacts/2026-10-05-connection-workspace-authority/selection-events/selection-events-29-chain-supervision-66620-38.json
 create mode 100644 specs/artifacts/2026-10-05-connection-workspace-authority/selection-events/selection-events-29-chain-supervision-66620-39.json
 create mode 100644 specs/artifacts/2026-10-05-connection-workspace-authority/selection-events/selection-events-29-chain-supervision-66620-4.json
 create mode 100644 specs/artifacts/2026-10-05-connection-workspace-authority/selection-events/selection-events-29-chain-supervision-66620-40.json
 create mode 100644 specs/artifacts/2026-10-05-connection-workspace-authority/selection-events/selection-events-29-chain-supervision-66620-41.json
 create mode 100644 specs/artifacts/2026-10-05-connection-workspace-authority/selection-events/selection-events-29-chain-supervision-66620-42.json
 create mode 100644 specs/artifacts/2026-10-05-connection-workspace-authority/selection-events/selection-events-29-chain-supervision-66620-43.json
 create mode 100644 specs/artifacts/2026-10-05-connection-workspace-authority/selection-events/selection-events-29-chain-supervision-66620-44.json
 create mode 100644 specs/artifacts/2026-10-05-connection-workspace-authority/selection-events/selection-events-29-chain-supervision-66620-45.json
 create mode 100644 specs/artifacts/2026-10-05-connection-workspace-authority/selection-events/selection-events-29-chain-supervision-66620-46.json
 create mode 100644 specs/artifacts/2026-10-05-connection-workspace-authority/selection-events/selection-events-29-chain-supervision-66620-47.json
 create mode 100644 specs/artifacts/2026-10-05-connection-workspace-authority/selection-events/selection-events-29-chain-supervision-66620-48.json
 create mode 100644 specs/artifacts/2026-10-05-connection-workspace-authority/selection-events/selection-events-29-chain-supervision-66620-49.json
 create mode 100644 specs/artifacts/2026-10-05-connection-workspace-authority/selection-events/selection-events-29-chain-supervision-66620-5.json
 create mode 100644 specs/artifacts/2026-10-05-connection-workspace-authority/selection-events/selection-events-29-chain-supervision-66620-50.json
 create mode 100644 specs/artifacts/2026-10-05-connection-workspace-authority/selection-events/selection-events-29-chain-supervision-66620-51.json
 create mode 100644 specs/artifacts/2026-10-05-connection-workspace-authority/selection-events/selection-events-29-chain-supervision-66620-52.json
 create mode 100644 specs/artifacts/2026-10-05-connection-workspace-authority/selection-events/selection-events-29-chain-supervision-66620-53.json
 create mode 100644 specs/artifacts/2026-10-05-connection-workspace-authority/selection-events/selection-events-29-chain-supervision-66620-54.json
 create mode 100644 specs/artifacts/2026-10-05-connection-workspace-authority/selection-events/selection-events-29-chain-supervision-66620-55.json
 create mode 100644 specs/artifacts/2026-10-05-connection-workspace-authority/selection-events/selection-events-29-chain-supervision-66620-56.json
 create mode 100644 specs/artifacts/2026-10-05-connection-workspace-authority/selection-events/selection-events-29-chain-supervision-66620-57.json
 create mode 100644 specs/artifacts/2026-10-05-connection-workspace-authority/selection-events/selection-events-29-chain-supervision-66620-58.json
 create mode 100644 specs/artifacts/2026-10-05-connection-workspace-authority/selection-events/selection-events-29-chain-supervision-66620-59.json
 create mode 100644 specs/artifacts/2026-10-05-connection-workspace-authority/selection-events/selection-events-29-chain-supervision-66620-6.json
 create mode 100644 specs/artifacts/2026-10-05-connection-workspace-authority/selection-events/selection-events-29-chain-supervision-66620-60.json
 create mode 100644 specs/artifacts/2026-10-05-connection-workspace-authority/selection-events/selection-events-29-chain-supervision-66620-61.json
 create mode 100644 specs/artifacts/2026-10-05-connection-workspace-authority/selection-events/selection-events-29-chain-supervision-66620-62.json
 create mode 100644 specs/artifacts/2026-10-05-connection-workspace-authority/selection-events/selection-events-29-chain-supervision-66620-63.json
 create mode 100644 specs/artifacts/2026-10-05-connection-workspace-authority/selection-events/selection-events-29-chain-supervision-66620-64.json
 create mode 100644 specs/artifacts/2026-10-05-connection-workspace-authority/selection-events/selection-events-29-chain-supervision-66620-65.json
 create mode 100644 specs/artifacts/2026-10-05-connection-workspace-authority/selection-events/selection-events-29-chain-supervision-66620-66.json
 create mode 100644 specs/artifacts/2026-10-05-connection-workspace-authority/selection-events/selection-events-29-chain-supervision-66620-67.json
 create mode 100644 specs/artifacts/2026-10-05-connection-workspace-authority/selection-events/selection-events-29-chain-supervision-66620-68.json
 create mode 100644 specs/artifacts/2026-10-05-connection-workspace-authority/selection-events/selection-events-29-chain-supervision-66620-69.json
 create mode 100644 specs/artifacts/2026-10-05-connection-workspace-authority/selection-events/selection-events-29-chain-supervision-66620-7.json
 create mode 100644 specs/artifacts/2026-10-05-connection-workspace-authority/selection-events/selection-events-29-chain-supervision-66620-70.json
 create mode 100644 specs/artifacts/2026-10-05-connection-workspace-authority/selection-events/selection-events-29-chain-supervision-66620-71.json
 create mode 100644 specs/artifacts/2026-10-05-connection-workspace-authority/selection-events/selection-events-29-chain-supervision-66620-72.json
 create mode 100644 specs/artifacts/2026-10-05-connection-workspace-authority/selection-events/selection-events-29-chain-supervision-66620-73.json
 create mode 100644 specs/artifacts/2026-10-05-connection-workspace-authority/selection-events/selection-events-29-chain-supervision-66620-74.json
 create mode 100644 specs/artifacts/2026-10-05-connection-workspace-authority/selection-events/selection-events-29-chain-supervision-66620-75.json
 create mode 100644 specs/artifacts/2026-10-05-connection-workspace-authority/selection-events/selection-events-29-chain-supervision-66620-76.json
 create mode 100644 specs/artifacts/2026-10-05-connection-workspace-authority/selection-events/selection-events-29-chain-supervision-66620-77.json
 create mode 100644 specs/artifacts/2026-10-05-connection-workspace-authority/selection-events/selection-events-29-chain-supervision-66620-78.json
 create mode 100644 specs/artifacts/2026-10-05-connection-workspace-authority/selection-events/selection-events-29-chain-supervision-66620-79.json
 create mode 100644 specs/artifacts/2026-10-05-connection-workspace-authority/selection-events/selection-events-29-chain-supervision-66620-8.json
 create mode 100644 specs/artifacts/2026-10-05-connection-workspace-authority/selection-events/selection-events-29-chain-supervision-66620-80.json
 create mode 100644 specs/artifacts/2026-10-05-connection-workspace-authority/selection-events/selection-events-29-chain-supervision-66620-81.json
 create mode 100644 specs/artifacts/2026-10-05-connection-workspace-authority/selection-events/selection-events-29-chain-supervision-66620-82.json
 create mode 100644 specs/artifacts/2026-10-05-connection-workspace-authority/selection-events/selection-events-29-chain-supervision-66620-83.json
 create mode 100644 specs/artifacts/2026-10-05-connection-workspace-authority/selection-events/selection-events-29-chain-supervision-66620-84.json
 create mode 100644 specs/artifacts/2026-10-05-connection-workspace-authority/selection-events/selection-events-29-chain-supervision-66620-85.json
 create mode 100644 specs/artifacts/2026-10-05-connection-workspace-authority/selection-events/selection-events-29-chain-supervision-66620-86.json
 create mode 100644 specs/artifacts/2026-10-05-connection-workspace-authority/selection-events/selection-events-29-chain-supervision-66620-87.json
 create mode 100644 specs/artifacts/2026-10-05-connection-workspace-authority/selection-events/selection-events-29-chain-supervision-66620-88.json
 create mode 100644 specs/artifacts/2026-10-05-connection-workspace-authority/selection-events/selection-events-29-chain-supervision-66620-89.json
 create mode 100644 specs/artifacts/2026-10-05-connection-workspace-authority/selection-events/selection-events-29-chain-supervision-66620-9.json
 create mode 100644 specs/artifacts/2026-10-05-connection-workspace-authority/selection-events/selection-events-29-chain-supervision-66620-90.json
 create mode 100644 specs/artifacts/2026-10-05-connection-workspace-authority/selection-events/selection-events-29-chain-supervision-66620-91.json
 create mode 100644 specs/artifacts/2026-10-05-connection-workspace-authority/selection-events/selection-events-29-chain-supervision-66620-92.json
 create mode 100644 specs/artifacts/2026-10-05-connection-workspace-authority/selection-events/selection-events-29-chain-supervision-66620-93.json
 create mode 100644 specs/artifacts/2026-10-05-connection-workspace-authority/selection-events/selection-events-29-chain-supervision-66620-94.json
 create mode 100644 specs/artifacts/2026-10-05-connection-workspace-authority/selection-events/selection-events-29-chain-supervision-66620-95.json
 create mode 100644 specs/artifacts/2026-10-05-connection-workspace-authority/selection-events/selection-events-29-chain-supervision-66620-96.json
 create mode 100644 specs/artifacts/2026-10-05-connection-workspace-authority/selection-events/selection-events-29-chain-supervision-66620-97.json
 create mode 100644 specs/artifacts/2026-10-05-connection-workspace-authority/selection-events/selection-events-29-chain-supervision-66620-98.json
 create mode 100644 specs/artifacts/2026-10-05-connection-workspace-authority/selection-events/selection-events-29-chain-supervision-66620-99.json
 create mode 100644 specs/artifacts/2026-10-05-connection-workspace-authority/selection-events/selection-events-29-final-provider-audit.json
 create mode 100644 specs/artifacts/2026-10-05-connection-workspace-authority/selection-events/selection-events-29-physical-terminal-and-pair-cleanup.json
 create mode 100644 specs/artifacts/2026-10-05-connection-workspace-authority/selection-events/selection-events-29-settlement-owner.json
 create mode 100644 specs/artifacts/2026-10-05-connection-workspace-authority/selection-events/selection-events-29-shutdown-admission.json
 create mode 100644 specs/artifacts/2026-10-05-connection-workspace-authority/selection-events/selection-events-30-chain-supervision-44892-1.json
 create mode 100644 specs/artifacts/2026-10-05-connection-workspace-authority/selection-events/selection-events-30-chain-supervision-44892-10.json
 create mode 100644 specs/artifacts/2026-10-05-connection-workspace-authority/selection-events/selection-events-30-chain-supervision-44892-100.json
 create mode 100644 specs/artifacts/2026-10-05-connection-workspace-authority/selection-events/selection-events-30-chain-supervision-44892-101.json
 create mode 100644 specs/artifacts/2026-10-05-connection-workspace-authority/selection-events/selection-events-30-chain-supervision-44892-102.json
 create mode 100644 specs/artifacts/2026-10-05-connection-workspace-authority/selection-events/selection-events-30-chain-supervision-44892-103.json
 create mode 100644 specs/artifacts/2026-10-05-connection-workspace-authority/selection-events/selection-events-30-chain-supervision-44892-104.json
 create mode 100644 specs/artifacts/2026-10-05-connection-workspace-authority/selection-events/selection-events-30-chain-supervision-44892-105.json
 create mode 100644 specs/artifacts/2026-10-05-connection-workspace-authority/selection-events/selection-events-30-chain-supervision-44892-106.json
 create mode 100644 specs/artifacts/2026-10-05-connection-workspace-authority/selection-events/selection-events-30-chain-supervision-44892-107.json
 create mode 100644 specs/artifacts/2026-10-05-connection-workspace-authority/selection-events/selection-events-30-chain-supervision-44892-108.json
 create mode 100644 specs/artifacts/2026-10-05-connection-workspace-authority/selection-events/selection-events-30-chain-supervision-44892-109.json
 create mode 100644 specs/artifacts/2026-10-05-connection-workspace-authority/selection-events/selection-events-30-chain-supervision-44892-11.json
 create mode 100644 specs/artifacts/2026-10-05-connection-workspace-authority/selection-events/selection-events-30-chain-supervision-44892-110.json
 create mode 100644 specs/artifacts/2026-10-05-connection-workspace-authority/selection-events/selection-events-30-chain-supervision-44892-111.json
 create mode 100644 specs/artifacts/2026-10-05-connection-workspace-authority/selection-events/selection-events-30-chain-supervision-44892-112.json
 create mode 100644 specs/artifacts/2026-10-05-connection-workspace-authority/selection-events/selection-events-30-chain-supervision-44892-113.json
 create mode 100644 specs/artifacts/2026-10-05-connection-workspace-authority/selection-events/selection-events-30-chain-supervision-44892-114.json
 create mode 100644 specs/artifacts/2026-10-05-connection-workspace-authority/selection-events/selection-events-30-chain-supervision-44892-115.json
 create mode 100644 specs/artifacts/2026-10-05-connection-workspace-authority/selection-events/selection-events-30-chain-supervision-44892-116.json
 create mode 100644 specs/artifacts/2026-10-05-connection-workspace-authority/selection-events/selection-events-30-chain-supervision-44892-117.json
 create mode 100644 specs/artifacts/2026-10-05-connection-workspace-authority/selection-events/selection-events-30-chain-supervision-44892-118.json
 create mode 100644 specs/artifacts/2026-10-05-connection-workspace-authority/selection-events/selection-events-30-chain-supervision-44892-119.json
 create mode 100644 specs/artifacts/2026-10-05-connection-workspace-authority/selection-events/selection-events-30-chain-supervision-44892-12.json
 create mode 100644 specs/artifacts/2026-10-05-connection-workspace-authority/selection-events/selection-events-30-chain-supervision-44892-120.json
 create mode 100644 specs/artifacts/2026-10-05-connection-workspace-authority/selection-events/selection-events-30-chain-supervision-44892-121.json
 create mode 100644 specs/artifacts/2026-10-05-connection-workspace-authority/selection-events/selection-events-30-chain-supervision-44892-122.json
 create mode 100644 specs/artifacts/2026-10-05-connection-workspace-authority/selection-events/selection-events-30-chain-supervision-44892-123.json
 create mode 100644 specs/artifacts/2026-10-05-connection-workspace-authority/selection-events/selection-events-30-chain-supervision-44892-124.json
 create mode 100644 specs/artifacts/2026-10-05-connection-workspace-authority/selection-events/selection-events-30-chain-supervision-44892-125.json
 create mode 100644 specs/artifacts/2026-10-05-connection-workspace-authority/selection-events/selection-events-30-chain-supervision-44892-126.json
 create mode 100644 specs/artifacts/2026-10-05-connection-workspace-authority/selection-events/selection-events-30-chain-supervision-44892-127.json
 create mode 100644 specs/artifacts/2026-10-05-connection-workspace-authority/selection-events/selection-events-30-chain-supervision-44892-128.json
 create mode 100644 specs/artifacts/2026-10-05-connection-workspace-authority/selection-events/selection-events-30-chain-supervision-44892-129.json
 create mode 100644 specs/artifacts/2026-10-05-connection-workspace-authority/selection-events/selection-events-30-chain-supervision-44892-13.json
 create mode 100644 specs/artifacts/2026-10-05-connection-workspace-authority/selection-events/selection-events-30-chain-supervision-44892-130.json
 create mode 100644 specs/artifacts/2026-10-05-connection-workspace-authority/selection-events/selection-events-30-chain-supervision-44892-131.json
 create mode 100644 specs/artifacts/2026-10-05-connection-workspace-authority/selection-events/selection-events-30-chain-supervision-44892-132.json
 create mode 100644 specs/artifacts/2026-10-05-connection-workspace-authority/selection-events/selection-events-30-chain-supervision-44892-133.json
 create mode 100644 specs/artifacts/2026-10-05-connection-workspace-authority/selection-events/selection-events-30-chain-supervision-44892-134.json
 create mode 100644 specs/artifacts/2026-10-05-connection-workspace-authority/selection-events/selection-events-30-chain-supervision-44892-135.json
 create mode 100644 specs/artifacts/2026-10-05-connection-workspace-authority/selection-events/selection-events-30-chain-supervision-44892-136.json
 create mode 100644 specs/artifacts/2026-10-05-connection-workspace-authority/selection-events/selection-events-30-chain-supervision-44892-137.json
 create mode 100644 specs/artifacts/2026-10-05-connection-workspace-authority/selection-events/selection-events-30-chain-supervision-44892-138.json
 create mode 100644 specs/artifacts/2026-10-05-connection-workspace-authority/selection-events/selection-events-30-chain-supervision-44892-139.json
 create mode 100644 specs/artifacts/2026-10-05-connection-workspace-authority/selection-events/selection-events-30-chain-supervision-44892-14.json
 create mode 100644 specs/artifacts/2026-10-05-connection-workspace-authority/selection-events/selection-events-30-chain-supervision-44892-15.json
 create mode 100644 specs/artifacts/2026-10-05-connection-workspace-authority/selection-events/selection-events-30-chain-supervision-44892-16.json
 create mode 100644 specs/artifacts/2026-10-05-connection-workspace-authority/selection-events/selection-events-30-chain-supervision-44892-17.json
 create mode 100644 specs/artifacts/2026-10-05-connection-workspace-authority/selection-events/selection-events-30-chain-supervision-44892-18.json
 create mode 100644 specs/artifacts/2026-10-05-connection-workspace-authority/selection-events/selection-events-30-chain-supervision-44892-19.json
 create mode 100644 specs/artifacts/2026-10-05-connection-workspace-authority/selection-events/selection-events-30-chain-supervision-44892-2.json
 create mode 100644 specs/artifacts/2026-10-05-connection-workspace-authority/selection-events/selection-events-30-chain-supervision-44892-20.json
 create mode 100644 specs/artifacts/2026-10-05-connection-workspace-authority/selection-events/selection-events-30-chain-supervision-44892-21.json
 create mode 100644 specs/artifacts/2026-10-05-connection-workspace-authority/selection-events/selection-events-30-chain-supervision-44892-22.json
 create mode 100644 specs/artifacts/2026-10-05-connection-workspace-authority/selection-events/selection-events-30-chain-supervision-44892-23.json
 create mode 100644 specs/artifacts/2026-10-05-connection-workspace-authority/selection-events/selection-events-30-chain-supervision-44892-24.json
 create mode 100644 specs/artifacts/2026-10-05-connection-workspace-authority/selection-events/selection-events-30-chain-supervision-44892-25.json
 create mode 100644 specs/artifacts/2026-10-05-connection-workspace-authority/selection-events/selection-events-30-chain-supervision-44892-26.json
 create mode 100644 specs/artifacts/2026-10-05-connection-workspace-authority/selection-events/selection-events-30-chain-supervision-44892-27.json
 create mode 100644 specs/artifacts/2026-10-05-connection-workspace-authority/selection-events/selection-events-30-chain-supervision-44892-28.json
 create mode 100644 specs/artifacts/2026-10-05-connection-workspace-authority/selection-events/selection-events-30-chain-supervision-44892-29.json
 create mode 100644 specs/artifacts/2026-10-05-connection-workspace-authority/selection-events/selection-events-30-chain-supervision-44892-3.json
 create mode 100644 specs/artifacts/2026-10-05-connection-workspace-authority/selection-events/selection-events-30-chain-supervision-44892-30.json
 create mode 100644 specs/artifacts/2026-10-05-connection-workspace-authority/selection-events/selection-events-30-chain-supervision-44892-31.json
 create mode 100644 specs/artifacts/2026-10-05-connection-workspace-authority/selection-events/selection-events-30-chain-supervision-44892-32.json
 create mode 100644 specs/artifacts/2026-10-05-connection-workspace-authority/selection-events/selection-events-30-chain-supervision-44892-33.json
 create mode 100644 specs/artifacts/2026-10-05-connection-workspace-authority/selection-events/selection-events-30-chain-supervision-44892-34.json
 create mode 100644 specs/artifacts/2026-10-05-connection-workspace-authority/selection-events/selection-events-30-chain-supervision-44892-35.json
 create mode 100644 specs/artifacts/2026-10-05-connection-workspace-authority/selection-events/selection-events-30-chain-supervision-44892-36.json
 create mode 100644 specs/artifacts/2026-10-05-connection-workspace-authority/selection-events/selection-events-30-chain-supervision-44892-37.json
 create mode 100644 specs/artifacts/2026-10-05-connection-workspace-authority/selection-events/selection-events-30-chain-supervision-44892-38.json
 create mode 100644 specs/artifacts/2026-10-05-connection-workspace-authority/selection-events/selection-events-30-chain-supervision-44892-39.json
 create mode 100644 specs/artifacts/2026-10-05-connection-workspace-authority/selection-events/selection-events-30-chain-supervision-44892-4.json
 create mode 100644 specs/artifacts/2026-10-05-connection-workspace-authority/selection-events/selection-events-30-chain-supervision-44892-40.json
 create mode 100644 specs/artifacts/2026-10-05-connection-workspace-authority/selection-events/selection-events-30-chain-supervision-44892-41.json
 create mode 100644 specs/artifacts/2026-10-05-connection-workspace-authority/selection-events/selection-events-30-chain-supervision-44892-42.json
 create mode 100644 specs/artifacts/2026-10-05-connection-workspace-authority/selection-events/selection-events-30-chain-supervision-44892-43.json
 create mode 100644 specs/artifacts/2026-10-05-connection-workspace-authority/selection-events/selection-events-30-chain-supervision-44892-44.json
 create mode 100644 specs/artifacts/2026-10-05-connection-workspace-authority/selection-events/selection-events-30-chain-supervision-44892-45.json
 create mode 100644 specs/artifacts/2026-10-05-connection-workspace-authority/selection-events/selection-events-30-chain-supervision-44892-46.json
 create mode 100644 specs/artifacts/2026-10-05-connection-workspace-authority/selection-events/selection-events-30-chain-supervision-44892-47.json
 create mode 100644 specs/artifacts/2026-10-05-connection-workspace-authority/selection-events/selection-events-30-chain-supervision-44892-48.json
 create mode 100644 specs/artifacts/2026-10-05-connection-workspace-authority/selection-events/selection-events-30-chain-supervision-44892-49.json
 create mode 100644 specs/artifacts/2026-10-05-connection-workspace-authority/selection-events/selection-events-30-chain-supervision-44892-5.json
 create mode 100644 specs/artifacts/2026-10-05-connection-workspace-authority/selection-events/selection-events-30-chain-supervision-44892-50.json
 create mode 100644 specs/artifacts/2026-10-05-connection-workspace-authority/selection-events/selection-events-30-chain-supervision-44892-51.json
 create mode 100644 specs/artifacts/2026-10-05-connection-workspace-authority/selection-events/selection-events-30-chain-supervision-44892-52.json
 create mode 100644 specs/artifacts/2026-10-05-connection-workspace-authority/selection-events/selection-events-30-chain-supervision-44892-53.json
 create mode 100644 specs/artifacts/2026-10-05-connection-workspace-authority/selection-events/selection-events-30-chain-supervision-44892-54.json
 create mode 100644 specs/artifacts/2026-10-05-connection-workspace-authority/selection-events/selection-events-30-chain-supervision-44892-55.json
 create mode 100644 specs/artifacts/2026-10-05-connection-workspace-authority/selection-events/selection-events-30-chain-supervision-44892-56.json
 create mode 100644 specs/artifacts/2026-10-05-connection-workspace-authority/selection-events/selection-events-30-chain-supervision-44892-57.json
 create mode 100644 specs/artifacts/2026-10-05-connection-workspace-authority/selection-events/selection-events-30-chain-supervision-44892-58.json
 create mode 100644 specs/artifacts/2026-10-05-connection-workspace-authority/selection-events/selection-events-30-chain-supervision-44892-59.json
 create mode 100644 specs/artifacts/2026-10-05-connection-workspace-authority/selection-events/selection-events-30-chain-supervision-44892-6.json
 create mode 100644 specs/artifacts/2026-10-05-connection-workspace-authority/selection-events/selection-events-30-chain-supervision-44892-60.json
 create mode 100644 specs/artifacts/2026-10-05-connection-workspace-authority/selection-events/selection-events-30-chain-supervision-44892-61.json
 create mode 100644 specs/artifacts/2026-10-05-connection-workspace-authority/selection-events/selection-events-30-chain-supervision-44892-62.json
 create mode 100644 specs/artifacts/2026-10-05-connection-workspace-authority/selection-events/selection-events-30-chain-supervision-44892-63.json
 create mode 100644 specs/artifacts/2026-10-05-connection-workspace-authority/selection-events/selection-events-30-chain-supervision-44892-64.json
 create mode 100644 specs/artifacts/2026-10-05-connection-workspace-authority/selection-events/selection-events-30-chain-supervision-44892-65.json
 create mode 100644 specs/artifacts/2026-10-05-connection-workspace-authority/selection-events/selection-events-30-chain-supervision-44892-66.json
 create mode 100644 specs/artifacts/2026-10-05-connection-workspace-authority/selection-events/selection-events-30-chain-supervision-44892-67.json
 create mode 100644 specs/artifacts/2026-10-05-connection-workspace-authority/selection-events/selection-events-30-chain-supervision-44892-68.json
 create mode 100644 specs/artifacts/2026-10-05-connection-workspace-authority/selection-events/selection-events-30-chain-supervision-44892-69.json
 create mode 100644 specs/artifacts/2026-10-05-connection-workspace-authority/selection-events/selection-events-30-chain-supervision-44892-7.json
 create mode 100644 specs/artifacts/2026-10-05-connection-workspace-authority/selection-events/selection-events-30-chain-supervision-44892-70.json
 create mode 100644 specs/artifacts/2026-10-05-connection-workspace-authority/selection-events/selection-events-30-chain-supervision-44892-71.json
 create mode 100644 specs/artifacts/2026-10-05-connection-workspace-authority/selection-events/selection-events-30-chain-supervision-44892-72.json
 create mode 100644 specs/artifacts/2026-10-05-connection-workspace-authority/selection-events/selection-events-30-chain-supervision-44892-73.json
 create mode 100644 specs/artifacts/2026-10-05-connection-workspace-authority/selection-events/selection-events-30-chain-supervision-44892-74.json
 create mode 100644 specs/artifacts/2026-10-05-connection-workspace-authority/selection-events/selection-events-30-chain-supervision-44892-75.json
 create mode 100644 specs/artifacts/2026-10-05-connection-workspace-authority/selection-events/selection-events-30-chain-supervision-44892-76.json
 create mode 100644 specs/artifacts/2026-10-05-connection-workspace-authority/selection-events/selection-events-30-chain-supervision-44892-77.json
 create mode 100644 specs/artifacts/2026-10-05-connection-workspace-authority/selection-events/selection-events-30-chain-supervision-44892-78.json
 create mode 100644 specs/artifacts/2026-10-05-connection-workspace-authority/selection-events/selection-events-30-chain-supervision-44892-79.json
 create mode 100644 specs/artifacts/2026-10-05-connection-workspace-authority/selection-events/selection-events-30-chain-supervision-44892-8.json
 create mode 100644 specs/artifacts/2026-10-05-connection-workspace-authority/selection-events/selection-events-30-chain-supervision-44892-80.json
 create mode 100644 specs/artifacts/2026-10-05-connection-workspace-authority/selection-events/selection-events-30-chain-supervision-44892-81.json
 create mode 100644 specs/artifacts/2026-10-05-connection-workspace-authority/selection-events/selection-events-30-chain-supervision-44892-82.json
 create mode 100644 specs/artifacts/2026-10-05-connection-workspace-authority/selection-events/selection-events-30-chain-supervision-44892-83.json
 create mode 100644 specs/artifacts/2026-10-05-connection-workspace-authority/selection-events/selection-events-30-chain-supervision-44892-84.json
 create mode 100644 specs/artifacts/2026-10-05-connection-workspace-authority/selection-events/selection-events-30-chain-supervision-44892-85.json
 create mode 100644 specs/artifacts/2026-10-05-connection-workspace-authority/selection-events/selection-events-30-chain-supervision-44892-86.json
 create mode 100644 specs/artifacts/2026-10-05-connection-workspace-authority/selection-events/selection-events-30-chain-supervision-44892-87.json
 create mode 100644 specs/artifacts/2026-10-05-connection-workspace-authority/selection-events/selection-events-30-chain-supervision-44892-88.json
 create mode 100644 specs/artifacts/2026-10-05-connection-workspace-authority/selection-events/selection-events-30-chain-supervision-44892-89.json
 create mode 100644 specs/artifacts/2026-10-05-connection-workspace-authority/selection-events/selection-events-30-chain-supervision-44892-9.json
 create mode 100644 specs/artifacts/2026-10-05-connection-workspace-authority/selection-events/selection-events-30-chain-supervision-44892-90.json
 create mode 100644 specs/artifacts/2026-10-05-connection-workspace-authority/selection-events/selection-events-30-chain-supervision-44892-91.json
 create mode 100644 specs/artifacts/2026-10-05-connection-workspace-authority/selection-events/selection-events-30-chain-supervision-44892-92.json
 create mode 100644 specs/artifacts/2026-10-05-connection-workspace-authority/selection-events/selection-events-30-chain-supervision-44892-93.json
 create mode 100644 specs/artifacts/2026-10-05-connection-workspace-authority/selection-events/selection-events-30-chain-supervision-44892-94.json
 create mode 100644 specs/artifacts/2026-10-05-connection-workspace-authority/selection-events/selection-events-30-chain-supervision-44892-95.json
 create mode 100644 specs/artifacts/2026-10-05-connection-workspace-authority/selection-events/selection-events-30-chain-supervision-44892-96.json
 create mode 100644 specs/artifacts/2026-10-05-connection-workspace-authority/selection-events/selection-events-30-chain-supervision-44892-97.json
 create mode 100644 specs/artifacts/2026-10-05-connection-workspace-authority/selection-events/selection-events-30-chain-supervision-44892-98.json
 create mode 100644 specs/artifacts/2026-10-05-connection-workspace-authority/selection-events/selection-events-30-chain-supervision-44892-99.json
 create mode 100644 specs/artifacts/2026-10-05-connection-workspace-authority/selection-events/selection-events-30-final-provider-audit.json
 create mode 100644 specs/artifacts/2026-10-05-connection-workspace-authority/selection-events/selection-events-30-physical-terminal-and-pair-cleanup.json
 create mode 100644 specs/artifacts/2026-10-05-connection-workspace-authority/selection-events/selection-events-30-settlement-owner.json
 create mode 100644 specs/artifacts/2026-10-05-connection-workspace-authority/selection-events/selection-events-30-shutdown-admission.json
