$ bun run script/build-overlay.ts --cargo-message-format-json
$ node --max-old-space-size=8192 ./node_modules/vite/bin/vite.js build --config vite.config.ts
../../node_modules/.bun/@radix-ui+react-direction@1.1.4+e14d3f224186685e/node_modules/@radix-ui/react-direction/dist/index.mjs (1:0): Module level directives cause errors when bundled, "use client" in "../../node_modules/.bun/@radix-ui+react-direction@1.1.4+e14d3f224186685e/node_modules/@radix-ui/react-direction/dist/index.mjs" was ignored.
../../node_modules/.bun/@radix-ui+react-dropdown-menu@2.1.24+7492c01c6988791b/node_modules/@radix-ui/react-dropdown-menu/dist/index.mjs (1:0): Module level directives cause errors when bundled, "use client" in "../../node_modules/.bun/@radix-ui+react-dropdown-menu@2.1.24+7492c01c6988791b/node_modules/@radix-ui/react-dropdown-menu/dist/index.mjs" was ignored.
../../node_modules/.bun/@radix-ui+react-popover@1.1.23+7492c01c6988791b/node_modules/@radix-ui/react-popover/dist/index.mjs (1:0): Module level directives cause errors when bundled, "use client" in "../../node_modules/.bun/@radix-ui+react-popover@1.1.23+7492c01c6988791b/node_modules/@radix-ui/react-popover/dist/index.mjs" was ignored.
../../node_modules/.bun/@radix-ui+react-dialog@1.1.23+7492c01c6988791b/node_modules/@radix-ui/react-dialog/dist/index.mjs (1:0): Module level directives cause errors when bundled, "use client" in "../../node_modules/.bun/@radix-ui+react-dialog@1.1.23+7492c01c6988791b/node_modules/@radix-ui/react-dialog/dist/index.mjs" was ignored.
../../node_modules/.bun/@radix-ui+react-hover-card@1.1.23+7492c01c6988791b/node_modules/@radix-ui/react-hover-card/dist/index.mjs (1:0): Module level directives cause errors when bundled, "use client" in "../../node_modules/.bun/@radix-ui+react-hover-card@1.1.23+7492c01c6988791b/node_modules/@radix-ui/react-hover-card/dist/index.mjs" was ignored.
../../node_modules/.bun/sonner@2.0.7+7492c01c6988791b/node_modules/sonner/dist/index.mjs (1:0): Module level directives cause errors when bundled, "use client" in "../../node_modules/.bun/sonner@2.0.7+7492c01c6988791b/node_modules/sonner/dist/index.mjs" was ignored.
../../node_modules/.bun/@radix-ui+react-focus-guards@1.1.6+e14d3f224186685e/node_modules/@radix-ui/react-focus-guards/dist/index.mjs (1:0): Module level directives cause errors when bundled, "use client" in "../../node_modules/.bun/@radix-ui+react-focus-guards@1.1.6+e14d3f224186685e/node_modules/@radix-ui/react-focus-guards/dist/index.mjs" was ignored.
../../node_modules/.bun/@radix-ui+react-presence@1.1.10+7492c01c6988791b/node_modules/@radix-ui/react-presence/dist/index.mjs (1:0): Module level directives cause errors when bundled, "use client" in "../../node_modules/.bun/@radix-ui+react-presence@1.1.10+7492c01c6988791b/node_modules/@radix-ui/react-presence/dist/index.mjs" was ignored.
../../node_modules/.bun/@radix-ui+react-dismissable-layer@1.1.19+7492c01c6988791b/node_modules/@radix-ui/react-dismissable-layer/dist/index.mjs (1:0): Module level directives cause errors when bundled, "use client" in "../../node_modules/.bun/@radix-ui+react-dismissable-layer@1.1.19+7492c01c6988791b/node_modules/@radix-ui/react-dismissable-layer/dist/index.mjs" was ignored.
../../node_modules/.bun/@radix-ui+react-portal@1.1.17+7492c01c6988791b/node_modules/@radix-ui/react-portal/dist/index.mjs (1:0): Module level directives cause errors when bundled, "use client" in "../../node_modules/.bun/@radix-ui+react-portal@1.1.17+7492c01c6988791b/node_modules/@radix-ui/react-portal/dist/index.mjs" was ignored.
../../node_modules/.bun/@radix-ui+react-focus-scope@1.1.16+7492c01c6988791b/node_modules/@radix-ui/react-focus-scope/dist/index.mjs (1:0): Module level directives cause errors when bundled, "use client" in "../../node_modules/.bun/@radix-ui+react-focus-scope@1.1.16+7492c01c6988791b/node_modules/@radix-ui/react-focus-scope/dist/index.mjs" was ignored.
../../node_modules/.bun/@radix-ui+react-menu@2.1.24+7492c01c6988791b/node_modules/@radix-ui/react-menu/dist/index.mjs (1:0): Module level directives cause errors when bundled, "use client" in "../../node_modules/.bun/@radix-ui+react-menu@2.1.24+7492c01c6988791b/node_modules/@radix-ui/react-menu/dist/index.mjs" was ignored.
../../node_modules/.bun/@radix-ui+react-popper@1.3.7+7492c01c6988791b/node_modules/@radix-ui/react-popper/dist/index.mjs (1:0): Module level directives cause errors when bundled, "use client" in "../../node_modules/.bun/@radix-ui+react-popper@1.3.7+7492c01c6988791b/node_modules/@radix-ui/react-popper/dist/index.mjs" was ignored.
../../node_modules/.bun/@radix-ui+react-roving-focus@1.1.19+7492c01c6988791b/node_modules/@radix-ui/react-roving-focus/dist/index.mjs (1:0): Module level directives cause errors when bundled, "use client" in "../../node_modules/.bun/@radix-ui+react-roving-focus@1.1.19+7492c01c6988791b/node_modules/@radix-ui/react-roving-focus/dist/index.mjs" was ignored.
../../node_modules/.bun/@radix-ui+react-collection@1.1.15+7492c01c6988791b/node_modules/@radix-ui/react-collection/dist/index.mjs (1:0): Module level directives cause errors when bundled, "use client" in "../../node_modules/.bun/@radix-ui+react-collection@1.1.15+7492c01c6988791b/node_modules/@radix-ui/react-collection/dist/index.mjs" was ignored.
[plugin vite:reporter] 
(!) D:/myhexin-local/opencorvus/packages/overlay/src/services/file-workbench.ts is dynamically imported by D:/myhexin-local/opencorvus/packages/overlay/src/services/workspace.ts but also statically imported by D:/myhexin-local/opencorvus/packages/overlay/src/components/FileEditorPane.tsx, D:/myhexin-local/opencorvus/packages/overlay/src/components/FileExplorerPanel.tsx, D:/myhexin-local/opencorvus/packages/overlay/src/components/SourceParts.tsx, D:/myhexin-local/opencorvus/packages/overlay/src/components/TaskDirBar.tsx, D:/myhexin-local/opencorvus/packages/overlay/src/main.tsx, D:/myhexin-local/opencorvus/packages/overlay/src/services/events.ts, D:/myhexin-local/opencorvus/packages/overlay/src/services/workspace.ts, dynamic import will not move module into another chunk.


(!) Some chunks are larger than 500 kB after minification. Consider:
- Using dynamic import() to code-split the application
- Use build.rollupOptions.output.manualChunks to improve chunking: https://rollupjs.org/configuration-options/#output-manualchunks
- Adjust chunk size limit for this warning via build.chunkSizeWarningLimit.
$ bun ./script/build.ts
$ bun run script/build.ts --overlay-server
    Finished `release` profile [optimized] target(s) in 0.50s
        Info Looking up installed tauri packages to check mismatched versions...
     Running beforeBuildCommand `bun run build:vite`
$ node --max-old-space-size=8192 ./node_modules/vite/bin/vite.js build --config vite.config.ts
../../node_modules/.bun/@radix-ui+react-direction@1.1.4+e14d3f224186685e/node_modules/@radix-ui/react-direction/dist/index.mjs (1:0): Module level directives cause errors when bundled, "use client" in "../../node_modules/.bun/@radix-ui+react-direction@1.1.4+e14d3f224186685e/node_modules/@radix-ui/react-direction/dist/index.mjs" was ignored.
../../node_modules/.bun/@radix-ui+react-dialog@1.1.23+7492c01c6988791b/node_modules/@radix-ui/react-dialog/dist/index.mjs (1:0): Module level directives cause errors when bundled, "use client" in "../../node_modules/.bun/@radix-ui+react-dialog@1.1.23+7492c01c6988791b/node_modules/@radix-ui/react-dialog/dist/index.mjs" was ignored.
../../node_modules/.bun/@radix-ui+react-dropdown-menu@2.1.24+7492c01c6988791b/node_modules/@radix-ui/react-dropdown-menu/dist/index.mjs (1:0): Module level directives cause errors when bundled, "use client" in "../../node_modules/.bun/@radix-ui+react-dropdown-menu@2.1.24+7492c01c6988791b/node_modules/@radix-ui/react-dropdown-menu/dist/index.mjs" was ignored.
../../node_modules/.bun/@radix-ui+react-popover@1.1.23+7492c01c6988791b/node_modules/@radix-ui/react-popover/dist/index.mjs (1:0): Module level directives cause errors when bundled, "use client" in "../../node_modules/.bun/@radix-ui+react-popover@1.1.23+7492c01c6988791b/node_modules/@radix-ui/react-popover/dist/index.mjs" was ignored.
../../node_modules/.bun/@radix-ui+react-hover-card@1.1.23+7492c01c6988791b/node_modules/@radix-ui/react-hover-card/dist/index.mjs (1:0): Module level directives cause errors when bundled, "use client" in "../../node_modules/.bun/@radix-ui+react-hover-card@1.1.23+7492c01c6988791b/node_modules/@radix-ui/react-hover-card/dist/index.mjs" was ignored.
../../node_modules/.bun/sonner@2.0.7+7492c01c6988791b/node_modules/sonner/dist/index.mjs (1:0): Module level directives cause errors when bundled, "use client" in "../../node_modules/.bun/sonner@2.0.7+7492c01c6988791b/node_modules/sonner/dist/index.mjs" was ignored.
../../node_modules/.bun/@radix-ui+react-portal@1.1.17+7492c01c6988791b/node_modules/@radix-ui/react-portal/dist/index.mjs (1:0): Module level directives cause errors when bundled, "use client" in "../../node_modules/.bun/@radix-ui+react-portal@1.1.17+7492c01c6988791b/node_modules/@radix-ui/react-portal/dist/index.mjs" was ignored.
../../node_modules/.bun/@radix-ui+react-focus-guards@1.1.6+e14d3f224186685e/node_modules/@radix-ui/react-focus-guards/dist/index.mjs (1:0): Module level directives cause errors when bundled, "use client" in "../../node_modules/.bun/@radix-ui+react-focus-guards@1.1.6+e14d3f224186685e/node_modules/@radix-ui/react-focus-guards/dist/index.mjs" was ignored.
../../node_modules/.bun/@radix-ui+react-dismissable-layer@1.1.19+7492c01c6988791b/node_modules/@radix-ui/react-dismissable-layer/dist/index.mjs (1:0): Module level directives cause errors when bundled, "use client" in "../../node_modules/.bun/@radix-ui+react-dismissable-layer@1.1.19+7492c01c6988791b/node_modules/@radix-ui/react-dismissable-layer/dist/index.mjs" was ignored.
../../node_modules/.bun/@radix-ui+react-focus-scope@1.1.16+7492c01c6988791b/node_modules/@radix-ui/react-focus-scope/dist/index.mjs (1:0): Module level directives cause errors when bundled, "use client" in "../../node_modules/.bun/@radix-ui+react-focus-scope@1.1.16+7492c01c6988791b/node_modules/@radix-ui/react-focus-scope/dist/index.mjs" was ignored.
../../node_modules/.bun/@radix-ui+react-presence@1.1.10+7492c01c6988791b/node_modules/@radix-ui/react-presence/dist/index.mjs (1:0): Module level directives cause errors when bundled, "use client" in "../../node_modules/.bun/@radix-ui+react-presence@1.1.10+7492c01c6988791b/node_modules/@radix-ui/react-presence/dist/index.mjs" was ignored.
../../node_modules/.bun/@radix-ui+react-popper@1.3.7+7492c01c6988791b/node_modules/@radix-ui/react-popper/dist/index.mjs (1:0): Module level directives cause errors when bundled, "use client" in "../../node_modules/.bun/@radix-ui+react-popper@1.3.7+7492c01c6988791b/node_modules/@radix-ui/react-popper/dist/index.mjs" was ignored.
../../node_modules/.bun/@radix-ui+react-menu@2.1.24+7492c01c6988791b/node_modules/@radix-ui/react-menu/dist/index.mjs (1:0): Module level directives cause errors when bundled, "use client" in "../../node_modules/.bun/@radix-ui+react-menu@2.1.24+7492c01c6988791b/node_modules/@radix-ui/react-menu/dist/index.mjs" was ignored.
../../node_modules/.bun/@radix-ui+react-roving-focus@1.1.19+7492c01c6988791b/node_modules/@radix-ui/react-roving-focus/dist/index.mjs (1:0): Module level directives cause errors when bundled, "use client" in "../../node_modules/.bun/@radix-ui+react-roving-focus@1.1.19+7492c01c6988791b/node_modules/@radix-ui/react-roving-focus/dist/index.mjs" was ignored.
../../node_modules/.bun/@radix-ui+react-collection@1.1.15+7492c01c6988791b/node_modules/@radix-ui/react-collection/dist/index.mjs (1:0): Module level directives cause errors when bundled, "use client" in "../../node_modules/.bun/@radix-ui+react-collection@1.1.15+7492c01c6988791b/node_modules/@radix-ui/react-collection/dist/index.mjs" was ignored.
[plugin vite:reporter] 
(!) D:/myhexin-local/opencorvus/packages/overlay/src/services/file-workbench.ts is dynamically imported by D:/myhexin-local/opencorvus/packages/overlay/src/services/workspace.ts but also statically imported by D:/myhexin-local/opencorvus/packages/overlay/src/components/FileEditorPane.tsx, D:/myhexin-local/opencorvus/packages/overlay/src/components/FileExplorerPanel.tsx, D:/myhexin-local/opencorvus/packages/overlay/src/components/SourceParts.tsx, D:/myhexin-local/opencorvus/packages/overlay/src/components/TaskDirBar.tsx, D:/myhexin-local/opencorvus/packages/overlay/src/main.tsx, D:/myhexin-local/opencorvus/packages/overlay/src/services/events.ts, D:/myhexin-local/opencorvus/packages/overlay/src/services/workspace.ts, dynamic import will not move module into another chunk.


(!) Some chunks are larger than 500 kB after minification. Consider:
- Using dynamic import() to code-split the application
- Use build.rollupOptions.output.manualChunks to improve chunking: https://rollupjs.org/configuration-options/#output-manualchunks
- Adjust chunk size limit for this warning via build.chunkSizeWarningLimit.
   Compiling anyhow v1.0.103
   Compiling tauri-utils v2.9.1
   Compiling rustls v0.23.45
   Compiling rustls-webpki v0.103.14
   Compiling tokio-rustls v0.26.4
   Compiling rustls-platform-verifier v0.6.2
   Compiling hyper-rustls v0.27.9
   Compiling reqwest v0.13.2
   Compiling tauri-runtime v2.11.1
   Compiling tauri-runtime-wry v2.11.1
   Compiling tauri-plugin v2.5.4
   Compiling tauri-build v2.6.1
   Compiling tauri-codegen v2.6.1
   Compiling tauri v2.11.1
   Compiling tauri-macros v2.6.1
   Compiling tauri-plugin-fs v2.4.5
   Compiling tauri-plugin-deep-link v2.4.9
   Compiling tauri-plugin-clipboard-manager v2.3.2
   Compiling tauri-plugin-dialog v2.6.0
   Compiling tauri-plugin-notification v2.3.3
   Compiling tauri-plugin-updater v2.12.0
   Compiling tauri-plugin-opener v2.5.3
   Compiling opencorvus-overlay v0.1.23 (D:\myhexin-local\opencorvus\packages\overlay\src-tauri)
   Compiling tauri-plugin-single-instance v2.4.3
    Finished `release` profile [optimized] target(s) in 3m 19s
       Built application at: D:\myhexin-local\opencorvus\packages\overlay\src-tauri\target\release\opencorvus-overlay.exe
